 MFC42D

 Timestamp is 38176386 (Wed Oct 27 13:41:42 1999)

 Preferred load address is 5f400000

 Start         Length     Name                   Class
 0001:00000000 00003a31H .text                   CODE
 0001:00003a40 00006e03H .text$AFX_AUX           CODE
 0001:0000a850 0000ef70H .text$AFX_CMNCTL        CODE
 0001:000197c0 00007dfeH .text$AFX_COL1          CODE
 0001:000215c0 00004387H .text$AFX_COL2          CODE
 0001:00025950 00014970H .text$AFX_CORE1         CODE
 0001:0003a2c0 0000e47bH .text$AFX_CORE2         CODE
 0001:00048740 000184ffH .text$AFX_CORE3         CODE
 0001:00060c40 00014879H .text$AFX_CORE4         CODE
 0001:000754c0 00004a41H .text$AFX_DBG1          CODE
 0001:00079f10 0000c793H .text$AFX_DBG2          CODE
 0001:000866b0 000077a4H .text$AFX_INET          CODE
 0001:0008de60 0000ae7bH .text$AFX_INIT          CODE
 0001:00098ce0 000007abH .text$AFX_MAPI          CODE
 0001:00099490 000073f3H .text$AFX_PRNT          CODE
 0001:000a0890 000005e4H .text$AFX_TERM          CODE
 0001:000a0e80 00004859H .text$AFX_VDEL          CODE
 0001:000a56e0 00003bfdH .text$x                 CODE
 0002:00000000 00000a1cH .idata$5                DATA
 0002:00000a20 0000df0cH .rdata                  DATA
 0002:0000e930 00003694H .rdata$r                DATA
 0002:00011fc8 00005f18H .xdata$x                DATA
 0002:00017ee0 000000c0H .didat$2                DATA
 0002:00017fa0 00000020H .didat$3                DATA
 0002:00017fc0 000001ccH .didat$4                DATA
 0002:0001818c 00000872H .didat$6                DATA
 0002:00018a00 000001ccH .didat$7                DATA
 0002:00018bcc 00000050H .idata$2                DATA
 0002:00018c1c 00000014H .idata$3                DATA
 0002:00018c30 00000a1cH .idata$4                DATA
 0002:0001964c 00002920H .idata$6                DATA
 0002:0001bf70 00004bfbH .edata                  DATA
 0003:00000000 00000004H .CRT$XCA                DATA
 0003:00000004 0000000cH .CRT$XCC                DATA
 0003:00000010 00000024H .CRT$XCL                DATA
 0003:00000034 0000007cH .CRT$XCU                DATA
 0003:000000b0 00000004H .CRT$XCZ                DATA
 0003:000000b4 00000004H .CRT$XIA                DATA
 0003:000000b8 00000004H .CRT$XIZ                DATA
 0003:000000c0 00001d10H .data                   DATA
 0003:00001dd0 000001ccH .didat$5                DATA
 0003:00001fa0 00002060H .bss                    DATA
 0004:00000000 00000e98H .rsrc$01                DATA
 0004:00000ea0 000065a8H .rsrc$02                DATA

  Address         Publics by Value              Rva+Base     Lib:Object

 0001:00000000       ?GetHead@CSimpleList@@QBEPAXXZ 5f401000 f i objcore.obj
 0001:00000010       ??8@YAHABU_GUID@@0@Z       5f401010 f i arcstrm.obj
 0001:00000010       ?IsEqualGUID@@YAHABU_GUID@@0@Z 5f401010 f i arcstrm.obj
 0001:00000030       ??1CNoTrackObject@@UAE@XZ  5f401030 f i dumpinit.obj
 0001:00000050       ??_ECNoTrackObject@@UAEPAXI@Z 5f401050 f i dumpinit.obj
 0001:00000050       ??_GCNoTrackObject@@UAEPAXI@Z 5f401050 f i dumpinit.obj
 0001:00000080       __tcscmp                   5f401080 f i afxinl1.obj
 0001:000000a0       __tcsicmp                  5f4010a0 f i afxinl1.obj
 0001:000000c0       __tcscoll                  5f4010c0 f i afxinl1.obj
 0001:000000e0       __tcsicoll                 5f4010e0 f i afxinl1.obj
 0001:00000100       ?DrawState@@YGHPAUHDC__@@PAUHBRUSH__@@P6GH0JIHH@ZJIHHHHI@Z 5f401100 f i afxinl2.obj
 0001:00000140       ?GetNextWindow@@YAPAUHWND__@@PAU1@I@Z 5f401140 f i afxinl3.obj
 0001:00000160       ?AtlA2WHelper@@YGPAGPAGPBDH@Z 5f401160 f i filecore.obj
 0001:00000180       ?AtlA2WHelper@@YGPAGPAGPBDHI@Z 5f401180 f i filecore.obj
 0001:00000210       __tcsinc                   5f401210 f i filecore.obj
 0001:00000230       ?GetFileTitle@@YGFPBDPADG@Z 5f401230 f i filecore.obj
 0001:00000250       ??0AFX_CLASSINIT@@QAE@PAUCRuntimeClass@@@Z 5f401250 f i array_b.obj
 0001:00000270       ?data@CStringData@@QAEPADXZ 5f401270 f i strcore.obj
 0001:00000290       __tcschr                   5f401290 f i strcore.obj
 0001:000002b0       __tcspbrk                  5f4012b0 f i strcore.obj
 0001:000002d0       __tcsupr                   5f4012d0 f i strcore.obj
 0001:000002f0       __tcslwr                   5f4012f0 f i strcore.obj
 0001:00000310       __tcsrev                   5f401310 f i strcore.obj
 0001:00000330       __tcsstr                   5f401330 f i strex.obj
 0001:00000350       __tcsspn                   5f401350 f i strex.obj
 0001:00000370       __tcscspn                  5f401370 f i strex.obj
 0001:00000390       __tcsrchr                  5f401390 f i strex.obj
 0001:000003b0       __tcsncmp                  5f4013b0 f i strex.obj
 0001:000003d0       __tclen                    5f4013d0 f i strex.obj
 0001:000003f0       ?Construct@CSimpleList@@QAEXH@Z 5f4013f0 f i afxstate.obj
 0001:00000430       ??0CTypeLibCache@@QAE@XZ   5f401430 f i afxstate.obj
 0001:00000470       ??0CSimpleList@@QAE@H@Z    5f401470 f i afxstate.obj
 0001:000004a0       ??1CHandleMap@@QAE@XZ      5f4014a0 f i afxstate.obj
 0001:00000500       ??2@YAPAXIPAX@Z            5f401500 f i afxstate.obj
 0001:00000510       ??3@YAXPAX0@Z              5f401510 f i afxstate.obj
 0001:00000520       ?GetNextPtr@CSimpleList@@QBEPAPAXPAX@Z 5f401520 f i afxtls.obj
 0001:00000560       ??2CThreadSlotData@@SGPAXIPAX@Z 5f401560 f i afxtls.obj
 0001:00000570       ??0CFixedAlloc@@QAE@II@Z   5f401570 f   fixalloc.obj
 0001:000005f2       ??1CFixedAlloc@@QAE@XZ     5f4015f2 f   fixalloc.obj
 0001:00000612       ?FreeAll@CFixedAlloc@@QAEXXZ 5f401612 f   fixalloc.obj
 0001:00000656       ?Alloc@CFixedAlloc@@QAEPAXXZ 5f401656 f   fixalloc.obj
 0001:000007c6       ?Free@CFixedAlloc@@QAEXPAX@Z 5f4017c6 f   fixalloc.obj
 0001:00000810       ??0CSyncObject@@QAE@PBD@Z  5f401810 f   mtcore.obj
 0001:00000886       ??1CSyncObject@@UAE@XZ     5f401886 f   mtcore.obj
 0001:000008fa       ?Lock@CSyncObject@@UAEHK@Z 5f4018fa f   mtcore.obj
 0001:00000925       ?Dump@CSyncObject@@UBEXAAVCDumpContext@@@Z 5f401925 f   mtcore.obj
 0001:00000980       ?AssertValid@CSyncObject@@UBEXXZ 5f401980 f   mtcore.obj
 0001:00000993       ??BCSyncObject@@QBEPAXXZ   5f401993 f   mtcore.obj
 0001:000009a4       ?Unlock@CSemaphore@@UAEHXZ 5f4019a4 f   mtcore.obj
 0001:000009be       ?SetEvent@CEvent@@QAEHXZ   5f4019be f   mtcore.obj
 0001:000009fc       ?PulseEvent@CEvent@@QAEHXZ 5f4019fc f   mtcore.obj
 0001:00000a3a       ?ResetEvent@CEvent@@QAEHXZ 5f401a3a f   mtcore.obj
 0001:00000a78       ??1CSingleLock@@QAE@XZ     5f401a78 f   mtcore.obj
 0001:00000a8b       ?IsLocked@CSingleLock@@QAEHXZ 5f401a8b f   mtcore.obj
 0001:00000a9c       ?IsLocked@CMultiLock@@QAEHK@Z 5f401a9c f   mtcore.obj
 0001:00000ae3       ??0CCriticalSection@@QAE@XZ 5f401ae3 f   mtcore.obj
 0001:00000b11       ??BCCriticalSection@@QAEPAU_RTL_CRITICAL_SECTION@@XZ 5f401b11 f   mtcore.obj
 0001:00000b22       ??1CCriticalSection@@UAE@XZ 5f401b22 f   mtcore.obj
 0001:00000b4b       ?Lock@CCriticalSection@@QAEHXZ 5f401b4b f   mtcore.obj
 0001:00000b68       ?Lock@CCriticalSection@@UAEHK@Z 5f401b68 f   mtcore.obj
 0001:00000b7d       ?Unlock@CCriticalSection@@UAEHXZ 5f401b7d f   mtcore.obj
 0001:00000ba0       ??_ECSyncObject@@UAEPAXI@Z 5f401ba0 f i mtcore.obj
 0001:00000ba0       ??_GCSyncObject@@UAEPAXI@Z 5f401ba0 f i mtcore.obj
 0001:00000bd0       ?Unlock@CSyncObject@@UAEHJPAJ@Z 5f401bd0 f i mtcore.obj
 0001:00000bf0       ??0CSemaphore@@QAE@JJPBDPAU_SECURITY_ATTRIBUTES@@@Z 5f401bf0 f   mtex.obj
 0001:00000cae       ??1CSemaphore@@UAE@XZ      5f401cae f   mtex.obj
 0001:00000cca       ?Unlock@CSemaphore@@UAEHJPAJ@Z 5f401cca f   mtex.obj
 0001:00000cec       ??0CMutex@@QAE@HPBDPAU_SECURITY_ATTRIBUTES@@@Z 5f401cec f   mtex.obj
 0001:00000d64       ??1CMutex@@UAE@XZ          5f401d64 f   mtex.obj
 0001:00000d80       ?Unlock@CMutex@@UAEHXZ     5f401d80 f   mtex.obj
 0001:00000d98       ??0CEvent@@QAE@HHPBDPAU_SECURITY_ATTRIBUTES@@@Z 5f401d98 f   mtex.obj
 0001:00000e14       ??1CEvent@@UAE@XZ          5f401e14 f   mtex.obj
 0001:00000e30       ?Unlock@CEvent@@UAEHXZ     5f401e30 f   mtex.obj
 0001:00000e40       ??0CSingleLock@@QAE@PAVCSyncObject@@H@Z 5f401e40 f   mtex.obj
 0001:00000ec9       ?Lock@CSingleLock@@QAEHK@Z 5f401ec9 f   mtex.obj
 0001:00000f43       ?Unlock@CSingleLock@@QAEHXZ 5f401f43 f   mtex.obj
 0001:00000fa2       ?Unlock@CSingleLock@@QAEHJPAJ@Z 5f401fa2 f   mtex.obj
 0001:0000100b       ??0CMultiLock@@QAE@QAPAVCSyncObject@@KH@Z 5f40200b f   mtex.obj
 0001:000011c8       ??1CMultiLock@@QAE@XZ      5f4021c8 f   mtex.obj
 0001:00001212       ?Lock@CMultiLock@@QAEKKHK@Z 5f402212 f   mtex.obj
 0001:000012ec       ?Unlock@CMultiLock@@QAEHXZ 5f4022ec f   mtex.obj
 0001:0000135a       ?Unlock@CMultiLock@@QAEHJPAJ@Z 5f40235a f   mtex.obj
 0001:00001410       _InitMultipleMonitorStubs  5f402410 f   wincore.obj
 0001:00001559       _xGetSystemMetrics@4       5f402559 f   wincore.obj
 0001:000015d4       _xMonitorFromPoint@12      5f4025d4 f   wincore.obj
 0001:00001631       _xMonitorFromRect@8        5f402631 f   wincore.obj
 0001:00001695       _xMonitorFromWindow@8      5f402695 f   wincore.obj
 0001:00001714       _xGetMonitorInfo@8         5f402714 f   wincore.obj
 0001:000017ed       _xEnumDisplayMonitors@16   5f4027ed f   wincore.obj
 0001:00001920       ?LookupPermanent@CHandleMap@@QAEPAVCObject@@PAX@Z 5f402920 f i wincore.obj
 0001:00001940       ?LookupTemporary@CHandleMap@@QAEPAVCObject@@PAX@Z 5f402940 f i wincore.obj
 0001:00001960       ?UnlockResource@@YGHPAX@Z  5f402960 f i wincore.obj
 0001:00001970       ?T2CA@@YAPBDPBD@Z          5f402970 f i wincore.obj
 0001:00001970       ?T2A@@YAPADPAD@Z           5f402970 f i wincore.obj
 0001:00001970       ?A2CT@@YAPBDPBD@Z          5f402970 f i wincore.obj
 0001:00001970       ?A2T@@YAPADPAD@Z           5f402970 f i wincore.obj
 0001:00001980       ??0CPushRoutingFrame@@QAE@PAVCFrameWnd@@@Z 5f402980 f i winfrm.obj
 0001:000019c0       ??1CPushRoutingFrame@@QAE@XZ 5f4029c0 f i winfrm.obj
 0001:000019e0       ?GetWindowTask@@YAPAUHTASK__@@PAUHWND__@@@Z 5f4029e0 f i winfrmx.obj
 0001:00001a00       ??_9@$BMM@AE               5f402a00 f i dlgcore.obj
 0001:00001a10       ??_9@$BNA@AE               5f402a10 f i dlgcore.obj
 0001:00001a20       __tcsdec                   5f402a20 f i docmgr.obj
 0001:00001a40       ??_9@$BOI@AE               5f402a40 f i viewcore.obj
 0001:00001a50       ??0CPushRoutingView@@QAE@PAVCView@@@Z 5f402a50 f i viewcore.obj
 0001:00001a90       ??1CPushRoutingView@@QAE@XZ 5f402a90 f i viewcore.obj
 0001:00001ab0       ?GetSize@CRecentFileList@@QBEHXZ 5f402ab0 f i appcore.obj
 0001:00001ad0       ??ACRecentFileList@@QAEAAVCString@@H@Z 5f402ad0 f i appcore.obj
 0001:00001b20       ??0CFileFind@@QAE@XZ       5f402b20 f   filefind.obj
 0001:00001b9c       ??1CFileFind@@UAE@XZ       5f402b9c f   filefind.obj
 0001:00001bfc       ?Close@CFileFind@@QAEXXZ   5f402bfc f   filefind.obj
 0001:00001c80       ?CloseContext@CFileFind@@MAEXXZ 5f402c80 f   filefind.obj
 0001:00001c98       ?FindFile@CFileFind@@UAEHPBDK@Z 5f402c98 f   filefind.obj
 0001:00001e19       ?MatchesMask@CFileFind@@UBEHK@Z 5f402e19 f   filefind.obj
 0001:00001e7a       ?GetLastAccessTime@CFileFind@@UBEHPAU_FILETIME@@@Z 5f402e7a f   filefind.obj
 0001:00001f0f       ?GetLastWriteTime@CFileFind@@UBEHPAU_FILETIME@@@Z 5f402f0f f   filefind.obj
 0001:00001fa4       ?GetCreationTime@CFileFind@@UBEHPAU_FILETIME@@@Z 5f402fa4 f   filefind.obj
 0001:00002019       ?GetLastAccessTime@CFileFind@@UBEHAAVCTime@@@Z 5f403019 f   filefind.obj
 0001:00002093       ?GetLastWriteTime@CFileFind@@UBEHAAVCTime@@@Z 5f403093 f   filefind.obj
 0001:0000210d       ?GetCreationTime@CFileFind@@UBEHAAVCTime@@@Z 5f40310d f   filefind.obj
 0001:00002187       ?IsDots@CFileFind@@UBEHXZ  5f403187 f   filefind.obj
 0001:0000222d       ?FindNextFileA@CFileFind@@UAEHXZ 5f40322d f   filefind.obj
 0001:000022d7       ?GetFileURL@CFileFind@@UBE?AVCString@@XZ 5f4032d7 f   filefind.obj
 0001:000023b3       ?GetRoot@CFileFind@@UBE?AVCString@@XZ 5f4033b3 f   filefind.obj
 0001:00002420       ?GetFilePath@CFileFind@@UBE?AVCString@@XZ 5f403420 f   filefind.obj
 0001:00002545       ?GetFileTitle@CFileFind@@UBE?AVCString@@XZ 5f403545 f   filefind.obj
 0001:00002638       ?GetFileName@CFileFind@@UBE?AVCString@@XZ 5f403638 f   filefind.obj
 0001:000026f7       ?GetLength@CFileFind@@QBEKXZ 5f4036f7 f   filefind.obj
 0001:00002754       ?GetLength64@CFileFind@@QBE_JXZ 5f403754 f   filefind.obj
 0001:000027c3       ?Dump@CFileFind@@MBEXAAVCDumpContext@@@Z 5f4037c3 f   filefind.obj
 0001:000027f7       ?AssertValid@CFileFind@@MBEXXZ 5f4037f7 f   filefind.obj
 0001:00002870       ??6CHttpServerContext@@QAEAAV0@ABVCLongBinary@@@Z 5f403870 f   isapimix.obj
 0001:000028be       ??6CHttpServerContext@@QAEAAV0@ABVCByteArray@@@Z 5f4038be f   isapimix.obj
 0001:0000290c       ??6CHtmlStream@@QAEAAV0@ABVCByteArray@@@Z 5f40390c f   isapimix.obj
 0001:00002953       ??6CHtmlStream@@QAEAAV0@ABVCLongBinary@@@Z 5f403953 f   isapimix.obj
 0001:000029b0       ?IsEmpty@CSimpleList@@QBEHXZ 5f4039b0 f i dllinit.obj
 0001:000029d0       ??_Gtype_info@@UAEPAXI@Z   5f4039d0 f i msvcrtd:ti_inst.obj
 0001:000029d0       ??_Etype_info@@UAEPAXI@Z   5f4039d0 f i msvcrtd:ti_inst.obj
 0001:000029fe       ___CxxFrameHandler         5f4039fe f   msvcrtd:MSVCRTD.dll
 0001:00002a10       __onexit                   5f403a10 f   msvcrtd:atonexit.obj
 0001:00002a50       _atexit                    5f403a50 f   msvcrtd:atonexit.obj
 0001:00002a68       __CxxThrowException@8      5f403a68 f   msvcrtd:MSVCRTD.dll
 0001:00002a6e       _memcpy                    5f403a6e f   msvcrtd:MSVCRTD.dll
 0001:00002a74       _memcmp                    5f403a74 f   msvcrtd:MSVCRTD.dll
 0001:00002a7a       __except_handler3          5f403a7a f   msvcrtd:MSVCRTD.dll
 0001:00002a80       _memset                    5f403a80 f   msvcrtd:MSVCRTD.dll
 0001:00002a90       __alloca_probe             5f403a90 f   msvcrtd:chkstk.obj
 0001:00002a90       __chkstk                   5f403a90 f   msvcrtd:chkstk.obj
 0001:00002ac0       _strlen                    5f403ac0 f   msvcrtd:MSVCRTD.dll
 0001:00002ac6       __purecall                 5f403ac6 f   msvcrtd:MSVCRTD.dll
 0001:00002ad0       __alldiv                   5f403ad0 f   msvcrtd:lldiv.obj
 0001:00002b80       __allshr                   5f403b80 f   msvcrtd:llshr.obj
 0001:00002bb0       __allmul                   5f403bb0 f   msvcrtd:llmul.obj
 0001:00002be4       _abs                       5f403be4 f   msvcrtd:MSVCRTD.dll
 0001:00002bf0       ??_L@YGXPAXIHP6EX0@Z1@Z    5f403bf0 f   msvcrtd:ehvecctr.obj
 0001:00002c90       ??_M@YGXPAXIHP6EX0@Z@Z     5f403c90 f   msvcrtd:ehvecdtr.obj
 0001:00002d40       ?__ArrayUnwind@@YGXPAXIHP6EX0@Z@Z 5f403d40 f   msvcrtd:ehvecdtr.obj
 0001:00002df0       __CRT_INIT@12              5f403df0 f   msvcrtd:crtdll.obj
 0001:00002f00       __DllMainCRTStartup@12     5f403f00 f   msvcrtd:crtdll.obj
 0001:00002ff4       ??1type_info@@UAE@XZ       5f403ff4 f   msvcrtd:MSVCRTD.dll
 0001:00002ffa       ___dllonexit               5f403ffa f   msvcrtd:MSVCRTD.dll
 0001:00003000       ?terminate@@YAXXZ          5f404000 f   msvcrtd:MSVCRTD.dll
 0001:00003006       __initterm                 5f404006 f   msvcrtd:MSVCRTD.dll
 0001:0000300c       _ReuseDDElParam@20         5f40400c f   user32:USER32.dll
 0001:00003012       _UnpackDDElParam@16        5f404012 f   user32:USER32.dll
 0001:00003018       __imp_load__RegCloseKey@4  5f404018     advapi32:ADVAPI32.dll
 0001:00003024       __tailMerge_ADVAPI32       5f404024     advapi32:ADVAPI32.dll
 0001:00003032       _RegCloseKey@4             5f404032     advapi32:ADVAPI32.dll
 0001:00003038       __imp_load__RegQueryValueExA@24 5f404038     advapi32:ADVAPI32.dll
 0001:00003044       _RegQueryValueExA@24       5f404044     advapi32:ADVAPI32.dll
 0001:0000304a       __imp_load__RegOpenKeyA@12 5f40404a     advapi32:ADVAPI32.dll
 0001:00003056       _RegOpenKeyA@12            5f404056     advapi32:ADVAPI32.dll
 0001:0000305c       __imp_load__SetFileSecurityA@12 5f40405c     advapi32:ADVAPI32.dll
 0001:00003068       _SetFileSecurityA@12       5f404068     advapi32:ADVAPI32.dll
 0001:0000306e       __imp_load__GetFileSecurityA@20 5f40406e     advapi32:ADVAPI32.dll
 0001:0000307a       _GetFileSecurityA@20       5f40407a     advapi32:ADVAPI32.dll
 0001:00003080       __imp_load__RegDeleteKeyA@8 5f404080     advapi32:ADVAPI32.dll
 0001:0000308c       _RegDeleteKeyA@8           5f40408c     advapi32:ADVAPI32.dll
 0001:00003092       __imp_load__RegEnumKeyA@16 5f404092     advapi32:ADVAPI32.dll
 0001:0000309e       _RegEnumKeyA@16            5f40409e     advapi32:ADVAPI32.dll
 0001:000030a4       __imp_load__RegSetValueExA@24 5f4040a4     advapi32:ADVAPI32.dll
 0001:000030b0       _RegSetValueExA@24         5f4040b0     advapi32:ADVAPI32.dll
 0001:000030b6       __imp_load__RegCreateKeyA@12 5f4040b6     advapi32:ADVAPI32.dll
 0001:000030c2       _RegCreateKeyA@12          5f4040c2     advapi32:ADVAPI32.dll
 0001:000030c8       __imp_load__RegSetValueA@20 5f4040c8     advapi32:ADVAPI32.dll
 0001:000030d4       _RegSetValueA@20           5f4040d4     advapi32:ADVAPI32.dll
 0001:000030da       __imp_load__RegQueryValueA@16 5f4040da     advapi32:ADVAPI32.dll
 0001:000030e6       _RegQueryValueA@16         5f4040e6     advapi32:ADVAPI32.dll
 0001:000030ec       __imp_load__RegOpenKeyExA@20 5f4040ec     advapi32:ADVAPI32.dll
 0001:000030f8       _RegOpenKeyExA@20          5f4040f8     advapi32:ADVAPI32.dll
 0001:000030fe       __imp_load__RegCreateKeyExA@36 5f4040fe     advapi32:ADVAPI32.dll
 0001:0000310a       _RegCreateKeyExA@36        5f40410a     advapi32:ADVAPI32.dll
 0001:00003110       __imp_load__RegDeleteValueA@8 5f404110     advapi32:ADVAPI32.dll
 0001:0000311c       _RegDeleteValueA@8         5f40411c     advapi32:ADVAPI32.dll
 0001:00003122       __imp_load__CreateMappedBitmap@20 5f404122     comctl32:COMCTL32.dll
 0001:0000312e       __tailMerge_COMCTL32       5f40412e     comctl32:COMCTL32.dll
 0001:0000313c       _CreateMappedBitmap@20     5f40413c     comctl32:COMCTL32.dll
 0001:00003142       __imp_load__InitCommonControlsEx@4 5f404142     comctl32:COMCTL32.dll
 0001:0000314e       _InitCommonControlsEx@4    5f40414e     comctl32:COMCTL32.dll
 0001:00003154       __imp_load__InitCommonControls@0 5f404154     comctl32:COMCTL32.dll
 0001:00003160       _InitCommonControls@0      5f404160     comctl32:COMCTL32.dll
 0001:00003166       __imp_load__MakeDragList@4 5f404166     comctl32:COMCTL32.dll
 0001:00003172       _MakeDragList@4            5f404172     comctl32:COMCTL32.dll
 0001:00003178       __imp_load__ImageList_Destroy@4 5f404178     comctl32:COMCTL32.dll
 0001:00003184       _ImageList_Destroy@4       5f404184     comctl32:COMCTL32.dll
 0001:0000318a       __imp_load__ImageList_Create@20 5f40418a     comctl32:COMCTL32.dll
 0001:00003196       _ImageList_Create@20       5f404196     comctl32:COMCTL32.dll
 0001:0000319c       __imp_load__ImageList_LoadImageA@28 5f40419c     comctl32:COMCTL32.dll
 0001:000031a8       _ImageList_LoadImageA@28   5f4041a8     comctl32:COMCTL32.dll
 0001:000031ae       __imp_load__ImageList_Merge@24 5f4041ae     comctl32:COMCTL32.dll
 0001:000031ba       _ImageList_Merge@24        5f4041ba     comctl32:COMCTL32.dll
 0001:000031c0       __imp_load__ImageList_Read@4 5f4041c0     comctl32:COMCTL32.dll
 0001:000031cc       _ImageList_Read@4          5f4041cc     comctl32:COMCTL32.dll
 0001:000031d2       __imp_load__ImageList_Write@8 5f4041d2     comctl32:COMCTL32.dll
 0001:000031de       _ImageList_Write@8         5f4041de     comctl32:COMCTL32.dll
 0001:000031e4       __imp_load__LBItemFromPt@16 5f4041e4     comctl32:COMCTL32.dll
 0001:000031f0       _LBItemFromPt@16           5f4041f0     comctl32:COMCTL32.dll
 0001:000031f6       __imp_load__ImageList_GetImageCount@4 5f4041f6     comctl32:COMCTL32.dll
 0001:00003202       _ImageList_GetImageCount@4 5f404202     comctl32:COMCTL32.dll
 0001:00003208       __imp_load__ImageList_Add@12 5f404208     comctl32:COMCTL32.dll
 0001:00003214       _ImageList_Add@12          5f404214     comctl32:COMCTL32.dll
 0001:0000321a       __imp_load__ImageList_AddMasked@12 5f40421a     comctl32:COMCTL32.dll
 0001:00003226       _ImageList_AddMasked@12    5f404226     comctl32:COMCTL32.dll
 0001:0000322c       __imp_load__ImageList_Remove@8 5f40422c     comctl32:COMCTL32.dll
 0001:00003238       _ImageList_Remove@8        5f404238     comctl32:COMCTL32.dll
 0001:0000323e       __imp_load__ImageList_Replace@16 5f40423e     comctl32:COMCTL32.dll
 0001:0000324a       _ImageList_Replace@16      5f40424a     comctl32:COMCTL32.dll
 0001:00003250       __imp_load__ImageList_ReplaceIcon@12 5f404250     comctl32:COMCTL32.dll
 0001:0000325c       _ImageList_ReplaceIcon@12  5f40425c     comctl32:COMCTL32.dll
 0001:00003262       __imp_load__ImageList_GetIcon@12 5f404262     comctl32:COMCTL32.dll
 0001:0000326e       _ImageList_GetIcon@12      5f40426e     comctl32:COMCTL32.dll
 0001:00003274       __imp_load__ImageList_Draw@24 5f404274     comctl32:COMCTL32.dll
 0001:00003280       _ImageList_Draw@24         5f404280     comctl32:COMCTL32.dll
 0001:00003286       __imp_load__ImageList_SetBkColor@8 5f404286     comctl32:COMCTL32.dll
 0001:00003292       _ImageList_SetBkColor@8    5f404292     comctl32:COMCTL32.dll
 0001:00003298       __imp_load__ImageList_GetBkColor@4 5f404298     comctl32:COMCTL32.dll
 0001:000032a4       _ImageList_GetBkColor@4    5f4042a4     comctl32:COMCTL32.dll
 0001:000032aa       __imp_load__ImageList_SetOverlayImage@12 5f4042aa     comctl32:COMCTL32.dll
 0001:000032b6       _ImageList_SetOverlayImage@12 5f4042b6     comctl32:COMCTL32.dll
 0001:000032bc       __imp_load__ImageList_GetImageInfo@12 5f4042bc     comctl32:COMCTL32.dll
 0001:000032c8       _ImageList_GetImageInfo@12 5f4042c8     comctl32:COMCTL32.dll
 0001:000032ce       __imp_load__ImageList_BeginDrag@16 5f4042ce     comctl32:COMCTL32.dll
 0001:000032da       _ImageList_BeginDrag@16    5f4042da     comctl32:COMCTL32.dll
 0001:000032e0       __imp_load__ImageList_EndDrag@0 5f4042e0     comctl32:COMCTL32.dll
 0001:000032ec       _ImageList_EndDrag@0       5f4042ec     comctl32:COMCTL32.dll
 0001:000032f2       __imp_load__ImageList_DragMove@8 5f4042f2     comctl32:COMCTL32.dll
 0001:000032fe       _ImageList_DragMove@8      5f4042fe     comctl32:COMCTL32.dll
 0001:00003304       __imp_load__ImageList_SetDragCursorImage@16 5f404304     comctl32:COMCTL32.dll
 0001:00003310       _ImageList_SetDragCursorImage@16 5f404310     comctl32:COMCTL32.dll
 0001:00003316       __imp_load__ImageList_DragShowNolock@4 5f404316     comctl32:COMCTL32.dll
 0001:00003322       _ImageList_DragShowNolock@4 5f404322     comctl32:COMCTL32.dll
 0001:00003328       __imp_load__ImageList_GetDragImage@8 5f404328     comctl32:COMCTL32.dll
 0001:00003334       _ImageList_GetDragImage@8  5f404334     comctl32:COMCTL32.dll
 0001:0000333a       __imp_load__ImageList_DragEnter@12 5f40433a     comctl32:COMCTL32.dll
 0001:00003346       _ImageList_DragEnter@12    5f404346     comctl32:COMCTL32.dll
 0001:0000334c       __imp_load__ImageList_DragLeave@4 5f40434c     comctl32:COMCTL32.dll
 0001:00003358       _ImageList_DragLeave@4     5f404358     comctl32:COMCTL32.dll
 0001:0000335e       __imp_load__PropertySheetA@4 5f40435e     comctl32:COMCTL32.dll
 0001:0000336a       _PropertySheetA@4          5f40436a     comctl32:COMCTL32.dll
 0001:00003370       __imp_load__DestroyPropertySheetPage@4 5f404370     comctl32:COMCTL32.dll
 0001:0000337c       _DestroyPropertySheetPage@4 5f40437c     comctl32:COMCTL32.dll
 0001:00003382       __imp_load__CreatePropertySheetPageA@4 5f404382     comctl32:COMCTL32.dll
 0001:0000338e       _CreatePropertySheetPageA@4 5f40438e     comctl32:COMCTL32.dll
 0001:00003394       __imp_load__ImageList_SetImageCount@8 5f404394     comctl32:COMCTL32.dll
 0001:000033a0       _ImageList_SetImageCount@8 5f4043a0     comctl32:COMCTL32.dll
 0001:000033a6       __imp_load__ImageList_Copy@20 5f4043a6     comctl32:COMCTL32.dll
 0001:000033b2       _ImageList_Copy@20         5f4043b2     comctl32:COMCTL32.dll
 0001:000033b8       __imp_load__ImageList_DrawIndirect@4 5f4043b8     comctl32:COMCTL32.dll
 0001:000033c4       _ImageList_DrawIndirect@4  5f4043c4     comctl32:COMCTL32.dll
 0001:000033ca       __imp_load__ImageList_Duplicate@4 5f4043ca     comctl32:COMCTL32.dll
 0001:000033d6       _ImageList_Duplicate@4     5f4043d6     comctl32:COMCTL32.dll
 0001:000033dc       __imp_load__SHGetFileInfoA@20 5f4043dc     shell32:SHELL32.dll
 0001:000033e8       __tailMerge_SHELL32        5f4043e8     shell32:SHELL32.dll
 0001:000033f6       _SHGetFileInfoA@20         5f4043f6     shell32:SHELL32.dll
 0001:000033fc       __imp_load__DragAcceptFiles@8 5f4043fc     shell32:SHELL32.dll
 0001:00003408       _DragAcceptFiles@8         5f404408     shell32:SHELL32.dll
 0001:0000340e       __imp_load__DragFinish@4   5f40440e     shell32:SHELL32.dll
 0001:0000341a       _DragFinish@4              5f40441a     shell32:SHELL32.dll
 0001:00003420       __imp_load__DragQueryFileA@16 5f404420     shell32:SHELL32.dll
 0001:0000342c       _DragQueryFileA@16         5f40442c     shell32:SHELL32.dll
 0001:00003432       __imp_load__ExtractIconA@12 5f404432     shell32:SHELL32.dll
 0001:0000343e       _ExtractIconA@12           5f40443e     shell32:SHELL32.dll
 0001:00003444       __imp_load__GetFileTitleA@12 5f404444     comdlg32:comdlg32.dll
 0001:00003450       __tailMerge_comdlg32       5f404450     comdlg32:comdlg32.dll
 0001:0000345e       _GetFileTitleA@12          5f40445e     comdlg32:comdlg32.dll
 0001:00003464       __imp_load__GetSaveFileNameA@4 5f404464     comdlg32:comdlg32.dll
 0001:00003470       _GetSaveFileNameA@4        5f404470     comdlg32:comdlg32.dll
 0001:00003476       __imp_load__GetOpenFileNameA@4 5f404476     comdlg32:comdlg32.dll
 0001:00003482       _GetOpenFileNameA@4        5f404482     comdlg32:comdlg32.dll
 0001:00003488       __imp_load__PageSetupDlgA@4 5f404488     comdlg32:comdlg32.dll
 0001:00003494       _PageSetupDlgA@4           5f404494     comdlg32:comdlg32.dll
 0001:0000349a       __imp_load__PrintDlgA@4    5f40449a     comdlg32:comdlg32.dll
 0001:000034a6       _PrintDlgA@4               5f4044a6     comdlg32:comdlg32.dll
 0001:000034ac       __imp_load__ChooseColorA@4 5f4044ac     comdlg32:comdlg32.dll
 0001:000034b8       _ChooseColorA@4            5f4044b8     comdlg32:comdlg32.dll
 0001:000034be       __imp_load__ChooseFontA@4  5f4044be     comdlg32:comdlg32.dll
 0001:000034ca       _ChooseFontA@4             5f4044ca     comdlg32:comdlg32.dll
 0001:000034d0       __imp_load__ReplaceTextA@4 5f4044d0     comdlg32:comdlg32.dll
 0001:000034dc       _ReplaceTextA@4            5f4044dc     comdlg32:comdlg32.dll
 0001:000034e2       __imp_load__FindTextA@4    5f4044e2     comdlg32:comdlg32.dll
 0001:000034ee       _FindTextA@4               5f4044ee     comdlg32:comdlg32.dll
 0001:000034f4       __imp_load__CommDlgExtendedError@0 5f4044f4     comdlg32:comdlg32.dll
 0001:00003500       _CommDlgExtendedError@0    5f404500     comdlg32:comdlg32.dll
 0001:00003506       __imp_load__ClosePrinter@4 5f404506     winspool:WINSPOOL.DRV
 0001:00003512       __tailMerge_WINSPOOL       5f404512     winspool:WINSPOOL.DRV
 0001:00003520       _ClosePrinter@4            5f404520     winspool:WINSPOOL.DRV
 0001:00003526       __imp_load__DocumentPropertiesA@24 5f404526     winspool:WINSPOOL.DRV
 0001:00003532       _DocumentPropertiesA@24    5f404532     winspool:WINSPOOL.DRV
 0001:00003538       __imp_load__OpenPrinterA@12 5f404538     winspool:WINSPOOL.DRV
 0001:00003544       _OpenPrinterA@12           5f404544     winspool:WINSPOOL.DRV
 0001:0000354a       __imp_load__InternetCrackUrlA@16 5f40454a     wininet:WININET.dll
 0001:00003556       __tailMerge_WININET        5f404556     wininet:WININET.dll
 0001:00003564       _InternetCrackUrlA@16      5f404564     wininet:WININET.dll
 0001:0000356a       __imp_load__InternetCanonicalizeUrlA@16 5f40456a     wininet:WININET.dll
 0001:00003576       _InternetCanonicalizeUrlA@16 5f404576     wininet:WININET.dll
 0001:0000357c       __imp_load__InternetQueryOptionA@16 5f40457c     wininet:WININET.dll
 0001:00003588       _InternetQueryOptionA@16   5f404588     wininet:WININET.dll
 0001:0000358e       __imp_load__InternetOpenA@20 5f40458e     wininet:WININET.dll
 0001:0000359a       _InternetOpenA@20          5f40459a     wininet:WININET.dll
 0001:000035a0       __imp_load__InternetCloseHandle@4 5f4045a0     wininet:WININET.dll
 0001:000035ac       _InternetCloseHandle@4     5f4045ac     wininet:WININET.dll
 0001:000035b2       __imp_load__InternetOpenUrlA@24 5f4045b2     wininet:WININET.dll
 0001:000035be       _InternetOpenUrlA@24       5f4045be     wininet:WININET.dll
 0001:000035c4       __imp_load__InternetSetOptionExA@20 5f4045c4     wininet:WININET.dll
 0001:000035d0       _InternetSetOptionExA@20   5f4045d0     wininet:WININET.dll
 0001:000035d6       __imp_load__InternetSetStatusCallback@8 5f4045d6     wininet:WININET.dll
 0001:000035e2       _InternetSetStatusCallback@8 5f4045e2     wininet:WININET.dll
 0001:000035e8       __imp_load__InternetSetCookieA@12 5f4045e8     wininet:WININET.dll
 0001:000035f4       _InternetSetCookieA@12     5f4045f4     wininet:WININET.dll
 0001:000035fa       __imp_load__InternetGetCookieA@16 5f4045fa     wininet:WININET.dll
 0001:00003606       _InternetGetCookieA@16     5f404606     wininet:WININET.dll
 0001:0000360c       __imp_load__InternetSetFilePointer@20 5f40460c     wininet:WININET.dll
 0001:00003618       _InternetSetFilePointer@20 5f404618     wininet:WININET.dll
 0001:0000361e       __imp_load__InternetWriteFile@16 5f40461e     wininet:WININET.dll
 0001:0000362a       _InternetWriteFile@16      5f40462a     wininet:WININET.dll
 0001:00003630       __imp_load__InternetReadFile@16 5f404630     wininet:WININET.dll
 0001:0000363c       _InternetReadFile@16       5f40463c     wininet:WININET.dll
 0001:00003642       __imp_load__InternetQueryDataAvailable@16 5f404642     wininet:WININET.dll
 0001:0000364e       _InternetQueryDataAvailable@16 5f40464e     wininet:WININET.dll
 0001:00003654       __imp_load__InternetConnectA@32 5f404654     wininet:WININET.dll
 0001:00003660       _InternetConnectA@32       5f404660     wininet:WININET.dll
 0001:00003666       __imp_load__FtpDeleteFileA@8 5f404666     wininet:WININET.dll
 0001:00003672       _FtpDeleteFileA@8          5f404672     wininet:WININET.dll
 0001:00003678       __imp_load__FtpRenameFileA@12 5f404678     wininet:WININET.dll
 0001:00003684       _FtpRenameFileA@12         5f404684     wininet:WININET.dll
 0001:0000368a       __imp_load__FtpCreateDirectoryA@8 5f40468a     wininet:WININET.dll
 0001:00003696       _FtpCreateDirectoryA@8     5f404696     wininet:WININET.dll
 0001:0000369c       __imp_load__FtpRemoveDirectoryA@8 5f40469c     wininet:WININET.dll
 0001:000036a8       _FtpRemoveDirectoryA@8     5f4046a8     wininet:WININET.dll
 0001:000036ae       __imp_load__FtpSetCurrentDirectoryA@8 5f4046ae     wininet:WININET.dll
 0001:000036ba       _FtpSetCurrentDirectoryA@8 5f4046ba     wininet:WININET.dll
 0001:000036c0       __imp_load__FtpGetCurrentDirectoryA@12 5f4046c0     wininet:WININET.dll
 0001:000036cc       _FtpGetCurrentDirectoryA@12 5f4046cc     wininet:WININET.dll
 0001:000036d2       __imp_load__FtpOpenFileA@20 5f4046d2     wininet:WININET.dll
 0001:000036de       _FtpOpenFileA@20           5f4046de     wininet:WININET.dll
 0001:000036e4       __imp_load__FtpPutFileA@20 5f4046e4     wininet:WININET.dll
 0001:000036f0       _FtpPutFileA@20            5f4046f0     wininet:WININET.dll
 0001:000036f6       __imp_load__FtpGetFileA@28 5f4046f6     wininet:WININET.dll
 0001:00003702       _FtpGetFileA@28            5f404702     wininet:WININET.dll
 0001:00003708       __imp_load__GopherCreateLocatorA@28 5f404708     wininet:WININET.dll
 0001:00003714       _GopherCreateLocatorA@28   5f404714     wininet:WININET.dll
 0001:0000371a       __imp_load__GopherGetAttributeA@32 5f40471a     wininet:WININET.dll
 0001:00003726       _GopherGetAttributeA@32    5f404726     wininet:WININET.dll
 0001:0000372c       __imp_load__GopherOpenFileA@20 5f40472c     wininet:WININET.dll
 0001:00003738       _GopherOpenFileA@20        5f404738     wininet:WININET.dll
 0001:0000373e       __imp_load__HttpOpenRequestA@32 5f40473e     wininet:WININET.dll
 0001:0000374a       _HttpOpenRequestA@32       5f40474a     wininet:WININET.dll
 0001:00003750       __imp_load__InternetErrorDlg@20 5f404750     wininet:WININET.dll
 0001:0000375c       _InternetErrorDlg@20       5f40475c     wininet:WININET.dll
 0001:00003762       __imp_load__HttpAddRequestHeadersA@16 5f404762     wininet:WININET.dll
 0001:0000376e       _HttpAddRequestHeadersA@16 5f40476e     wininet:WININET.dll
 0001:00003774       __imp_load__HttpSendRequestA@20 5f404774     wininet:WININET.dll
 0001:00003780       _HttpSendRequestA@20       5f404780     wininet:WININET.dll
 0001:00003786       __imp_load__HttpEndRequestA@16 5f404786     wininet:WININET.dll
 0001:00003792       _HttpEndRequestA@16        5f404792     wininet:WININET.dll
 0001:00003798       __imp_load__HttpSendRequestExA@20 5f404798     wininet:WININET.dll
 0001:000037a4       _HttpSendRequestExA@20     5f4047a4     wininet:WININET.dll
 0001:000037aa       __imp_load__HttpQueryInfoA@20 5f4047aa     wininet:WININET.dll
 0001:000037b6       _HttpQueryInfoA@20         5f4047b6     wininet:WININET.dll
 0001:000037bc       __imp_load__FtpFindFirstFileA@20 5f4047bc     wininet:WININET.dll
 0001:000037c8       _FtpFindFirstFileA@20      5f4047c8     wininet:WININET.dll
 0001:000037ce       __imp_load__InternetFindNextFileA@8 5f4047ce     wininet:WININET.dll
 0001:000037da       _InternetFindNextFileA@8   5f4047da     wininet:WININET.dll
 0001:000037e0       __imp_load__GopherFindFirstFileA@24 5f4047e0     wininet:WININET.dll
 0001:000037ec       _GopherFindFirstFileA@24   5f4047ec     wininet:WININET.dll
 0001:000037f2       __imp_load__InternetGetLastResponseInfoA@12 5f4047f2     wininet:WININET.dll
 0001:000037fe       _InternetGetLastResponseInfoA@12 5f4047fe     wininet:WININET.dll
 0001:00003804       __imp_load__GopherGetLocatorTypeA@8 5f404804     wininet:WININET.dll
 0001:00003810       _GopherGetLocatorTypeA@8   5f404810     wininet:WININET.dll
 0001:00003816       ___delayLoadHelper@8       5f404816 f   delayimp:delayhlp.obj
 0001:00003a40       ?InitString@CSimpleException@@QAEXXZ 5f404a40 f   except.obj
 0001:00003a7c       ?GetErrorMessage@CSimpleException@@UAEHPADIPAI@Z 5f404a7c f   except.obj
 0001:00003b0c       ?AfxThrowMemoryException@@YGXXZ 5f404b0c f   except.obj
 0001:00003b29       ?AfxThrowNotSupportedException@@YGXXZ 5f404b29 f   except.obj
 0001:00003b50       ?AfxIsValidString@@YGHPBGH@Z 5f404b50 f   validadd.obj
 0001:00003b92       ?AfxIsValidString@@YGHPBDH@Z 5f404b92 f   validadd.obj
 0001:00003bb6       ?AfxIsValidAddress@@YGHPBXIH@Z 5f404bb6 f   validadd.obj
 0001:00003c44       ?_AfxCrtDumpClient@@YAXPAXI@Z 5f404c44 f   dumpinit.obj
 0001:00003db6       ?_AfxCrtReportHook@@YAHHPADPAH@Z 5f404db6 f   dumpinit.obj
 0001:00003e13       ??0_AFX_DEBUG_STATE@@QAE@XZ 5f404e13 f   dumpinit.obj
 0001:00003f10       ??1_AFX_DEBUG_STATE@@UAE@XZ 5f404f10 f   dumpinit.obj
 0001:00003fa6       ?AfxDiagnosticInit@@YGHXZ  5f404fa6 f   dumpinit.obj
 0001:00003ff0       ??_E_AFX_DEBUG_STATE@@UAEPAXI@Z 5f404ff0 f i dumpinit.obj
 0001:00003ff0       ??_G_AFX_DEBUG_STATE@@UAEPAXI@Z 5f404ff0 f i dumpinit.obj
 0001:00004020       ??0CNoTrackObject@@QAE@XZ  5f405020 f i dumpinit.obj
 0001:00004040       ??1?$CProcessLocal@V_AFX_DEBUG_STATE@@@@QAE@XZ 5f405040 f i dumpinit.obj
 0001:00004060       ?GetData@?$CProcessLocal@V_AFX_DEBUG_STATE@@@@QAEPAV_AFX_DEBUG_STATE@@XZ 5f405060 f i dumpinit.obj
 0001:000040b0       ?CreateObject@?$CProcessLocal@V_AFX_DEBUG_STATE@@@@SGPAVCNoTrackObject@@XZ 5f4050b0 f i dumpinit.obj
 0001:00004120       ?AfxDump@@YGXPBVCObject@@@Z 5f405120 f   dumpout.obj
 0001:00004135       ?AfxTrace@@YAXPBDZZ        5f405135 f   dumpout.obj
 0001:00004200       ?AfxAbort@@YGXXZ           5f405200 f   afxabort.obj
 0001:00004230       ??0CString@@QAE@DH@Z       5f405230 f   strex.obj
 0001:00004271       ??0CString@@QAE@PBDH@Z     5f405271 f   strex.obj
 0001:000042e1       ??0CString@@QAE@PBGH@Z     5f4052e1 f   strex.obj
 0001:00004357       ??4CString@@QAEABV0@D@Z    5f405357 f   strex.obj
 0001:00004375       ??H@YG?AVCString@@ABV0@D@Z 5f405375 f   strex.obj
 0001:000043fa       ??H@YG?AVCString@@DABV0@@Z 5f4053fa f   strex.obj
 0001:0000447f       ?Delete@CString@@QAEHHH@Z  5f40547f f   strex.obj
 0001:00004507       ?Insert@CString@@QAEHHD@Z  5f405507 f   strex.obj
 0001:000045e8       ?Insert@CString@@QAEHHPBD@Z 5f4055e8 f   strex.obj
 0001:000046ef       ?Replace@CString@@QAEHDD@Z 5f4056ef f   strex.obj
 0001:0000476d       ?Replace@CString@@QAEHPBD0@Z 5f40576d f   strex.obj
 0001:0000499c       ?Remove@CString@@QAEHD@Z   5f40599c f   strex.obj
 0001:00004a43       ?Mid@CString@@QBE?AV1@H@Z  5f405a43 f   strex.obj
 0001:00004a83       ?Mid@CString@@QBE?AV1@HH@Z 5f405a83 f   strex.obj
 0001:00004bdc       ?Right@CString@@QBE?AV1@H@Z 5f405bdc f   strex.obj
 0001:00004c9b       ?Left@CString@@QBE?AV1@H@Z 5f405c9b f   strex.obj
 0001:00004d4d       ?SpanIncluding@CString@@QBE?AV1@PBD@Z 5f405d4d f   strex.obj
 0001:00004dbc       ?SpanExcluding@CString@@QBE?AV1@PBD@Z 5f405dbc f   strex.obj
 0001:00004e2b       ?ReverseFind@CString@@QBEHD@Z 5f405e2b f   strex.obj
 0001:00004e71       ?Find@CString@@QBEHPBD@Z   5f405e71 f   strex.obj
 0001:00004e8c       ?Find@CString@@QBEHPBDH@Z  5f405e8c f   strex.obj
 0001:00004f1a       ?FormatV@CString@@QAEXPBDPAD@Z 5f405f1a f   strex.obj
 0001:000056ff       ?Format@CString@@QAAXPBDZZ 5f4066ff f   strex.obj
 0001:00005753       ?Format@CString@@QAAXIZZ   5f406753 f   strex.obj
 0001:000057ec       ?FormatMessageA@CString@@QAAXPBDZZ 5f4067ec f   strex.obj
 0001:00005845       ?FormatMessageA@CString@@QAAXIZZ 5f406845 f   strex.obj
 0001:00005910       ?TrimRight@CString@@QAEXPBD@Z 5f406910 f   strex.obj
 0001:0000599e       ?TrimRight@CString@@QAEXD@Z 5f40699e f   strex.obj
 0001:00005a23       ?TrimRight@CString@@QAEXXZ 5f406a23 f   strex.obj
 0001:00005aac       ?TrimLeft@CString@@QAEXPBD@Z 5f406aac f   strex.obj
 0001:00005b5b       ?TrimLeft@CString@@QAEXD@Z 5f406b5b f   strex.obj
 0001:00005be3       ?TrimLeft@CString@@QAEXXZ  5f406be3 f   strex.obj
 0001:00005c6f       ?ConstructElements@@YGXPAVCString@@H@Z 5f406c6f f   strex.obj
 0001:00005ce3       ?DestructElements@@YGXPAVCString@@H@Z 5f406ce3 f   strex.obj
 0001:00005d4d       ?CopyElements@@YGXPAVCString@@PBV1@H@Z 5f406d4d f   strex.obj
 0001:00005df8       ?HashKey@@YGIPBG@Z         5f406df8 f   strex.obj
 0001:00005e39       ?HashKey@@YGIPBD@Z         5f406e39 f   strex.obj
 0001:00005e80       ??0CTime@@QAE@HHHHHHH@Z    5f406e80 f   timecore.obj
 0001:00005f62       ??0CTime@@QAE@GGH@Z        5f406f62 f   timecore.obj
 0001:0000601b       ??0CTime@@QAE@ABU_SYSTEMTIME@@H@Z 5f40701b f   timecore.obj
 0001:000060b1       ??0CTime@@QAE@ABU_FILETIME@@H@Z 5f4070b1 f   timecore.obj
 0001:00006119       ?GetTickCount@CTime@@SG?AV1@XZ 5f407119 f   timecore.obj
 0001:00006137       ?GetGmtTm@CTime@@QBEPAUtm@@PAU2@@Z 5f407137 f   timecore.obj
 0001:00006179       ?GetLocalTm@CTime@@QBEPAUtm@@PAU2@@Z 5f407179 f   timecore.obj
 0001:000061cb       ?GetAsSystemTime@CTime@@QBEHAAU_SYSTEMTIME@@@Z 5f4071cb f   timecore.obj
 0001:00006266       ??6@YGAAVCDumpContext@@AAV0@VCTime@@@Z 5f407266 f   timecore.obj
 0001:000062dd       ??6@YGAAVCArchive@@AAV0@VCTime@@@Z 5f4072dd f   timecore.obj
 0001:000062f0       ??5@YGAAVCArchive@@AAV0@AAVCTime@@@Z 5f4072f0 f   timecore.obj
 0001:00006303       ??6@YGAAVCDumpContext@@AAV0@VCTimeSpan@@@Z 5f407303 f   timecore.obj
 0001:00006387       ??6@YGAAVCArchive@@AAV0@VCTimeSpan@@@Z 5f407387 f   timecore.obj
 0001:0000639a       ??5@YGAAVCArchive@@AAV0@AAVCTimeSpan@@@Z 5f40739a f   timecore.obj
 0001:000063ad       ?Format@CTimeSpan@@QBE?AVCString@@PBD@Z 5f4073ad f   timecore.obj
 0001:00006694       ?Format@CTimeSpan@@QBE?AVCString@@I@Z 5f407694 f   timecore.obj
 0001:00006734       ?Format@CTime@@QBE?AVCString@@PBD@Z 5f407734 f   timecore.obj
 0001:000067b5       ?FormatGmt@CTime@@QBE?AVCString@@PBD@Z 5f4077b5 f   timecore.obj
 0001:00006836       ?Format@CTime@@QBE?AVCString@@I@Z 5f407836 f   timecore.obj
 0001:000068d6       ?FormatGmt@CTime@@QBE?AVCString@@I@Z 5f4078d6 f   timecore.obj
 0001:00006980       ?LoadBitmaps@CBitmapButton@@QAEHPBD000@Z 5f407980 f   winbtn.obj
 0001:00006a60       ?SizeToContent@CBitmapButton@@QAEXXZ 5f407a60 f   winbtn.obj
 0001:00006afb       ?AutoLoad@CBitmapButton@@QAEHIPAVCWnd@@@Z 5f407afb f   winbtn.obj
 0001:00006ca5       ?DrawItem@CBitmapButton@@MAEXPAUtagDRAWITEMSTRUCT@@@Z 5f407ca5 f   winbtn.obj
 0001:00006e31       ?AssertValid@CBitmapButton@@UBEXXZ 5f407e31 f   winbtn.obj
 0001:00006e80       ?Dump@CBitmapButton@@UBEXAAVCDumpContext@@@Z 5f407e80 f   winbtn.obj
 0001:00006f20       ?_GetBaseMessageMap@CCommonDialog@@KGPBUAFX_MSGMAP@@XZ 5f407f20 f   dlgcomm.obj
 0001:00006f2a       ?GetMessageMap@CCommonDialog@@MBEPBUAFX_MSGMAP@@XZ 5f407f2a f   dlgcomm.obj
 0001:00006f3a       ?_AfxCommDlgProc@@YGIPAUHWND__@@IIJ@Z 5f407f3a f   dlgcomm.obj
 0001:00007281       ?OnOK@CCommonDialog@@MAEXXZ 5f408281 f   dlgcomm.obj
 0001:000072c9       ?OnCancel@CCommonDialog@@MAEXXZ 5f4082c9 f   dlgcomm.obj
 0001:000072ef       ?OnHelpInfo@CCommonDialog@@IAEHPAUtagHELPINFO@@@Z 5f4082ef f   dlgcomm.obj
 0001:00007310       ??0CFileDialog@@QAE@HPBD0K0PAVCWnd@@@Z 5f408310 f   dlgfile.obj
 0001:0000751e       ?DoModal@CFileDialog@@UAEHXZ 5f40851e f   dlgfile.obj
 0001:00007762       ?GetPathName@CFileDialog@@QBE?AVCString@@XZ 5f408762 f   dlgfile.obj
 0001:000078d8       ?GetFileName@CFileDialog@@QBE?AVCString@@XZ 5f4088d8 f   dlgfile.obj
 0001:00007a06       ?GetFileExt@CFileDialog@@QBE?AVCString@@XZ 5f408a06 f   dlgfile.obj
 0001:00007c23       ?GetFileTitle@CFileDialog@@QBE?AVCString@@XZ 5f408c23 f   dlgfile.obj
 0001:00007ccb       ?GetNextPathName@CFileDialog@@QBE?AVCString@@AAPAU__POSITION@@@Z 5f408ccb f   dlgfile.obj
 0001:00008054       ?SetTemplate@CFileDialog@@QAEXPBD0@Z 5f409054 f   dlgfile.obj
 0001:000080a3       ?GetFolderPath@CFileDialog@@QBE?AVCString@@XZ 5f4090a3 f   dlgfile.obj
 0001:000081a8       ?SetControlText@CFileDialog@@QAEXHPBD@Z 5f4091a8 f   dlgfile.obj
 0001:0000822f       ?HideControl@CFileDialog@@QAEXH@Z 5f40922f f   dlgfile.obj
 0001:000082b4       ?SetDefExt@CFileDialog@@QAEXPBD@Z 5f4092b4 f   dlgfile.obj
 0001:00008339       ?OnShareViolation@CFileDialog@@MAEIPBD@Z 5f409339 f   dlgfile.obj
 0001:0000835b       ?OnFileNameOK@CFileDialog@@MAEHXZ 5f40935b f   dlgfile.obj
 0001:0000837b       ?OnLBSelChangedNotify@CFileDialog@@MAEXIII@Z 5f40937b f   dlgfile.obj
 0001:0000839b       ?OnInitDone@CFileDialog@@MAEXXZ 5f40939b f   dlgfile.obj
 0001:000083ca       ?OnFileNameChange@CFileDialog@@MAEXXZ 5f4093ca f   dlgfile.obj
 0001:000083e8       ?OnFolderChange@CFileDialog@@MAEXXZ 5f4093e8 f   dlgfile.obj
 0001:00008406       ?OnTypeChange@CFileDialog@@MAEXXZ 5f409406 f   dlgfile.obj
 0001:00008424       ?OnNotify@CFileDialog@@MAEHIJPAJ@Z 5f409424 f   dlgfile.obj
 0001:00008590       ?Dump@CFileDialog@@UBEXAAVCDumpContext@@@Z 5f409590 f   dlgfile.obj
 0001:00008820       ??_ECFileDialog@@UAEPAXI@Z 5f409820 f i dlgfile.obj
 0001:00008820       ??_GCFileDialog@@UAEPAXI@Z 5f409820 f i dlgfile.obj
 0001:00008850       ??1CFileDialog@@UAE@XZ     5f409850 f i dlgfile.obj
 0001:000088a0       ??0CPageSetupDialog@@QAE@KPAVCWnd@@@Z 5f4098a0 f   dlgprnt.obj
 0001:0000895c       ?DoModal@CPageSetupDialog@@UAEHXZ 5f40995c f   dlgprnt.obj
 0001:00008a50       ?GetDevMode@CPageSetupDialog@@QBEPAU_devicemodeA@@XZ 5f409a50 f   dlgprnt.obj
 0001:00008a75       ?GetDriverName@CPageSetupDialog@@QBE?AVCString@@XZ 5f409a75 f   dlgprnt.obj
 0001:00008ae2       ?GetDeviceName@CPageSetupDialog@@QBE?AVCString@@XZ 5f409ae2 f   dlgprnt.obj
 0001:00008b50       ?GetPortName@CPageSetupDialog@@QBE?AVCString@@XZ 5f409b50 f   dlgprnt.obj
 0001:00008bbe       ?CreatePrinterDC@CPageSetupDialog@@QAEPAUHDC__@@XZ 5f409bbe f   dlgprnt.obj
 0001:00008bec       ?GetMargins@CPageSetupDialog@@QBEXPAUtagRECT@@0@Z 5f409bec f   dlgprnt.obj
 0001:00008c31       ?Dump@CPageSetupDialog@@UBEXAAVCDumpContext@@@Z 5f409c31 f   dlgprnt.obj
 0001:00008d35       ?PreDrawPage@CPageSetupDialog@@UAEIGGPAUtagPSDA@@@Z 5f409d35 f   dlgprnt.obj
 0001:00008d44       ?OnDrawPage@CPageSetupDialog@@UAEIPAVCDC@@IPAUtagRECT@@@Z 5f409d44 f   dlgprnt.obj
 0001:00008d53       ?PaintHookProc@CPageSetupDialog@@KGIPAUHWND__@@IIJ@Z 5f409d53 f   dlgprnt.obj
 0001:00008e03       ?_GetBaseMessageMap@CPrintDialog@@KGPBUAFX_MSGMAP@@XZ 5f409e03 f   dlgprnt.obj
 0001:00008e0d       ?GetMessageMap@CPrintDialog@@MBEPBUAFX_MSGMAP@@XZ 5f409e0d f   dlgprnt.obj
 0001:00008e1d       ??0CPrintDialog@@QAE@HKPAVCWnd@@@Z 5f409e1d f   dlgprnt.obj
 0001:00008f48       ??0CPrintDialog@@IAE@AAUtagPDA@@@Z 5f409f48 f   dlgprnt.obj
 0001:00008f74       ?AttachOnSetup@CPrintDialog@@MAEPAV1@XZ 5f409f74 f   dlgprnt.obj
 0001:00009028       ?OnPrintSetup@CPrintDialog@@IAEXXZ 5f40a028 f   dlgprnt.obj
 0001:000090c0       ?DoModal@CPrintDialog@@UAEHXZ 5f40a0c0 f   dlgprnt.obj
 0001:000091cb       ?CreatePrinterDC@CPrintDialog@@QAEPAUHDC__@@XZ 5f40a1cb f   dlgprnt.obj
 0001:00009214       ?GetCopies@CPrintDialog@@QBEHXZ 5f40a214 f   dlgprnt.obj
 0001:0000925e       ?GetDevMode@CPrintDialog@@QBEPAU_devicemodeA@@XZ 5f40a25e f   dlgprnt.obj
 0001:00009289       ?GetDriverName@CPrintDialog@@QBE?AVCString@@XZ 5f40a289 f   dlgprnt.obj
 0001:000092fb       ?GetDeviceName@CPrintDialog@@QBE?AVCString@@XZ 5f40a2fb f   dlgprnt.obj
 0001:0000936e       ?GetPortName@CPrintDialog@@QBE?AVCString@@XZ 5f40a36e f   dlgprnt.obj
 0001:000093e1       ?GetDefaults@CPrintDialog@@QAEHXZ 5f40a3e1 f   dlgprnt.obj
 0001:0000940d       ?Dump@CPrintDialog@@UBEXAAVCDumpContext@@@Z 5f40a40d f   dlgprnt.obj
 0001:00009590       ?AfxCreateDC@@YGPAUHDC__@@PAX0@Z 5f40a590 f   dlgprnt.obj
 0001:00009640       ??_ECFindReplaceDialog@@UAEPAXI@Z 5f40a640 f i dlgprnt.obj
 0001:00009640       ??_GCPrintDialog@@UAEPAXI@Z 5f40a640 f i dlgprnt.obj
 0001:00009640       ??_GCFindReplaceDialog@@UAEPAXI@Z 5f40a640 f i dlgprnt.obj
 0001:00009640       ??_GCColorDialog@@UAEPAXI@Z 5f40a640 f i dlgprnt.obj
 0001:00009640       ??_ECColorDialog@@UAEPAXI@Z 5f40a640 f i dlgprnt.obj
 0001:00009640       ??_GCFontDialog@@UAEPAXI@Z 5f40a640 f i dlgprnt.obj
 0001:00009640       ??_ECPrintDialog@@UAEPAXI@Z 5f40a640 f i dlgprnt.obj
 0001:00009640       ??_ECFontDialog@@UAEPAXI@Z 5f40a640 f i dlgprnt.obj
 0001:00009670       ??0_AFX_COLOR_STATE@@QAE@XZ 5f40a670 f   dlgclr.obj
 0001:000096b9       ?_GetBaseMessageMap@CColorDialog@@KGPBUAFX_MSGMAP@@XZ 5f40a6b9 f   dlgclr.obj
 0001:000096c3       ?GetMessageMap@CColorDialog@@MBEPBUAFX_MSGMAP@@XZ 5f40a6c3 f   dlgclr.obj
 0001:000096d3       ??0CColorDialog@@QAE@KKPAVCWnd@@@Z 5f40a6d3 f   dlgclr.obj
 0001:000097a9       ?DoModal@CColorDialog@@UAEHXZ 5f40a7a9 f   dlgclr.obj
 0001:0000984d       ?OnColorOK@CColorDialog@@MAEHXZ 5f40a84d f   dlgclr.obj
 0001:0000986a       ?SetCurrentColor@CColorDialog@@QAEXK@Z 5f40a86a f   dlgclr.obj
 0001:000098c2       ?GetSavedCustomColors@CColorDialog@@SGPAKXZ 5f40a8c2 f   dlgclr.obj
 0001:000098d4       ?OnCtlColor@CColorDialog@@IAEPAUHBRUSH__@@PAVCDC@@PAVCWnd@@I@Z 5f40a8d4 f   dlgclr.obj
 0001:000098e9       ?Dump@CColorDialog@@UBEXAAVCDumpContext@@@Z 5f40a8e9 f   dlgclr.obj
 0001:000099e0       ??_G_AFX_COLOR_STATE@@UAEPAXI@Z 5f40a9e0 f i dlgclr.obj
 0001:000099e0       ??_E_AFX_COLOR_STATE@@UAEPAXI@Z 5f40a9e0 f i dlgclr.obj
 0001:00009a10       ??1_AFX_COLOR_STATE@@UAE@XZ 5f40aa10 f i dlgclr.obj
 0001:00009a30       ??0CFontDialog@@QAE@PAUtagLOGFONTA@@KPAVCDC@@PAVCWnd@@@Z 5f40aa30 f   dlgfnt.obj
 0001:00009bae       ??0CFontDialog@@QAE@ABU_charformat@@KPAVCDC@@PAVCWnd@@@Z 5f40abae f   dlgfnt.obj
 0001:00009d2b       ?DoModal@CFontDialog@@UAEHXZ 5f40ad2b f   dlgfnt.obj
 0001:00009dfa       ?GetCurrentFont@CFontDialog@@QAEXPAUtagLOGFONTA@@@Z 5f40adfa f   dlgfnt.obj
 0001:00009e5b       ?FillInLogFont@CFontDialog@@QAEKABU_charformat@@@Z 5f40ae5b f   dlgfnt.obj
 0001:0000a0bd       ?GetCharFormat@CFontDialog@@QBEXAAU_charformat@@@Z 5f40b0bd f   dlgfnt.obj
 0001:0000a2c0       ?Dump@CFontDialog@@UBEXAAVCDumpContext@@@Z 5f40b2c0 f   dlgfnt.obj
 0001:0000a420       ??0CFindReplaceDialog@@QAE@XZ 5f40b420 f   dlgfr.obj
 0001:0000a4e5       ?PostNcDestroy@CFindReplaceDialog@@MAEXXZ 5f40b4e5 f   dlgfr.obj
 0001:0000a543       ?Create@CFindReplaceDialog@@QAEHHPBD0KPAVCWnd@@@Z 5f40b543 f   dlgfr.obj
 0001:0000a6fd       ?GetNotifier@CFindReplaceDialog@@SGPAV1@J@Z 5f40b6fd f   dlgfr.obj
 0001:0000a76e       ?Dump@CFindReplaceDialog@@UBEXAAVCDumpContext@@@Z 5f40b76e f   dlgfr.obj
 0001:0000a830       ??1CColorDialog@@UAE@XZ    5f40b830 f i dlgfr.obj
 0001:0000a830       ??1CPageSetupDialog@@UAE@XZ 5f40b830 f i dlgfr.obj
 0001:0000a830       ??1CFontDialog@@UAE@XZ     5f40b830 f i dlgfr.obj
 0001:0000a830       ??1CFindReplaceDialog@@UAE@XZ 5f40b830 f i dlgfr.obj
 0001:0000a830       ??1CPrintDialog@@UAE@XZ    5f40b830 f i dlgfr.obj
 0001:0000a850       ??0CArchiveStream@@QAE@PAVCArchive@@@Z 5f40b850 f   arcstrm.obj
 0001:0000a87a       ?AddRef@CArchiveStream@@UAGKXZ 5f40b87a f   arcstrm.obj
 0001:0000a886       ?Release@CArchiveStream@@UAGKXZ 5f40b886 f   arcstrm.obj
 0001:0000a88f       ?QueryInterface@CArchiveStream@@UAGJABU_GUID@@PAPAX@Z 5f40b88f f   arcstrm.obj
 0001:0000a8d1       ?Read@CArchiveStream@@UAGJPAXKPAK@Z 5f40b8d1 f   arcstrm.obj
 0001:0000a9d7       ?Write@CArchiveStream@@UAGJPBXKPAK@Z 5f40b9d7 f   arcstrm.obj
 0001:0000aada       ?Seek@CArchiveStream@@UAGJT_LARGE_INTEGER@@KPAT_ULARGE_INTEGER@@@Z 5f40bada f   arcstrm.obj
 0001:0000ac09       ?SetSize@CArchiveStream@@UAGJT_ULARGE_INTEGER@@@Z 5f40bc09 f   arcstrm.obj
 0001:0000ac15       ?CopyTo@CArchiveStream@@UAGJPAUIStream@@T_ULARGE_INTEGER@@PAT3@2@Z 5f40bc15 f   arcstrm.obj
 0001:0000ac21       ?Commit@CArchiveStream@@UAGJK@Z 5f40bc21 f   arcstrm.obj
 0001:0000ac2d       ?Revert@CArchiveStream@@UAGJXZ 5f40bc2d f   arcstrm.obj
 0001:0000ac39       ?LockRegion@CArchiveStream@@UAGJT_ULARGE_INTEGER@@0K@Z 5f40bc39 f   arcstrm.obj
 0001:0000ac45       ?UnlockRegion@CArchiveStream@@UAGJT_ULARGE_INTEGER@@0K@Z 5f40bc45 f   arcstrm.obj
 0001:0000ac51       ?Stat@CArchiveStream@@UAGJPAUtagSTATSTG@@K@Z 5f40bc51 f   arcstrm.obj
 0001:0000ac5d       ?Clone@CArchiveStream@@UAGJPAPAUIStream@@@Z 5f40bc5d f   arcstrm.obj
 0001:0000ac70       ??0IStream@@QAE@XZ         5f40bc70 f i arcstrm.obj
 0001:0000ac90       ??0ISequentialStream@@QAE@XZ 5f40bc90 f i arcstrm.obj
 0001:0000acb0       ??0IUnknown@@QAE@XZ        5f40bcb0 f i arcstrm.obj
 0001:0000acc0       ?_GetBaseMessageMap@CToolTipCtrl@@KGPBUAFX_MSGMAP@@XZ 5f40bcc0 f   tooltip.obj
 0001:0000acca       ?GetMessageMap@CToolTipCtrl@@MBEPBUAFX_MSGMAP@@XZ 5f40bcca f   tooltip.obj
 0001:0000acda       ??0CToolTipCtrl@@QAE@XZ    5f40bcda f   tooltip.obj
 0001:0000ad33       ?Create@CToolTipCtrl@@QAEHPAVCWnd@@K@Z 5f40bd33 f   tooltip.obj
 0001:0000adc1       ??1CToolTipCtrl@@UAE@XZ    5f40bdc1 f   tooltip.obj
 0001:0000ae21       ?DestroyToolTipCtrl@CToolTipCtrl@@QAEHXZ 5f40be21 f   tooltip.obj
 0001:0000ae80       ?OnAddTool@CToolTipCtrl@@IAEJIJ@Z 5f40be80 f   tooltip.obj
 0001:0000af25       ?OnDisableModal@CToolTipCtrl@@IAEJIJ@Z 5f40bf25 f   tooltip.obj
 0001:0000af45       ?OnEnable@CToolTipCtrl@@IAEXH@Z 5f40bf45 f   tooltip.obj
 0001:0000af65       ?OnWindowFromPoint@CToolTipCtrl@@IAEJIJ@Z 5f40bf65 f   tooltip.obj
 0001:0000b041       ?AddTool@CToolTipCtrl@@QAEHPAVCWnd@@PBDPBUtagRECT@@I@Z 5f40c041 f   tooltip.obj
 0001:0000b13d       ?AddTool@CToolTipCtrl@@QAEHPAVCWnd@@IPBUtagRECT@@I@Z 5f40c13d f   tooltip.obj
 0001:0000b279       ?DelTool@CToolTipCtrl@@QAEXPAVCWnd@@I@Z 5f40c279 f   tooltip.obj
 0001:0000b305       ?GetText@CToolTipCtrl@@QBEXAAVCString@@PAVCWnd@@I@Z 5f40c305 f   tooltip.obj
 0001:0000b3ab       ?GetToolInfo@CToolTipCtrl@@QBEHAAVCToolInfo@@PAVCWnd@@I@Z 5f40c3ab f   tooltip.obj
 0001:0000b441       ?HitTest@CToolTipCtrl@@QBEHPAVCWnd@@VCPoint@@PAUtagTOOLINFOA@@@Z 5f40c441 f   tooltip.obj
 0001:0000b526       ?SetToolRect@CToolTipCtrl@@QAEXPAVCWnd@@IPBUtagRECT@@@Z 5f40c526 f   tooltip.obj
 0001:0000b5e4       ?UpdateTipText@CToolTipCtrl@@QAEXPBDPAVCWnd@@I@Z 5f40c5e4 f   tooltip.obj
 0001:0000b676       ?UpdateTipText@CToolTipCtrl@@QAEXIPAVCWnd@@I@Z 5f40c676 f   tooltip.obj
 0001:0000b72b       ?FillInToolInfo@CToolTipCtrl@@QBEXAAUtagTOOLINFOA@@PAVCWnd@@I@Z 5f40c72b f   tooltip.obj
 0001:0000b7a5       ?_EnableToolTips@CWnd@@QAEHHI@Z 5f40c7a5 f   tooltip.obj
 0001:0000b8cd       ?EnableToolTips@CWnd@@QAEHH@Z 5f40c8cd f   tooltip.obj
 0001:0000b8e8       ?EnableTrackingToolTips@CWnd@@QAEHH@Z 5f40c8e8 f   tooltip.obj
 0001:0000b906       ?_AfxRelayToolTipMessage@@YGXPAVCToolTipCtrl@@PAUtagMSG@@@Z 5f40c906 f   tooltip.obj
 0001:0000b998       ?_FilterToolTipMessage@CWnd@@SGXPAUtagMSG@@PAV1@@Z 5f40c998 f   tooltip.obj
 0001:0000b9ab       ?FilterToolTipMessage@CWnd@@QAEXPAUtagMSG@@@Z 5f40c9ab f   tooltip.obj
 0001:0000c150       ??1CDragListBox@@UAE@XZ    5f40d150 f   winctrl2.obj
 0001:0000c1a1       ?PreSubclassWindow@CDragListBox@@UAEXXZ 5f40d1a1 f   winctrl2.obj
 0001:0000c20d       ?BeginDrag@CDragListBox@@UAEHVCPoint@@@Z 5f40d20d f   winctrl2.obj
 0001:0000c24a       ?CancelDrag@CDragListBox@@UAEXVCPoint@@@Z 5f40d24a f   winctrl2.obj
 0001:0000c267       ?Dragging@CDragListBox@@UAEIVCPoint@@@Z 5f40d267 f   winctrl2.obj
 0001:0000c2bf       ?Dropped@CDragListBox@@UAEXHVCPoint@@@Z 5f40d2bf f   winctrl2.obj
 0001:0000c404       ?DrawInsert@CDragListBox@@UAEXH@Z 5f40d404 f   winctrl2.obj
 0001:0000c440       ?DrawSingle@CDragListBox@@QAEXH@Z 5f40d440 f   winctrl2.obj
 0001:0000c546       ?OnChildNotify@CDragListBox@@MAEHIIJPAJ@Z 5f40d546 f   winctrl2.obj
 0001:0000c6ab       ?_GetBaseMessageMap@CToolBarCtrl@@KGPBUAFX_MSGMAP@@XZ 5f40d6ab f   winctrl2.obj
 0001:0000c6b5       ?GetMessageMap@CToolBarCtrl@@MBEPBUAFX_MSGMAP@@XZ 5f40d6b5 f   winctrl2.obj
 0001:0000c6c5       ?Create@CToolBarCtrl@@QAEHKABUtagRECT@@PAVCWnd@@I@Z 5f40d6c5 f   winctrl2.obj
 0001:0000c72c       ??1CToolBarCtrl@@UAE@XZ    5f40d72c f   winctrl2.obj
 0001:0000c77d       ?AddBitmap@CToolBarCtrl@@QAEHHPAVCBitmap@@@Z 5f40d77d f   winctrl2.obj
 0001:0000c7e9       ?AddBitmap@CToolBarCtrl@@QAEHHI@Z 5f40d7e9 f   winctrl2.obj
 0001:0000c877       ?SaveState@CToolBarCtrl@@QAEXPAUHKEY__@@PBD1@Z 5f40d877 f   winctrl2.obj
 0001:0000c8e1       ?RestoreState@CToolBarCtrl@@QAEXPAUHKEY__@@PBD1@Z 5f40d8e1 f   winctrl2.obj
 0001:0000c94b       ?AddString@CToolBarCtrl@@QAEHI@Z 5f40d94b f   winctrl2.obj
 0001:0000c9de       ?OnCreate@CToolBarCtrl@@IAEHPAUtagCREATESTRUCTA@@@Z 5f40d9de f   winctrl2.obj
 0001:0000ca0d       ?GetDropTarget@CToolBarCtrl@@QBEJPAPAUIDropTarget@@@Z 5f40da0d f   winctrl2.obj
 0001:0000ca86       ?Create@CStatusBarCtrl@@QAEHKABUtagRECT@@PAVCWnd@@I@Z 5f40da86 f   winctrl2.obj
 0001:0000caed       ??1CStatusBarCtrl@@UAE@XZ  5f40daed f   winctrl2.obj
 0001:0000cb3e       ?GetText@CStatusBarCtrl@@QBEHPBDHPAH@Z 5f40db3e f   winctrl2.obj
 0001:0000cbe3       ?GetText@CStatusBarCtrl@@QBE?AVCString@@HPAH@Z 5f40dbe3 f   winctrl2.obj
 0001:0000cd0f       ?GetTextLength@CStatusBarCtrl@@QBEHHPAH@Z 5f40dd0f f   winctrl2.obj
 0001:0000cdb2       ?GetTipText@CStatusBarCtrl@@QBE?AVCString@@H@Z 5f40ddb2 f   winctrl2.obj
 0001:0000ce74       ?GetBorders@CStatusBarCtrl@@QBEHAAH00@Z 5f40de74 f   winctrl2.obj
 0001:0000cef0       ?DrawItem@CStatusBarCtrl@@UAEXPAUtagDRAWITEMSTRUCT@@@Z 5f40def0 f   winctrl2.obj
 0001:0000cf26       ?OnChildNotify@CStatusBarCtrl@@MAEHIIJPAJ@Z 5f40df26 f   winctrl2.obj
 0001:0000cf90       ?_GetBaseMessageMap@CListCtrl@@KGPBUAFX_MSGMAP@@XZ 5f40df90 f   winctrl2.obj
 0001:0000cf9a       ?GetMessageMap@CListCtrl@@MBEPBUAFX_MSGMAP@@XZ 5f40df9a f   winctrl2.obj
 0001:0000cfaa       ?Create@CListCtrl@@QAEHKABUtagRECT@@PAVCWnd@@I@Z 5f40dfaa f   winctrl2.obj
 0001:0000d011       ??1CListCtrl@@UAE@XZ       5f40e011 f   winctrl2.obj
 0001:0000d062       ?GetItemRect@CListCtrl@@QBEHHPAUtagRECT@@I@Z 5f40e062 f   winctrl2.obj
 0001:0000d0c2       ?SetItemCountEx@CListCtrl@@QAEHHK@Z 5f40e0c2 f   winctrl2.obj
 0001:0000d14b       ?SetIconSpacing@CListCtrl@@QAE?AVCSize@@HH@Z 5f40e14b f   winctrl2.obj
 0001:0000d1c8       ?SetIconSpacing@CListCtrl@@QAE?AVCSize@@V2@@Z 5f40e1c8 f   winctrl2.obj
 0001:0000d245       ?GetSubItemRect@CListCtrl@@QAEHHHHAAVCRect@@@Z 5f40e245 f   winctrl2.obj
 0001:0000d2ef       ?InsertColumn@CListCtrl@@QAEHHPBDHHH@Z 5f40e2ef f   winctrl2.obj
 0001:0000d34b       ?InsertItem@CListCtrl@@QAEHIHPBDIIHJ@Z 5f40e34b f   winctrl2.obj
 0001:0000d3c8       ?HitTest@CListCtrl@@QBEHVCPoint@@PAI@Z 5f40e3c8 f   winctrl2.obj
 0001:0000d440       ?SetItem@CListCtrl@@QAEHHHIPBDHIIJ@Z 5f40e440 f   winctrl2.obj
 0001:0000d4f3       ?SetItemState@CListCtrl@@QAEHHII@Z 5f40e4f3 f   winctrl2.obj
 0001:0000d559       ?SetItemText@CListCtrl@@QAEHHHPBD@Z 5f40e559 f   winctrl2.obj
 0001:0000d5ea       ?GetItemText@CListCtrl@@QBE?AVCString@@HH@Z 5f40e5ea f   winctrl2.obj
 0001:0000d6ef       ?GetItemText@CListCtrl@@QBEHHHPADH@Z 5f40e6ef f   winctrl2.obj
 0001:0000d76b       ?GetItemData@CListCtrl@@QBEKH@Z 5f40e76b f   winctrl2.obj
 0001:0000d801       ?DrawItem@CListCtrl@@UAEXPAUtagDRAWITEMSTRUCT@@@Z 5f40e801 f   winctrl2.obj
 0001:0000d837       ?OnChildNotify@CListCtrl@@MAEHIIJPAJ@Z 5f40e837 f   winctrl2.obj
 0001:0000d8a1       ?RemoveImageList@CListCtrl@@IAEXH@Z 5f40e8a1 f   winctrl2.obj
 0001:0000d8e6       ?OnNcDestroy@CListCtrl@@IAEXXZ 5f40e8e6 f   winctrl2.obj
 0001:0000d917       ?CreateDragImage@CListCtrl@@QAEPAVCImageList@@HPAUtagPOINT@@@Z 5f40e917 f   winctrl2.obj
 0001:0000da12       ?_GetBaseMessageMap@CTreeCtrl@@KGPBUAFX_MSGMAP@@XZ 5f40ea12 f   winctrl2.obj
 0001:0000da1c       ?GetMessageMap@CTreeCtrl@@MBEPBUAFX_MSGMAP@@XZ 5f40ea1c f   winctrl2.obj
 0001:0000da2c       ?Create@CTreeCtrl@@QAEHKABUtagRECT@@PAVCWnd@@I@Z 5f40ea2c f   winctrl2.obj
 0001:0000da93       ??1CTreeCtrl@@UAE@XZ       5f40ea93 f   winctrl2.obj
 0001:0000dae4       ?GetItemRect@CTreeCtrl@@QBEHPAU_TREEITEM@@PAUtagRECT@@H@Z 5f40eae4 f   winctrl2.obj
 0001:0000db44       ?GetItemText@CTreeCtrl@@QBE?AVCString@@PAU_TREEITEM@@@Z 5f40eb44 f   winctrl2.obj
 0001:0000dc48       ?GetItemImage@CTreeCtrl@@QBEHPAU_TREEITEM@@AAH1@Z 5f40ec48 f   winctrl2.obj
 0001:0000dcc9       ?GetItemState@CTreeCtrl@@QBEIPAU_TREEITEM@@I@Z 5f40ecc9 f   winctrl2.obj
 0001:0000dd5c       ?GetItemData@CTreeCtrl@@QBEKPAU_TREEITEM@@@Z 5f40ed5c f   winctrl2.obj
 0001:0000dde2       ?ItemHasChildren@CTreeCtrl@@QBEHPAU_TREEITEM@@@Z 5f40ede2 f   winctrl2.obj
 0001:0000de4a       ?SetItem@CTreeCtrl@@QAEHPAU_TREEITEM@@IPBDHHIIJ@Z 5f40ee4a f   winctrl2.obj
 0001:0000ded2       ?InsertItem@CTreeCtrl@@QAEPAU_TREEITEM@@IPBDHHIIJPAU2@1@Z 5f40eed2 f   winctrl2.obj
 0001:0000df60       ?HitTest@CTreeCtrl@@QBEPAU_TREEITEM@@VCPoint@@PAI@Z 5f40ef60 f   winctrl2.obj
 0001:0000dfd8       ?RemoveImageList@CTreeCtrl@@IAEXH@Z 5f40efd8 f   winctrl2.obj
 0001:0000e01d       ?OnDestroy@CTreeCtrl@@QAEXXZ 5f40f01d f   winctrl2.obj
 0001:0000e044       ?CreateDragImage@CTreeCtrl@@QAEPAVCImageList@@PAU_TREEITEM@@@Z 5f40f044 f   winctrl2.obj
 0001:0000e13d       ?GetCheck@CTreeCtrl@@QBEHPAU_TREEITEM@@@Z 5f40f13d f   winctrl2.obj
 0001:0000e1d0       ?SetCheck@CTreeCtrl@@QAEHPAU_TREEITEM@@H@Z 5f40f1d0 f   winctrl2.obj
 0001:0000e24c       ?Create@CSpinButtonCtrl@@QAEHKABUtagRECT@@PAVCWnd@@I@Z 5f40f24c f   winctrl2.obj
 0001:0000e2b0       ??1CSpinButtonCtrl@@UAE@XZ 5f40f2b0 f   winctrl2.obj
 0001:0000e301       ?GetRange@CSpinButtonCtrl@@QBEXAAH0@Z 5f40f301 f   winctrl2.obj
 0001:0000e377       ?Create@CSliderCtrl@@QAEHKABUtagRECT@@PAVCWnd@@I@Z 5f40f377 f   winctrl2.obj
 0001:0000e3de       ??1CSliderCtrl@@UAE@XZ     5f40f3de f   winctrl2.obj
 0001:0000e42f       ?GetRange@CSliderCtrl@@QBEXAAH0@Z 5f40f42f f   winctrl2.obj
 0001:0000e487       ?SetRange@CSliderCtrl@@QAEXHHH@Z 5f40f487 f   winctrl2.obj
 0001:0000e4b4       ?GetSelection@CSliderCtrl@@QBEXAAH0@Z 5f40f4b4 f   winctrl2.obj
 0001:0000e528       ?SetSelection@CSliderCtrl@@QAEXHH@Z 5f40f528 f   winctrl2.obj
 0001:0000e596       ?Create@CProgressCtrl@@QAEHKABUtagRECT@@PAVCWnd@@I@Z 5f40f596 f   winctrl2.obj
 0001:0000e5fd       ??1CProgressCtrl@@UAE@XZ   5f40f5fd f   winctrl2.obj
 0001:0000e64e       ?Create@CHeaderCtrl@@QAEHKABUtagRECT@@PAVCWnd@@I@Z 5f40f64e f   winctrl2.obj
 0001:0000e6b5       ??1CHeaderCtrl@@UAE@XZ     5f40f6b5 f   winctrl2.obj
 0001:0000e706       ?DrawItem@CHeaderCtrl@@UAEXPAUtagDRAWITEMSTRUCT@@@Z 5f40f706 f   winctrl2.obj
 0001:0000e73c       ?OnChildNotify@CHeaderCtrl@@MAEHIIJPAJ@Z 5f40f73c f   winctrl2.obj
 0001:0000e7a6       ?Create@CHotKeyCtrl@@QAEHKABUtagRECT@@PAVCWnd@@I@Z 5f40f7a6 f   winctrl2.obj
 0001:0000e80d       ??1CHotKeyCtrl@@UAE@XZ     5f40f80d f   winctrl2.obj
 0001:0000e85e       ?GetHotKey@CHotKeyCtrl@@QBEXAAG0@Z 5f40f85e f   winctrl2.obj
 0001:0000e8df       ?_GetBaseMessageMap@CTabCtrl@@KGPBUAFX_MSGMAP@@XZ 5f40f8df f   winctrl2.obj
 0001:0000e8e9       ?GetMessageMap@CTabCtrl@@MBEPBUAFX_MSGMAP@@XZ 5f40f8e9 f   winctrl2.obj
 0001:0000e8f9       ?Create@CTabCtrl@@QAEHKABUtagRECT@@PAVCWnd@@I@Z 5f40f8f9 f   winctrl2.obj
 0001:0000e960       ??1CTabCtrl@@UAE@XZ        5f40f960 f   winctrl2.obj
 0001:0000e9b1       ?DrawItem@CTabCtrl@@UAEXPAUtagDRAWITEMSTRUCT@@@Z 5f40f9b1 f   winctrl2.obj
 0001:0000e9e7       ?OnChildNotify@CTabCtrl@@MAEHIIJPAJ@Z 5f40f9e7 f   winctrl2.obj
 0001:0000ea51       ?OnDestroy@CTabCtrl@@IAEXXZ 5f40fa51 f   winctrl2.obj
 0001:0000ea98       ?GetItemState@CTabCtrl@@QBEKHK@Z 5f40fa98 f   winctrl2.obj
 0001:0000eb20       ?SetItemState@CTabCtrl@@QAEHHKK@Z 5f40fb20 f   winctrl2.obj
 0001:0000eb8d       ?InsertItem@CTabCtrl@@QAEHIHPBDHJ@Z 5f40fb8d f   winctrl2.obj
 0001:0000ebff       ?InsertItem@CTabCtrl@@QAEHIHPBDHJKK@Z 5f40fbff f   winctrl2.obj
 0001:0000ec7d       ?Create@CAnimateCtrl@@QAEHKABUtagRECT@@PAVCWnd@@I@Z 5f40fc7d f   winctrl2.obj
 0001:0000ece4       ??1CAnimateCtrl@@UAE@XZ    5f40fce4 f   winctrl2.obj
 0001:0000ed35       ??1CRichEditCtrl@@UAE@XZ   5f40fd35 f   winctrl2.obj
 0001:0000ed86       ?afxMapHIMAGELIST@@YGPAVCHandleMap@@H@Z 5f40fd86 f   winctrl2.obj
 0001:0000ee56       ??0CImageList@@QAE@XZ      5f40fe56 f   winctrl2.obj
 0001:0000ee7f       ??1CImageList@@UAE@XZ      5f40fe7f f   winctrl2.obj
 0001:0000eed0       ?Detach@CImageList@@QAEPAU_IMAGELIST@@XZ 5f40fed0 f   winctrl2.obj
 0001:0000ef18       ?DeleteImageList@CImageList@@QAEHXZ 5f40ff18 f   winctrl2.obj
 0001:0000ef3f       ?FromHandle@CImageList@@SGPAV1@PAU_IMAGELIST@@@Z 5f40ff3f f   winctrl2.obj
 0001:0000efb8       ?FromHandlePermanent@CImageList@@SGPAV1@PAU_IMAGELIST@@@Z 5f40ffb8 f   winctrl2.obj
 0001:0000f01e       ?Create@CImageList@@QAEHHHIHH@Z 5f41001e f   winctrl2.obj
 0001:0000f04e       ?Create@CImageList@@QAEHIHHK@Z 5f41004e f   winctrl2.obj
 0001:0000f0e6       ?Create@CImageList@@QAEHPBDHHK@Z 5f4100e6 f   winctrl2.obj
 0001:0000f150       ?Create@CImageList@@QAEHAAV1@H0HHH@Z 5f410150 f   winctrl2.obj
 0001:0000f18a       ?Attach@CImageList@@QAEHPAU_IMAGELIST@@@Z 5f41018a f   winctrl2.obj
 0001:0000f23b       ?Read@CImageList@@QAEHPAVCArchive@@@Z 5f41023b f   winctrl2.obj
 0001:0000f2e0       ?Write@CImageList@@QAEHPAVCArchive@@@Z 5f4102e0 f   winctrl2.obj
 0001:0000f37a       ?Dump@CImageList@@UBEXAAVCDumpContext@@@Z 5f41037a f   winctrl2.obj
 0001:0000f3bb       ?AssertValid@CImageList@@UBEXXZ 5f4103bb f   winctrl2.obj
 0001:0000f47a       ??0CDragListBox@@QAE@XZ    5f41047a f   winctrl2.obj
 0001:0000f4a3       ?ItemFromPt@CDragListBox@@QBEHVCPoint@@H@Z 5f4104a3 f   winctrl2.obj
 0001:0000f505       ??0CToolBarCtrl@@QAE@XZ    5f410505 f   winctrl2.obj
 0001:0000f524       ?EnableButton@CToolBarCtrl@@QAEHHH@Z 5f410524 f   winctrl2.obj
 0001:0000f57e       ?CheckButton@CToolBarCtrl@@QAEHHH@Z 5f41057e f   winctrl2.obj
 0001:0000f5d8       ?PressButton@CToolBarCtrl@@QAEHHH@Z 5f4105d8 f   winctrl2.obj
 0001:0000f632       ?HideButton@CToolBarCtrl@@QAEHHH@Z 5f410632 f   winctrl2.obj
 0001:0000f68c       ?Indeterminate@CToolBarCtrl@@QAEHHH@Z 5f41068c f   winctrl2.obj
 0001:0000f6e6       ?IsButtonEnabled@CToolBarCtrl@@QBEHH@Z 5f4106e6 f   winctrl2.obj
 0001:0000f739       ?IsButtonChecked@CToolBarCtrl@@QBEHH@Z 5f410739 f   winctrl2.obj
 0001:0000f78c       ?IsButtonPressed@CToolBarCtrl@@QBEHH@Z 5f41078c f   winctrl2.obj
 0001:0000f7df       ?IsButtonHidden@CToolBarCtrl@@QBEHH@Z 5f4107df f   winctrl2.obj
 0001:0000f832       ?IsButtonIndeterminate@CToolBarCtrl@@QBEHH@Z 5f410832 f   winctrl2.obj
 0001:0000f885       ?SetState@CToolBarCtrl@@QAEHHI@Z 5f410885 f   winctrl2.obj
 0001:0000f8df       ?GetState@CToolBarCtrl@@QBEHH@Z 5f4108df f   winctrl2.obj
 0001:0000f932       ?AddButtons@CToolBarCtrl@@QAEHHPAU_TBBUTTON@@@Z 5f410932 f   winctrl2.obj
 0001:0000f987       ?InsertButton@CToolBarCtrl@@QAEHHPAU_TBBUTTON@@@Z 5f410987 f   winctrl2.obj
 0001:0000f9dc       ?DeleteButton@CToolBarCtrl@@QAEHH@Z 5f4109dc f   winctrl2.obj
 0001:0000fa2f       ?GetButton@CToolBarCtrl@@QBEHHPAU_TBBUTTON@@@Z 5f410a2f f   winctrl2.obj
 0001:0000fa84       ?GetButtonCount@CToolBarCtrl@@QBEHXZ 5f410a84 f   winctrl2.obj
 0001:0000fad3       ?CommandToIndex@CToolBarCtrl@@QBEII@Z 5f410ad3 f   winctrl2.obj
 0001:0000fb26       ?Customize@CToolBarCtrl@@QAEXXZ 5f410b26 f   winctrl2.obj
 0001:0000fb75       ?AddStrings@CToolBarCtrl@@QAEHPBD@Z 5f410b75 f   winctrl2.obj
 0001:0000fbc8       ?GetItemRect@CToolBarCtrl@@QBEHHPAUtagRECT@@@Z 5f410bc8 f   winctrl2.obj
 0001:0000fc1d       ?SetButtonStructSize@CToolBarCtrl@@QAEXH@Z 5f410c1d f   winctrl2.obj
 0001:0000fc70       ?SetButtonSize@CToolBarCtrl@@QAEHVCSize@@@Z 5f410c70 f   winctrl2.obj
 0001:0000fcd6       ?SetBitmapSize@CToolBarCtrl@@QAEHVCSize@@@Z 5f410cd6 f   winctrl2.obj
 0001:0000fd3c       ?AutoSize@CToolBarCtrl@@QAEXXZ 5f410d3c f   winctrl2.obj
 0001:0000fd8b       ?GetToolTips@CToolBarCtrl@@QBEPAVCToolTipCtrl@@XZ 5f410d8b f   winctrl2.obj
 0001:0000fde0       ?SetToolTips@CToolBarCtrl@@QAEXPAVCToolTipCtrl@@@Z 5f410de0 f   winctrl2.obj
 0001:0000fe38       ?SetOwner@CToolBarCtrl@@QAEXPAVCWnd@@@Z 5f410e38 f   winctrl2.obj
 0001:0000fe90       ?SetRows@CToolBarCtrl@@QAEXHHPAUtagRECT@@@Z 5f410e90 f   winctrl2.obj
 0001:0000fef9       ?GetRows@CToolBarCtrl@@QBEHXZ 5f410ef9 f   winctrl2.obj
 0001:0000ff48       ?SetCmdID@CToolBarCtrl@@QAEHHI@Z 5f410f48 f   winctrl2.obj
 0001:0000ff9d       ?GetBitmapFlags@CToolBarCtrl@@QBEIXZ 5f410f9d f   winctrl2.obj
 0001:0000ffec       ?HitTest@CToolBarCtrl@@QBEHPAUtagPOINT@@@Z 5f410fec f   winctrl2.obj
 0001:0001003f       ?GetExtendedStyle@CToolBarCtrl@@QBEKXZ 5f41103f f   winctrl2.obj
 0001:0001008e       ?SetExtendedStyle@CToolBarCtrl@@QAEKK@Z 5f41108e f   winctrl2.obj
 0001:000100e1       ?GetInsertMarkColor@CToolBarCtrl@@QBEKXZ 5f4110e1 f   winctrl2.obj
 0001:00010130       ?SetInsertMarkColor@CToolBarCtrl@@QAEKK@Z 5f411130 f   winctrl2.obj
 0001:00010183       ??0CStatusBarCtrl@@QAE@XZ  5f411183 f   winctrl2.obj
 0001:000101a2       ?SetText@CStatusBarCtrl@@QAEHPBDHH@Z 5f4111a2 f   winctrl2.obj
 0001:0001021a       ?SetParts@CStatusBarCtrl@@QAEHHPAH@Z 5f41121a f   winctrl2.obj
 0001:0001026f       ?GetParts@CStatusBarCtrl@@QBEHHPAH@Z 5f41126f f   winctrl2.obj
 0001:000102c4       ?GetBorders@CStatusBarCtrl@@QBEHPAH@Z 5f4112c4 f   winctrl2.obj
 0001:00010317       ?SetMinHeight@CStatusBarCtrl@@QAEXH@Z 5f411317 f   winctrl2.obj
 0001:0001036a       ?SetSimple@CStatusBarCtrl@@QAEHH@Z 5f41136a f   winctrl2.obj
 0001:000103bd       ?GetRect@CStatusBarCtrl@@QBEHHPAUtagRECT@@@Z 5f4113bd f   winctrl2.obj
 0001:00010412       ??0CListCtrl@@QAE@XZ       5f411412 f   winctrl2.obj
 0001:00010431       ?GetBkColor@CListCtrl@@QBEKXZ 5f411431 f   winctrl2.obj
 0001:00010480       ?SetBkColor@CListCtrl@@QAEHK@Z 5f411480 f   winctrl2.obj
 0001:000104d3       ?GetImageList@CListCtrl@@QBEPAVCImageList@@H@Z 5f4114d3 f   winctrl2.obj
 0001:0001052f       ?SetImageList@CListCtrl@@QAEPAVCImageList@@PAV2@H@Z 5f41152f f   winctrl2.obj
 0001:00010592       ?GetItemCount@CListCtrl@@QBEHXZ 5f411592 f   winctrl2.obj
 0001:000105e4       ?GetItem@CListCtrl@@QBEHPAUtagLVITEMA@@@Z 5f4115e4 f   winctrl2.obj
 0001:0001063a       ?SetItem@CListCtrl@@QAEHPBUtagLVITEMA@@@Z 5f41163a f   winctrl2.obj
 0001:00010690       ?SetItemData@CListCtrl@@QAEHHK@Z 5f411690 f   winctrl2.obj
 0001:000106ea       ?InsertItem@CListCtrl@@QAEHPBUtagLVITEMA@@@Z 5f4116ea f   winctrl2.obj
 0001:00010740       ?InsertItem@CListCtrl@@QAEHHPBD@Z 5f411740 f   winctrl2.obj
 0001:00010798       ?InsertItem@CListCtrl@@QAEHHPBDH@Z 5f411798 f   winctrl2.obj
 0001:000107f2       ?DeleteItem@CListCtrl@@QAEHH@Z 5f4117f2 f   winctrl2.obj
 0001:00010848       ?DeleteAllItems@CListCtrl@@QAEHXZ 5f411848 f   winctrl2.obj
 0001:0001089a       ?GetCallbackMask@CListCtrl@@QBEIXZ 5f41189a f   winctrl2.obj
 0001:000108ec       ?SetCallbackMask@CListCtrl@@QAEHI@Z 5f4118ec f   winctrl2.obj
 0001:00010942       ?GetNextItem@CListCtrl@@QBEHHH@Z 5f411942 f   winctrl2.obj
 0001:0001099f       ?GetFirstSelectedItemPosition@CListCtrl@@QBEPAU__POSITION@@XZ 5f41199f f   winctrl2.obj
 0001:000109ea       ?GetNextSelectedItem@CListCtrl@@QBEHAAPAU__POSITION@@@Z 5f4119ea f   winctrl2.obj
 0001:00010a4e       ?FindItem@CListCtrl@@QBEHPAUtagLVFINDINFOA@@H@Z 5f411a4e f   winctrl2.obj
 0001:00010aa6       ?HitTest@CListCtrl@@QBEHPAUtagLVHITTESTINFO@@@Z 5f411aa6 f   winctrl2.obj
 0001:00010afc       ?SetItemPosition@CListCtrl@@QAEHHUtagPOINT@@@Z 5f411afc f   winctrl2.obj
 0001:00010b7f       ?GetItemPosition@CListCtrl@@QBEHHPAUtagPOINT@@@Z 5f411b7f f   winctrl2.obj
 0001:00010bd7       ?GetStringWidth@CListCtrl@@QBEHPBD@Z 5f411bd7 f   winctrl2.obj
 0001:00010c2d       ?EnsureVisible@CListCtrl@@QAEHHH@Z 5f411c2d f   winctrl2.obj
 0001:00010c8a       ?Scroll@CListCtrl@@QAEHVCSize@@@Z 5f411c8a f   winctrl2.obj
 0001:00010ce2       ?RedrawItems@CListCtrl@@QAEHHH@Z 5f411ce2 f   winctrl2.obj
 0001:00010d3a       ?Arrange@CListCtrl@@QAEHI@Z 5f411d3a f   winctrl2.obj
 0001:00010d90       ?EditLabel@CListCtrl@@QAEPAVCEdit@@H@Z 5f411d90 f   winctrl2.obj
 0001:00010dec       ?GetEditControl@CListCtrl@@QBEPAVCEdit@@XZ 5f411dec f   winctrl2.obj
 0001:00010e44       ?GetColumn@CListCtrl@@QBEHHPAUtagLVCOLUMNA@@@Z 5f411e44 f   winctrl2.obj
 0001:00010e9c       ?SetColumn@CListCtrl@@QAEHHPBUtagLVCOLUMNA@@@Z 5f411e9c f   winctrl2.obj
 0001:00010ef4       ?InsertColumn@CListCtrl@@QAEHHPBUtagLVCOLUMNA@@@Z 5f411ef4 f   winctrl2.obj
 0001:00010f4c       ?DeleteColumn@CListCtrl@@QAEHH@Z 5f411f4c f   winctrl2.obj
 0001:00010fa2       ?GetColumnWidth@CListCtrl@@QBEHH@Z 5f411fa2 f   winctrl2.obj
 0001:00010ff8       ?SetColumnWidth@CListCtrl@@QAEHHH@Z 5f411ff8 f   winctrl2.obj
 0001:00011055       ?GetViewRect@CListCtrl@@QBEHPAUtagRECT@@@Z 5f412055 f   winctrl2.obj
 0001:000110ab       ?GetTextColor@CListCtrl@@QBEKXZ 5f4120ab f   winctrl2.obj
 0001:000110fd       ?SetTextColor@CListCtrl@@QAEHK@Z 5f4120fd f   winctrl2.obj
 0001:00011153       ?GetTextBkColor@CListCtrl@@QBEKXZ 5f412153 f   winctrl2.obj
 0001:000111a5       ?SetTextBkColor@CListCtrl@@QAEHK@Z 5f4121a5 f   winctrl2.obj
 0001:000111fb       ?GetTopIndex@CListCtrl@@QBEHXZ 5f4121fb f   winctrl2.obj
 0001:0001124d       ?GetCountPerPage@CListCtrl@@QBEHXZ 5f41224d f   winctrl2.obj
 0001:0001129f       ?GetOrigin@CListCtrl@@QBEHPAUtagPOINT@@@Z 5f41229f f   winctrl2.obj
 0001:000112f5       ?Update@CListCtrl@@QAEHH@Z 5f4122f5 f   winctrl2.obj
 0001:0001134b       ?SetItemState@CListCtrl@@QAEHHPAUtagLVITEMA@@@Z 5f41234b f   winctrl2.obj
 0001:000113a3       ?GetItemState@CListCtrl@@QBEIHI@Z 5f4123a3 f   winctrl2.obj
 0001:000113fb       ?SetItemCount@CListCtrl@@QAEXH@Z 5f4123fb f   winctrl2.obj
 0001:00011451       ?SortItems@CListCtrl@@QAEHP6GHJJJ@ZK@Z 5f412451 f   winctrl2.obj
 0001:000114d4       ?GetSelectedCount@CListCtrl@@QBEIXZ 5f4124d4 f   winctrl2.obj
 0001:00011526       ??0CTreeCtrl@@QAE@XZ       5f412526 f   winctrl2.obj
 0001:00011545       ?InsertItem@CTreeCtrl@@QAEPAU_TREEITEM@@PAUtagTVINSERTSTRUCTA@@@Z 5f412545 f   winctrl2.obj
 0001:0001159b       ?InsertItem@CTreeCtrl@@QAEPAU_TREEITEM@@PBDHHPAU2@1@Z 5f41259b f   winctrl2.obj
 0001:000115fd       ?InsertItem@CTreeCtrl@@QAEPAU_TREEITEM@@PBDPAU2@1@Z 5f4125fd f   winctrl2.obj
 0001:0001165b       ?DeleteItem@CTreeCtrl@@QAEHPAU_TREEITEM@@@Z 5f41265b f   winctrl2.obj
 0001:000116b1       ?DeleteAllItems@CTreeCtrl@@QAEHXZ 5f4126b1 f   winctrl2.obj
 0001:00011706       ?Expand@CTreeCtrl@@QAEHPAU_TREEITEM@@I@Z 5f412706 f   winctrl2.obj
 0001:0001175e       ?GetCount@CTreeCtrl@@QBEIXZ 5f41275e f   winctrl2.obj
 0001:000117b0       ?GetIndent@CTreeCtrl@@QBEIXZ 5f4127b0 f   winctrl2.obj
 0001:00011802       ?SetIndent@CTreeCtrl@@QAEXI@Z 5f412802 f   winctrl2.obj
 0001:00011858       ?GetImageList@CTreeCtrl@@QBEPAVCImageList@@I@Z 5f412858 f   winctrl2.obj
 0001:000118b4       ?SetImageList@CTreeCtrl@@QAEPAVCImageList@@PAV2@H@Z 5f4128b4 f   winctrl2.obj
 0001:00011917       ?GetNextItem@CTreeCtrl@@QBEPAU_TREEITEM@@PAU2@I@Z 5f412917 f   winctrl2.obj
 0001:0001196f       ?GetChildItem@CTreeCtrl@@QBEPAU_TREEITEM@@PAU2@@Z 5f41296f f   winctrl2.obj
 0001:000119c5       ?GetNextSiblingItem@CTreeCtrl@@QBEPAU_TREEITEM@@PAU2@@Z 5f4129c5 f   winctrl2.obj
 0001:00011a1b       ?GetPrevSiblingItem@CTreeCtrl@@QBEPAU_TREEITEM@@PAU2@@Z 5f412a1b f   winctrl2.obj
 0001:00011a71       ?GetParentItem@CTreeCtrl@@QBEPAU_TREEITEM@@PAU2@@Z 5f412a71 f   winctrl2.obj
 0001:00011ac7       ?GetFirstVisibleItem@CTreeCtrl@@QBEPAU_TREEITEM@@XZ 5f412ac7 f   winctrl2.obj
 0001:00011b19       ?GetNextVisibleItem@CTreeCtrl@@QBEPAU_TREEITEM@@PAU2@@Z 5f412b19 f   winctrl2.obj
 0001:00011b6f       ?GetPrevVisibleItem@CTreeCtrl@@QBEPAU_TREEITEM@@PAU2@@Z 5f412b6f f   winctrl2.obj
 0001:00011bc5       ?GetSelectedItem@CTreeCtrl@@QBEPAU_TREEITEM@@XZ 5f412bc5 f   winctrl2.obj
 0001:00011c17       ?GetDropHilightItem@CTreeCtrl@@QBEPAU_TREEITEM@@XZ 5f412c17 f   winctrl2.obj
 0001:00011c69       ?GetRootItem@CTreeCtrl@@QBEPAU_TREEITEM@@XZ 5f412c69 f   winctrl2.obj
 0001:00011cbb       ?Select@CTreeCtrl@@QAEHPAU_TREEITEM@@I@Z 5f412cbb f   winctrl2.obj
 0001:00011d13       ?SelectItem@CTreeCtrl@@QAEHPAU_TREEITEM@@@Z 5f412d13 f   winctrl2.obj
 0001:00011d69       ?SelectDropTarget@CTreeCtrl@@QAEHPAU_TREEITEM@@@Z 5f412d69 f   winctrl2.obj
 0001:00011dbf       ?SelectSetFirstVisible@CTreeCtrl@@QAEHPAU_TREEITEM@@@Z 5f412dbf f   winctrl2.obj
 0001:00011e15       ?GetItem@CTreeCtrl@@QBEHPAUtagTVITEMA@@@Z 5f412e15 f   winctrl2.obj
 0001:00011e6b       ?SetItem@CTreeCtrl@@QAEHPAUtagTVITEMA@@@Z 5f412e6b f   winctrl2.obj
 0001:00011ec1       ?SetItemText@CTreeCtrl@@QAEHPAU_TREEITEM@@PBD@Z 5f412ec1 f   winctrl2.obj
 0001:00011f1b       ?SetItemImage@CTreeCtrl@@QAEHPAU_TREEITEM@@HH@Z 5f412f1b f   winctrl2.obj
 0001:00011f77       ?SetItemState@CTreeCtrl@@QAEHPAU_TREEITEM@@II@Z 5f412f77 f   winctrl2.obj
 0001:00011fd3       ?SetItemData@CTreeCtrl@@QAEHPAU_TREEITEM@@K@Z 5f412fd3 f   winctrl2.obj
 0001:0001202d       ?EditLabel@CTreeCtrl@@QAEPAVCEdit@@PAU_TREEITEM@@@Z 5f41302d f   winctrl2.obj
 0001:00012089       ?HitTest@CTreeCtrl@@QBEPAU_TREEITEM@@PAUtagTVHITTESTINFO@@@Z 5f413089 f   winctrl2.obj
 0001:000120df       ?GetEditControl@CTreeCtrl@@QBEPAVCEdit@@XZ 5f4130df f   winctrl2.obj
 0001:00012137       ?GetVisibleCount@CTreeCtrl@@QBEIXZ 5f413137 f   winctrl2.obj
 0001:00012189       ?SortChildren@CTreeCtrl@@QAEHPAU_TREEITEM@@@Z 5f413189 f   winctrl2.obj
 0001:000121df       ?EnsureVisible@CTreeCtrl@@QAEHPAU_TREEITEM@@@Z 5f4131df f   winctrl2.obj
 0001:00012235       ?SortChildrenCB@CTreeCtrl@@QAEHPAUtagTVSORTCB@@@Z 5f413235 f   winctrl2.obj
 0001:0001228b       ?GetToolTips@CTreeCtrl@@QBEPAVCToolTipCtrl@@XZ 5f41328b f   winctrl2.obj
 0001:000122e3       ?SetToolTips@CTreeCtrl@@QAEPAVCToolTipCtrl@@PAV2@@Z 5f4132e3 f   winctrl2.obj
 0001:00012344       ?GetBkColor@CTreeCtrl@@QBEKXZ 5f413344 f   winctrl2.obj
 0001:00012396       ?SetBkColor@CTreeCtrl@@QAEKK@Z 5f413396 f   winctrl2.obj
 0001:000123ec       ?GetItemHeight@CTreeCtrl@@QBEFXZ 5f4133ec f   winctrl2.obj
 0001:0001243e       ?SetItemHeight@CTreeCtrl@@QAEFF@Z 5f41343e f   winctrl2.obj
 0001:00012495       ?GetTextColor@CTreeCtrl@@QBEKXZ 5f413495 f   winctrl2.obj
 0001:000124e7       ?SetTextColor@CTreeCtrl@@QAEKK@Z 5f4134e7 f   winctrl2.obj
 0001:0001253d       ?SetInsertMark@CTreeCtrl@@QAEHPAU_TREEITEM@@H@Z 5f41353d f   winctrl2.obj
 0001:00012595       ?GetInsertMarkColor@CTreeCtrl@@QBEKXZ 5f413595 f   winctrl2.obj
 0001:000125e7       ?SetInsertMarkColor@CTreeCtrl@@QAEKK@Z 5f4135e7 f   winctrl2.obj
 0001:0001263d       ??0CHotKeyCtrl@@QAE@XZ     5f41363d f   winctrl2.obj
 0001:0001265c       ?SetHotKey@CHotKeyCtrl@@QAEXGG@Z 5f41365c f   winctrl2.obj
 0001:000126ca       ?GetHotKey@CHotKeyCtrl@@QBEKXZ 5f4136ca f   winctrl2.obj
 0001:0001271c       ?SetRules@CHotKeyCtrl@@QAEXGG@Z 5f41371c f   winctrl2.obj
 0001:0001277f       ?Activate@CToolTipCtrl@@QAEXH@Z 5f41377f f   winctrl2.obj
 0001:000127d5       ?SetToolInfo@CToolTipCtrl@@QAEXPAUtagTOOLINFOA@@@Z 5f4137d5 f   winctrl2.obj
 0001:0001282b       ?RelayEvent@CToolTipCtrl@@QAEXPAUtagMSG@@@Z 5f41382b f   winctrl2.obj
 0001:00012881       ?GetToolCount@CToolTipCtrl@@QBEHXZ 5f413881 f   winctrl2.obj
 0001:000128d3       ??0CSpinButtonCtrl@@QAE@XZ 5f4138d3 f   winctrl2.obj
 0001:000128f2       ?GetAccel@CSpinButtonCtrl@@QBEIHPAU_UDACCEL@@@Z 5f4138f2 f   winctrl2.obj
 0001:0001294f       ?GetBase@CSpinButtonCtrl@@QBEIXZ 5f41394f f   winctrl2.obj
 0001:000129a6       ?GetBuddy@CSpinButtonCtrl@@QBEPAVCWnd@@XZ 5f4139a6 f   winctrl2.obj
 0001:000129fe       ?GetPos@CSpinButtonCtrl@@QBEHXZ 5f4139fe f   winctrl2.obj
 0001:00012a50       ?GetRange@CSpinButtonCtrl@@QBEKXZ 5f413a50 f   winctrl2.obj
 0001:00012aa2       ?SetAccel@CSpinButtonCtrl@@QAEHHPAU_UDACCEL@@@Z 5f413aa2 f   winctrl2.obj
 0001:00012aff       ?SetBase@CSpinButtonCtrl@@QAEHH@Z 5f413aff f   winctrl2.obj
 0001:00012b55       ?SetBuddy@CSpinButtonCtrl@@QAEPAVCWnd@@PAV2@@Z 5f413b55 f   winctrl2.obj
 0001:00012bb6       ?SetPos@CSpinButtonCtrl@@QAEHH@Z 5f413bb6 f   winctrl2.obj
 0001:00012c14       ?SetRange@CSpinButtonCtrl@@QAEXHH@Z 5f413c14 f   winctrl2.obj
 0001:00012c7d       ??0CSliderCtrl@@QAE@XZ     5f413c7d f   winctrl2.obj
 0001:00012c9c       ?GetLineSize@CSliderCtrl@@QBEHXZ 5f413c9c f   winctrl2.obj
 0001:00012cee       ?SetLineSize@CSliderCtrl@@QAEHH@Z 5f413cee f   winctrl2.obj
 0001:00012d44       ?GetPageSize@CSliderCtrl@@QBEHXZ 5f413d44 f   winctrl2.obj
 0001:00012d96       ?SetPageSize@CSliderCtrl@@QAEHH@Z 5f413d96 f   winctrl2.obj
 0001:00012dec       ?GetRangeMax@CSliderCtrl@@QBEHXZ 5f413dec f   winctrl2.obj
[...]
 0003:000020e8       ?afxTraceFlags@@3IA        5f4ce0e8     dumpinit.obj
 0003:000020ec       ?afxTraceEnabled@@3HA      5f4ce0ec     dumpinit.obj
 0003:000020f0       ?afxDump@@3VCDumpContext@@A 5f4ce0f0     dumpinit.obj
 0003:00002100       ?_afxMemoryLeakOverride@@3HA 5f4ce100     afxmem.obj
 0003:00002104       ?pfnCrtAllocHook@@3P6AHHPAXIHJPBEH@ZA 5f4ce104     afxmem.obj
 0003:00002108       ?_init_CByteArray@@3UAFX_CLASSINIT@@A 5f4ce108     array_b.obj
 0003:0000210c       ?_init_CDWordArray@@3UAFX_CLASSINIT@@A 5f4ce10c     array_d.obj
 0003:00002110       ?_init_CObArray@@3UAFX_CLASSINIT@@A 5f4ce110     array_o.obj
 0003:00002114       ?_init_CStringArray@@3UAFX_CLASSINIT@@A 5f4ce114     array_s.obj
 0003:00002118       ?_init_CWordArray@@3UAFX_CLASSINIT@@A 5f4ce118     array_w.obj
 0003:0000211c       ?_init_CObList@@3UAFX_CLASSINIT@@A 5f4ce11c     list_o.obj
 0003:00002120       ?_init_CStringList@@3UAFX_CLASSINIT@@A 5f4ce120     list_s.obj
 0003:00002124       ?_init_CMapStringToOb@@3UAFX_CLASSINIT@@A 5f4ce124     map_so.obj
 0003:00002128       ?_init_CMapStringToString@@3UAFX_CLASSINIT@@A 5f4ce128     map_ss.obj
 0003:0000212c       ?_init_CMapWordToOb@@3UAFX_CLASSINIT@@A 5f4ce12c     map_wo.obj
 0003:00002130       ?afxChNil@@3DA             5f4ce130     strcore.obj
 0003:00002134       ?_afxDBCS@@3HB             5f4ce134     afxdbcs.obj
 0003:00002138       ?_afxBaseModuleState@@3V?$CProcessLocal@V_AFX_BASE_MODULE_STATE@@@@A 5f4ce138     afxstate.obj
 0003:0000213c       ?_afxThreadState@@3V?$CThreadLocal@V_AFX_THREAD_STATE@@@@A 5f4ce13c     afxstate.obj
 0003:00002140       ?_afxTlsRef@@3JA           5f4ce140     afxtls.obj
 0003:00002144       ?_afxThreadData@@3PAVCThreadSlotData@@A 5f4ce144     afxtls.obj
 0003:00002148       ?__afxThreadData@@3PAEA    5f4ce148     afxtls.obj
 0003:00002180       ?_afxGotScrollLines@@3HA   5f4ce180     wincore.obj
 0003:00002188       ?_afxMsgCache@@3PAUAFX_MSG_CACHE@@A 5f4ce188     wincore.obj
 0003:00003988       ?wndNoTopMost@CWnd@@2V1@B  5f4cf988     wincore.obj
 0003:000039c8       ?wndTopMost@CWnd@@2V1@B    5f4cf9c8     wincore.obj
 0003:00003a08       ?wndBottom@CWnd@@2V1@B     5f4cfa08     wincore.obj
 0003:00003a50       ?wndTop@CWnd@@2V1@B        5f4cfa50     wincore.obj
 0003:00003a90       ?m_nMsgDragList@CWnd@@1IB  5f4cfa90     wincore.obj
 0003:00003a94       _g_pfnGetSystemMetrics     5f4cfa94     wincore.obj
 0003:00003a98       _g_pfnMonitorFromWindow    5f4cfa98     wincore.obj
 0003:00003a9c       _g_pfnMonitorFromRect      5f4cfa9c     wincore.obj
 0003:00003aa0       _g_pfnMonitorFromPoint     5f4cfaa0     wincore.obj
 0003:00003aa4       _g_pfnGetMonitorInfo       5f4cfaa4     wincore.obj
 0003:00003aa8       _g_pfnEnumDisplayMonitors  5f4cfaa8     wincore.obj
 0003:00003aac       _g_fMultiMonInitDone       5f4cfaac     wincore.obj
 0003:00003ab0       ?_afxMsgMouseWheel@@3IA    5f4cfab0     winfrm.obj
 0003:00003ab8       ?rectDefault@CFrameWnd@@2VCRect@@B 5f4cfab8     winfrm.obj
 0003:00003ac8       ?_afx_sizeMiniSys@@3UtagSIZE@@A 5f4cfac8     winmini.obj
 0003:00003ad0       ?_afx_hfontMiniSys@@3PAUHFONT__@@A 5f4cfad0     winmini.obj
 0003:00003ad4       ?_afx_hbmMiniSys@@3PAUHBITMAP__@@A 5f4cfad4     winmini.obj
 0003:00003ad8       ?_afxWinminiTerm@@3HA      5f4cfad8     winmini.obj
 0003:00003adc       ?_init_CDockState@@3UAFX_CLASSINIT@@A 5f4cfadc     dockstat.obj
 0003:00003ae0       ?_afxHandleSize@@3HA       5f4cfae0     trckrect.obj
 0003:00003ae4       ?_afxBlackDottedPen@@3PAUHPEN__@@A 5f4cfae4     trckrect.obj
 0003:00003ae8       ?_afxHatchBrush@@3PAUHBRUSH__@@A 5f4cfae8     trckrect.obj
 0003:00003aec       ?_afxCursors@@3PAPAUHICON__@@A 5f4cfaec     trckrect.obj
 0003:00003b18       ?_afxTrackerTerm@@3DA      5f4cfb18     trckrect.obj
 0003:00003b1c       ?_afxChecklistState@@3V?$CProcessLocal@V_AFX_CHECKLIST_STATE@@@@A 5f4cfb1c     winctrl3.obj
 0003:00003b20       ?_afxRichEditState@@3V?$CProcessLocal@V_AFX_RICHEDIT_STATE@@@@A 5f4cfb20     winctrl4.obj
 0003:00003b24       ?_afxMsgSETRGB@@3IA        5f4cfb24     dlgcomm.obj
 0003:00003b28       ?_afxMsgHELP@@3IA          5f4cfb28     dlgcomm.obj
 0003:00003b2c       ?_afxMsgCOLOROK@@3IA       5f4cfb2c     dlgcomm.obj
 0003:00003b30       ?_afxMsgFILEOK@@3IA        5f4cfb30     dlgcomm.obj
 0003:00003b34       ?_afxMsgSHAREVI@@3IA       5f4cfb34     dlgcomm.obj
 0003:00003b38       ?_afxMsgLBSELCHANGE@@3IA   5f4cfb38     dlgcomm.obj
 0003:00003b3c       ?_afxClrState@@3V?$CProcessLocal@V_AFX_COLOR_STATE@@@@A 5f4cfb3c     dlgclr.obj
 0003:00003b40       ?_afxPropPageFontInfo@@3V?$CProcessLocal@U_AFX_PROPPAGEFONTINFO@@@@A 5f4cfb40     ccdata.obj
 0003:00003b48       ?_simpleUserException@@3VCUserException@@A 5f4cfb48     wingdi.obj
 0003:00003be8       ?_simpleResourceException@@3VCResourceException@@A 5f4cfbe8     wingdi.obj
 0003:00003c88       ?_afxHalftoneBrush@@3PAUHBRUSH__@@A 5f4cfc88     wingdix.obj
 0003:00003c8c       ?_afxWingdixTerm@@3DA      5f4cfc8c     wingdix.obj
 0003:00003c90       ?afxData@@3UAUX_DATA@@A    5f4cfc90     auxdata.obj
 0003:00003cfc       ?_afxResourceLocked@@3PAHA 5f4cfcfc     afxcrit.obj
 0003:00003d40       ?_afxLockInit@@3PAHA       5f4cfd40     afxcrit.obj
 0003:00003d88       ?_afxLockInitLock@@3U_RTL_CRITICAL_SECTION@@A 5f4cfd88     afxcrit.obj
 0003:00003da0       ?_afxResourceLock@@3PAU_RTL_CRITICAL_SECTION@@A 5f4cfda0     afxcrit.obj
 0003:00003f38       ?_afxCriticalWin32s@@3HA   5f4cff38     afxcrit.obj
 0003:00003f3c       ?_afxCriticalInit@@3HA     5f4cff3c     afxcrit.obj
 0003:00003f40       ?_afx_idcPrimaryLast@@3IA  5f4cff40     winsplit.obj
 0003:00003f44       ?_afx_hcurDestroy@@3PAUHICON__@@A 5f4cff44     winsplit.obj
 0003:00003f48       ?_afx_hcurLast@@3PAUHICON__@@A 5f4cff48     winsplit.obj
 0003:00003f58       ?_afxEditState@@3V?$CProcessLocal@V_AFX_EDIT_STATE@@@@A 5f4cff58     viewedit.obj
 0003:00003f5c       ?_afxMsgFindReplace@@3IB   5f4cff5c     viewedit.obj
 0003:00003f60       ?_afxMailState@@3V?$CProcessLocal@V_AFX_MAIL_STATE@@@@A 5f4cff60     docmapi.obj
 0003:00003f64       ?_afxWinState@@3V?$CProcessLocal@V_AFX_WIN_STATE@@@@A 5f4cff64     appcore.obj
 0003:00003f68       ?pStaticDocManager@CDocManager@@2PAV1@A 5f4cff68     appcore.obj
 0003:00003f6c       ?pStaticList@CDocManager@@2PAVCPtrList@@A 5f4cff6c     appcore.obj
 0003:00003f70       ?_afxCtl3dThread@@3V?$CThreadLocal@V_AFX_CTL3D_THREAD@@@@A 5f4cff70     app3d.obj
 0003:00003f74       ?_afxCtl3dState@@3V?$CProcessLocal@V_AFX_CTL3D_STATE@@@@A 5f4cff74     app3d.obj
 0003:00003f78       ?_afxSessionMap@@3VCSessionMapPtrToPtr@@A 5f4cff78     inet.obj
 0003:00003fd0       __hmod__ADVAPI32           5f4cffd0     advapi32:ADVAPI32.dll
 0003:00003fd4       __hmod__COMCTL32           5f4cffd4     comctl32:COMCTL32.dll
 0003:00003fd8       __hmod__SHELL32            5f4cffd8     shell32:SHELL32.dll
 0003:00003fdc       __hmod__COMDLG32           5f4cffdc     comdlg32:comdlg32.dll
 0003:00003fe0       __hmod__WINSPOOL           5f4cffe0     winspool:WINSPOOL.DRV
 0003:00003fe4       __hmod__WININET            5f4cffe4     wininet:WININET.dll
 0003:00003fe8       ___puiHead                 5f4cffe8     delayimp:delayhlp.obj
 0003:00003fec       ___pfnDliFailureHook       5f4cffec     delayimp:delayhk1.obj
 0003:00003ff0       ___pfnDliNotifyHook        5f4cfff0     delayimp:delayhk2.obj
 0003:00003ff4       __adjust_fdiv              5f4cfff4     <common>
 0003:00003ff8       ___onexitend               5f4cfff8     <common>
 0003:00003ffc       ___onexitbegin             5f4cfffc     <common>

 entry point at        0001:00002f00

 Static symbols

 0001:000a0e80       ?_AfxForceVectorDelete@@YAXXZ 5f4a1e80 f   dllinit.obj
 0001:000985be       _$E375                     5f4995be f   inet.obj
 0001:000985cd       _$E372                     5f4995cd f   inet.obj
 0001:000985dc       _$E374                     5f4995dc f   inet.obj
 0001:000985ee       _$E373                     5f4995ee f   inet.obj
 0001:00098416       _$E375                     5f499416 f   app3d.obj
 0001:00098425       _$E372                     5f499425 f   app3d.obj
 0001:0009842a       _$E374                     5f49942a f   app3d.obj
 0001:0009843c       _$E373                     5f49943c f   app3d.obj
 0001:0009844b       _$E380                     5f49944b f   app3d.obj
 0001:0009845a       _$E377                     5f49945a f   app3d.obj
 0001:0009845f       _$E379                     5f49945f f   app3d.obj
 0001:00098471       _$E378                     5f499471 f   app3d.obj
 0001:00096a4c       _$E375                     5f497a4c f   appcore.obj
 0001:00096a5b       _$E372                     5f497a5b f   appcore.obj
 0001:00096a60       _$E374                     5f497a60 f   appcore.obj
 0001:00096a72       _$E373                     5f497a72 f   appcore.obj
 0001:00095a40       _$E375                     5f496a40 f   docmapi.obj
 0001:00095a4f       _$E372                     5f496a4f f   docmapi.obj
 0001:00095a54       _$E374                     5f496a54 f   docmapi.obj
 0001:00095a66       _$E373                     5f496a66 f   docmapi.obj
 0001:00071e80       _$E373                     5f472e80 f   viewedit.obj
 0001:00071e8a       _$E372                     5f472e8a f   viewedit.obj
 0001:00095768       _$E378                     5f496768 f   viewedit.obj
 0001:00095777       _$E375                     5f496777 f   viewedit.obj
 0001:0009577c       _$E377                     5f49677c f   viewedit.obj
 0001:0009578e       _$E376                     5f49678e f   viewedit.obj
 0001:00079cad       ?TraceDDE@@YGXPBDPBUtagMSG@@@Z 5f47acad f   afxtrace.obj
 0001:00093e30       _$E375                     5f494e30 f   auxdata.obj
 0001:00093e3f       _$E372                     5f494e3f f   auxdata.obj
 0001:00093e4e       _$E374                     5f494e4e f   auxdata.obj
 0001:00093e60       _$E373                     5f494e60 f   auxdata.obj
 0001:000711df       _$E373                     5f4721df f   wingdix.obj
 0001:000711e9       _$E372                     5f4721e9 f   wingdix.obj
 0001:0009383a       _$E377                     5f49483a f   wingdi.obj
 0001:00093849       _$E374                     5f494849 f   wingdi.obj
 0001:0009385f       _$E376                     5f49485f f   wingdi.obj
 0001:00093871       _$E375                     5f494871 f   wingdi.obj
 0001:0009389a       _$E382                     5f49489a f   wingdi.obj
 0001:000938a9       _$E379                     5f4948a9 f   wingdi.obj
 0001:000938bf       _$E381                     5f4948bf f   wingdi.obj
 0001:000938d1       _$E380                     5f4948d1 f   wingdi.obj
 0001:00093400       _$E375                     5f494400 f   ccdata.obj
 0001:0009340f       _$E372                     5f49440f f   ccdata.obj
 0001:00093414       _$E374                     5f494414 f   ccdata.obj
 0001:00093426       _$E373                     5f494426 f   ccdata.obj
 0001:000935fc       ?IsFontInstalled@@YAHPBD@Z 5f4945fc f   ccdata.obj
 0001:00093668       ?FontEnumProc@@YGHPBUtagLOGFONTA@@PBUtagTEXTMETRICA@@KJ@Z 5f494668 f   ccdata.obj
 0001:000932aa       _$E375                     5f4942aa f   dlgclr.obj
 0001:000932b9       _$E372                     5f4942b9 f   dlgclr.obj
 0001:000932be       _$E374                     5f4942be f   dlgclr.obj
 0001:000932d0       _$E373                     5f4942d0 f   dlgclr.obj
 0001:00016018       _$E375                     5f417018 f   winctrl4.obj
 0001:00016027       _$E372                     5f417027 f   winctrl4.obj
 0001:0001602c       _$E374                     5f41702c f   winctrl4.obj
 0001:0001603e       _$E373                     5f41703e f   winctrl4.obj
 0001:0009306a       _$E375                     5f49406a f   winctrl3.obj
 0001:00093079       _$E372                     5f494079 f   winctrl3.obj
 0001:0009307e       _$E374                     5f49407e f   winctrl3.obj
 0001:00093090       _$E373                     5f494090 f   winctrl3.obj
 0001:00069939       _$E373                     5f46a939 f   trckrect.obj
 0001:00069943       _$E372                     5f46a943 f   trckrect.obj
 0001:00092c18       _$E373                     5f493c18 f   dockstat.obj
 0001:00092c22       _$E372                     5f493c22 f   dockstat.obj
 0001:00067f29       _$E373                     5f468f29 f   winmini.obj
 0001:00067f33       _$E372                     5f468f33 f   winmini.obj
 0001:00060f60       _$E373                     5f461f60 f   winfrm.obj
 0001:00060f6a       _$E372                     5f461f6a f   winfrm.obj
 0001:00060f87       _$E376                     5f461f87 f   winfrm.obj
 0001:00060f91       _$E375                     5f461f91 f   winfrm.obj
 0001:0002b270       _$E381                     5f42c270 f   wincore.obj
 0001:0002b27a       _$E380                     5f42c27a f   wincore.obj
 0001:0002b28f       _$E387                     5f42c28f f   wincore.obj
 0001:0002b29e       _$E383                     5f42c29e f   wincore.obj
 0001:0002b2af       _$E386                     5f42c2af f   wincore.obj
 0001:0002b2c1       _$E384                     5f42c2c1 f   wincore.obj
 0001:0002b2ed       _$E392                     5f42c2ed f   wincore.obj
 0001:0002b2fc       _$E389                     5f42c2fc f   wincore.obj
 0001:0002b30d       _$E391                     5f42c30d f   wincore.obj
 0001:0002b31f       _$E390                     5f42c31f f   wincore.obj
 0001:0002b34b       _$E397                     5f42c34b f   wincore.obj
 0001:0002b35a       _$E394                     5f42c35a f   wincore.obj
 0001:0002b36b       _$E396                     5f42c36b f   wincore.obj
 0001:0002b37d       _$E395                     5f42c37d f   wincore.obj
 0001:0002b3a9       _$E402                     5f42c3a9 f   wincore.obj
 0001:0002b3b8       _$E399                     5f42c3b8 f   wincore.obj
 0001:0002b3c9       _$E401                     5f42c3c9 f   wincore.obj
 0001:0002b3db       _$E400                     5f42c3db f   wincore.obj
 0001:0008ec02       _$E375                     5f48fc02 f   afxstate.obj
 0001:0008ec11       _$E372                     5f48fc11 f   afxstate.obj
 0001:0008ec16       _$E374                     5f48fc16 f   afxstate.obj
 0001:0008ec28       _$E373                     5f48fc28 f   afxstate.obj
 0001:0008f19e       _$E380                     5f49019e f   afxstate.obj
 0001:0008f1ad       _$E377                     5f4901ad f   afxstate.obj
 0001:0008f1b2       _$E379                     5f4901b2 f   afxstate.obj
 0001:0008f1c4       _$E378                     5f4901c4 f   afxstate.obj
 0001:0008ea07       _$E373                     5f48fa07 f   afxdbcs.obj
 0001:0008ea11       _$E372                     5f48fa11 f   afxdbcs.obj
 0001:0008e97a       _$E373                     5f48f97a f   map_wo.obj
 0001:0008e984       _$E372                     5f48f984 f   map_wo.obj
 0001:00023dfb       ?DestructElement@@YAXPAVCString@@@Z 5f424dfb f   map_ss.obj
 0001:00023fa5       ?ConstructElement@@YAXPAVCString@@@Z 5f424fa5 f   map_ss.obj
 0001:0008e8aa       _$E373                     5f48f8aa f   map_ss.obj
 0001:0008e8b4       _$E372                     5f48f8b4 f   map_ss.obj
 0001:0002346c       ?DestructElement@@YAXPAVCString@@@Z 5f42446c f   map_sp.obj
 0001:0002292c       ?DestructElement@@YAXPAVCString@@@Z 5f42392c f   map_so.obj
 0001:0008e7ba       _$E373                     5f48f7ba f   map_so.obj
 0001:0008e7c4       _$E372                     5f48f7c4 f   map_so.obj
 0001:000205d0       ?DestructElement@@YAXPAVCString@@@Z 5f4215d0 f   list_s.obj
 0001:00020770       ?ConstructElement@@YAXPAVCString@@@Z 5f421770 f   list_s.obj
 0001:0008e6aa       _$E373                     5f48f6aa f   list_s.obj
 0001:0008e6b4       _$E372                     5f48f6b4 f   list_s.obj
 0001:0008e5ba       _$E373                     5f48f5ba f   list_o.obj
 0001:0008e5c4       _$E372                     5f48f5c4 f   list_o.obj
 0001:0008e4e8       _$E373                     5f48f4e8 f   array_w.obj
 0001:0008e4f2       _$E372                     5f48f4f2 f   array_w.obj
 0001:0001c64d       ?DestructElements@@YAXPAVCString@@H@Z 5f41d64d f   array_s.obj
 0001:0001c69c       ?DestructElement@@YAXPAVCString@@@Z 5f41d69c f   array_s.obj
 0001:0001c9df       ?ConstructElements@@YAXPAVCString@@H@Z 5f41d9df f   array_s.obj
 0001:0001ca2e       ?ConstructElement@@YAXPAVCString@@@Z 5f41da2e f   array_s.obj
 0001:0001cad7       ?CopyElements@@YAXPAVCString@@0H@Z 5f41dad7 f   array_s.obj
 0001:0008e3f8       _$E373                     5f48f3f8 f   array_s.obj
 0001:0008e402       _$E372                     5f48f402 f   array_s.obj
 0001:0008e328       _$E373                     5f48f328 f   array_o.obj
 0001:0008e332       _$E372                     5f48f332 f   array_o.obj
 0001:0008e238       _$E373                     5f48f238 f   array_d.obj
 0001:0008e242       _$E372                     5f48f242 f   array_d.obj
 0001:0008e168       _$E373                     5f48f168 f   array_b.obj
 0001:0008e172       _$E372                     5f48f172 f   array_b.obj
 0001:00003c10       _$E373                     5f404c10 f   dumpinit.obj
 0001:00003c1a       _$E372                     5f404c1a f   dumpinit.obj
 0001:00003c2b       _$E376                     5f404c2b f   dumpinit.obj
 0001:00003c35       _$E375                     5f404c35 f   dumpinit.obj
 0001:00003f71       _$E381                     5f404f71 f   dumpinit.obj
 0001:00003f80       _$E378                     5f404f80 f   dumpinit.obj
 0001:00003f85       _$E380                     5f404f85 f   dumpinit.obj
 0001:00003f97       _$E379                     5f404f97 f   dumpinit.obj
 0001:0008de94       _$E375                     5f48ee94 f   except.obj
 0001:0008dea3       _$E372                     5f48eea3 f   except.obj
 0001:0008deb9       _$E374                     5f48eeb9 f   except.obj
 0001:0008decb       _$E373                     5f48eecb f   except.obj
 0001:0008def4       _$E380                     5f48eef4 f   except.obj
 0001:0008df03       _$E377                     5f48ef03 f   except.obj
 0001:0008df19       _$E379                     5f48ef19 f   except.obj
 0001:0008df2b       _$E378                     5f48ef2b f   except.obj
 0001:00002dc0       ?ArrayUnwindFilter@@YAHPAU_EXCEPTION_POINTERS@@@Z 5f403dc0 f   msvcrtd:ehvecdtr.obj
 0001:00002bc9       hard                       5f403bc9 f   msvcrtd:llmul.obj
 0001:00002b90       MORE32                     5f403b90 f   msvcrtd:llshr.obj
 0001:00002b9b       RETSIGN                    5f403b9b f   msvcrtd:llshr.obj
 0001:00002af1       L1                         5f403af1 f   msvcrtd:lldiv.obj
 0001:00002b0d       L2                         5f403b0d f   msvcrtd:lldiv.obj
 0001:00002b29       L3                         5f403b29 f   msvcrtd:lldiv.obj
 0001:00002b37       L5                         5f403b37 f   msvcrtd:lldiv.obj
 0001:00002b65       L6                         5f403b65 f   msvcrtd:lldiv.obj
 0001:00002b66       L7                         5f403b66 f   msvcrtd:lldiv.obj
 0001:00002b6a       L4                         5f403b6a f   msvcrtd:lldiv.obj
 0001:00002b74       L8                         5f403b74 f   msvcrtd:lldiv.obj
 0001:00002a90       _$$$00001                  5f403a90 f   msvcrtd:chkstk.obj
 0001:00002a9c       probepages                 5f403a9c f   msvcrtd:chkstk.obj
 0001:00002ab0       lastpage                   5f403ab0 f   msvcrtd:chkstk.obj
 0001:00003a0f       ?OverlayIAT@@YGXPAU_IMAGE_THUNK_DATA32@@PBU1@@Z 5f404a0f f   delayimp:delayhlp.obj

 1245 bytes saved through ICF

