 MFC42u_original

 Timestamp is 38176ce0 (Wed Oct 27 14:21:36 1999)

 Preferred load address is 5f800000

 Start         Length     Name                   Class
 0001:00000000 00097523H .text                   CODE
 0002:00000000 000358e8H .rdata                  DATA
 0003:00000000 0000866cH .data                   DATA
 0004:00000000 0000a340H .rsrc                   DATA
 0005:00000000 0000ede4H .reloc                  DATA

  Address         Publics by Value              Rva+Base   Lib:Object

 0001:00000000       ?GetData@CThreadLocalObject@@QAEPAVCNoTrackObject@@P6GPAV2@XZ@Z 5f801000 f
 0001:0000007d       __EH_prolog                5f80107d f
 0001:00000083       ?AfxGetModuleState@@YGPAVAFX_MODULE_STATE@@XZ 5f801083 f
 0001:000000ab       ?GetData@CProcessLocalObject@@QAEPAVCNoTrackObject@@P6GPAV2@XZ@Z 5f8010ab f
 0001:000000f8       ?AfxGetThread@@YGPAVCWinThread@@XZ 5f8010f8 f
 0001:00000109       ?AfxGetModuleThreadState@@YGPAVAFX_MODULE_THREAD_STATE@@XZ 5f801109 f
 0001:00000120       ?AfxGetMainWnd@@YGPAVCWnd@@XZ 5f801120 f
 0001:00000135       ?GetMainWnd@CWinThread@@UAEPAVCWnd@@XZ 5f801135 f
 0001:00000152       ?FromHandle@CWnd@@SGPAV1@PAUHWND__@@@Z 5f801152 f
 0001:00000179       ?afxMapHWND@@YGPAVCHandleMap@@H@Z 5f801179 f
 0001:000001ed       ?FromHandle@CHandleMap@@QAEPAVCObject@@PAX@Z 5f8011ed f
 0001:0000029d       ?AttachControlSite@CWnd@@IAEXPAVCHandleMap@@@Z 5f80129d f
 0001:000002d2       ?GetValueAt@CMapPtrToPtr@@QBEPAXPAX@Z 5f8012d2 f
 0001:00000305       ?FromHandlePermanent@CWnd@@SGPAV1@PAUHWND__@@@Z 5f801305 f
 0001:00000320       ?GetTopLevelParent@CWnd@@QBEPAV1@XZ 5f801320 f
 0001:00000348       ?AfxGetParentOwner@@YGPAUHWND__@@PAU1@@Z 5f801348 f
 0001:0000038f       ?GetOwner@CWnd@@QBEPAV1@XZ 5f80138f f
 0001:000003a6       ?PumpMessage@CWinThread@@UAEHXZ 5f8013a6 f
 0001:000003e6       ?PreTranslateMessage@CWinThread@@UAEHPAUtagMSG@@@Z 5f8013e6 f
 0001:0000043d       ?WalkPreTranslateTree@CWnd@@SGHPAUHWND__@@PAUtagMSG@@@Z 5f80143d f
 0001:0000047f       ?IsIdleMessage@CWinThread@@UAEHPAUtagMSG@@@Z 5f80147f f
 0001:000004ef       ?PreTranslateMessage@CWnd@@UAEHPAUtagMSG@@@Z 5f8014ef f
 0001:00000508       ?PreTranslateMessage@CFrameWnd@@UAEHPAUtagMSG@@@Z 5f801508 f
 0001:0000057a       ?_FilterToolTipMessage@CWnd@@SGXPAUtagMSG@@PAV1@@Z 5f80157a f
 0001:0000058a       ?FilterToolTipMessage@CWnd@@QAEXPAUtagMSG@@@Z 5f80158a f
 0001:00000667       ?AfxLockGlobals@@YGXH@Z    5f801667 f
 0001:000006d8       ?AfxUnlockGlobals@@YGXH@Z  5f8016d8 f
 0001:000006f9       ?_AfxCbtFilterHook@@YGJHIJ@Z 5f8016f9 f
 0001:00000841       ??0AFX_MAINTAIN_STATE2@@QAE@PAVAFX_MODULE_STATE@@@Z 5f801841 f
 0001:00000868       ?AfxWndProcBase@@YGJPAUHWND__@@IIJ@Z 5f801868 f
 0001:000008b8       ?AfxWndProc@@YGJPAUHWND__@@IIJ@Z 5f8018b8 f
 0001:000008e6       ?AfxCallWndProc@@YGJPAVCWnd@@PAUHWND__@@IIJ@Z 5f8018e6 f
 0001:000009af       ?WindowProc@CWnd@@MAEJIIJ@Z 5f8019af f
 0001:000009f3       ?OnWndMsg@CWnd@@MAEHIIJPAJ@Z 5f8019f3 f
 0001:00000d6f       ?DefWindowProcW@CWnd@@MAEJIIJ@Z 5f801d6f f
 0001:00000d98       ?Default@CWnd@@IAEJXZ      5f801d98 f
 0001:00000d98       ?OnPaint@CCtrlView@@IAEXXZ 5f801d98 f
 0001:00000dbf       ?GetTopLevelFrame@CWnd@@QBEPAVCFrameWnd@@XZ 5f801dbf f
 0001:00000e06       ?GetParentFrame@CWnd@@QBEPAVCFrameWnd@@XZ 5f801e06 f
 0001:00000f08       ?OnCreateAggregates@CCmdTarget@@UAEHXZ 5f801f08 f
 0001:00000f0c       ?_AfxHandleSetCursor@@YGHPAVCWnd@@II@Z 5f801f0c f
 0001:00000f21       ?OnSetCursor@CFrameWnd@@IAEHPAVCWnd@@II@Z 5f801f21 f
 0001:00000f3e       ?AfxGetThreadState@@YGPAV_AFX_THREAD_STATE@@XZ 5f801f3e f
 0001:00000f4e       _memset                    5f801f4e f
 0001:00000f54       ??0CCmdTarget@@QAE@XZ      5f801f54 f
 0001:00000f9e       ??0CWnd@@QAE@XZ            5f801f9e f
 0001:00000fc0       ?InitInstance@CWinThread@@UAEHXZ 5f801fc0 f
 0001:00000fc3       ?Alloc@CFixedAlloc@@QAEPAXXZ 5f801fc3 f
 0001:0000103c       ?Free@CFixedAlloc@@QAEXPAX@Z 5f80203c f
 0001:00001068       ?AfxFindMessageEntry@@YGPBUAFX_MSGMAP_ENTRY@@PBU1@III@Z 5f802068 f
 0001:000010a8       ?GetMessageMap@CCmdTarget@@MBEPBUAFX_MSGMAP@@XZ 5f8020a8 f
 0001:000010ae       ?OnCmdMsg@CCmdTarget@@UAEHIHPAXPAUAFX_CMDHANDLERINFO@@@Z 5f8020ae f
 0001:0000112b       ?_AfxDispatchCmdMsg@@YGHPAVCCmdTarget@@IHP81@AEXXZPAXIPAUAFX_CMDHANDLERINFO@@@Z 5f80212b f
 0001:000011c3       ??0CCmdUI@@QAE@XZ          5f8021c3 f
 0001:000011e9       ??0CString@@QAE@XZ         5f8021e9 f
 0001:000011f9       ?AfxGetEmptyString@@YGABVCString@@XZ 5f8021f9 f
 0001:000011ff       ?AllocBuffer@CString@@IAEXH@Z 5f8021ff f
 0001:0000127e       _memcpy                    5f80227e f
 0001:00001284       ??1CString@@QAE@XZ         5f802284 f
 0001:000012ae       ?FreeData@CString@@KIXPAUCStringData@@@Z 5f8022ae f
 0001:000012f6       ?AfxDynamicDownCast@@YAPAVCObject@@PAUCRuntimeClass@@PAV1@@Z 5f8022f6 f
 0001:0000131b       ?IsKindOf@CObject@@QBEHPBUCRuntimeClass@@@Z 5f80231b f
 0001:0000132d       ?IsDerivedFrom@CRuntimeClass@@QBEHPBU1@@Z 5f80232d f
 0001:00001348       ?GetBuffer@CString@@QAEPAGH@Z 5f802348 f
 0001:0000139a       ?Release@CString@@KGXPAUCStringData@@@Z 5f80239a f
 0001:000013bf       ?ReleaseBuffer@CString@@QAEXH@Z 5f8023bf f
 0001:000013e8       ?CopyBeforeWrite@CString@@IAEXXZ 5f8023e8 f
 0001:000013fb       ?GetBufferSetLength@CString@@QAEPAGH@Z 5f8023fb f
 0001:0000141c       ?_GetBaseMessageMap@CCheckListBox@@KGPBUAFX_MSGMAP@@XZ 5f80241c f
 0001:00001422       ?WindowProc@CControlBar@@UAEJIIJ@Z 5f802422 f
 0001:00001481       ?GetMessageMap@CStatusBar@@MBEPBUAFX_MSGMAP@@XZ 5f802481 f
 0001:00001487       ?OnCmdMsg@CFrameWnd@@UAEHIHPAXPAUAFX_CMDHANDLERINFO@@@Z 5f802487 f
 0001:0000152f       ?GetActiveView@CFrameWnd@@QBEPAVCView@@XZ 5f80252f f
 0001:00001536       ?_GetBaseMessageMap@CCtrlView@@KGPBUAFX_MSGMAP@@XZ 5f802536 f
 0001:0000153c       ?_GetBaseMessageMap@CView@@KGPBUAFX_MSGMAP@@XZ 5f80253c f
 0001:00001542       ?GetRuntimeClass@CCmdTarget@@UBEPAUCRuntimeClass@@XZ 5f802542 f
 0001:00001548       ?OnCmdMsg@CView@@UAEHIHPAXPAUAFX_CMDHANDLERINFO@@@Z 5f802548 f
 0001:000015c5       ?OnCmdMsg@COleDocument@@UAEHIHPAXPAUAFX_CMDHANDLERINFO@@@Z 5f8025c5 f
 0001:0000160c       ?OnCmdMsg@CDocument@@UAEHIHPAXPAUAFX_CMDHANDLERINFO@@@Z 5f80260c f
 0001:0000164f       ?_GetBaseMessageMap@CDocument@@KGPBUAFX_MSGMAP@@XZ 5f80264f f
 0001:00001655       ?OnCmdMsg@CDocTemplate@@UAEHIHPAXPAUAFX_CMDHANDLERINFO@@@Z 5f802655 f
 0001:0000168c       ?GetRuntimeClass@COleObjectFactory@@UBEPAUCRuntimeClass@@XZ 5f80268c f
 0001:00001692       ?_GetBaseMessageMap@COleServerDoc@@KGPBUAFX_MSGMAP@@XZ 5f802692 f
 0001:00001698       ?DoUpdate@CCmdUI@@QAEHPAVCCmdTarget@@H@Z 5f802698 f
 0001:000016fb       ?_GetBaseMessageMap@CEditView@@KGPBUAFX_MSGMAP@@XZ 5f8026fb f
 0001:00001701       ?GetActiveDocument@CFrameWnd@@UAEPAVCDocument@@XZ 5f802701 f
 0001:00001711       ?GetDefaultAccelerator@CFrameWnd@@UAEPAUHACCEL__@@XZ 5f802711 f
 0001:00001737       ?GetDefaultAccelerator@COleServerDoc@@MAEPAUHACCEL__@@XZ 5f802737 f
 0001:0000175b       ?OnCommand@CWnd@@MAEHIJ@Z  5f80275b f
 0001:000017f4       ?OnCommand@CFrameWnd@@MAEHIJ@Z 5f8027f4 f
 0001:00001823       ?FreeDataChain@CPlex@@QAEXXZ 5f802823 f
 0001:0000183b       ?GetStyle@CWnd@@QBEKXZ     5f80283b f
 0001:0000186b       ??1CWnd@@UAE@XZ            5f80286b f
 0001:000018df       ??1CCmdTarget@@UAE@XZ      5f8028df f
 0001:00001920       ?RemoveAll@CMapPtrToPtr@@QAEXXZ 5f802920 f
 0001:0000194d       ?SendChildNotifyLastMsg@CWnd@@QAEHPAJ@Z 5f80294d f
 0001:0000197a       ?OnChildNotify@CWnd@@MAEHIIJPAJ@Z 5f80297a f
 0001:0000199e       ?ReflectChildNotify@CWnd@@IAEHIIJPAJ@Z 5f80299e f
 0001:00001a82       ?ReflectLastMsg@CWnd@@KGHPAUHWND__@@PAJ@Z 5f802a82 f
 0001:00001aea       ?GetMessageMap@CToolBar@@MBEPBUAFX_MSGMAP@@XZ 5f802aea f
 0001:00001af0       ?_GetBaseMessageMap@CReBar@@KGPBUAFX_MSGMAP@@XZ 5f802af0 f
 0001:00001af6       ?_GetBaseMessageMap@CControlBar@@KGPBUAFX_MSGMAP@@XZ 5f802af6 f
 0001:00001afc       ?GetMessageMap@CDockBar@@MBEPBUAFX_MSGMAP@@XZ 5f802afc f
 0001:00001b02       ?GetFirstViewPosition@CDocument@@UBEPAU__POSITION@@XZ 5f802b02 f
 0001:00001b06       ?GetNextView@CDocument@@UBEPAVCView@@AAPAU__POSITION@@@Z 5f802b06 f
 0001:00001b1a       ?AfxOleTermOrFreeLib@@YGXHH@Z 5f802b1a f
 0001:00001b62       ?DeleteTemp@CHandleMap@@QAEXXZ 5f802b62 f
 0001:00001bcb       ?SendMessageToDescendants@CWnd@@SGXPAUHWND__@@IIJHH@Z 5f802bcb f
 0001:00001c4a       ?GetFirstDocPosition@CSingleDocTemplate@@UBEPAU__POSITION@@XZ 5f802c4a f
 0001:00001c52       ?GetNextDoc@CSingleDocTemplate@@UBEPAVCDocument@@AAPAU__POSITION@@@Z 5f802c52 f
 0001:00001c66       ?GetWindowTextW@CWnd@@QBEXAAVCString@@@Z 5f802c66 f
 0001:00001ca4       ?OnIdleUpdateCmdUI@CControlBar@@QAEJIJ@Z 5f802ca4 f
 0001:00001d37       ?OnUpdateCmdUI@CStatusBar@@UAEXPAVCFrameWnd@@H@Z 5f802d37 f
 0001:00001dab       ?OnUpdateKeyIndicator@CFrameWnd@@IAEXPAVCCmdUI@@@Z 5f802dab f
 0001:00001df3       ?Enable@CStatusCmdUI@@UAEXH@Z 5f802df3 f
 0001:00001e2c       ?GetPaneStyle@CStatusBar@@QBEIH@Z 5f802e2c f
 0001:00001e3d       ?SetPaneStyle@CStatusBar@@QAEXHI@Z 5f802e3d f
 0001:00001e89       ?UpdateDialogControls@CWnd@@QAEXPAVCCmdTarget@@H@Z 5f802e89 f
 0001:00001f74       ?OnUpdateCmdUI@CDockBar@@MAEXPAVCFrameWnd@@H@Z 5f802f74 f
 0001:00001f77       ?OnUpdateCmdUI@CToolBar@@UAEXPAVCFrameWnd@@H@Z 5f802f77 f
 0001:00002023       ?_GetButton@CToolBar@@IBEXHPAU_TBBUTTON@@@Z 5f803023 f
 0001:00002042       ?Enable@CToolCmdUI@@UAEXH@Z 5f803042 f
 0001:00002082       ?GetButtonStyle@CToolBar@@QBEIH@Z 5f803082 f
 0001:000020a5       ?SetButtonStyle@CToolBar@@QAEXHI@Z 5f8030a5 f
 0001:000020f4       ?GetFirstDocTemplatePosition@CDocManager@@UBEPAU__POSITION@@XZ 5f8030f4 f
 0001:000020f8       ?GetNextDocTemplate@CDocManager@@UBEPAVCDocTemplate@@AAPAU__POSITION@@@Z 5f8030f8 f
 0001:00002108       ?SetCheck@CToolCmdUI@@UAEXH@Z 5f803108 f
 0001:00002149       ?OnIdleUpdateCmdUI@CFrameWnd@@IAEXXZ 5f803149 f
 0001:0000218f       ?OnNotify@CWnd@@MAEHIJPAJ@Z 5f80318f f
 0001:00002209       ?GetScrollBarCtrl@CView@@UBEPAVCScrollBar@@H@Z 5f803209 f
 0001:0000227e       ?GetParentSplitter@CView@@SGPAVCSplitterWnd@@PBVCWnd@@H@Z 5f80327e f
 0001:000022c2       ?GetScrollPos@CWnd@@QBEHH@Z 5f8032c2 f
 0001:000022ea       ?_GetBaseClass@CSplitterWnd@@KGPAUCRuntimeClass@@XZ 5f8032ea f
 0001:000022f0       ?_GetBaseClass@CByteArray@@KGPAUCRuntimeClass@@XZ 5f8032f0 f
 0001:000022f6       ?OnIdle@CWinApp@@UAEHJ@Z   5f8032f6 f
 0001:00002360       ?OnIdle@CWinThread@@UAEHJ@Z 5f803360 f
 0001:0000245e       ?OnIdle@CDocTemplate@@UAEXXZ 5f80345e f
 0001:0000248f       ?OnIdle@COleDocument@@UAEXXZ 5f80348f f
 0001:000024e5       ?AfxLockTempMaps@@YGXXZ    5f8034e5 f
 0001:000024ee       ?AfxUnlockTempMaps@@YGHH@Z 5f8034ee f
 0001:000025d5       ?OnUpdateCharBold@CRichEditView@@IAEXPAVCCmdUI@@@Z 5f8035d5 f
 0001:000025e5       ?OnUpdateCharEffect@CRichEditView@@QAEXPAVCCmdUI@@KK@Z 5f8035e5 f
 0001:0000261b       ?GetCharFormatSelection@CRichEditView@@QAEAAU_charformat@@XZ 5f80361b f
 0001:00002648       ?OnUpdateCharItalic@CRichEditView@@IAEXPAVCCmdUI@@@Z 5f803648 f
 0001:00002658       ?OnUpdateCharUnderline@CRichEditView@@IAEXPAVCCmdUI@@@Z 5f803658 f
 0001:00002668       ?OnUpdateParaLeft@CRichEditView@@IAEXPAVCCmdUI@@@Z 5f803668 f
 0001:00002676       ?OnUpdateParaAlign@CRichEditView@@QAEXPAVCCmdUI@@G@Z 5f803676 f
 0001:000026bd       ?GetParaFormatSelection@CRichEditView@@QAEAAU_paraformat@@XZ 5f8036bd f
 0001:000026ea       ?OnUpdateParaCenter@CRichEditView@@IAEXPAVCCmdUI@@@Z 5f8036ea f
 0001:000026f8       ?OnUpdateParaRight@CRichEditView@@IAEXPAVCCmdUI@@@Z 5f8036f8 f
 0001:00002706       ?OnUpdateBullet@CRichEditView@@IAEXPAVCCmdUI@@@Z 5f803706 f
 0001:00002732       ?GetDlgCtrlID@CWnd@@QBEHXZ 5f803732 f
 0001:00002747       ?AfxA2WHelper@@YGPAGPAGPBDH@Z 5f803747 f
 0001:00002770       ?OnUpdateNeedText@CRichEditView@@IAEXPAVCCmdUI@@@Z 5f803770 f
 0001:00002794       ?OnUpdateNeedSel@CRichEditView@@IAEXPAVCCmdUI@@@Z 5f803794 f
 0001:000027bf       ?GetSel@CRichEditCtrl@@QBEXAAJ0@Z 5f8037bf f
 0001:000027ec       ?OnUpdateEditPasteSpecial@CRichEditView@@IAEXPAVCCmdUI@@@Z 5f8037ec f
 0001:00002803       ?CanPaste@CRichEditView@@QBEHXZ 5f803803 f
 0001:0000282d       ?OnUpdateEditUndo@CEditView@@IAEXPAVCCmdUI@@@Z 5f80382d f
 0001:0000284b       ?OnKeyDown@CRichEditView@@IAEXIII@Z 5f80384b f
 0001:0000286a       ?GetParaFormat@CRichEditCtrl@@QBEKAAU_paraformat@@@Z 5f80386a f
 0001:00002888       ?OnSelChange@CRichEditView@@IAEXPAUtagNMHDR@@PAJ@Z 5f803888 f
 0001:000028a1       ?GetSelectionCharFormat@CRichEditCtrl@@QBEKAAU_charformat@@@Z 5f8038a1 f
 0001:000028bf       ??2@YAPAXI@Z               5f8038bf f
 0001:000028e8       ?AfxSetNewHandler@@YGP6AHI@ZP6AHI@Z@Z 5f8038e8 f
 0001:000028fc       ??ACMapPtrToPtr@@QAEAAPAXPAX@Z 5f8038fc f
 0001:0000294e       ?GetAssocAt@CMapPtrToPtr@@IBEPAUCAssoc@1@PAXAAI@Z 5f80394e f
 0001:00002980       ?NewAssoc@CMapPtrToPtr@@IAEPAUCAssoc@1@XZ 5f803980 f
 0001:000029cd       ?Create@CPlex@@SGPAU1@AAPAU1@II@Z 5f8039cd f
 0001:000029ed       ?CreateObject@CRuntimeClass@@QAEPAVCObject@@XZ 5f8039ed f
 0001:00002a25       ?GetSuperWndProcAddr@CWnd@@MAEPAP6GJPAUHWND__@@IIJ@ZXZ 5f803a25 f
 0001:00002a29       ?InitHashTable@CMapStringToString@@QAEXIH@Z 5f803a29 f
 0001:00002a67       ?CreateObject@CTempWnd@@SGPAVCObject@@XZ 5f803a67 f
 0001:00002aa7       ?AfxLoadString@@YGHIPAGI@Z 5f803aa7 f
 0001:00002be7       ??4CString@@QAEABV0@PBG@Z  5f803be7 f
 0001:00002c0e       ?AssignCopy@CString@@IAEXHPBG@Z 5f803c0e f
 0001:00002c41       ?AllocBeforeWrite@CString@@IAEXH@Z 5f803c41 f
 0001:00002c6a       ?SetWindowTextW@CWnd@@QAEXPBG@Z 5f803c6a f
 0001:00002cb2       ?Release@CString@@IAEXXZ   5f803cb2 f
 0001:00002cc4       ?Empty@CString@@QAEXXZ     5f803cc4 f
 0001:00002ccd       ??0CString@@QAE@PBG@Z      5f803ccd f
 0001:00002d1d       ?_AfxMsgFilterHook@@YGJHIJ@Z 5f803d1d f
 0001:00002d56       ?ProcessMessageFilter@CWinThread@@UAEHHPAUtagMSG@@@Z 5f803d56 f
 0001:00002dd9       ?FromHandle@CMenu@@SGPAV1@PAUHMENU__@@@Z 5f803dd9 f
 0001:00002dee       ?afxMapHMENU@@YGPAVCHandleMap@@H@Z 5f803dee f
 0001:00002e62       ?CreateObject@CTempMenu@@SGPAVCObject@@XZ 5f803e62 f
 0001:00002e7f       ?OnEnterIdle@CWnd@@IAEXIPAV1@@Z 5f803e7f f
 0001:00002eb7       ??0CString@@QAE@ABV0@@Z    5f803eb7 f
 0001:00002ede       ?ConcatCopy@CString@@IAEXHPBGH0@Z 5f803ede f
 0001:00002f1f       ?AfxGetFileName@@YGIPBGPAGI@Z 5f803f1f f
 0001:00002f72       ?UpdateAllPanes@CStatusBar@@IAEXHH@Z 5f803f72 f
 0001:000030ba       ?SetPaneText@CStatusBar@@QAEHHPBGH@Z 5f8040ba f
 0001:00003170       ?OnSetMessageString@CFrameWnd@@IAEJIJ@Z 5f804170 f
 0001:00003233       ?GetMessageBar@CFrameWnd@@UAEPAVCWnd@@XZ 5f804233 f
 0001:00003243       ?GetDescendantWindow@CWnd@@SGPAV1@PAUHWND__@@HH@Z 5f804243 f
 0001:000032bd       ?OnPaint@CStatusBar@@IAEXXZ 5f8042bd f
 0001:000032d2       ?SetMessageText@CFrameWnd@@QAEXI@Z 5f8042d2 f
 0001:000032e9       ?GetMessageString@CFrameWnd@@UBEXIAAVCString@@@Z 5f8042e9 f
 0001:00003331       ?OnSetText@CStatusBar@@IAEJIJ@Z 5f804331 f
 0001:0000335c       ?CommandToIndex@CStatusBar@@QBEHI@Z 5f80435c f
 0001:00003385       ?IsTracking@CFrameWnd@@QBEHXZ 5f804385 f
 0001:000033a4       ?OnMenuSelect@CFrameWnd@@IAEXIIPAUHMENU__@@@Z 5f8043a4 f
 0001:0000349f       ?OnSysCommand@CFrameWnd@@IAEXIJ@Z 5f80449f f
 0001:000034c8       ?OnInitMenu@CFrameWnd@@IAEXPAVCMenu@@@Z 5f8044c8 f
 0001:000034e1       ?OnInitMenuPopup@CFrameWnd@@IAEXPAVCMenu@@IH@Z 5f8044e1 f
 0001:00003605       ?AfxCancelModes@@YGXPAUHWND__@@@Z 5f804605 f
 0001:00003653       ?_AfxIsComboBoxControl@@YGHPAUHWND__@@I@Z 5f804653 f
 0001:0000367c       ?OnEnterIdle@CFrameWnd@@IAEXIPAVCWnd@@@Z 5f80467c f
 0001:000036ad       ?AfxGetFileTitle@@YGIPBGPAGI@Z 5f8046ad f
 0001:000036ea       _GetFileTitleW@12          5f8046ea f
 0001:000036f0       ?GetStartPosition@COleDocument@@UBEPAU__POSITION@@XZ 5f8046f0 f
 0001:000036f4       ?GetNextItemOfKind@COleDocument@@IBEPAVCDocItem@@AAPAU__POSITION@@PAUCRuntimeClass@@@Z 5f8046f4 f
 0001:0000370e       ?GetNextServerItem@COleDocument@@QBEPAVCOleServerItem@@AAPAU__POSITION@@@Z 5f80470e f
 0001:0000371f       ?GetStartPosition@CRichEditDoc@@UBEPAU__POSITION@@XZ 5f80471f f
 0001:00003738       ?UpdateAllItems@COleServerDoc@@QAEXPAVCOleServerItem@@JPAVCObject@@W4tagDVASPECT@@@Z 5f804738 f
 0001:00003762       ??1CDC@@UAE@XZ             5f804762 f
 0001:000037a4       ?PreInitDialog@CDialog@@MAEXXZ 5f8047a4 f
 0001:000037a5       ??0CDC@@QAE@XZ             5f8047a5 f
 0001:000037b9       ?afxMapHGDIOBJ@@YGPAVCHandleMap@@H@Z 5f8047b9 f
 0001:0000382d       ?_AfxHandleActivate@@YGXPAVCWnd@@I0@Z 5f80482d f
 0001:0000388e       ?SetWindowPos@CWnd@@QAEHPBV1@HHHHI@Z 5f80488e f
 0001:000038c5       ??3@YAXPAX@Z               5f8048c5 f
 0001:000038d1       ?DeleteObject@CGdiObject@@QAEHXZ 5f8048d1 f
 0001:000038e7       ?ShowWindow@CWnd@@QAEHH@Z  5f8048e7 f
 0001:00003902       ?ExternalAddRef@CCmdTarget@@QAEKXZ 5f804902 f
 0001:00003918       ?RemoveKey@CMapPtrToPtr@@QAEHPAX@Z 5f804918 f
 0001:0000395a       ?FreeAssoc@CMapWordToOb@@IAEXPAUCAssoc@1@@Z 5f80495a f
 0001:00003975       ?OnActivateView@CView@@MAEXHPAV1@0@Z 5f804975 f
 0001:00003995       ?GetNextAssoc@CMapPtrToPtr@@QBEXAAPAU__POSITION@@AAPAX1@Z 5f804995 f
 0001:00003a09       ??_GCTempWnd@@UAEPAXI@Z    5f804a09 f
 0001:00003a09       ??_ECTempWnd@@UAEPAXI@Z    5f804a09 f
 0001:00003a29       ??_GCTempMenu@@UAEPAXI@Z   5f804a29 f
 0001:00003a29       ??_ECTempMenu@@UAEPAXI@Z   5f804a29 f
 0001:00003a49       ??1CTempMenu@@UAE@XZ       5f804a49 f
 0001:00003a7c       ?DestroyMenu@CMenu@@QAEHXZ 5f804a7c f
 0001:00003a89       ?afxMapHDC@@YGPAVCHandleMap@@H@Z 5f804a89 f
 0001:00003afd       ?Detach@CDC@@QAEPAUHDC__@@XZ 5f804afd f
 0001:00003b2d       ?ReleaseAttribDC@CDC@@UAEXXZ 5f804b2d f
 0001:00003b32       ?DestroyWindow@CWnd@@UAEHXZ 5f804b32 f
 0001:00003b78       ?OnDestroy@CWnd@@IAEXXZ    5f804b78 f
 0001:00003b93       ?OnNcDestroy@CWnd@@IAEXXZ  5f804b93 f
 0001:00003c88       ?Detach@CWnd@@QAEPAUHWND__@@XZ 5f804c88 f
 0001:00003cb5       ?OnEndPrinting@CView@@MAEXPAVCDC@@PAUCPrintInfo@@@Z 5f804cb5 f
 0001:00003cb8       ?OnNcActivate@CFrameWnd@@IAEHH@Z 5f804cb8 f
 0001:00003cf1       ?IsWindowEnabled@CWnd@@QBEHXZ 5f804cf1 f
 0001:00003d06       ?OnActivate@CFrameWnd@@IAEXIPAVCWnd@@H@Z 5f804d06 f
 0001:00003de0       ?NotifyFloatingWindows@CFrameWnd@@QAEXK@Z 5f804de0 f
 0001:00003e78       ?AfxIsDescendant@@YGHPAUHWND__@@0@Z 5f804e78 f
 0001:00003e96       ?OnParentNotify@CWnd@@IAEXIJ@Z 5f804e96 f
 0001:00003ec5       ?AfxGlobalFree@@YGXPAX@Z   5f804ec5 f
 0001:00003efd       ?OnDeleteItem@CWnd@@IAEXHPAUtagDELETEITEMSTRUCT@@@Z 5f804efd f
 0001:00003f1d       ?MeasureItem@CComboBox@@UAEXPAUtagMEASUREITEMSTRUCT@@@Z 5f804f1d f
 0001:00003f20       ?SetSize@CObArray@@QAEXHH@Z 5f804f20 f
 0001:0000403a       ?SetAtGrow@CPtrArray@@QAEXHPAX@Z 5f80503a f
 0001:00004061       ?OnChildNotify@CComboBox@@MAEHIIJPAJ@Z 5f805061 f
 0001:000040b1       ?Attach@CWnd@@QAEHPAUHWND__@@@Z 5f8050b1 f
 0001:000040e9       ?FromHandle@CGdiObject@@SGPAV1@PAX@Z 5f8050e9 f
 0001:000040fe       ?AfxHookWindowCreate@@YGXPAVCWnd@@@Z 5f8050fe f
 0001:0000414b       ?AfxGetAfxWndProc@@YGP6GJPAUHWND__@@IIJ@ZXZ 5f80514b f
 0001:00004157       ?CreateObject@CTempGdiObject@@SGPAVCObject@@XZ 5f805157 f
 0001:00004174       ?CreateObject@CTempDC@@SGPAVCObject@@XZ 5f805174 f
 0001:0000419a       ?OnEraseBkgnd@CFrameWnd@@IAEHPAVCDC@@@Z 5f80519a f
 0001:000041b0       ?SetViewportOrg@CDC@@UAE?AVCPoint@@HH@Z 5f8051b0 f
 0001:000041f3       ??_GCTempGdiObject@@UAEPAXI@Z 5f8051f3 f
 0001:000041f3       ??_ECTempGdiObject@@UAEPAXI@Z 5f8051f3 f
 0001:00004213       ??1CTempGdiObject@@UAE@XZ  5f805213 f
 0001:00004246       ?Attach@CDC@@QAEHPAUHDC__@@@Z 5f805246 f
 0001:0000427c       ?SetAttribDC@CDC@@UAEXPAUHDC__@@@Z 5f80527c f
 0001:00004286       ?SetFocus@CWnd@@QAEPAV1@XZ 5f805286 f
 0001:000042a1       ?IsTopParentActive@CWnd@@QBEHXZ 5f8052a1 f
 0001:000042d5       ?AfxUnhookWindowCreate@@YGHXZ 5f8052d5 f
 0001:000042f5       ?LoadStringW@CString@@QAEHI@Z 5f8052f5 f
 0001:00004343       _memcmp                    5f805343 f
 0001:00004349       ?FromHandle@CDC@@SGPAV1@PAUHDC__@@@Z 5f805349 f
 0001:0000435e       ??_GCTempDC@@UAEPAXI@Z     5f80535e f
 0001:0000435e       ??_ECTempDC@@UAEPAXI@Z     5f80535e f
 0001:0000437e       ??YCString@@QAEABV0@ABV0@@Z 5f80537e f
 0001:00004396       ?ConcatInPlace@CString@@IAEXHPBG@Z 5f805396 f
 0001:000043fa       ?OnSetFocus@CFrameWnd@@IAEXPAVCWnd@@@Z 5f8053fa f
 0001:00004415       ?_mbstowcsz@@YAHPAGPBDI@Z  5f805415 f
 0001:00004446       ??1COleLinksDialog@@UAE@XZ 5f805446 f
 0001:0000444c       ??1CDialog@@UAE@XZ         5f80544c f
 0001:00004489       ??0CDialog@@QAE@IPAVCWnd@@@Z 5f805489 f
 0001:000044c2       ?GetMessageMap@CWnd@@MBEPBUAFX_MSGMAP@@XZ 5f8054c2 f
 0001:000044c8       ?OnNTCtlColor@CWnd@@IAEJIJ@Z 5f8054c8 f
 0001:0000450e       ?GrayCtlColor@CWnd@@SGHPAUHDC__@@PAUHWND__@@IPAUHBRUSH__@@K@Z 5f80550e f
 0001:00004534       ?OnCtlColor@CWnd@@IAEPAUHBRUSH__@@PAVCDC@@PAV1@I@Z 5f805534 f
 0001:0000455a       ?GetDlgItem@CWnd@@QBEPAV1@H@Z 5f80555a f
 0001:0000457b       ?AfxDlgProc@@YGHPAUHWND__@@IIJ@Z 5f80557b f
 0001:000045b4       ?OnCtlColor@CDialog@@IAEPAUHBRUSH__@@PAVCDC@@PAVCWnd@@I@Z 5f8055b4 f
 0001:000045c8       ?OnGrayCtlColor@CWnd@@QAEPAUHBRUSH__@@PAVCDC@@PAV1@I@Z 5f8055c8 f
 0001:00004629       ?OnCtlColor@CControlBar@@QAEPAUHBRUSH__@@PAVCDC@@PAVCWnd@@I@Z 5f805629 f
 0001:0000467d       ?GetMessageMap@CDialog@@MBEPBUAFX_MSGMAP@@XZ 5f80567d f
 0001:00004683       ?SaveDC@CDC@@UAEHXZ        5f805683 f
 0001:000046ae       ?RestoreDC@CDC@@UAEHH@Z    5f8056ae f
 0001:000046ed       ?InternalQueryInterface@CCmdTarget@@QAEKPBXPAPAX@Z 5f8056ed f
 0001:0000472f       ?GetInterface@CCmdTarget@@QAEPAUIUnknown@@PBX@Z 5f80572f f
 0001:000047e3       ?SetOccDialogInfo@CWnd@@MAEHPAU_AFX_OCC_DIALOG_INFO@@@Z 5f8057e3 f
 0001:00004808       ?ExternalRelease@CCmdTarget@@QAEKXZ 5f805808 f
 0001:00004813       ?InternalRelease@CCmdTarget@@QAEKXZ 5f805813 f
 0001:0000484d       ?QueryAggregates@CCmdTarget@@QAEPAUIUnknown@@PBX@Z 5f80584d f
 0001:00004887       ?_GetBaseInterfaceMap@COleLinkingDoc@@KGPBUAFX_INTERFACEMAP@@XZ 5f805887 f
 0001:0000488d       ?ExternalQueryInterface@CCmdTarget@@QAEKPBXPAPAX@Z 5f80588d f
 0001:000048a8       ?AddHead@CSimpleList@@QAEXPAX@Z 5f8058a8 f
 0001:000048bb       ??0CMapPtrToPtr@@QAE@H@Z   5f8058bb f
 0001:000048e2       ??0CPtrList@@QAE@H@Z       5f8058e2 f
 0001:00004905       __imp_load__OleInitialize@4 5f805905 f
 0001:0000490c       __tailMerge_ole32          5f80590c f
 0001:0000491a       ___delayLoadHelper@8       5f80591a f
 0001:00004a2b       ?OnActivateTopLevel@CWnd@@IAEJIJ@Z 5f805a2b f
 0001:00004a4f       ?RemoveAll@CObList@@QAEXXZ 5f805a4f f
 0001:00004a6f       ??1CPtrList@@UAE@XZ        5f805a6f f
 0001:00004aa2       ?Detach@CGdiObject@@QAEPAXXZ 5f805aa2 f
 0001:00004acb       ?GetNextClientItem@COleDocument@@QBEPAVCOleClientItem@@AAPAU__POSITION@@@Z 5f805acb f
 0001:00004adc       ?_AfxRelease@@YGKPAPAUIUnknown@@@Z 5f805adc f
 0001:00004af8       ?UpdateVisibleLock@COleLinkingDoc@@IAEXHH@Z 5f805af8 f
 0001:00004b34       ?LockExternal@COleLinkingDoc@@IAEXHH@Z 5f805b34 f
 0001:00004b7a       ?UpdateFrameCounts@CDocument@@UAEXXZ 5f805b7a f
 0001:00004c6d       ?Revoke@COleLinkingDoc@@QAEXXZ 5f805c6d f
 0001:00004cd1       ?DeleteContents@COleDocument@@UAEXXZ 5f805cd1 f
 0001:00004cfd       ?IsVisible@CControlBar@@UBEHXZ 5f805cfd f
 0001:00004d20       ?DeleteContents@COleServerDoc@@UAEXXZ 5f805d20 f
 0001:00004d8f       ?GetInterfaceHook@COleServerDoc@@MAEPAUIUnknown@@PBX@Z 5f805d8f f
 0001:00004db2       ?GetInterfaceMap@COleServerDoc@@MBEPBUAFX_INTERFACEMAP@@XZ 5f805db2 f
 0001:00004db8       ?QueryInterface@XPersistStorage@COleServerDoc@@UAGJABU_GUID@@PAPAX@Z 5f805db8 f
 0001:00004dd2       ?_GetBaseInterfaceMap@COleServerDoc@@KGPBUAFX_INTERFACEMAP@@XZ 5f805dd2 f
 0001:00004dd8       ?Release@XPersistStorage@COleServerDoc@@UAGKXZ 5f805dd8 f
 0001:00004dea       ?GetInterfaceMap@COleLinkingDoc@@MBEPBUAFX_INTERFACEMAP@@XZ 5f805dea f
 0001:00004df0       ?QueryInterface@XPersistFile@COleLinkingDoc@@UAGJABU_GUID@@PAPAX@Z 5f805df0 f
 0001:00004e0a       ?Release@XPersistFile@COleLinkingDoc@@UAGKXZ 5f805e0a f
 0001:00004e1c       ?AfxOleGetUserCtrl@@YGHXZ  5f805e1c f
 0001:00004e25       __imp_load__CoTaskMemFree@4 5f805e25 f
 0001:00004e31       __imp_load__RegSetValueExW@24 5f805e31 f
 0001:00004e3d       ??1CCommandLineInfo@@UAE@XZ 5f805e3d f
 0001:00004e9a       __DllMainCRTStartup@12     5f805e9a f
 0001:00004f3c       _RawDllMain@12             5f805f3c f
 0001:00004ffb       ?CreateObject@?$CThreadLocal@V_AFX_THREAD_STATE@@@@SGPAVCNoTrackObject@@XZ 5f805ffb f
 0001:0000502f       ??2CNoTrackObject@@SGPAXI@Z 5f80602f f
 0001:0000504c       ??0_AFX_THREAD_STATE@@QAE@XZ 5f80604c f
 0001:00005063       ?SetValue@CThreadSlotData@@QAEXHPAX@Z 5f806063 f
 0001:0000514b       __CRT_INIT@12              5f80614b f
 0001:00005201       ?CreateObject@?$CThreadLocal@VAFX_MODULE_THREAD_STATE@@@@SGPAVCNoTrackObject@@XZ 5f806201 f
 0001:00005235       ??0AFX_MODULE_THREAD_STATE@@QAE@XZ 5f806235 f
 0001:0000529a       _DllMain@12                5f80629a f
 0001:00005421       ?_AfxGetOleModuleState@@YGPAVAFX_MODULE_STATE@@XZ 5f806421 f
 0001:00005427       ?AfxSetModuleState@@YGPAVAFX_MODULE_STATE@@PAV1@@Z 5f806427 f
 0001:00005445       ?AfxDeleteObject@@YGXPAPAX@Z 5f806445 f
 0001:00005460       ?CancelToolTips@CWnd@@SGXH@Z 5f806460 f
 0001:0000548f       ?AddTail@CObList@@QAEPAU__POSITION@@PAVCObject@@@Z 5f80648f f
 0001:000054b8       ?NewNode@CObList@@IAEPAUCNode@1@PAU21@0@Z 5f8064b8 f
 0001:00005510       ?GetExStyle@CWnd@@QBEKXZ   5f806510 f
 0001:00005527       ?OnChangedViewList@CDocument@@UAEXXZ 5f806527 f
 0001:0000553f       ?GetDockedControlBar@CDockBar@@IBEPAVCControlBar@@H@Z 5f80653f f
 0001:0000555b       ?SetActiveView@CFrameWnd@@QAEXPAVCView@@H@Z 5f80655b f
 0001:000055ab       ?OnActivateTopLevel@CFrameWnd@@IAEJIJ@Z 5f8065ab f
 0001:00005625       ?ExitHelpMode@CFrameWnd@@UAEXXZ 5f806625 f
 0001:0000563d       ?OnShowWindow@CWnd@@IAEXHI@Z 5f80663d f
 0001:00005645       ?AllocElements@CStatusBar@@QAEHHH@Z 5f806645 f
 0001:000056aa       ?AllocElements@CControlBar@@QAEHHH@Z 5f8066aa f
 0001:000056e5       ?IsDockBar@CControlBar@@UBEHXZ 5f8066e5 f
 0001:000056e8       ?IsDockBar@CDockBar@@UBEHXZ 5f8066e8 f
 0001:000056ec       ??0CPtrArray@@QAE@XZ       5f8066ec f
 0001:00005703       __imp_load__RegCloseKey@4  5f806703 f
 0001:0000570a       __tailMerge_ADVAPI32       5f80670a f
 0001:00005718       ?ScreenToClient@CWnd@@QBEXPAUtagRECT@@@Z 5f806718 f
 0001:00005750       ??1CWinThread@@UAE@XZ      5f806750 f
 0001:000057a1       ?Remove@CSimpleList@@QAEHPAX@Z 5f8067a1 f
 0001:000057c9       ?DeleteValues@CThreadSlotData@@QAEXPAUHINSTANCE__@@H@Z 5f8067c9 f
 0001:00005822       ?DeleteValues@CThreadSlotData@@QAEXPAUCThreadData@@PAUHINSTANCE__@@@Z 5f806822 f
 0001:000058bf       ??_E_AFX_THREAD_STATE@@UAEPAXI@Z 5f8068bf f
 0001:000058bf       ??_G_AFX_THREAD_STATE@@UAEPAXI@Z 5f8068bf f
 0001:000058da       ??1_AFX_THREAD_STATE@@UAE@XZ 5f8068da f
 0001:00005944       ??3CNoTrackObject@@SGXPAX@Z 5f806944 f
 0001:00005958       ??_GAFX_MODULE_THREAD_STATE@@UAEPAXI@Z 5f806958 f
 0001:00005958       ??_EAFX_MODULE_THREAD_STATE@@UAEPAXI@Z 5f806958 f
 0001:00005973       ??1AFX_MODULE_THREAD_STATE@@UAE@XZ 5f806973 f
 0001:00005a45       ??1CMapPtrToPtr@@UAE@XZ    5f806a45 f
 0001:00005a78       ??1CHandleMap@@QAE@XZ      5f806a78 f
 0001:00005ab9       ??_G_AFX_CTL3D_THREAD@@UAEPAXI@Z 5f806ab9 f
 0001:00005ab9       ??_E_AFX_CTL3D_THREAD@@UAEPAXI@Z 5f806ab9 f
 0001:00005ad4       ??1_AFX_CTL3D_THREAD@@UAE@XZ 5f806ad4 f
 0001:00005b0c       ??_GCThreadData@@UAEPAXI@Z 5f806b0c f
 0001:00005b0c       ??_ECThreadData@@UAEPAXI@Z 5f806b0c f
 0001:00005b27       ??1_AFX_DB_STATE@@UAE@XZ   5f806b27 f
 0001:00005b28       ?GetDataNA@CThreadLocalObject@@QAEPAVCNoTrackObject@@XZ 5f806b28 f
 0001:00005b55       ?SaveModified@COleDocument@@UAEHXZ 5f806b55 f
 0001:00005b91       ?SaveModified@CDocument@@UAEHXZ 5f806b91 f
 0001:00005bbd       ?SaveModified@COleServerDoc@@MAEHXZ 5f806bbd f
 0001:00005bd6       ??0CFile@@QAE@XZ           5f806bd6 f
 0001:00005c16       ??0CArchive@@QAE@PAVCFile@@IHPAX@Z 5f806c16 f
 0001:00005cee       ?GetFilePath@CFile@@UBE?AVCString@@XZ 5f806cee f
 0001:00005d2e       ??0CFileStatus@@QAE@XZ     5f806d2e f
 0001:00005d4a       ??0CTimeSpan@@QAE@XZ       5f806d4a f
 0001:00005d4d       ?GetStatus@CFile@@QBEHAAUCFileStatus@@@Z 5f806d4d f
 0001:00005e2e       ?Close@CArchive@@QAEXXZ    5f806e2e f
 0001:00005e3c       ?Flush@CArchive@@QAEXXZ    5f806e3c f
 0001:00005ea1       ??1CArchive@@QAE@XZ        5f806ea1 f
 0001:00005ee0       ?Abort@CArchive@@QAEXXZ    5f806ee0 f
 0001:00005f1e       ??1CFile@@UAE@XZ           5f806f1e f
 0001:00005f6e       ?BeginWaitCursor@CCmdTarget@@QAEXXZ 5f806f6e f
 0001:00005f83       ?DoWaitCursor@CWinApp@@UAEXH@Z 5f806f83 f
 0001:00005fe2       ?EndWaitCursor@CCmdTarget@@QAEXXZ 5f806fe2 f
 0001:00005ff7       ?GetView@CRichEditDoc@@UBEPAVCRichEditView@@XZ 5f806ff7 f
 0001:00006036       ?IsModified@CRichEditDoc@@UAEHXZ 5f807036 f
 0001:00006051       ?DeleteContents@CRichEditDoc@@UAEXXZ 5f807051 f
 0001:000060be       ?UpdateModifiedFlag@CRichEditDoc@@UAEXXZ 5f8070be f
 0001:000060bf       ?GetLength@CFile@@UBEKXZ   5f8070bf f
 0001:000060ec       ?GetSectionKey@CWinApp@@QAEPAUHKEY__@@PBG@Z 5f8070ec f
 0001:00006132       ?GetAppRegistryKey@CWinApp@@QAEPAUHKEY__@@XZ 5f807132 f
 0001:000061c9       ??0CMemFile@@QAE@I@Z       5f8071c9 f
 0001:000061f9       ?GrowFile@CMemFile@@MAEXK@Z 5f8071f9 f
 0001:00006250       ?Alloc@CMemFile@@MAEPAEK@Z 5f807250 f
 0001:0000625e       ?Memcpy@CMemFile@@MAEPAEPAEPBEI@Z 5f80725e f
 0001:00006283       ?Seek@CMemFile@@UAEJJI@Z   5f807283 f
 0001:000062c1       ?GetBufferPtr@CMemFile@@UAEIIIPAPAX0@Z 5f8072c1 f
 0001:00006365       ?Serialize@CDockState@@UAEXAAVCArchive@@@Z 5f807365 f
 0001:00006487       ?Clear@CDockState@@QAEXXZ  5f807487 f
 0001:000064c3       ??1CMemFile@@UAE@XZ        5f8074c3 f
 0001:0000650f       ?Close@CMemFile@@UAEXXZ    5f80750f f
 0001:00006539       ?Free@CMemFile@@MAEXPAE@Z  5f807539 f
 0001:00006547       ??0CControlBarInfo@@QAE@XZ 5f807547 f
 0001:00006595       ?Serialize@CControlBarInfo@@QAEXAAVCArchive@@PAVCDockState@@@Z 5f807595 f
 0001:0000678c       ?GetVersion@CDockState@@QAEKXZ 5f80778c f
 0001:00006790       ?Enable@CCmdUI@@UAEXH@Z    5f807790 f
 0001:000067cd       ?OnUpdateRecentFileMenu@CWinApp@@IAEXPAVCCmdUI@@@Z 5f8077cd f
 0001:000067e7       ?UpdateMenu@CRecentFileList@@UAEXPAVCCmdUI@@@Z 5f8077e7 f
 0001:00006a07       ?GetMenuStringW@CMenu@@QBEHIAAVCString@@I@Z 5f807a07 f
 0001:00006a5d       ??0CTestCmdUI@@QAE@XZ      5f807a5d f
 0001:00006a76       ?OnUpdateFileExit@COleServerDoc@@IAEXPAVCCmdUI@@@Z 5f807a76 f
 0001:00006a87       ?UpdateUsingHostObj@COleServerDoc@@IAEXIPAVCCmdUI@@@Z 5f807a87 f
 0001:00006ab1       ?GetDisplayName@CRecentFileList@@QBEHAAVCString@@HPBGHH@Z 5f807ab1 f
 0001:00006bbe       ??H@YG?AVCString@@ABV0@0@Z 5f807bbe f
 0001:00006c24       ?_AfxAbbreviateName@@YGXPAGHH@Z 5f807c24 f
 0001:00006c58       ?OnUpdateFileSendMail@CDocument@@IAEXPAVCCmdUI@@@Z 5f807c58 f
 0001:00006ccc       ?OnCancelEditCntr@CRichEditView@@IAEXXZ 5f807ccc f
 0001:00006cd6       ?AfxOleCanExitApp@@YGHXZ   5f807cd6 f
 0001:00006ce6       ?AfxPostQuitMessage@@YGXH@Z 5f807ce6 f
 0001:00006d09       ?AfxOleTerm@@YGXH@Z        5f807d09 f
 0001:00006d64       ?FlushClipboard@COleDataSource@@SGXXZ 5f807d64 f
 0001:00006d72       ?GetClipboardOwner@COleDataSource@@SGPAV1@XZ 5f807d72 f
 0001:00006d93       ?CreateObject@?$CProcessLocal@V_AFX_OLE_STATE@@@@SGPAVCNoTrackObject@@XZ 5f807d93 f
 0001:00006dc4       ??0_AFX_OLE_STATE@@QAE@XZ  5f807dc4 f
 0001:00006dcd       ?RevokeAll@COleObjectFactory@@SGXXZ 5f807dcd f
 0001:00006e22       ?Revoke@COleObjectFactory@@QAEXXZ 5f807e22 f
 0001:00006e45       ?AfxOleUnlockAllControls@@YGXXZ 5f807e45 f
 0001:00006e6f       ?Disconnect@COleDispatchImpl@@UAEXXZ 5f807e6f f
 0001:00006e72       ?ExternalDisconnect@CCmdTarget@@QAEXXZ 5f807e72 f
 0001:00006e9f       ?ExitInstance@CWinApp@@UAEHXZ 5f807e9f f
 0001:00006ed5       ?SaveStdProfileSettings@CWinApp@@IAEXXZ 5f807ed5 f
 0001:00006ef7       ?AfxWinTerm@@YGXXZ         5f807ef7 f
 0001:00006f86       ??_ECOleMessageFilter@@UAEPAXI@Z 5f807f86 f
 0001:00006f86       ??_GCOleMessageFilter@@UAEPAXI@Z 5f807f86 f
 0001:00006fa2       ??1COleMessageFilter@@UAE@XZ 5f807fa2 f
 0001:00006fda       ?Revoke@COleMessageFilter@@QAEXXZ 5f807fda f
 0001:00006ff3       ?Release@XMessageFilter@COleMessageFilter@@UAGKXZ 5f807ff3 f
 0001:00007002       __imp_load__CoFreeUnusedLibraries@0 5f808002 f
 0001:0000700e       __imp_load__OleUninitialize@0 5f80800e f
 0001:00007057       ??1CWinApp@@UAE@XZ         5f808057 f
 0001:00007179       ??1COleObjectFactory@@UAE@XZ 5f808179 f
 0001:000071e0       ??_ECDynLinkLibrary@@UAEPAXI@Z 5f8081e0 f
 0001:000071e0       ??_GCDynLinkLibrary@@UAEPAXI@Z 5f8081e0 f
 0001:000071fc       ??1CDynLinkLibrary@@UAE@XZ 5f8081fc f
 0001:0000724c       ?AfxTermExtensionModule@@YGXAAUAFX_EXTENSION_MODULE@@H@Z 5f80824c f
 0001:0000728e       ?AfxTermLocalData@@YGXPAUHINSTANCE__@@H@Z 5f80828e f
 0001:000072a8       ?AfxResetMsgCache@@YGXXZ   5f8082a8 f
 0001:000072fe       ??1CThreadLocalObject@@QAE@XZ 5f8082fe f
 0001:00007321       ??1CProcessLocalObject@@QAE@XZ 5f808321 f
 0001:00007348       ?AfxEditviewTerm@@YAXXZ    5f808348 f
 0001:00007358       ??1AUX_DATA@@QAE@XZ        5f808358 f
 0001:00007362       ?AfxWingdixTerm@@YAXXZ     5f808362 f
 0001:00007372       ??1CUserException@@UAE@XZ  5f808372 f
 0001:0000737f       ??1CMemoryException@@UAE@XZ 5f80837f f
 0001:00007385       ??1CSimpleException@@UAE@XZ 5f808385 f
 0001:00007391       ??1CResourceException@@UAE@XZ 5f808391 f
 0001:000073a0       ?AfxTrackerTerm@@YAXXZ     5f8083a0 f
 0001:000073b5       ?_AfxWinminiTerm@@YAXXZ    5f8083b5 f
 0001:00007429       ??1CNotSupportedException@@UAE@XZ 5f808429 f
 0001:00007439       ??1AFX_MODULE_STATE@@UAE@XZ 5f808439 f
 0001:00007497       ?FreeSlot@CThreadSlotData@@QAEXH@Z 5f808497 f
 0001:00007508       ??_E_AFX_OLE_STATE@@UAEPAXI@Z 5f808508 f
 0001:00007508       ??_G_AFX_OLE_STATE@@UAEPAXI@Z 5f808508 f
 0001:00007523       ??1_AFX_OLE_STATE@@UAE@XZ  5f808523 f
 0001:0000753e       ??_E_AFX_CTL3D_STATE@@UAEPAXI@Z 5f80853e f
 0001:0000753e       ??_G_AFX_CTL3D_STATE@@UAEPAXI@Z 5f80853e f
 0001:00007559       ??1_AFX_CTL3D_STATE@@UAE@XZ 5f808559 f
 0001:000075e2       ??1CSessionMapPtrToPtr@@UAE@XZ 5f8085e2 f
 0001:00007631       ??1CSyncObject@@UAE@XZ     5f808631 f
 0001:0000766d       ??1CFixedAlloc@@QAE@XZ     5f80866d f
 0001:00007681       ?FreeAll@CFixedAlloc@@QAEXXZ 5f808681 f
 0001:00007725       ??_E_AFX_BASE_MODULE_STATE@@UAEPAXI@Z 5f808725 f
 0001:00007725       ??_G_AFX_BASE_MODULE_STATE@@UAEPAXI@Z 5f808725 f
 0001:00007768       ?AfxCriticalTerm@@YGXXZ    5f808768 f
 0001:000077b8       ?AfxTlsRelease@@YGXXZ      5f8087b8 f
 0001:000077e0       ??1CThreadSlotData@@QAE@XZ 5f8087e0 f
 0001:00007837       __imp_load__CoDisconnectObject@8 5f808837 f
 0001:00007843       ??_G_AFX_WIN_STATE@@UAEPAXI@Z 5f808843 f
 0001:00007843       ??_E_AFX_WIN_STATE@@UAEPAXI@Z 5f808843 f
 0001:0000785e       ??1_AFX_WIN_STATE@@UAE@XZ  5f80885e f
 0001:0000788b       ?OnAppExit@CWinApp@@IAEXXZ 5f80888b f
 0001:0000789e       ?OnClose@CFrameWnd@@IAEXXZ 5f80889e f
 0001:00007944       ?HideApplication@CWinApp@@QAEXXZ 5f808944 f
 0001:00007976       ?CloseAllDocuments@CWinApp@@QAEXH@Z 5f808976 f
 0001:0000798c       ?CloseAllDocuments@CDocManager@@UAEXH@Z 5f80898c f
 0001:000079ad       ?CloseAllDocuments@CDocTemplate@@UAEXH@Z 5f8089ad f
 0001:000079e0       ?OnCloseDocument@COleLinkingDoc@@UAEXXZ 5f8089e0 f
 0001:00007a40       ?OnCloseDocument@COleDocument@@UAEXXZ 5f808a40 f
 0001:00007a64       ?OnCloseDocument@CDocument@@UAEXXZ 5f808a64 f
 0001:00007ab3       ?OnDestroy@CFrameWnd@@IAEXXZ 5f808ab3 f
 0001:00007b00       ?DestroyDockBars@CFrameWnd@@QAEXXZ 5f808b00 f
 0001:00007b85       ?OnDestroy@CView@@IAEXXZ   5f808b85 f
 0001:00007bb4       ?PostNcDestroy@CView@@MAEXXZ 5f808bb4 f
 0001:00007bc0       ??1CScrollView@@UAE@XZ     5f808bc0 f
 0001:00007bc6       ??1CView@@UAE@XZ           5f808bc6 f
 0001:00007c17       ?RemoveView@CDocument@@QAEXPAVCView@@@Z 5f808c17 f
 0001:00007c46       ?Find@CObList@@QBEPAU__POSITION@@PAVCObject@@PAU2@@Z 5f808c46 f
 0001:00007c69       ?RemoveAt@CObList@@QAEXPAU__POSITION@@@Z 5f808c69 f
 0001:00007ca0       ?FreeNode@CObList@@IAEXPAUCNode@1@@Z 5f808ca0 f
 0001:00007cbb       ?PostNcDestroy@CFrameWnd@@MAEXXZ 5f808cbb f
 0001:00007cc7       ??1CFrameWnd@@UAE@XZ       5f808cc7 f
 0001:00007d44       ?RemoveFrameWnd@CFrameWnd@@IAEXXZ 5f808d44 f
 0001:00007d65       ??1COleLinkingDoc@@UAE@XZ  5f808d65 f
 0001:00007dbd       ?DisconnectViews@CDocument@@QAEXXZ 5f808dbd f
 0001:00007dcc       ??1COleDocument@@UAE@XZ    5f808dcc f
 0001:00007e39       ?AfxOleUnlockApp@@YGXXZ    5f808e39 f
 0001:00007e50       ?AfxOleOnReleaseAllObjects@@YGXXZ 5f808e50 f
 0001:00007e60       ??1CObList@@UAE@XZ         5f808e60 f
 0001:00007e93       ??1CDocument@@UAE@XZ       5f808e93 f
 0001:00007eff       ?RemoveDocument@CDocTemplate@@UAEXPAVCDocument@@@Z 5f808eff f
 0001:00007f0a       ?DestroyWindow@CControlBar@@UAEHXZ 5f808f0a f
 0001:00007f2a       ?IsFloating@CControlBar@@QBEHXZ 5f808f2a f
 0001:00007f42       ?OnDestroy@CControlBar@@QAEXXZ 5f808f42 f
 0001:00007f70       ?RemoveControlBar@CFrameWnd@@QAEXPAVCControlBar@@@Z 5f808f70 f
 0001:00007f91       ?PostNcDestroy@CControlBar@@UAEXXZ 5f808f91 f
 0001:00007fa3       ??_GCDockBar@@UAEPAXI@Z    5f808fa3 f
 0001:00007fa3       ??_ECDockBar@@UAEPAXI@Z    5f808fa3 f
 0001:00007fbf       ??1CDockBar@@UAE@XZ        5f808fbf f
 0001:00008030       ??1CControlBarInfo@@QAE@XZ 5f809030 f
 0001:00008033       ??1CPtrArray@@UAE@XZ       5f809033 f
 0001:0000806a       ??1CControlBar@@UAE@XZ     5f80906a f
 0001:000080ec       ??1CToolBar@@UAE@XZ        5f8090ec f
 0001:0000813d       ??1CDockContext@@QAE@XZ    5f80913d f
 0001:00008152       ??1CStatusBar@@UAE@XZ      5f809152 f
 0001:0000818d       ?WriteList@CRecentFileList@@UAEXXZ 5f80918d f
 0001:0000820e       ?WriteProfileStringW@CWinApp@@QAEHPBG00@Z 5f80920e f
 0001:000082a5       ??_ECDocManager@@UAEPAXI@Z 5f8092a5 f
 0001:000082d0       ??1CDocManager@@UAE@XZ     5f8092d0 f
 0001:00008343       ??1CSingleDocTemplate@@UAE@XZ 5f809343 f
 0001:00008349       ??1CDocTemplate@@UAE@XZ    5f809349 f
 0001:000083aa       ??_GCRecentFileList@@UAEPAXI@Z 5f8093aa f
 0001:000083aa       ??_ECRecentFileList@@UAEPAXI@Z 5f8093aa f
 0001:000083c6       ??1CRecentFileList@@UAE@XZ 5f8093c6 f
 0001:00008423       ??_ECString@@QAEPAXI@Z     5f809423 f
 0001:0000845b       ??_M@YGXPAXIHP6EX0@Z@Z     5f80945b f
 0001:000084ce       ?OnCloseDocument@COleServerDoc@@UAEXXZ 5f8094ce f
 0001:00008560       ?NotifyAllItems@COleServerDoc@@IAEXW4OLE_NOTIFICATION@@K@Z 5f809560 f
 0001:0000858a       ??1COleServerDoc@@UAE@XZ   5f80958a f
 0001:00008631       ?CanCloseFrame@COleServerDoc@@UAEHPAVCFrameWnd@@@Z 5f809631 f
 0001:00008656       ?CanCloseFrame@CDocument@@UAEHPAVCFrameWnd@@@Z 5f809656 f
 0001:0000869e       ?GetDockState@CFrameWnd@@QBEXAAVCDockState@@@Z 5f80969e f
 0001:00008719       ?GetBarInfo@CControlBar@@QAEXPAVCControlBarInfo@@@Z 5f809719 f
 0001:000087e1       ?GetBarInfo@CDockBar@@QAEXPAVCControlBarInfo@@@Z 5f8097e1 f
 0001:00008868       ?PreCloseFrame@CRichEditDoc@@UAEXPAVCFrameWnd@@@Z 5f809868 f
 0001:000088c9       ?OnDestroy@CRichEditView@@IAEXXZ 5f8098c9 f
 0001:000088e2       ?Release@XRichEditOleCallback@CRichEditView@@UAGKXZ 5f8098e2 f
 0001:000088f4       ??1CDWordArray@@UAE@XZ     5f8098f4 f
 0001:0000892b       ??1CComboBox@@UAE@XZ       5f80992b f
 0001:00008963       ?RemoveDocument@CSingleDocTemplate@@UAEXPAVCDocument@@@Z 5f809963 f
 0001:00008977       ?WriteProfileInt@CWinApp@@QAEHPBG0H@Z 5f809977 f
 0001:000089c6       ?WriteProfileBinary@CWinApp@@QAEHPBG0PAEI@Z 5f8099c6 f
 0001:00008a14       ??6CArchive@@QAEAAV0@M@Z   5f809a14 f
 0001:00008a3c       ?GetScreenSize@CDockState@@QAE?AVCSize@@XZ 5f809a3c f
 0001:00008a56       ?Write@CArchive@@QAEXPBXI@Z 5f809a56 f
 0001:00008a95       ??6CArchive@@QAEAAV0@G@Z   5f809a95 f
 0001:00008abb       ?Realloc@CMemFile@@MAEPAEPAEK@Z 5f809abb f
 0001:00008ace       ?Read@CMemFile@@UAEIPAXI@Z 5f809ace f
 0001:00008b13       __imp_load__RegDeleteKeyW@8 5f809b13 f
 0001:00008b1f       ??1CDockState@@UAE@XZ      5f809b1f f
 0001:00008b88       ??_E_AFX_RICHEDIT_STATE@@UAEPAXI@Z 5f809b88 f
 0001:00008b88       ??_G_AFX_RICHEDIT_STATE@@UAEPAXI@Z 5f809b88 f
 0001:00008ba3       ??1_AFX_RICHEDIT_STATE@@UAE@XZ 5f809ba3 f
 0001:00008bc3       ??1_AFX_EDIT_STATE@@UAE@XZ 5f809bc3 f
 0001:00008c02       ?_GetBaseMessageMap@CMiniFrameWnd@@KGPBUAFX_MSGMAP@@XZ 5f809c02 f
 0001:00008c08       ?DefWindowProcW@CMDIFrameWnd@@MAEJIIJ@Z 5f809c08 f
 0001:00008c26       ?OnCmdMsg@CMDIFrameWnd@@UAEHIHPAXPAUAFX_CMDHANDLERINFO@@@Z 5f809c26 f
 0001:00008cb7       ?MDIGetActive@CMDIFrameWnd@@QBEPAVCMDIChildWnd@@PAH@Z 5f809cb7 f
 0001:00008cfa       ?OnUpdateContextHelp@CFrameWnd@@IAEXPAVCCmdUI@@@Z 5f809cfa f
 0001:00008d29       ?DefWindowProcW@CMDIChildWnd@@MAEJIIJ@Z 5f809d29 f
 0001:00008d41       ?GetMDIFrame@CMDIChildWnd@@QAEPAVCMDIFrameWnd@@XZ 5f809d41 f
 0001:00008d58       ?PreTranslateMessage@CMDIFrameWnd@@UAEHPAUtagMSG@@@Z 5f809d58 f
 0001:00008e11       ?PreTranslateMessage@CMDIChildWnd@@UAEHPAUtagMSG@@@Z 5f809e11 f
 0001:00008e84       ?GetMessageMap@CSplitterWnd@@MBEPBUAFX_MSGMAP@@XZ 5f809e84 f
 0001:00008e8a       ?GetDefaultMenu@CDocument@@UAEPAUHMENU__@@XZ 5f809e8a f
 0001:00008e8d       ?OnIdleUpdateCmdUI@CMDIFrameWnd@@IAEXXZ 5f809e8d f
 0001:00008eae       ??0COleDataObject@@QAE@XZ  5f809eae f
 0001:00008ec2       ?AttachClipboard@COleDataObject@@QAEHXZ 5f809ec2 f
 0001:00008ec9       ?IsDataAvailable@COleDataObject@@QAEHGPAUtagFORMATETC@@@Z 5f809ec9 f
 0001:00008eec       ?Release@COleDataObject@@QAEXXZ 5f809eec f
 0001:00008f08       ?GetFirstDocPosition@CMultiDocTemplate@@UBEPAU__POSITION@@XZ 5f809f08 f
 0001:00008f0c       ?GetNextDoc@CMultiDocTemplate@@UBEPAVCDocument@@AAPAU__POSITION@@@Z 5f809f0c f
 0001:00008f1c       ?CanCreateFromData@COleClientItem@@SGHPBVCOleDataObject@@@Z 5f809f1c f
 0001:00008f34       ?CanPaste@COleClientItem@@SGHXZ 5f809f34 f
 0001:00008fb3       ?OnUpdateFrameTitle@CMDIFrameWnd@@UAEXH@Z 5f809fb3 f
 0001:0000906d       ?GetInterfaceMap@COleDropTarget@@MBEPBUAFX_INTERFACEMAP@@XZ 5f80a06d f
 0001:00009073       ?QueryInterface@XDropTarget@COleDropTarget@@UAGJABU_GUID@@PAPAX@Z 5f80a073 f
 0001:0000908a       ?_GetBaseInterfaceMap@COleDropTarget@@KGPBUAFX_INTERFACEMAP@@XZ 5f80a08a f
 0001:00009090       ?Release@XDropTarget@COleDropTarget@@UAGKXZ 5f80a090 f
 0001:0000909f       ?OnMDIActivate@CMDIChildWnd@@IAEXHPAVCWnd@@0@Z 5f80a09f f
 0001:00009155       ?UpdateClientEdge@CMDIChildWnd@@IAEHPAUtagRECT@@@Z 5f80a155 f
 0001:000091d3       ?OnUpdateFrameTitle@CMDIChildWnd@@MAEXH@Z 5f80a1d3 f
 0001:00009244       ?OnUpdateFrameMenu@CMDIChildWnd@@UAEXHPAVCWnd@@PAUHMENU__@@@Z 5f80a244 f
 0001:000092d0       ?OnNcActivate@CMDIChildWnd@@IAEHH@Z 5f80a2d0 f
 0001:000092d8       ?GetActiveFrame@CMDIFrameWnd@@UAEPAVCFrameWnd@@XZ 5f80a2d8 f
 0001:000092ec       ?GetInPlaceActiveItem@COleDocument@@UAEPAVCOleClientItem@@PAVCWnd@@@Z 5f80a2ec f
 0001:0000933d       ??4CString@@QAEABV0@PBD@Z  5f80a33d f
 0001:0000937d       ?GetMessageMap@CMDIChildWnd@@MBEPBUAFX_MSGMAP@@XZ 5f80a37d f
 0001:00009383       ??_GCMDIFrameWnd@@UAEPAXI@Z 5f80a383 f
 0001:00009383       ??_ECMDIFrameWnd@@UAEPAXI@Z 5f80a383 f
 0001:0000939f       ?SetText@CCmdUI@@UAEXPBG@Z 5f80a39f f
 0001:000093e9       ?OnCommand@CMDIFrameWnd@@MAEHIJ@Z 5f80a3e9 f
 0001:00009426       ?SaveAllModified@CWinApp@@UAEHXZ 5f80a426 f
 0001:00009439       ?SaveAllModified@CDocManager@@UAEHXZ 5f80a439 f
 0001:0000945e       ?SaveAllModified@CDocTemplate@@UAEHXZ 5f80a45e f
 0001:0000949a       ?UpdateModifiedFlag@COleDocument@@UAEXXZ 5f80a49a f
 0001:000094c2       ?PreCloseFrame@COleDocument@@UAEXPAVCFrameWnd@@@Z 5f80a4c2 f
 0001:00009519       ?DestroyWindow@CMDIChildWnd@@UAEHXZ 5f80a519 f
 0001:00009582       ?MDIDestroy@CMDIChildWnd@@QAEXXZ 5f80a582 f
 0001:000095a9       ?OnDestroy@CMDIChildWnd@@IAEXXZ 5f80a5a9 f
 0001:000095bc       ?Revoke@COleDropTarget@@UAEXXZ 5f80a5bc f
 0001:000095f6       __imp_load__RevokeDragDrop@4 5f80a5f6 f
 0001:00009602       ??1COleDropTarget@@UAE@XZ  5f80a602 f
 0001:0000963f       ?RemoveDocument@CMultiDocTemplate@@UAEXPAVCDocument@@@Z 5f80a63f f
 0001:00009667       ?OnDestroy@CMDIFrameWnd@@IAEXXZ 5f80a667 f
 0001:0000968d       ??1CMultiDocTemplate@@UAE@XZ 5f80a68d f
 0001:000096d6       ??1CSplitterWnd@@UAE@XZ    5f80a6d6 f
 0001:0000971e       ?OnPaletteChanged@CFrameWnd@@IAEXPAVCWnd@@@Z 5f80a71e f
 0001:00009735       ??_ECMultiDocTemplate@@UAEPAXI@Z 5f80a735 f
 0001:00009735       ??_GCMultiDocTemplate@@UAEPAXI@Z 5f80a735 f
 0001:00009751       ?PreTranslateInput@CWnd@@QAEHPAUtagMSG@@@Z 5f80a751 f
 0001:00009783       ??0CPoint@@QAE@UtagPOINT@@@Z 5f80a783 f
 0001:00009795       ?PreTranslateMessage@CControlBar@@UAEHPAUtagMSG@@@Z 5f80a795 f
 0001:00009833       ?SetAt@CAfxOleSymbolTable@@QAEXHPBG@Z 5f80a833 f
 0001:00009869       ?AfxGetModuleShortFileName@@YGXPAUHINSTANCE__@@AAVCString@@@Z 5f80a869 f
 0001:000098b8       ?QueryInterface@XClassFactory@COleObjectFactory@@UAGJABU_GUID@@PAPAX@Z 5f80a8b8 f
 0001:000098cf       ?GetInterfaceMap@COleObjectFactory@@MBEPBUAFX_INTERFACEMAP@@XZ 5f80a8cf f
 0001:000098d5       ?Release@XClassFactory@COleObjectFactory@@UAGKXZ 5f80a8d5 f
 0001:000098e4       __imp_load__CoRevokeClassObject@4 5f80a8e4 f
 0001:000098f0       __imp_load__CoRegisterClassObject@20 5f80a8f0 f
 0001:000098fc       ?AddRef@XClassFactory@COleObjectFactory@@UAGKXZ 5f80a8fc f
 0001:0000990d       ?AddRef@XPersistFile@COleLinkingDoc@@UAGKXZ 5f80a90d f
 0001:0000991f       ??0COleUpdateDialog@@QAE@PAVCOleDocument@@HHPAVCWnd@@@Z 5f80a91f f
 0001:0000998a       ??0COleLinksDialog@@QAE@PAVCOleDocument@@PAVCView@@KPAVCWnd@@@Z 5f80a98a f
 0001:00009a21       ??0COleDialog@@QAE@PAVCWnd@@@Z 5f80aa21 f
 0001:00009a3f       ??0COleUILinkInfo@@QAE@PAVCOleDocument@@@Z 5f80aa3f f
 0001:00009a5f       ?DoModal@COleUpdateDialog@@UAEHXZ 5f80aa5f f
 0001:00009a80       ?GetNextLink@COleUILinkInfo@@UAGKK@Z 5f80aa80 f
 0001:00009ab6       ??1COleUpdateDialog@@UAE@XZ 5f80aab6 f
 0001:00009af4       ?RunEmbedded@CWinApp@@QAEHXZ 5f80aaf4 f
 0001:00009b13       ?_AfxParseOption@@YGHPAGPBG@Z 5f80ab13 f
 0001:00009b82       ?Release@COleDispatchImpl@@UAGKXZ 5f80ab82 f
 0001:00009b91       ?PreTranslateMessage@CDialog@@UAEHPAUtagMSG@@@Z 5f80ab91 f
 0001:00009be2       ?IsDialogMessageW@CWnd@@QAEHPAUtagMSG@@@Z 5f80abe2 f
 0001:00009c00       ?GetInterfaceMap@CCmdTarget@@MBEPBUAFX_INTERFACEMAP@@XZ 5f80ac00 f
 0001:00009c06       ?QueryInterface@COleDispatchImpl@@UAGJABU_GUID@@PAPAX@Z 5f80ac06 f
 0001:00009c1d       ?EnableAutomation@CCmdTarget@@QAEXXZ 5f80ac1d f
 0001:00009c25       ?AddRef@COleDispatchImpl@@UAGKXZ 5f80ac25 f
 0001:00009c34       ?RunAutomated@CWinApp@@QAEHXZ 5f80ac34 f
 0001:00009c4c       ?AfxOleRegisterServerClass@@YGHABU_GUID@@PBG11W4OLE_APPTYPE@@PAPBG3H1@Z 5f80ac4c f
 0001:00009c75       ?Find@CString@@QBEHG@Z     5f80ac75 f
 0001:00009c83       ?Find@CString@@QBEHGH@Z    5f80ac83 f
 0001:00009c9c       ?Format@CString@@QAAXPBGZZ 5f80ac9c f
 0001:00009caf       ?FormatV@CString@@QAEXPBGPAD@Z 5f80acaf f
 0001:00009efe       ?AfxOleRegisterHelper@@YGHPBQBG0HHPAUHKEY__@@@Z 5f80aefe f
 0001:0000a03e       __imp_load__RegOpenKeyW@12 5f80b03e f
 0001:0000a04a       __imp_load__RegQueryValueW@16 5f80b04a f
 0001:0000a056       __imp_load__RegSetValueW@20 5f80b056 f
 0001:0000a062       ??1CAfxOleSymbolTable@@QAE@XZ 5f80b062 f
 0001:0000a08a       ?UpdateRegistryAll@COleObjectFactory@@SGHH@Z 5f80b08a f
 0001:0000a0f2       ?UpdateRegistry@COleObjectFactory@@MAEHH@Z 5f80b0f2 f
 0001:0000a106       ?UpdateRegistry@COleObjectFactory@@QAEXPBG@Z 5f80b106 f
 0001:0000a12e       ?CreateObject@CMDIChildWnd@@SGPAVCObject@@XZ 5f80b12e f
 0001:0000a163       ?GetRuntimeClass@CMDIChildWnd@@UBEPAUCRuntimeClass@@XZ 5f80b163 f
 0001:0000a169       ?_GetBaseClass@COleIPFrameWnd@@KGPAUCRuntimeClass@@XZ 5f80b169 f
 0001:0000a16f       ?LPtoDP@CDC@@QBEXPAUtagSIZE@@@Z 5f80b16f f
 0001:0000a1d8       _abs                       5f80b1d8 f
 0001:0000a1de       ?CalcWindowRect@CScrollView@@UAEXPAUtagRECT@@I@Z 5f80b1de f
 0001:0000a216       ?GetDefaultMenu@COleServerDoc@@MAEPAUHMENU__@@XZ 5f80b216 f
 0001:0000a23a       ?RectVisible@CDC@@UBEHPBUtagRECT@@@Z 5f80b23a f
 0001:0000a24a       ?RegisterShellFileTypes@CWinApp@@IAEXH@Z 5f80b24a f
 0001:0000a25c       ?RegisterShellFileTypes@CDocManager@@UAEXH@Z 5f80b25c f
 0001:0000a669       ?_AfxSetRegKey@@YGHPBG00@Z 5f80b669 f
 0001:0000a6f7       ??YCString@@QAEABV0@PBG@Z  5f80b6f7 f
 0001:0000a71e       __imp_load__RegCreateKeyW@12 5f80b71e f
 0001:0000a72a       ?OnFileNew@CWinApp@@IAEXXZ 5f80b72a f
 0001:0000a73d       ?OnFileNew@CDocManager@@UAEXXZ 5f80b73d f
 0001:0000a786       ?OpenDocumentFile@CMultiDocTemplate@@UAEPAVCDocument@@PBGH@Z 5f80b786 f
 0001:0000a819       ?AddDocument@CMultiDocTemplate@@UAEXPAVCDocument@@@Z 5f80b819 f
 0001:0000a835       ??0CMDIChildWnd@@QAE@XZ    5f80b835 f
 0001:0000a855       ?LoadFrame@CMDIChildWnd@@UAEHIKPAVCWnd@@PAUCCreateContext@@@Z 5f80b855 f
 0001:0000a924       ?PreCreateWindow@CMDIChildWnd@@UAEHAAUtagCREATESTRUCTW@@@Z 5f80b924 f
 0001:0000a930       ?Create@CMDIChildWnd@@UAEHPBG0KABUtagRECT@@PAVCMDIFrameWnd@@PAUCCreateContext@@@Z 5f80b930 f
 0001:0000aa40       ?OnNcCreate@CMDIChildWnd@@IAEHPAUtagCREATESTRUCTW@@@Z 5f80ba40 f
 0001:0000aa6f       ?OnCreate@CMDIChildWnd@@IAEHPAUtagCREATESTRUCTW@@@Z 5f80ba6f f
 0001:0000aa81       ?OnWindowPosChanging@CMDIChildWnd@@IAEXPAUtagWINDOWPOS@@@Z 5f80ba81 f
 0001:0000aaae       ?OnSize@CMDIChildWnd@@IAEXIHH@Z 5f80baae f
 0001:0000aad9       ??0CScrollView@@IAE@XZ     5f80bad9 f
 0001:0000ab00       ??0COleDropTarget@@QAE@XZ  5f80bb00 f
 0001:0000aba0       ?Register@COleDropTarget@@QAEHPAVCWnd@@@Z 5f80bba0 f
 0001:0000abfc       ?AddRef@XDropTarget@COleDropTarget@@UAGKXZ 5f80bbfc f
 0001:0000ac0b       __imp_load__RegisterDragDrop@8 5f80bc0b f
 0001:0000ac17       ?OnSize@CScrollView@@QAEXIHH@Z 5f80bc17 f
 0001:0000ac34       ?UpdateBars@CScrollView@@IAEXXZ 5f80bc34 f
 0001:0000ad6a       ?GetTrueClientSize@CScrollView@@IAEHAAVCSize@@0@Z 5f80bd6a f
 0001:0000ade2       ?GetScrollBarSizes@CScrollView@@IAEXAAVCSize@@@Z 5f80bde2 f
 0001:0000ae3f       ?GetScrollBarState@CScrollView@@IAEXVCSize@@AAV2@1AAVCPoint@@H@Z 5f80be3f f
 0001:0000aefd       ?GetDeviceScrollPosition@CScrollView@@QBE?AVCPoint@@XZ 5f80befd f
 0001:0000af35       ?ScrollToDevicePosition@CScrollView@@IAEXUtagPOINT@@@Z 5f80bf35 f
 0001:0000af87       ?SetScrollPos@CWnd@@QAEHHHH@Z 5f80bf87 f
 0001:0000afb7       ?ScrollWindow@CWnd@@QAEXHHPBUtagRECT@@0@Z 5f80bfb7 f
 0001:0000b00e       ?EnableScrollBarCtrl@CWnd@@QAEXHH@Z 5f80c00e f
 0001:0000b047       ?SetDefaultTitle@CMultiDocTemplate@@UAEXPAVCDocument@@@Z 5f80c047 f
 0001:0000b0d1       ?SetScrollSizes@CScrollView@@QAEXHUtagSIZE@@ABU2@1@Z 5f80c0d1 f
 0001:0000b206       ?ActivateFrame@CMDIChildWnd@@UAEXH@Z 5f80c206 f
 0001:0000b2b3       ?GetWindowMenuPopup@CMDIFrameWnd@@UAEPAUHMENU__@@PAU2@@Z 5f80c2b3 f
 0001:0000b321       ?OnQueryNewPalette@CFrameWnd@@IAEHXZ 5f80c321 f
 0001:0000b338       ?OnSize@CMDIFrameWnd@@IAEXIHH@Z 5f80c338 f
 0001:0000b34c       ?OnPaint@CView@@IAEXXZ     5f80c34c f
 0001:0000b3a0       ?OnPrepareDC@CScrollView@@UAEXPAVCDC@@PAUCPrintInfo@@@Z 5f80c3a0 f
 0001:0000b410       ?OnPrepareDC@CView@@UAEXPAVCDC@@PAUCPrintInfo@@@Z 5f80c410 f
 0001:0000b41f       ?SetViewportExt@CDC@@UAE?AVCSize@@HH@Z 5f80c41f f
 0001:0000b462       ?SetWindowExt@CDC@@UAE?AVCSize@@HH@Z 5f80c462 f
 0001:0000b4a5       ?GetMessageBar@CMDIChildWnd@@MAEPAVCWnd@@XZ 5f80c4a5 f
 0001:0000b4b4       ?AfxOleRegisterServerClass@@YGHABU_GUID@@PBG11W4OLE_APPTYPE@@PAPBG3H11@Z 5f80c4b4 f
 0001:0000b56c       ??0CAfxOleSymbolTable@@QAE@H@Z 5f80c56c f
 0001:0000b599       ?_AfxOleMakeSymbolTable@@YGHAAVCAfxOleSymbolTable@@ABU_GUID@@PBG22H22@Z 5f80c599 f
 0001:0000b720       __imp_load__StringFromCLSID@8 5f80c720 f
 0001:0000b72c       ??0CMultiDocTemplate@@QAE@IPAUCRuntimeClass@@00@Z 5f80c72c f
 0001:0000b795       ?LoadTemplate@CMultiDocTemplate@@UAEXXZ 5f80c795 f
 0001:0000b7db       ?AddDocTemplate@CWinApp@@QAEXPAVCDocTemplate@@@Z 5f80c7db f
 0001:0000b837       ??0CMDIFrameWnd@@QAE@XZ    5f80c837 f
 0001:0000b850       ?LoadFrame@CMDIFrameWnd@@UAEHIKPAVCWnd@@PAUCCreateContext@@@Z 5f80c850 f
 0001:0000b87f       ?PreCreateWindow@CMDIFrameWnd@@UAEHAAUtagCREATESTRUCTW@@@Z 5f80c87f f
 0001:0000b89f       ?OnCreateClient@CMDIFrameWnd@@UAEHPAUtagCREATESTRUCTW@@PAUCCreateContext@@@Z 5f80c89f f
 0001:0000b8eb       ?CreateClient@CMDIFrameWnd@@UAEHPAUtagCREATESTRUCTW@@PAVCMenu@@@Z 5f80c8eb f
 0001:0000b987       ?EnableShellOpen@CWinApp@@IAEXXZ 5f80c987 f
 0001:0000b9b1       __imp_load__ExtractIconW@12 5f80c9b1 f
 0001:0000b9bd       ?UpdateRegistry@COleTemplateServer@@QAEXW4OLE_APPTYPE@@PAPBG1@Z 5f80c9bd f
 0001:0000bb2f       ?GetFirstDocTemplatePosition@CWinApp@@QBEPAU__POSITION@@XZ 5f80cb2f f
 0001:0000bb42       ?GetNextDocTemplate@CWinApp@@QBEPAVCDocTemplate@@AAPAU__POSITION@@@Z 5f80cb42 f
 0001:0000bb54       ??0CSplitterWnd@@QAE@XZ    5f80cb54 f
 0001:0000bba6       ?Create@CSplitterWnd@@QAEHPAVCWnd@@HHUtagSIZE@@PAUCCreateContext@@KI@Z 5f80cba6 f
 0001:0000bc1c       ?CreateCommon@CSplitterWnd@@IAEHPAVCWnd@@UtagSIZE@@KI@Z 5f80cc1c f
 0001:0000bd1c       ?OnNcCreate@CSplitterWnd@@IAEHPAUtagCREATESTRUCTW@@@Z 5f80cd1c f
 0001:0000bd4e       ?OnSize@CSplitterWnd@@IAEXIHH@Z 5f80cd4e f
 0001:0000bd79       ?SetScrollStyle@CSplitterWnd@@QAEXK@Z 5f80cd79 f
 0001:0000be9e       ?GetScrollStyle@CSplitterWnd@@QBEKXZ 5f80ce9e f
 0001:0000beb4       ?CreateScrollBarCtrl@CSplitterWnd@@UAEHKI@Z 5f80ceb4 f
 0001:0000bef1       ?CreateView@CSplitterWnd@@UAEHHHPAUCRuntimeClass@@UtagSIZE@@PAUCCreateContext@@@Z 5f80cef1 f
 0001:0000bfd9       ?IdFromRowCol@CSplitterWnd@@QBEHHH@Z 5f80cfd9 f
 0001:0000bfec       ?GetRuntimeClass@CSplitterWnd@@UBEPAUCRuntimeClass@@XZ 5f80cfec f
 0001:0000bff2       ?RecalcLayout@CSplitterWnd@@UAEXXZ 5f80cff2 f
 0001:0000c2b5       ?GetInsideRect@CSplitterWnd@@MBEXAAVCRect@@@Z 5f80d2b5 f
 0001:0000c303       ?_AfxLayoutRowCol@@YGXPAUCRowColInfo@CSplitterWnd@@HHH@Z 5f80d303 f
 0001:0000c37e       ?GetSizingParent@CSplitterWnd@@IAEPAVCWnd@@XZ 5f80d37e f
 0001:0000c420       ?_AfxDeferClientPos@@YGXPAUAFX_SIZEPARENTPARAMS@@PAVCWnd@@HHHHH@Z 5f80d420 f
 0001:0000c505       ?GetRuntimeClass@CTempWnd@@UBEPAUCRuntimeClass@@XZ 5f80d505 f
 0001:0000c50b       ?GetPane@CSplitterWnd@@QBEPAVCWnd@@HH@Z 5f80d50b f
 0001:0000c527       ?DrawAllSplitBars@CSplitterWnd@@MAEXPAVCDC@@HH@Z 5f80d527 f
 0001:0000c689       ?OnDrawSplitter@CSplitterWnd@@MAEXPAVCDC@@W4ESplitType@1@ABVCRect@@@Z 5f80d689 f
 0001:0000c772       __imp_load__StgCreateDocfile@16 5f80d772 f
 0001:0000c77e       ?SetScrollInfo@CWnd@@QAEHHPAUtagSCROLLINFO@@H@Z 5f80d77e f
 0001:0000c7cb       ?SelectPalette@CDC@@QAEPAVCPalette@@PAV2@H@Z 5f80d7cb f
 0001:0000c7ed       ?OnPaint@CSplitterWnd@@IAEXXZ 5f80d7ed f
 0001:0000c90f       ?Draw3dRect@CDC@@QAEXPBUtagRECT@@KK@Z 5f80d90f f
 0001:0000c93a       ?Draw3dRect@CDC@@QAEXHHHHKK@Z 5f80d93a f
 0001:0000c9a4       ?FillSolidRect@CDC@@QAEXPBUtagRECT@@K@Z 5f80d9a4 f
 0001:0000c9ce       ?SetBkColor@CDC@@UAEKK@Z   5f80d9ce f
 0001:0000c9fa       ?DDX_Control@@YGXPAVCDataExchange@@HAAVCWnd@@@Z 5f80d9fa f
 0001:0000ca3f       ?HandleInComingCall@XMessageFilter@COleMessageFilter@@UAGKKPAUHTASK__@@KPAUtagINTERFACEINFO@@@Z 5f80da3f f
 0001:0000ca8e       ?InvokeHelperV@COleDispatchDriver@@QAEXJGGPAXPBEPAD@Z 5f80da8e f
 0001:0000cce8       ?AfxVariantInit@@YGXPAUtagVARIANT@@@Z 5f80dce8 f
 0001:0000ccfb       ?Invoke@COleDispatchImpl@@UAGJJABU_GUID@@KGPAUtagDISPPARAMS@@PAUtagVARIANT@@PAUtagEXCEPINFO@@PAI@Z 5f80dcfb f
 0001:0000cef6       ?IsInvokeAllowed@CCmdTarget@@UAEHJ@Z 5f80def6 f
 0001:0000cefc       ?GetDispEntry@CCmdTarget@@IAGPBUAFX_DISPMAP_ENTRY@@J@Z 5f80defc f
 0001:0000cf72       ?GetEntryCount@CCmdTarget@@KGIPBUAFX_DISPMAP@@@Z 5f80df72 f
 0001:0000cfa1       ?CallMemberFunc@CCmdTarget@@IAEJPBUAFX_DISPMAP_ENTRY@@GPAUtagVARIANT@@PAUtagDISPPARAMS@@PAI@Z 5f80dfa1 f
 0001:0000d18c       ?GetStackSize@CCmdTarget@@KGIPBEG@Z 5f80e18c f
 0001:0000d1d1       ?PushStackArgs@CCmdTarget@@IAEJPAEPBEPAXGPAUtagDISPPARAMS@@PAIPAUtagVARIANT@@@Z 5f80e1d1 f
 0001:0000d2db       __AfxDispatchCall@12       5f80e2db f
 0001:0000d2ec       ?InvokeHelper@COleDispatchDriver@@QAAXJGGPAXPBEZZ 5f80e2ec f
 0001:0000d30c       ?ContinueModal@CWnd@@UAEHXZ 5f80e30c f
 0001:0000d3f7       ?OnOK@CDialog@@MAEXXZ      5f80e3f7 f
 0001:0000d410       ?EndDialog@CDialog@@QAEXH@Z 5f80e410 f
 0001:0000d433       ?EndModalLoop@CWnd@@UAEXH@Z 5f80e433 f
 0001:0000d457       ?OnFinalRelease@CWnd@@UAEXXZ 5f80e457 f
 0001:0000d469       ?ReleaseDispatch@COleDispatchDriver@@QAEXXZ 5f80e469 f
 0001:0000d483       ??1CEdit@@UAE@XZ           5f80e483 f
 0001:0000d4bb       ??1CStatic@@UAE@XZ         5f80e4bb f
 0001:0000d4f3       ??0COleDispatchDriver@@QAE@XZ 5f80e4f3 f
 0001:0000d500       ?DoModal@CDialog@@UAEHXZ   5f80e500 f
 0001:0000d613       ?PrepareCtrl@CDataExchange@@QAEPAUHWND__@@H@Z 5f80e613 f
 0001:0000d641       ?GetDlgItem@CWnd@@QBEXHPAPAUHWND__@@@Z 5f80e641 f
 0001:0000d662       ?CreateDispatch@COleDispatchDriver@@QAEHABU_GUID@@PAVCOleException@@@Z 5f80e662 f
 0001:0000d6e6       __imp_load__CoCreateInstance@20 5f80e6e6 f
 0001:0000d6f2       __imp_load__OleRun@4       5f80e6f2 f
 0001:0000d6fe       ?CreateInstance@XClassFactory@COleObjectFactory@@UAGJPAUIUnknown@@ABU_GUID@@PAPAX@Z 5f80e6fe f
 0001:0000d71b       ?CreateInstanceLic@XClassFactory@COleObjectFactory@@UAGJPAUIUnknown@@0ABU_GUID@@PAGPAPAX@Z 5f80e71b f
 0001:0000d7ff       ?IsLicenseValid@COleObjectFactory@@QAEHXZ 5f80e7ff f
 0001:0000d81a       ?VerifyUserLicense@COleObjectFactory@@MAEHXZ 5f80e81a f
 0001:0000d81e       ?OnCreateObject@COleObjectFactory@@MAEPAVCCmdTarget@@XZ 5f80e81e f
 0001:0000d835       ?_AfxQueryInterface@@YGPAUIUnknown@@PAU1@ABU_GUID@@@Z 5f80e835 f
 0001:0000d859       ?SetProperty@COleDispatchDriver@@QAAXJGZZ 5f80e859 f
 0001:0000d897       __imp_load__VariantClear@4 5f80e897 f
 0001:0000d89e       __tailMerge_OLEAUT32       5f80e89e f
 0001:0000d8ac       ?GetProperty@COleDispatchDriver@@QBEXJGPAX@Z 5f80e8ac f
 0001:0000d8c8       __imp_load__VariantChangeType@16 5f80e8c8 f
 0001:0000d8d1       ?RunModalLoop@CWnd@@QAEHK@Z 5f80e8d1 f
 0001:0000d9e4       __imp_load__SysAllocString@4 5f80e9e4 f
 0001:0000d9f0       ?MessagePending@XMessageFilter@COleMessageFilter@@UAGKPAUHTASK__@@KK@Z 5f80e9f0 f
 0001:0000da64       ?OnMessagePending@COleMessageFilter@@UAEHPBUtagMSG@@@Z 5f80ea64 f
 0001:0000daac       ?EndModalState@CFrameWnd@@UAEXXZ 5f80eaac f
 0001:0000dad6       ??1CPrintInfo@@QAE@XZ      5f80ead6 f
 0001:0000db31       ??_GCPrintDialog@@UAEPAXI@Z 5f80eb31 f
 0001:0000db31       ??_ECPrintDialog@@UAEPAXI@Z 5f80eb31 f
 0001:0000db4d       ?CreatePrinterDC@CWinApp@@QAEHAAVCDC@@@Z 5f80eb4d f
 0001:0000db83       ?AfxCreateDC@@YGPAUHDC__@@PAX0@Z 5f80eb83 f
 0001:0000dbf1       ?DeleteDC@CDC@@QAEHXZ      5f80ebf1 f
 0001:0000dbfe       ?OnPrinterChanged@CRichEditView@@MAEXABVCDC@@@Z 5f80ebfe f
 0001:0000dc89       ?GetLBText@CComboBox@@QBEXHAAVCString@@@Z 5f80ec89 f
 0001:0000dccc       ?OnBeginPrinting@CRichEditView@@MAEXPAVCDC@@PAUCPrintInfo@@@Z 5f80eccc f
 0001:0000dcf8       ??0CPrintingDialog@@QAE@PAVCWnd@@@Z 5f80ecf8 f
 0001:0000dd4b       ?OnInitDialog@CPrintingDialog@@UAEHXZ 5f80ed4b f
 0001:0000dd6f       ?SetDlgItemTextW@CWnd@@QAEXHPBG@Z 5f80ed6f f
 0001:0000dd8e       ?AfxFormatString1@@YGXAAVCString@@IPBG@Z 5f80ed8e f
 0001:0000dda5       ?AfxFormatStrings@@YGXAAVCString@@IPBQBGH@Z 5f80eda5 f
 0001:0000dddf       ?OnPrepareDC@CRichEditView@@UAEXPAVCDC@@PAUCPrintInfo@@@Z 5f80eddf f
 0001:0000de18       ?OnPrint@CRichEditView@@MAEXPAVCDC@@PAUCPrintInfo@@@Z 5f80ee18 f
 0001:0000de83       ?PrintPage@CRichEditView@@QAEJPAVCDC@@JJ@Z 5f80ee83 f
 0001:0000df53       ?GetPageRect@CRichEditView@@QBE?AVCRect@@XZ 5f80ef53 f
 0001:0000df73       ?GetPrintRect@CRichEditView@@QBE?AVCRect@@XZ 5f80ef73 f
 0001:0000dfa4       ?_AfxAbortProc@@YGHPAUHDC__@@H@Z 5f80efa4 f
 0001:0000dfe8       ?PaginateTo@CRichEditView@@IAEHPAVCDC@@PAUCPrintInfo@@@Z 5f80efe8 f
 0001:0000e0c2       ?IntersectClipRect@CDC@@QAEHHHHH@Z 5f80f0c2 f
 0001:0000e0f9       ?OnEndPrinting@CRichEditView@@MAEXPAVCDC@@PAUCPrintInfo@@@Z 5f80f0f9 f
 0001:0000e121       ?CheckAutoCenter@CDialog@@UAEHXZ 5f80f121 f
 0001:0000e197       ?PreModal@CDialog@@IAEPAUHWND__@@XZ 5f80f197 f
 0001:0000e1d2       ?GetSafeOwner_@CWnd@@SGPAUHWND__@@PAU2@PAPAU2@@Z 5f80f1d2 f
 0001:0000e266       ?GetRoutingFrame_@CCmdTarget@@KGPAVCFrameWnd@@XZ 5f80f266 f
 0001:0000e272       ?Enable@CTestCmdUI@@UAEXH@Z 5f80f272 f
 0001:0000e283       ?OnFilePrint@CView@@IAEXXZ 5f80f283 f
 0001:0000e6bd       ??0CPrintInfo@@QAE@XZ      5f80f6bd f
 0001:0000e745       ?GetCurrentMessage@CWnd@@KGPBUtagMSG@@XZ 5f80f745 f
 0001:0000e77a       ?DoPreparePrinting@CView@@QAEHPAUCPrintInfo@@@Z 5f80f77a f
 0001:0000e80e       ?DoPrintDialog@CWinApp@@QAEHPAVCPrintDialog@@@Z 5f80f80e f
 0001:0000e873       ?GetDriverName@CPrintDialog@@QBE?AVCString@@XZ 5f80f873 f
 0001:0000e8a6       ?DoModal@CPrintDialog@@UAEHXZ 5f80f8a6 f
 0001:0000e8d4       ?GetRuntimeClass@CPrintDialog@@UBEPAUCRuntimeClass@@XZ 5f80f8d4 f
 0001:0000e8da       ?AfxFindResourceHandle@@YGPAUHINSTANCE__@@PBG0@Z 5f80f8da f
 0001:0000e9a2       ?AfxEndDeferRegisterClass@@YGHJ@Z 5f80f9a2 f
 0001:0000ec1b       ?_AfxInitCommonControls@@YGJPAUtagINITCOMMONCONTROLSEX@@J@Z 5f80fc1b f
 0001:0000ec64       ??4CString@@QAEABV0@ABV0@@Z 5f80fc64 f
 0001:0000ecb1       ?AfxFormatStrings@@YGXAAVCString@@PBGPBQBGH@Z 5f80fcb1 f
 0001:0000ed98       ?SetMapMode@CDC@@UAEHH@Z   5f80fd98 f
 0001:0000edc3       ?EnableWindow@CWnd@@QAEHH@Z 5f80fdc3 f
 0001:0000edde       ??0CFrameWnd@@QAE@XZ       5f80fdde f
 0001:0000eea4       ?AddFrameWnd@CFrameWnd@@IAEXXZ 5f80fea4 f
 0001:0000eec5       ?AfxRegisterClass@@YGHPAUtagWNDCLASSW@@@Z 5f80fec5 f
 0001:0000ef23       ?GetIconWndClass@CFrameWnd@@IAEPBGKI@Z 5f80ff23 f
 0001:0000efa6       ?AfxRegisterWndClass@@YGPBGIPAUHICON__@@PAUHBRUSH__@@0@Z 5f80ffa6 f
 0001:0000f03e       ?CreateEx@CWnd@@QAEHKPBG0KHHHHPAUHWND__@@PAUHMENU__@@PAX@Z 5f81003e f
 0001:0000f0f4       ?OnCreateHelper@CFrameWnd@@IAEHPAUtagCREATESTRUCTW@@PAUCCreateContext@@@Z 5f8100f4 f
 0001:0000f146       ?RecalcLayout@CFrameWnd@@UAEXH@Z 5f810146 f
 0001:0000f1c4       ?RepositionBars@CWnd@@QAEXIIIIPAUtagRECT@@PBU2@H@Z 5f8101c4 f
 0001:0000f2d1       ?CalcWindowRect@CWnd@@UAEXPAUtagRECT@@I@Z 5f8102d1 f
 0001:0000f2fc       ?AfxRepositionWindow@@YGXPAUAFX_SIZEPARENTPARAMS@@PAUHWND__@@PBUtagRECT@@@Z 5f8102fc f
 0001:0000f384       ?Create@CWnd@@UAEHPBG0KABUtagRECT@@PAV1@IPAUCCreateContext@@@Z 5f810384 f
 0001:0000f3d0       ?OnNcCalcSize@CToolBar@@IAEXHPAUtagNCCALCSIZE_PARAMS@@@Z 5f8103d0 f
 0001:0000f431       ?OnNcCalcSize@CStatusBar@@IAEXHPAUtagNCCALCSIZE_PARAMS@@@Z 5f810431 f
 0001:0000f473       ?OnSize@CStatusBar@@IAEXIHH@Z 5f810473 f
 0001:0000f48a       ?CalcInsideRect@CStatusBar@@QBEXAAVCRect@@H@Z 5f81048a f
 0001:0000f4fa       ??0CClientDC@@QAE@PAVCWnd@@@Z 5f8104fa f
 0001:0000f551       ??1CClientDC@@UAE@XZ       5f810551 f
 0001:0000f593       ?OnNcCalcSize@CDockBar@@IAEXHPAUtagNCCALCSIZE_PARAMS@@@Z 5f810593 f
 0001:0000f5d9       ?OnWindowPosChanging@CToolBar@@IAEXPAUtagWINDOWPOS@@@Z 5f8105d9 f
 0001:0000f616       ?OnWindowPosChanging@CControlBar@@QAEXPAUtagWINDOWPOS@@@Z 5f810616 f
 0001:0000f685       ?Attach@CGdiObject@@QAEHPAX@Z 5f810685 f
 0001:0000f6b1       ?CreateNewDocument@CDocTemplate@@UAEPAVCDocument@@XZ 5f8106b1 f
 0001:0000f6dc       ??0COleLinkingDoc@@QAE@XZ  5f8106dc f
 0001:0000f751       ??0COleDocument@@QAE@XZ    5f810751 f
 0001:0000f7b6       ??0CDocument@@QAE@XZ       5f8107b6 f
 0001:0000f81a       ??0CObList@@QAE@H@Z        5f81081a f
 0001:0000f83d       ?AfxOleLockApp@@YGXXZ      5f81083d f
 0001:0000f84d       ?AddDocument@CDocTemplate@@UAEXPAVCDocument@@@Z 5f81084d f
 0001:0000f857       ?CreateNewFrame@CDocTemplate@@UAEPAVCFrameWnd@@PAVCDocument@@PAV2@@Z 5f810857 f
 0001:0000f8c4       ?PreCreateWindow@CFrameWnd@@MAEHAAUtagCREATESTRUCTW@@@Z 5f8108c4 f
 0001:0000f908       ??0CView@@IAE@XZ           5f810908 f
 0001:0000f91e       ?PreCreateWindow@CView@@MAEHAAUtagCREATESTRUCTW@@@Z 5f81091e f
 0001:0000f95f       ?OnCreate@CView@@IAEHPAUtagCREATESTRUCTW@@@Z 5f81095f f
 0001:0000f98f       ?AddView@CDocument@@QAEXPAVCView@@@Z 5f81098f f
 0001:0000f9af       ?OnSizeParent@CControlBar@@QAEJIJ@Z 5f8109af f
 0001:0000fafd       ?RecalcDelayShow@CControlBar@@UAEKPAUAFX_SIZEPARENTPARAMS@@@Z 5f810afd f
 0001:0000fb2d       ?ModifyStyleEx@CWnd@@QAEHKKI@Z 5f810b2d f
 0001:0000fb50       ?CalcDynamicLayout@CControlBar@@UAE?AVCSize@@HK@Z 5f810b50 f
 0001:0000fb73       ?ModifyStyleEx@CWnd@@SGHPAUHWND__@@KKI@Z 5f810b73 f
 0001:0000fb8d       ?CalcFixedLayout@CStatusBar@@UAE?AVCSize@@HH@Z 5f810b8d f
 0001:0000fc52       ?OnSizeParent@CDockBar@@IAEJIJ@Z 5f810c52 f
 0001:0000fcb8       ?CalcFixedLayout@CDockBar@@UAE?AVCSize@@HH@Z 5f810cb8 f
 0001:0000ff56       ?OnSize@CFrameWnd@@IAEXIHH@Z 5f810f56 f
 0001:0000ff75       ?CalcFixedLayout@CToolBar@@UAE?AVCSize@@HH@Z 5f810f75 f
 0001:0000ff9e       ?OnWindowPosChanging@CStatusBar@@IAEXPAUtagWINDOWPOS@@@Z 5f810f9e f
 0001:0000ffbe       ?_GetBaseClass@CCtrlView@@KGPAUCRuntimeClass@@XZ 5f810fbe f
 0001:0000ffc4       ?OnNewDocument@COleLinkingDoc@@UAEHXZ 5f810fc4 f
 0001:0000fff5       ?OnNewDocument@COleDocument@@UAEHXZ 5f810ff5 f
 0001:00010046       ?OnNewDocument@CDocument@@UAEHXZ 5f811046 f
 0001:0001006b       ??0CWindowDC@@QAE@PAVCWnd@@@Z 5f81106b f
 0001:000100c0       ??1CWindowDC@@UAE@XZ       5f8110c0 f
 0001:00010102       ?EraseNonClient@CControlBar@@QAEXXZ 5f811102 f
 0001:00010102       ?OnNcPaint@CToolBar@@IAEXXZ 5f811102 f
 0001:000101cf       ?ExcludeClipRect@CDC@@QAEHPBUtagRECT@@@Z 5f8111cf f
 0001:00010207       ?IntersectClipRect@CDC@@QAEHPBUtagRECT@@@Z 5f811207 f
 0001:0001023f       ?OnPaint@CDockBar@@IAEXXZ  5f81123f f
 0001:0001029f       ?GetDockedVisibleCount@CDockBar@@UBEHXZ 5f81129f f
 0001:000102dc       ?DoPaint@CDockBar@@UAEXPAVCDC@@@Z 5f8112dc f
 0001:000102df       ??0COleServerDoc@@QAE@XZ   5f8112df f
 0001:00010384       ?OnCreateClient@CFrameWnd@@MAEHPAUtagCREATESTRUCTW@@PAUCCreateContext@@@Z 5f811384 f
 0001:000103a6       ?CreateView@CFrameWnd@@QAEPAVCWnd@@PAUCCreateContext@@I@Z 5f8113a6 f
 0001:00010422       ?AfxTlsAddRef@@YGXXZ       5f811422 f
 0001:00010429       ?AfxCriticalInit@@YGHXZ    5f811429 f
 0001:00010463       ??0CThreadSlotData@@QAE@XZ 5f811463 f
 0001:000104a4       ?AllocSlot@CThreadSlotData@@QAEHXZ 5f8114a4 f
 0001:00010569       __initterm                 5f811569 f
 0001:00010592       ??0CFixedAlloc@@QAE@II@Z   5f811592 f
 0001:000105ba       _atexit                    5f8115ba f
 0001:000105cc       __onexit                   5f8115cc f
 0001:000105f0       ___dllonexit               5f8115f0 f
 0001:00010739       ??0CSessionMapPtrToPtr@@QAE@XZ 5f811739 f
 0001:00010788       ??0CSyncObject@@QAE@PBG@Z  5f811788 f
 0001:00010887       ??0AFX_MODULE_STATE@@QAE@HP6GJPAUHWND__@@IIJ@ZKH@Z 5f811887 f
 0001:0001093d       ??0CMemoryException@@QAE@HI@Z 5f81193d f
 0001:00010967       ??0CException@@QAE@H@Z     5f811967 f
 0001:0001099c       ??0CNotSupportedException@@QAE@HI@Z 5f81199c f
 0001:000109d1       ?AfxClassInit@@YGXPAUCRuntimeClass@@@Z 5f8119d1 f
 0001:00010a89       ??0CWnd@@AAE@PAUHWND__@@@Z 5f811a89 f
 0001:00010bc2       ??0CResourceException@@QAE@HI@Z 5f811bc2 f
 0001:00010c0f       ??0CUserException@@QAE@HI@Z 5f811c0f f
 0001:00010c60       ??0AUX_DATA@@QAE@XZ        5f811c60 f
 0001:00010cfb       ?UpdateSysMetrics@AUX_DATA@@QAEXXZ 5f811cfb f
 0001:00010d50       ?AfxEnableWin40Compatibility@@YGXXZ 5f811d50 f
 0001:00010d80       ?UpdateSysColors@AUX_DATA@@QAEXXZ 5f811d80 f
 0001:00010deb       ??0OLE_DATA@@QAE@XZ        5f811deb f
 0001:00010ee9       ??0CColorPropPageFactory@CColorPropPage@@QAE@ABU_GUID@@PAUCRuntimeClass@@HPBG@Z 5f811ee9 f
 0001:00010f0d       ??0COleObjectFactory@@QAE@ABU_GUID@@PAUCRuntimeClass@@HPBG@Z 5f811f0d f
 0001:00010fbf       ??0CFontPropPageFactory@CFontPropPage@@QAE@ABU_GUID@@PAUCRuntimeClass@@HPBG@Z 5f811fbf f
 0001:00011010       ??0CPicturePropPageFactory@CPicturePropPage@@QAE@ABU_GUID@@PAUCRuntimeClass@@HPBG@Z 5f812010 f
 0001:00011052       ??0CWinApp@@QAE@PBG@Z      5f812052 f
 0001:00011131       ??0CWinThread@@QAE@XZ      5f812131 f
 0001:0001116e       ?AfxInitExtensionModule@@YGHAAUAFX_EXTENSION_MODULE@@PAUHINSTANCE__@@@Z 5f81216e f
 0001:000111b0       ?AfxWinInit@@YGHPAUHINSTANCE__@@0PAGH@Z 5f8121b0 f
 0001:00011213       ?SetCurrentHandles@CWinApp@@QAEXXZ 5f812213 f
 0001:0001132c       ?RegisterAll@COleObjectFactory@@SGHXZ 5f81232c f
 0001:000113bc       ?IsRegistered@COleObjectFactory@@UBEHXZ 5f8123bc f
 0001:000113ec       ?Register@COleTemplateServer@@UAEHXZ 5f8123ec f
 0001:000113ec       ?Register@COleObjectFactory@@UAEHXZ 5f8123ec f
 0001:00011402       ??0CDynLinkLibrary@@QAE@AAUAFX_EXTENSION_MODULE@@H@Z 5f812402 f
 0001:0001148c       ?CreateObject@?$CProcessLocal@V_AFX_BASE_MODULE_STATE@@@@SGPAVCNoTrackObject@@XZ 5f81248c f
 0001:000114be       ??0AFX_MODULE_STATE@@QAE@HP6GJPAUHWND__@@IIJ@ZK@Z 5f8124be f
 0001:0001151f       ?AfxWinMain@@YGHPAUHINSTANCE__@@0PAGH@Z 5f81251f f
 0001:00011594       ?CreateObject@?$CProcessLocal@V_AFX_CTL3D_STATE@@@@SGPAVCNoTrackObject@@XZ 5f812594 f
 0001:000115aa       ?InitApplication@CWinApp@@UAEHXZ 5f8125aa f
 0001:000115ea       ?Enable3dControls@CWinApp@@IAEHXZ 5f8125ea f
 0001:00011600       ?AfxOleInit@@YGHXZ         5f812600 f
 0001:00011692       ??0COleMessageFilter@@QAE@XZ 5f812692 f
 0001:000116d4       ?Register@COleMessageFilter@@QAEHXZ 5f8126d4 f
 0001:000116f3       __imp_load__CoRegisterMessageFilter@8 5f8126f3 f
 0001:000116ff       ?AddRef@XMessageFilter@COleMessageFilter@@UAGKXZ 5f8126ff f
 0001:0001170e       __imp_load__InitCommonControlsEx@4 5f81270e f
 0001:00011715       __tailMerge_COMCTL32       5f812715 f
 0001:00011723       ?SetContainerInfo@CDocTemplate@@QAEXI@Z 5f812723 f
 0001:0001173b       ?ClientToScreen@CWnd@@QBEXPAUtagRECT@@@Z 5f81273b f
 0001:00011773       ?CreateObject@?$CProcessLocal@V_AFX_WIN_STATE@@@@SGPAVCNoTrackObject@@XZ 5f812773 f
 0001:000117a4       ??0_AFX_WIN_STATE@@QAE@XZ  5f8127a4 f
 0001:000117ad       ?SubclassWindow@CWnd@@QAEHPAUHWND__@@@Z 5f8127ad f
 0001:000117f0       ??0COleTemplateServer@@QAE@XZ 5f8127f0 f
 0001:00011811       ??0CCommandLineInfo@@QAE@XZ 5f812811 f
 0001:00011880       ?LoadStdProfileSettings@CWinApp@@IAEXI@Z 5f812880 f
 0001:000118fc       ??0CRecentFileList@@QAE@IPBG0HH@Z 5f8128fc f
 0001:000119b8       ??0CDocTemplate@@IAE@IPAUCRuntimeClass@@00@Z 5f8129b8 f
 0001:00011abf       ??0CDocManager@@QAE@XZ     5f812abf f
 0001:00011af9       ??_L@YGXPAXIHP6EX0@Z1@Z    5f812af9 f
 0001:00011b6e       ?AddDocTemplate@CDocManager@@UAEXPAVCDocTemplate@@@Z 5f812b6e f
 0001:00011bd3       ?LoadTemplate@CDocTemplate@@UAEXXZ 5f812bd3 f
 0001:00011c96       ?ReadList@CRecentFileList@@UAEXXZ 5f812c96 f
 0001:00011d35       ?GetProfileStringW@CWinApp@@QAE?AVCString@@PBG00@Z 5f812d35 f
 0001:00011e46       ?GetProfileIntW@CWinApp@@QAEIPBG0H@Z 5f812e46 f
 0001:00011eb5       ?ParseCommandLine@CWinApp@@QAEXAAVCCommandLineInfo@@@Z 5f812eb5 f
 0001:00011f0f       ??0CStatusBar@@QAE@XZ      5f812f0f f
 0001:00011f41       ??0CControlBar@@IAE@XZ     5f812f41 f
 0001:00011f93       ??0CToolBar@@QAE@XZ        5f812f93 f
 0001:00011ff7       ?LoadFrame@CFrameWnd@@UAEHIKPAVCWnd@@PAUCCreateContext@@@Z 5f812ff7 f
 0001:000120c3       ?_AfxRegisterWithIcon@@YGHPAUtagWNDCLASSW@@PBGI@Z 5f8130c3 f
 0001:00012104       ?Create@CFrameWnd@@QAEHPBG0KABUtagRECT@@PAVCWnd@@0KPAUCCreateContext@@@Z 5f813104 f
 0001:0001218c       ?OnCreate@CFrameWnd@@IAEHPAUtagCREATESTRUCTW@@@Z 5f81318c f
 0001:0001219b       ?Create@CToolBar@@QAEHPAVCWnd@@KI@Z 5f81319b f
 0001:000121dd       ?CreateEx@CToolBar@@QAEHPAVCWnd@@KKVCRect@@I@Z 5f8131dd f
 0001:00012281       ?SetBorders@CControlBar@@QAEXHHHH@Z 5f813281 f
 0001:000122a0       ?_AfxGetComCtlVersion@@YGKXZ 5f8132a0 f
 0001:0001230e       ?_AfxGetDropDownWidth@@YGHXZ 5f81330e f
 0001:0001238f       ?PreCreateWindow@CControlBar@@UAEHAAUtagCREATESTRUCTW@@@Z 5f81338f f
 0001:00012402       ?PreCreateWindow@CWnd@@UAEHAAUtagCREATESTRUCTW@@@Z 5f813402 f
 0001:00012418       ?OnNcCreate@CToolBar@@IAEHPAUtagCREATESTRUCTW@@@Z 5f813418 f
 0001:00012449       ?OnCreate@CControlBar@@QAEHPAUtagCREATESTRUCTW@@@Z 5f813449 f
 0001:0001249e       ?SetSizes@CToolBar@@QAEXUtagSIZE@@0@Z 5f81349e f
 0001:00012503       ?OnSetBitmapSize@CToolBar@@IAEJIJ@Z 5f813503 f
 0001:00012516       ?OnSetSizeHelper@CToolBar@@IAEJAAVCSize@@J@Z 5f813516 f
 0001:00012567       ?OnSetButtonSize@CToolBar@@IAEJIJ@Z 5f813567 f
 0001:0001257a       ?LoadBitmapW@CToolBar@@QAEHPBG@Z 5f81357a f
 0001:000125ce       ?AfxLoadSysColorBitmap@@YGPAUHBITMAP__@@PAUHINSTANCE__@@PAUHRSRC__@@H@Z 5f8135ce f
 0001:0001273a       ?AddReplaceBitmap@CToolBar@@QAEHPAUHBITMAP__@@@Z 5f81373a f
 0001:000127b1       ?SetButtons@CToolBar@@QAEHPBIH@Z 5f8137b1 f
 0001:00012896       ?Create@CStatusBar@@QAEHPAVCWnd@@KI@Z 5f813896 f
 0001:000128ac       ?CreateEx@CStatusBar@@QAEHPAVCWnd@@KKI@Z 5f8138ac f
 0001:0001291c       ?PreCreateWindow@CStatusBar@@UAEHAAUtagCREATESTRUCTW@@@Z 5f81391c f
 0001:0001294b       ?OnChildNotify@CStatusBar@@MAEHIIJPAJ@Z 5f81394b f
 0001:0001296d       ?SetIndicators@CStatusBar@@QAEHPBIH@Z 5f81396d f
 0001:00012aaa       ?EnableDocking@CFrameWnd@@QAEXK@Z 5f813aaa f
 0001:00012b3e       ?GetControlBar@CFrameWnd@@QAEPAVCControlBar@@I@Z 5f813b3e f
 0001:00012b72       ??0CDockBar@@QAE@H@Z       5f813b72 f
 0001:00012bf0       ?Create@CDockBar@@QAEHPAVCWnd@@KI@Z 5f813bf0 f
 0001:00012c37       ?EnableDocking@CControlBar@@QAEXK@Z 5f813c37 f
 0001:00012c96       ??0CDockContext@@QAE@PAVCControlBar@@@Z 5f813c96 f
 0001:00012cf7       ?DockControlBar@CFrameWnd@@QAEXPAVCControlBar@@IPBUtagRECT@@@Z 5f813cf7 f
 0001:00012d1a       ?DockControlBar@CFrameWnd@@QAEXPAVCControlBar@@PAVCDockBar@@PBUtagRECT@@@Z 5f813d1a f
 0001:00012d66       ?DockControlBar@CDockBar@@QAEXPAVCControlBar@@PBUtagRECT@@@Z 5f813d66 f
 0001:00012ec3       ?GetWindowTextW@CWnd@@QBEHPAGH@Z 5f813ec3 f
 0001:00012ee2       ?SetBarStyle@CControlBar@@QAEXK@Z 5f813ee2 f
 0001:00012f10       ?EnableToolTips@CWnd@@QAEHH@Z 5f813f10 f
 0001:00012f1e       ?_EnableToolTips@CWnd@@QAEHHI@Z 5f813f1e f
 0001:00012f6c       ?OnBarStyleChange@CToolBar@@UAEXKK@Z 5f813f6c f
 0001:00012f9f       ?RemovePlaceHolder@CDockBar@@QAEXPAVCControlBar@@@Z 5f813f9f f
 0001:00012fd8       ?FindBar@CDockBar@@QAEHPAVCControlBar@@H@Z 5f813fd8 f
 0001:00013006       ?GetDockingFrame@CControlBar@@QBEPAVCFrameWnd@@XZ 5f814006 f
 0001:00013018       ?LoadAccelTable@CFrameWnd@@QAEHPBG@Z 5f814018 f
 0001:00013041       ?ConnectTemplate@COleTemplateServer@@QAEXABU_GUID@@PAVCDocTemplate@@H@Z 5f814041 f
 0001:00013064       ?SetServerInfo@CDocTemplate@@QAEXIIPAUCRuntimeClass@@0@Z 5f814064 f
 0001:00013091       ?CalcInsideRect@CControlBar@@QBEXAAVCRect@@H@Z 5f814091 f
 0001:00013139       ?_SetButton@CToolBar@@IAEXHPAU_TBBUTTON@@@Z 5f814139 f
 0001:0001322d       ?ModifyStyle@CWnd@@QAEHKKI@Z 5f81422d f
 0001:00013250       ?ModifyStyle@CWnd@@SGHPAUHWND__@@KKI@Z 5f814250 f
 0001:0001326a       ?_AfxModifyStyle@@YGHPAUHWND__@@HKKI@Z 5f81426a f
 0001:000132bb       ?AfxSetWindowText@@YGXPAUHWND__@@PBG@Z 5f8142bb f
 0001:00013315       ?UpdateFrameTitleForDocument@CFrameWnd@@QAEXPBG@Z 5f814315 f
 0001:000133d2       ??0CHandleMap@@QAE@PAUCRuntimeClass@@IH@Z 5f8143d2 f
 0001:0001342e       ?AfxOleSetUserCtrl@@YGXH@Z 5f81442e f
 0001:0001343d       ?AfxExtractSubString@@YGHAAVCString@@PBGHG@Z 5f81443d f
 0001:000134b3       ?GetDocString@CDocTemplate@@UBEHAAVCString@@W4DocStringIndex@1@@Z 5f8144b3 f
 0001:000134c9       ?Run@CWinApp@@UAEHXZ       5f8144c9 f
 0001:000134e9       ?Run@CWinThread@@UAEHXZ    5f8144e9 f
 0001:0001356c       ?CommonConstruct@CWinThread@@QAEXXZ 5f81456c f
 0001:0001359e       ?AfxInitThread@@YGXXZ      5f81459e f
 0001:000135f6       ?CreateObject@?$CThreadLocal@V_AFX_CTL3D_THREAD@@@@SGPAVCNoTrackObject@@XZ 5f8145f6 f
 0001:0001360c       ??0CException@@QAE@XZ      5f81460c f
 0001:0001361c       ?_AfxActivationWndProc@@YGJPAUHWND__@@IIJ@Z 5f81461c f
 0001:000136a0       ?OnInitialUpdate@CControlBar@@QAEXXZ 5f8146a0 f
 0001:000136aa       ?DragAcceptFiles@CWnd@@QAEXH@Z 5f8146aa f
 0001:000136ba       __imp_load__DragAcceptFiles@8 5f8146ba f
 0001:000136c1       __tailMerge_SHELL32        5f8146c1 f
 0001:000136cf       ??0AFX_EXCEPTION_LINK@@QAE@XZ 5f8146cf f
 0001:000136e5       ?AfxGetExceptionContext@@YAPAUAFX_EXCEPTION_CONTEXT@@XZ 5f8146e5 f
 0001:0001370d       ?AfxTryCleanup@@YGXXZ      5f81470d f
 0001:0001372a       ?SelectObject@CDC@@UAEPAVCFont@@PAV2@@Z 5f81472a f
 0001:00013769       ?ExtTextOutW@CDC@@UAEHHHIPBUtagRECT@@PBGIPAH@Z 5f814769 f
 0001:0001378e       ?AddRef@XPersistStorage@COleServerDoc@@UAGKXZ 5f81478e f
 0001:000137a0       ?CalcFixedLayout@CControlBar@@UAE?AVCSize@@HH@Z 5f8147a0 f
 0001:000137d4       ?CalcDynamicLayout@CToolBar@@UAE?AVCSize@@HK@Z 5f8147d4 f
 0001:00013819       ?CalcLayout@CToolBar@@IAE?AVCSize@@KH@Z 5f814819 f
 0001:00013b2b       ?SizeToolBar@CToolBar@@IAEXPAU_TBBUTTON@@HHH@Z 5f814b2b f
 0001:00013bd7       ?WrapToolBar@CToolBar@@IAEHPAU_TBBUTTON@@HH@Z 5f814bd7 f
 0001:00013caa       ?CalcSize@CToolBar@@IAE?AVCSize@@PAU_TBBUTTON@@H@Z 5f814caa f
 0001:00013dc3       ?Layout@CToolBar@@IAEXXZ   5f814dc3 f
 0001:00013e02       ?OnPaint@CToolBar@@IAEXXZ  5f814e02 f
 0001:00013e1c       ?OnEraseBkgnd@CToolBar@@IAEHPAVCDC@@@Z 5f814e1c f
 0001:00013e24       ?OnShowViews@COleLinkingDoc@@MAEXH@Z 5f814e24 f
 0001:00013e39       ?SetTitle@CDocument@@UAEXPBG@Z 5f814e39 f
 0001:00013e56       ?RegisterIfServerAttached@COleLinkingDoc@@MAEHPBGH@Z 5f814e56 f
 0001:00013e82       ?Register@COleLinkingDoc@@QAEHPAVCOleObjectFactory@@PBG@Z 5f814e82 f
 0001:00013f64       ?InitialUpdateFrame@CDocTemplate@@UAEXPAVCFrameWnd@@PAVCDocument@@H@Z 5f814f64 f
[...]
 0003:00005e98       ??_R0?AVCObArray@@@8       5f8d4e98  
 0003:00005eb0       ??_R0?AVCStringArray@@@8   5f8d4eb0  
 0003:00005ed0       ??_R0?AVCUIntArray@@@8     5f8d4ed0  
 0003:00005ef0       ??_R0?AVCWordArray@@@8     5f8d4ef0  
 0003:00005f10       ??_R0?AVCStringList@@@8    5f8d4f10  
 0003:00005f30       ??_R0?AVCMapPtrToWord@@@8  5f8d4f30  
 0003:00005f50       ??_R0?AVCMapStringToOb@@@8 5f8d4f50  
 0003:00005f70       ??_R0?AVCMapStringToString@@@8 5f8d4f70  
 0003:00005f98       ??_R0?AVCMapWordToOb@@@8   5f8d4f98  
 0003:00005fb8       ??_R0?AVCMapWordToPtr@@@8  5f8d4fb8  
 0003:00005fd8       ??_R0?AVCSemaphore@@@8     5f8d4fd8  
 0003:00005ff8       ??_R0?AVCMutex@@@8         5f8d4ff8  
 0003:00006010       ??_R0?AVCEvent@@@8         5f8d5010  
 0003:00006028       ??_R0PAVCUserException@@@8 5f8d5028  
 0003:00006048       ??_R0?AVCToolTipCtrl@@@8   5f8d5048  
 0003:00006068       ??_R0?AVCMiniFrameWnd@@@8  5f8d5068  
 0003:00006088       ??_R0?AVCBrush@@@8         5f8d5088  
 0003:000060a0       ??_R0?AVCDialogBar@@@8     5f8d50a0  
 0003:000060c0       ??_R0?AVCMiniDockFrameWnd@@@8 5f8d50c0  
 0003:000060e0       ??_R0?AVCPreviewDC@@@8     5f8d50e0  
 0003:00006100       ??_R0?AVCMetaFileDC@@@8    5f8d5100  
 0003:00006120       ??_R0?AVCRectTracker@@@8   5f8d5120  
 0003:00006140       ??_R0?AVCReBar@@@8         5f8d5140  
 0003:00006158       ??_R0?AVCListBox@@@8       5f8d5158  
 0003:00006170       ??_R0?AVCScrollBar@@@8     5f8d5170  
 0003:00006190       ??_R0?AVCDragListBox@@@8   5f8d5190  
 0003:000061b0       ??_R0?AVCRgn@@@8           5f8d51b0  
 0003:000061c8       ??_R0?AVCToolBarCtrl@@@8   5f8d51c8  
 0003:000061e8       ??_R0?AVCStatusBarCtrl@@@8 5f8d51e8  
 0003:00006208       ??_R0?AVCListCtrl@@@8      5f8d5208  
 0003:00006220       ??_R0?AVCTreeCtrl@@@8      5f8d5220  
 0003:00006238       ??_R0?AVCSpinButtonCtrl@@@8 5f8d5238  
 0003:00006258       ??_R0?AVCSliderCtrl@@@8    5f8d5258  
 0003:00006278       ??_R0?AVCProgressCtrl@@@8  5f8d5278  
 0003:00006298       ??_R0?AVCHeaderCtrl@@@8    5f8d5298  
 0003:000062b8       ??_R0?AVCHotKeyCtrl@@@8    5f8d52b8  
 0003:000062d8       ??_R0?AVCTabCtrl@@@8       5f8d52d8  
 0003:000062f0       ??_R0?AVCAnimateCtrl@@@8   5f8d52f0  
 0003:00006310       ??_R0?AVCRichEditCtrl@@@8  5f8d5310  
 0003:00006330       ??_R0?AVCImageList@@@8     5f8d5330  
 0003:00006350       ??_R0?AVCTempImageList@@@8 5f8d5350  
 0003:00006370       ??_R0?AVCBitmap@@@8        5f8d5370  
 0003:00006388       ??_R0?AV_AFX_CHECKLIST_STATE@@@8 5f8d5388  
 0003:000063ac       ?_afxPropSheetButtons@@3PAHA 5f8d53ac  
 0003:000063c0       ??_R0?AVCPropertyPage@@@8  5f8d53c0  
 0003:000063e0       ??_R0?AVCPropertySheet@@@8 5f8d53e0  
 0003:00006400       ??_R0?AVCPropertyPageEx@@@8 5f8d5400  
 0003:00006420       ??_R0?AVCPropertySheetEx@@@8 5f8d5420  
 0003:00006440       ??_R0?AVCFileDialog@@@8    5f8d5440  
 0003:00006460       ??_R0?AVCPageSetupDialog@@@8 5f8d5460  
 0003:00006480       ??_R0?AV_AFX_COLOR_STATE@@@8 5f8d5480  
 0003:000064a0       ??_R0?AVCColorDialog@@@8   5f8d54a0  
 0003:000064c0       ??_R0?AVCFontDialog@@@8    5f8d54c0  
 0003:000064e0       ??_R0?AVCFindReplaceDialog@@@8 5f8d54e0  
 0003:00006508       ??_R0?AU_AFX_PROPPAGEFONTINFO@@@8 5f8d5508  
 0003:00006530       ??_R0?AVCIPAddressCtrl@@@8 5f8d5530  
 0003:00006550       ??_R0?AVCComboBoxEx@@@8    5f8d5550  
 0003:00006570       ??_R0?AVCPen@@@8           5f8d5570  
 0003:00006588       ??_R0PAVCResourceException@@@8 5f8d5588  
 0003:000065ac       ?_dispatchEntryCount@CCmdTarget@@0IA 5f8d55ac  
 0003:000065b0       ?_dwStockPropMask@CCmdTarget@@0KA 5f8d55b0  
 0003:000065b4       ?_eventsinkEntryCount@CCmdTarget@@0IA 5f8d55b4  
 0003:000065b8       ??_R0?AVCMirrorFile@@@8    5f8d55b8  
 0003:000065d8       ??_R0?AVCNewTypeDlg@@@8    5f8d55d8  
 0003:000065f8       ??_R0?AVCFormView@@@8      5f8d55f8  
 0003:00006610       ??_R0?AVCEditView@@@8      5f8d5610  
 0003:00006628       ??_R0?AVCPreviewView@@@8   5f8d5628  
 0003:00006648       ??_R0?AVCListView@@@8      5f8d5648  
 0003:00006660       ??_R0?AVCTreeView@@@8      5f8d5660  
 0003:00006678       ??_R0?AV_AFX_MAIL_STATE@@@8 5f8d5678  
 0003:00006698       ??_R0?AVCInternetSession@@@8 5f8d5698  
 0003:000066b8       ??_R0?AVCInternetFile@@@8  5f8d56b8  
 0003:000066d8       ??_R0?AVCInternetConnection@@@8 5f8d56d8  
 0003:00006700       ??_R0?AVCFtpConnection@@@8 5f8d5700  
 0003:00006720       ??_R0?AVCGopherConnection@@@8 5f8d5720  
 0003:00006740       ??_R0?AVCHttpConnection@@@8 5f8d5740  
 0003:00006760       ??_R0?AVCHttpFile@@@8      5f8d5760  
 0003:00006778       ??_R0?AVCGopherFile@@@8    5f8d5778  
 0003:00006798       ??_R0?AVCFileFind@@@8      5f8d5798  
 0003:000067b0       ??_R0?AVCFtpFileFind@@@8   5f8d57b0  
 0003:000067d0       ??_R0?AVCGopherFileFind@@@8 5f8d57d0  
 0003:000067f0       ??_R0?AVCGopherLocator@@@8 5f8d57f0  
 0003:00006810       ??_R0PAVCInternetException@@@8 5f8d5810  
 0003:00006838       ??_R0?AVCInternetException@@@8 5f8d5838  
 0003:00006860       ??_R0?AV_AFX_SOCK_STATE@@@8 5f8d5860  
 0003:00006880       ??_R0?AVCAsyncSocket@@@8   5f8d5880  
 0003:000068a0       ??_R0?AVCSocket@@@8        5f8d58a0  
 0003:000068b8       ??_R0?AVCSocketFile@@@8    5f8d58b8  
 0003:000068d8       ??_R0?AVCSocketWnd@@@8     5f8d58d8  
 0003:000068f8       ??_R0?AUIOleInPlaceSite@@@8 5f8d58f8  
 0003:00006918       ??_R0?AVXOleIPSite@COleClientItem@@@8 5f8d5918  
 0003:00006940       ??_R0?AVCDocItem@@@8       5f8d5940  
 0003:00006958       ??_R0?AVCOleClientItem@@@8 5f8d5958  
 0003:00006978       ??_R0?AUIAdviseSink@@@8    5f8d5978  
 0003:00006998       ??_R0?AVXAdviseSink@COleClientItem@@@8 5f8d5998  
 0003:000069c8       ??_R0?AUIOleClientSite@@@8 5f8d59c8  
 0003:000069e8       ??_R0?AVXOleClientSite@COleClientItem@@@8 5f8d59e8  
 0003:00006a18       ??_R0?AUIOleCommandTarget@@@8 5f8d5a18  
 0003:00006a38       ??_R0?AVXOleCommandTarget@COleFrameHook@@@8 5f8d5a38  
 0003:00006a68       ??_R0?AUIOleInPlaceUIWindow@@@8 5f8d5a68  
 0003:00006a90       ??_R0?AUIOleInPlaceFrame@@@8 5f8d5a90  
 0003:00006ab0       ??_R0?AVXOleInPlaceFrame@COleFrameHook@@@8 5f8d5ab0  
 0003:00006ae0       ??_R0?AVCOleFrameHook@@@8  5f8d5ae0  
 0003:00006b00       ??_R0?AVXDataObject@COleDataSource@@@8 5f8d5b00  
 0003:00006b30       ??_R0?AVCOleDataSource@@@8 5f8d5b30  
 0003:00006b50       ??_R0?AVCEnumArray@@@8     5f8d5b50  
 0003:00006b70       ??_R0?AVCEnumFormatEtc@@@8 5f8d5b70  
 0003:00006b90       ??_R0PAVCOleException@@@8  5f8d5b90  
 0003:00006bb0       ??_R0?AVCOleDispatchException@@@8 5f8d5bb0  
 0003:00006bd8       ??_R0PAVCOleDispatchException@@@8 5f8d5bd8  
 0003:00006c00       ??_R0?AVCOleInsertDialog@@@8 5f8d5c00  
 0003:00006c20       ??_R0?AVCOleConvertDialog@@@8 5f8d5c20  
 0003:00006c40       ??_R0?AVCOleChangeIconDialog@@@8 5f8d5c40  
 0003:00006c68       ??_R0?AVCOlePasteSpecialDialog@@@8 5f8d5c68  
 0003:00006c90       ??_R0?AVCOleBusyDialog@@@8 5f8d5c90  
 0003:00006cb0       ??_R0?AVCOlePropertiesDialog@@@8 5f8d5cb0  
 0003:00006cd8       ??_R0?AUIOleUIObjInfoW@@@8 5f8d5cd8  
 0003:00006cf8       ??_R0?AVXOleUIObjInfo@COlePropertiesDialog@@@8 5f8d5cf8  
 0003:00006d30       ??_R0?AVCOleChangeSourceDialog@@@8 5f8d5d30  
 0003:00006d58       ?_afxMonthDays@@3PAHA      5f8d5d58  
 0003:00006d90       ??_R0?AVCOleDropSource@@@8 5f8d5d90  
 0003:00006db0       ??_R0?AUIDropSource@@@8    5f8d5db0  
 0003:00006dd0       ??_R0?AVXDropSource@COleDropSource@@@8 5f8d5dd0  
 0003:00006e00       ??_R0?AUIEnumVOID@@@8      5f8d5e00  
 0003:00006e18       ??_R0?AVXEnumVOID@CEnumArray@@@8 5f8d5e18  
 0003:00006e40       ??_R0?AVCOleCntrFrameWnd@@@8 5f8d5e40  
 0003:00006e60       ??_R0?AVCOleIPFrameWnd@@@8 5f8d5e60  
 0003:00006e80       ??_R0?AVCOleException@@@8  5f8d5e80  
 0003:00006ea0       ??_R0?AVCOleStreamFile@@@8 5f8d5ea0  
 0003:00006ec0       ??_R0?AVXOleObject@COleServerItem@@@8 5f8d5ec0  
 0003:00006ee8       ??_R0?AVCItemDataSource@COleServerItem@@@8 5f8d5ee8  
 0003:00006f18       ??_R0?AVCOleServerItem@@@8 5f8d5f18  
 0003:00006f38       ??_R0?AVXDataObject@COleServerItem@@@8 5f8d5f38  
 0003:00006f68       ??_R0?AVCInnerUnknown@@@8  5f8d5f68  
 0003:00006f88       ??_R0?AVCEnumOleVerb@@@8   5f8d5f88  
 0003:00006fa8       ??_R0?AVCRichEditCntrItem@@@8 5f8d5fa8  
 0003:00006fc8       ??_R0?AVCTypeLibCacheMap@@@8 5f8d5fc8  
 0003:00006fe8       ??_R0?AVCMonikerFile@@@8   5f8d5fe8  
 0003:00007008       ??_R0?AUIBindHost@@@8      5f8d6008  
 0003:00007020       ??_R0?AV_AfxBindHost@@@8   5f8d6020  
 0003:00007040       ??_R0?AVCDateTimeCtrl@@@8  5f8d6040  
 0003:00007060       ??_R0?AVCMonthCalCtrl@@@8  5f8d6060  
 0003:0000707c       ?_eventsinkEntryCount@CHtmlView@@0IA 5f8d607c  
 0003:00007088       ??_R0?AVCHtmlView@@@8      5f8d6088  
 0003:000070a0       ??_R0?AVCOccManager@@@8    5f8d60a0  
 0003:000070bc       ?_dwStockPropMask@COleControlContainer@@0KA 5f8d60bc  
 0003:000070c0       ?_dispatchEntryCount@COleControlContainer@@0IA 5f8d60c0  
 0003:000070c8       ??_R0?AVXOleContainer@COleControlContainer@@@8 5f8d60c8  
 0003:00007100       ??_R0?AVXOleIPFrame@COleControlContainer@@@8 5f8d6100  
 0003:00007130       ??_R0?AVCOleControlContainer@@@8 5f8d6130  
 0003:00007158       ??_R0?AVCFont@@@8          5f8d6158  
 0003:00007170       ??_R0?AVCEnumUnknown@@@8   5f8d6170  
 0003:00007190       ??_R0?AVXEventSink@COleControlSite@@@8 5f8d6190  
 0003:000071c0       ??_R0?AUIPropertyNotifySink@@@8 5f8d61c0  
 0003:000071e8       ??_R0?AVXPropertyNotifySink@COleControlSite@@@8 5f8d61e8  
 0003:00007220       ??_R0?AVXAmbientProps@COleControlSite@@@8 5f8d6220  
 0003:00007250       ??_R0?AUIOleControlSite@@@8 5f8d6250  
 0003:00007270       ??_R0?AVXOleControlSite@COleControlSite@@@8 5f8d6270  
 0003:000072a0       ??_R0?AVXOleIPSite@COleControlSite@@@8 5f8d62a0  
 0003:000072d0       ??_R0?AVXOleClientSite@COleControlSite@@@8 5f8d62d0  
 0003:00007300       ??_R0?AVCOleControlSite@@@8 5f8d6300  
 0003:00007320       ??_R0?AUIRowsetNotify@@@8  5f8d6320  
 0003:00007340       ??_R0?AVXRowsetNotify@COleControlSite@@@8 5f8d6340  
 0003:00007370       ??_R0?AUINotifyDBEvents@@@8 5f8d6370  
 0003:00007390       ??_R0?AVXNotifyDBEvents@COleControlSite@@@8 5f8d6390  
 0003:000073c0       ??_R0?AUIBoundObjectSite@@@8 5f8d63c0  
 0003:000073e0       ??_R0?AVXBoundObjectSite@COleControlSite@@@8 5f8d63e0  
 0003:00007410       ??_R0?AVCDataSourceControl@@@8 5f8d6410  
 0003:00007438       __GUID_0c733a05_2a1c_11ce_ade5_00aa0044773d 5f8d6438  
 0003:00007448       __GUID_0c733a11_2a1c_11ce_ade5_00aa0044773d 5f8d6448  
 0003:00007458       __GUID_0c733a8c_2a1c_11ce_ade5_00aa0044773d 5f8d6458  
 0003:00007468       ??_R0?AVCOleControlLock@@@8 5f8d6468  
 0003:00007488       ??_R0?AVXOleObject@CDocObjectServer@@@8 5f8d6488  
 0003:000074b8       ??_R0?AUIPrint@@@8         5f8d64b8  
 0003:000074d0       ??_R0?AVXPrint@CDocObjectServer@@@8 5f8d64d0  
 0003:000074f8       ??_R0?AVXOleCommandTarget@CDocObjectServer@@@8 5f8d64f8  
 0003:00007530       ??_R0?AVCDocObjectServer@@@8 5f8d6530  
 0003:00007550       ??_R0?AUIOleDocumentView@@@8 5f8d6550  
 0003:00007570       ??_R0?AVXOleDocumentView@CDocObjectServer@@@8 5f8d6570  
 0003:000075a0       ??_R0?AUIOleDocument@@@8   5f8d65a0  
 0003:000075c0       ??_R0?AVXOleDocument@CDocObjectServer@@@8 5f8d65c0  
 0003:000075f0       ??_R0?AVCDocObjectServerItem@@@8 5f8d65f0  
 0003:00007618       ??_R0?AVCOleCmdUI@@@8      5f8d6618  
 0003:00007630       ??_R0?AVCOleDocIPFrameWnd@@@8 5f8d6630  
 0003:00007650       ??_R0?AUIOleDocumentSite@@@8 5f8d6650  
 0003:00007670       ??_R0?AVXOleDocumentSite@COleDocObjectItem@@@8 5f8d6670  
 0003:000076a8       ??_R0?AVCOleDocObjectItem@@@8 5f8d66a8  
 0003:000076c8       ??_R0?AVCAsyncMonikerFile@@@8 5f8d66c8  
 0003:000076e8       ??_R0?AUIBindStatusCallback@@@8 5f8d66e8  
 0003:00007710       ??_R0?AV_AfxBindStatusCallback@@@8 5f8d6710  
 0003:00007738       ??_R0?AVCInnerUnknown@_AfxBindStatusCallback@@@8 5f8d6738  
 0003:00007770       ??_R0?AVCOleResizeBar@@@8  5f8d6770  
 0003:00007790       ??_R0?AUIProvideClassInfo@@@8 5f8d6790  
 0003:000077b0       ??_R0?AUIProvideClassInfo2@@@8 5f8d67b0  
 0003:000077d8       ??_R0?AVXProvideClassInfo@COleControl@@@8 5f8d67d8  
 0003:00007808       ??_R0?AUIOleControl@@@8    5f8d6808  
 0003:00007828       ??_R0?AVXOleControl@COleControl@@@8 5f8d6828  
 0003:00007850       ??_R0?AUIOleCache@@@8      5f8d6850  
 0003:00007868       ??_R0?AVXOleCache@COleControl@@@8 5f8d6868  
 0003:00007890       ??_R0?AVXOleInPlaceActiveObject@COleControl@@@8 5f8d6890  
 0003:000078c8       ??_R0?AUIPersistStreamInit@@@8 5f8d68c8  
 0003:000078f0       ??_R0?AVXPersistStreamInit@COleControl@@@8 5f8d68f0  
 0003:00007920       ??_R0?AUIPerPropertyBrowsing@@@8 5f8d6920  
 0003:00007948       ??_R0?AVXPerPropertyBrowsing@COleControl@@@8 5f8d6948  
 0003:00007978       ??_R0?AUIOleInPlaceObjectWindowless@@@8 5f8d6978  
 0003:000079a8       ??_R0?AVXOleInPlaceObject@COleControl@@@8 5f8d69a8  
 0003:000079d8       ??_R0?AUISpecifyPropertyPages@@@8 5f8d69d8  
 0003:00007a00       ??_R0?AVXSpecifyPropertyPages@COleControl@@@8 5f8d6a00  
 0003:00007a30       ??_R0?AVXPersistStorage@COleControl@@@8 5f8d6a30  
 0003:00007a60       ??_R0?AVXDataObject@COleControl@@@8 5f8d6a60  
 0003:00007a88       ??_R0?AVCOleControl@@@8    5f8d6a88  
 0003:00007aa8       ??_R0?AVXPropConnPt@COleControl@@@8 5f8d6aa8  
 0003:00007ad0       ??_R0?AUIViewObject@@@8    5f8d6ad0  
 0003:00007af0       ??_R0?AUIViewObject2@@@8   5f8d6af0  
 0003:00007b10       ??_R0?AUIViewObjectEx@@@8  5f8d6b10  
 0003:00007b30       ??_R0?AVXViewObject@COleControl@@@8 5f8d6b30  
 0003:00007b58       ??_R0?AVCConnectionPoint@@@8 5f8d6b58  
 0003:00007b78       ??_R0?AVXEventConnPt@COleControl@@@8 5f8d6b78  
 0003:00007ba0       ??_R0?AVXOleObject@COleControl@@@8 5f8d6ba0  
 0003:00007bc8       ??_R0?AUIPointerInactive@@@8 5f8d6bc8  
 0003:00007be8       ??_R0?AVXPointerInactive@COleControl@@@8 5f8d6be8  
 0003:00007c18       ??_R0?AUIPersistPropertyBag@@@8 5f8d6c18  
 0003:00007c40       ??_R0?AVXPersistPropertyBag@COleControl@@@8 5f8d6c40  
 0003:00007c70       ??_R0?AUIQuickActivate@@@8 5f8d6c70  
 0003:00007c90       ??_R0?AVXQuickActivate@COleControl@@@8 5f8d6c90  
 0003:00007cc0       ??_R0?AUIPersistMemory@@@8 5f8d6cc0  
 0003:00007ce0       ??_R0?AVXPersistMemory@COleControl@@@8 5f8d6ce0  
 0003:00007d10       ??_R0?AVXFontNotification@COleControl@@@8 5f8d6d10  
 0003:00007d40       ??_R0?AVCReflectorWnd@@@8  5f8d6d40  
 0003:00007d60       ??_R0?AVCParkingWnd@@@8    5f8d6d60  
 0003:00007d80       ??_R0?AVCControlDataSource@COleControl@@@8 5f8d6d80  
 0003:00007db0       ??_R0?AVCControlFrameWnd@@@8 5f8d6db0  
 0003:00007dd0       ??_R0?AUIConnectionPoint@@@8 5f8d6dd0  
 0003:00007df0       ??_R0?AVXConnPt@CConnectionPoint@@@8 5f8d6df0  
 0003:00007e18       ??_R0?AVCEnumConnections@@@8 5f8d6e18  
 0003:00007e38       ??_R0?AVCEnumConnPoints@@@8 5f8d6e38  
 0003:00007e58       ??_R0?AUIConnectionPointContainer@@@8 5f8d6e58  
 0003:00007e80       ??_R0?AVCOleConnPtContainer@@@8 5f8d6e80  
 0003:00007ea8       ??_R0?AVCPropExchange@@@8  5f8d6ea8  
 0003:00007ec8       ??_R0?AVCArchivePropExchange@@@8 5f8d6ec8  
 0003:00007ef0       ??_R0?AVCResetPropExchange@@@8 5f8d6ef0  
 0003:00007f18       ??_R0?AVCAsyncPropExchange@@@8 5f8d6f18  
 0003:00007f40       ??_R0?AUAFX_DDPDATA@@@8    5f8d6f40  
 0003:00007f60       ??_R0?AVXPropNotifySink@COlePropertyPage@@@8 5f8d6f60  
 0003:00007f90       ??_R0?AUIPropertyPage@@@8  5f8d6f90  
 0003:00007fb0       ??_R0?AUIPropertyPage2@@@8 5f8d6fb0  
 0003:00007fd0       ??_R0?AVXPropertyPage@COlePropertyPage@@@8 5f8d6fd0  
 0003:00008000       ??_R0?AVCOlePropertyPage@@@8 5f8d7000  
 0003:00008020       ??_R0?AVCPropsetPropExchange@@@8 5f8d7020  
 0003:00008070       ??_R0?AVCControlRectTracker@@@8 5f8d7070  
 0003:00008098       ??_R0?AUIPersistStream@@@8 5f8d7098  
 0003:000080b8       ??_R0?AVCBlobProperty@@@8  5f8d70b8  
 0003:000080d8       ??_R0?AVCPropbagPropExchange@@@8 5f8d70d8  
 0003:00008100       ??_R0?AV_AFXCTL_AMBIENT_CACHE@@@8 5f8d7100  
 0003:00008128       ??_R0?AVCWindowlessDC@@@8  5f8d7128  
 0003:00008148       ??_R0?AVCColorButton@@@8   5f8d7148  
 0003:00008168       ??_R0?AVCStockPropPage@@@8 5f8d7168  
 0003:00008188       ??_R0?AVCColorPropPage@@@8 5f8d7188  
 0003:000081a8       ?_afxTTDefaults@@3PAHA     5f8d71a8  
 0003:000081e8       ??_R0?AVCFontPropPage@@@8  5f8d71e8  
 0003:00008208       ??_R0?AVCSizeComboBox@@@8  5f8d7208  
 0003:00008228       ??_R0?AVCFontComboBox@@@8  5f8d7228  
 0003:00008248       ?_afxPictDescEmpty@@3UtagPICTDESC@@A 5f8d7248  
 0003:00008260       ??_R0?AVCPicturePropPage@@@8 5f8d7260  
 0003:00008280       ??_R0PAVCDBException@@@8   5f8d7280  
 0003:000082a0       ??_R0?AVCDBException@@@8   5f8d72a0  
 0003:000082c0       ??_R0?AVCDatabase@@@8      5f8d72c0  
 0003:000082d8       ??_R0?AVCRecordset@@@8     5f8d72d8  
 0003:000082f8       ??_R0?AV_AFX_DB_STATE@@@8  5f8d72f8  
 0003:00008318       ??_R0?AVCRecordView@@@8    5f8d7318  
 0003:00008338       ??_R0?AVCLongBinary@@@8    5f8d7338  
 0003:00008358       ??_R0?AVCDBVariant@@@8     5f8d7358  
 0003:00008378       ?_afxNullVariant@@3UtagVARIANT@@A 5f8d7378  
 0003:00008388       ?_afxOptionalVariant@@3UtagVARIANT@@A 5f8d7388  
 0003:00008398       ??_R0?AV_AFX_DAO_STATE@@@8 5f8d7398  
 0003:000083b8       ??_R0?AUCDaoIndexInfo@@@8  5f8d73b8  
 0003:000083d8       ??_R0?AUCDaoRelationInfo@@@8 5f8d73d8  
 0003:000083f8       ??_R0?AVCDaoException@@@8  5f8d73f8  
 0003:00008418       ??_R0PAVCDaoException@@@8  5f8d7418  
 0003:00008438       ??_R0?AVCDaoWorkspace@@@8  5f8d7438  
 0003:00008458       ??_R0?AVCDaoDatabase@@@8   5f8d7458  
 0003:00008478       ??_R0?AVCDaoTableDef@@@8   5f8d7478  
 0003:00008498       ??_R0?AVCDaoQueryDef@@@8   5f8d7498  
 0003:000084b8       ??_R0?AVCDaoRecordset@@@8  5f8d74b8  
 0003:000084d8       ??_R0?AVCDaoRecordView@@@8 5f8d74d8  
 0003:000084f8       ??_R0?AVCPalette@@@8       5f8d74f8  
 0003:00008510       ??_R0?AVCCheckListBox@@@8  5f8d7510  
 0003:00008530       ??_R0?AVCBitmapButton@@@8  5f8d7530  
 0003:00008550       ??_R0?AVCDataPathProperty@@@8 5f8d7550  
 0003:00008570       ??_R0?AVCCachedDataPathProperty@@@8 5f8d7570  
 0003:00008598       ?_afxGotScrollLines@@3HA   5f8d7598  
 0003:000085a0       ?_afx_sizeMiniSys@@3UtagSIZE@@A 5f8d75a0  
 0003:000085a8       ?_afxHandleSize@@3HA       5f8d75a8  
 0003:000085ac       ?_afxCursors@@3PAPAUHICON__@@A 5f8d75ac  
 0003:000085d8       ?_afx_idcPrimaryLast@@3IA  5f8d75d8  
 0003:000085dc       ?_afx_hcurDestroy@@3PAUHICON__@@A 5f8d75dc  
 0003:000085e0       ?_afx_hcurLast@@3PAUHICON__@@A 5f8d75e0  
 0003:00008604       ?nDragDelay@COleDropSource@@1IA 5f8d7604  
 0003:00008608       ?nDragMinDist@COleDropSource@@1IA 5f8d7608  
 0003:00008638       ?_afxLargeZero@@3T_LARGE_INTEGER@@A 5f8d7638  
 0003:00008640       ?hPal@@3PAUHPALETTE__@@A   5f8d7640  
 0003:00008644       ?idClicked@CColorButton@@2IA 5f8d7644  
 0003:00008648       __hmod__OLEPRO32           5f8d7648  
 0003:0000864c       __hmod__WINSPOOL           5f8d764c  
 0003:00008650       __hmod__WININET            5f8d7650  
 0003:00008654       __hmod__WSOCK32            5f8d7654  
 0003:00008658       __hmod__OLEDLG             5f8d7658  
 0003:0000865c       __hmod__URLMON             5f8d765c  
 0003:00008660       __hmod__ODBC32             5f8d7660  
 0003:00008664       ___puiHead                 5f8d7664  
 0003:00008668       ___pfnDliFailureHook       5f8d7668  

 entry point at        0001:00004e9a

 Static symbols

