 MFCD42UD

 Timestamp is 381764eb (Wed Oct 27 13:47:39 1999)

 Preferred load address is 5f700000

 Start         Length     Name                   Class
 0001:00000000 0002ca46H .text                   CODE
 0001:0002ca50 00000242H .text$AFX_CORE2         CODE
 0001:0002cca0 00000520H .text$AFX_INIT          CODE
 0001:0002d1c0 00000583H .text$AFX_VDEL          CODE
 0001:0002d750 00001cc0H .text$x                 CODE
 0002:00000000 00000528H .idata$5                DATA
 0002:00000530 0000889cH .rdata                  DATA
 0002:00008dd0 000007acH .rdata$r                DATA
 0002:00009580 000033d8H .xdata$x                DATA
 0002:0000c958 00000060H .didat$2                DATA
 0002:0000c9b8 00000020H .didat$3                DATA
 0002:0000c9d8 0000009cH .didat$4                DATA
 0002:0000ca74 00000036H .didat$6                DATA
 0002:0000caac 0000009cH .didat$7                DATA
 0002:0000cb48 00000064H .idata$2                DATA
 0002:0000cbac 00000014H .idata$3                DATA
 0002:0000cbc0 00000528H .idata$4                DATA
 0002:0000d0e8 0000034eH .idata$6                DATA
 0002:0000d440 00000b39H .edata                  DATA
 0003:00000000 00000004H .CRT$XCA                DATA
 0003:00000004 00000004H .CRT$XCL                DATA
 0003:00000008 00000004H .CRT$XCZ                DATA
 0003:0000000c 00000004H .CRT$XIA                DATA
 0003:00000010 00000004H .CRT$XIZ                DATA
 0003:00000020 00000540H .data                   DATA
 0003:00000560 0000009cH .didat$5                DATA
 0003:00000600 00000064H .bss                    DATA
 0004:00000000 00000100H .rsrc$01                DATA
 0004:00000100 00001030H .rsrc$02                DATA

  Address         Publics by Value              Rva+Base     Lib:Object

 0001:00000000       ?GetHead@CSimpleList@@QBEPAXXZ 5f701000 f i dlldb.obj
 0001:00000010       ?AfxThrowDBException@@YGXFPAVCDatabase@@PAX@Z 5f701010 f   dbcore.obj
 0001:00000121       ??0CDBException@@QAE@F@Z   5f701121 f   dbcore.obj
 0001:00000194       ??1CDBException@@UAE@XZ    5f701194 f   dbcore.obj
 0001:000001f7       ?BuildErrorString@CDBException@@UAEXPAVCDatabase@@PAXH@Z 5f7011f7 f   dbcore.obj
 0001:000005cf       ?GetErrorMessage@CDBException@@UAEHPAGIPAI@Z 5f7015cf f   dbcore.obj
 0001:00000651       ?TraceErrorMessage@CDBException@@QBEXPBG@Z 5f701651 f   dbcore.obj
 0001:0000075e       ?Empty@CDBException@@QAEXXZ 5f70175e f   dbcore.obj
 0001:0000077f       ?AfxGetHENV@@YGPAXXZ       5f70177f f   dbcore.obj
 0001:0000079a       ??0CDatabase@@QAE@XZ       5f70179a f   dbcore.obj
 0001:00000866       ??1CDatabase@@UAE@XZ       5f701866 f   dbcore.obj
 0001:000008e8       ?Open@CDatabase@@UAEHPBGHH0H@Z 5f7018e8 f   dbcore.obj
 0001:00000ac8       ?OpenEx@CDatabase@@UAEHPBGK@Z 5f701ac8 f   dbcore.obj
 0001:00000c3c       ?ExecuteSQL@CDatabase@@QAEXPBG@Z 5f701c3c f   dbcore.obj
 0001:00000edf       ?Cancel@CDatabase@@QAEXXZ  5f701edf f   dbcore.obj
 0001:00000f32       ?Close@CDatabase@@UAEXXZ   5f701f32 f   dbcore.obj
 0001:000010a7       ?Free@CDatabase@@IAEXXZ    5f7020a7 f   dbcore.obj
 0001:000011e2       ?OnSetOptions@CDatabase@@UAEXPAX@Z 5f7021e2 f   dbcore.obj
 0001:00001270       ?GetDatabaseName@CDatabase@@QBE?AVCString@@XZ 5f702270 f   dbcore.obj
 0001:00001314       ?BeginTrans@CDatabase@@QAEHXZ 5f702314 f   dbcore.obj
 0001:000013c1       ?CommitTrans@CDatabase@@QAEHXZ 5f7023c1 f   dbcore.obj
 0001:000014a3       ?Rollback@CDatabase@@QAEHXZ 5f7024a3 f   dbcore.obj
 0001:00001585       ?Check@CDatabase@@UBEHF@Z  5f702585 f   dbcore.obj
 0001:000015a2       ?CheckHstmt@CDatabase@@QBGHFPAX@Z 5f7025a2 f   dbcore.obj
 0001:0000165a       ?ReplaceBrackets@CDatabase@@QAEXPAG@Z 5f70265a f   dbcore.obj
 0001:000017cd       ?AllocConnect@CDatabase@@IAEXK@Z 5f7027cd f   dbcore.obj
 0001:000019f9       ?Connect@CDatabase@@IAEHK@Z 5f7029f9 f   dbcore.obj
 0001:00001c13       ?VerifyConnect@CDatabase@@IAEXXZ 5f702c13 f   dbcore.obj
 0001:00001cdd       ?GetConnectInfo@CDatabase@@IAEXXZ 5f702cdd f   dbcore.obj
 0001:00002102       ?BindParameters@CDatabase@@UAEXPAX@Z 5f703102 f   dbcore.obj
 0001:0000210f       ?AssertValid@CDatabase@@UBEXXZ 5f70310f f   dbcore.obj
 0001:00002122       ?Dump@CDatabase@@UBEXAAVCDumpContext@@@Z 5f703122 f   dbcore.obj
 0001:00002262       ??0CRecordset@@QAE@PAVCDatabase@@@Z 5f703262 f   dbcore.obj
 0001:000026ba       ??1CRecordset@@UAE@XZ      5f7036ba f   dbcore.obj
 0001:000028eb       ?Open@CRecordset@@UAEHIPBGK@Z 5f7038eb f   dbcore.obj
 0001:00002bbc       ?Close@CRecordset@@UAEXXZ  5f703bbc f   dbcore.obj
 0001:00002fb8       ?IsOpen@CRecordset@@QBEHXZ 5f703fb8 f   dbcore.obj
 0001:0000312e       ?IsFieldDirty@CRecordset@@QAEHPAX@Z 5f70412e f   dbcore.obj
 0001:00003278       ?IsFieldNull@CRecordset@@QAEHPAX@Z 5f704278 f   dbcore.obj
 0001:0000334c       ?IsFieldNullable@CRecordset@@QAEHPAX@Z 5f70434c f   dbcore.obj
 0001:000033d7       ?CanBookmark@CRecordset@@QBEHXZ 5f7043d7 f   dbcore.obj
 0001:00003462       ?Move@CRecordset@@UAEXJG@Z 5f704462 f   dbcore.obj
 0001:000035fb       ?CheckRowsetError@CRecordset@@UAEXF@Z 5f7045fb f   dbcore.obj
 0001:00003787       ?GetBookmark@CRecordset@@QAEXAAVCDBVariant@@@Z 5f704787 f   dbcore.obj
 0001:00003872       ?SetBookmark@CRecordset@@QAEXABVCDBVariant@@@Z 5f704872 f   dbcore.obj
 0001:00003911       ?SetRowsetSize@CRecordset@@UAEXK@Z 5f704911 f   dbcore.obj
 0001:00003a9e       ?AddNew@CRecordset@@UAEXXZ 5f704a9e f   dbcore.obj
 0001:00003bb8       ?Edit@CRecordset@@UAEXXZ   5f704bb8 f   dbcore.obj
 0001:00003d82       ?Update@CRecordset@@UAEHXZ 5f704d82 f   dbcore.obj
 0001:00003e44       ?Delete@CRecordset@@UAEXXZ 5f704e44 f   dbcore.obj
 0001:00003ef8       ?CancelUpdate@CRecordset@@QAEXXZ 5f704ef8 f   dbcore.obj
 0001:00003f77       ?FlushResultSet@CRecordset@@QBEHXZ 5f704f77 f   dbcore.obj
 0001:00003fef       ?GetODBCFieldInfo@CRecordset@@QAEXPBGAAUCODBCFieldInfo@@@Z 5f704fef f   dbcore.obj
 0001:000040b2       ?GetODBCFieldInfo@CRecordset@@QAEXFAAUCODBCFieldInfo@@@Z 5f7050b2 f   dbcore.obj
 0001:00004188       ?GetFieldValue@CRecordset@@QAEXPBGAAVCDBVariant@@F@Z 5f705188 f   dbcore.obj
 0001:00004258       ?GetFieldValue@CRecordset@@QAEXFAAVCDBVariant@@F@Z 5f705258 f   dbcore.obj
 0001:0000452e       ?GetFieldValue@CRecordset@@QAEXPBGAAVCString@@@Z 5f70552e f   dbcore.obj
 0001:000045f1       ?GetFieldValue@CRecordset@@QAEXFAAVCString@@@Z 5f7055f1 f   dbcore.obj
 0001:000047d1       ?SetFieldDirty@CRecordset@@QAEXPAXH@Z 5f7057d1 f   dbcore.obj
 0001:0000488a       ?SetFieldNull@CRecordset@@QAEXPAXH@Z 5f70588a f   dbcore.obj
 0001:000049bd       ?SetParamNull@CRecordset@@QAEXHH@Z 5f7059bd f   dbcore.obj
 0001:00004a3c       ?SetLockingMode@CRecordset@@QAEXI@Z 5f705a3c f   dbcore.obj
 0001:00004ab2       ?Requery@CRecordset@@UAEHXZ 5f705ab2 f   dbcore.obj
 0001:00004d45       ?Cancel@CRecordset@@QAEXXZ 5f705d45 f   dbcore.obj
 0001:00004db3       ?GetDefaultConnect@CRecordset@@UAE?AVCString@@XZ 5f705db3 f   dbcore.obj
 0001:00004df5       ?GetDefaultSQL@CRecordset@@UAE?AVCString@@XZ 5f705df5 f   dbcore.obj
 0001:00004e37       ?DoFieldExchange@CRecordset@@UAEXPAVCFieldExchange@@@Z 5f705e37 f   dbcore.obj
 0001:00004e57       ?DoBulkFieldExchange@CRecordset@@UAEXPAVCFieldExchange@@@Z 5f705e57 f   dbcore.obj
 0001:00004ea0       ?OnSetOptions@CRecordset@@UAEXPAX@Z 5f705ea0 f   dbcore.obj
 0001:00004f5c       ?Check@CRecordset@@UBEHF@Z 5f705f5c f   dbcore.obj
 0001:00005092       ?PreBindFields@CRecordset@@UAEXXZ 5f706092 f   dbcore.obj
 0001:0000509d       ?SetState@CRecordset@@IAEXHPBGK@Z 5f70609d f   dbcore.obj
 0001:000051ec       ?AllocHstmt@CRecordset@@IAEHXZ 5f7061ec f   dbcore.obj
 0001:000055f9       ?BuildSQL@CRecordset@@IAEXPBG@Z 5f7065f9 f   dbcore.obj
 0001:00005775       ?PrepareAndExecute@CRecordset@@IAEXXZ 5f706775 f   dbcore.obj
 0001:00005b76       ?VerifyDriverBehavior@CRecordset@@IAEXXZ 5f706b76 f   dbcore.obj
 0001:00005cce       ?VerifyCursorSupport@CRecordset@@IAEKXZ 5f706cce f   dbcore.obj
 0001:00005dc7       ?AllocAndCacheFieldInfo@CRecordset@@IAEXXZ 5f706dc7 f   dbcore.obj
 0001:00006087       ?AllocRowset@CRecordset@@IAEXXZ 5f707087 f   dbcore.obj
 0001:000060eb       ?FreeRowset@CRecordset@@IAEXXZ 5f7070eb f   dbcore.obj
 0001:00006175       ?EnableBookmarks@CRecordset@@IAEXXZ 5f707175 f   dbcore.obj
 0001:000061f6       ?SetUpdateMethod@CRecordset@@IAEXXZ 5f7071f6 f   dbcore.obj
 0001:00006246       ?SetConcurrencyAndCursorType@CRecordset@@IAEXPAXK@Z 5f707246 f   dbcore.obj
 0001:00006441       ?IsSQLUpdatable@CRecordset@@QAEHPBG@Z 5f707441 f   dbcore.obj
 0001:000064a8       ?IsSelectQueryUpdatable@CRecordset@@QAEHPBG@Z 5f7074a8 f   dbcore.obj
 0001:0000674a       ?IsJoin@CRecordset@@SGHPBG@Z 5f70774a f   dbcore.obj
 0001:00006785       ?FindSQLToken@CRecordset@@SGPBGPBG0@Z 5f707785 f   dbcore.obj
 0001:000069ca       ?InitRecord@CRecordset@@QAEXXZ 5f7079ca f   dbcore.obj
 0001:00006a49       ?ResetCursor@CRecordset@@QAEXXZ 5f707a49 f   dbcore.obj
 0001:00006aa2       ?CheckRowsetCurrencyStatus@CRecordset@@QAEXGJ@Z 5f707aa2 f   dbcore.obj
 0001:00006bde       ?FetchData@CRecordset@@QAEFGJPAK@Z 5f707bde f   dbcore.obj
 0001:00006ccb       ?SkipDeletedRecords@CRecordset@@QAEXGJPAKPAF@Z 5f707ccb f   dbcore.obj
 0001:00006ed8       ?SetRowsetCurrencyStatus@CRecordset@@UAEXFGJK@Z 5f707ed8 f   dbcore.obj
 0001:00007209       ?RefreshRowset@CRecordset@@QAEXGG@Z 5f708209 f   dbcore.obj
 0001:000072cc       ?SetRowsetCursorPosition@CRecordset@@QAEXGG@Z 5f7082cc f   dbcore.obj
 0001:00007356       ?BuildSelectSQL@CRecordset@@IAEXXZ 5f708356 f   dbcore.obj
 0001:000075a3       ?AppendFilterAndSortSQL@CRecordset@@IAEXXZ 5f7085a3 f   dbcore.obj
 0001:0000761c       ?IsRecordsetUpdatable@CRecordset@@IAEHXZ 5f70861c f   dbcore.obj
 0001:000076f5       ?ExecuteSetPosUpdate@CRecordset@@IAEXXZ 5f7086f5 f   dbcore.obj
 0001:00007801       ?PrepareUpdateHstmt@CRecordset@@IAEXXZ 5f708801 f   dbcore.obj
 0001:00007991       ?BuildUpdateSQL@CRecordset@@IAEXXZ 5f708991 f   dbcore.obj
 0001:00007dd3       ?ExecuteUpdateSQL@CRecordset@@IAEXXZ 5f708dd3 f   dbcore.obj
 0001:00007fb8       ?SendLongBinaryData@CRecordset@@IAEXPAX@Z 5f708fb8 f   dbcore.obj
 0001:00008215       ?AllocStatusArrays@CRecordset@@QAEXXZ 5f709215 f   dbcore.obj
 0001:0000840c       ?GetBoundFieldIndex@CRecordset@@QAEHPAX@Z 5f70940c f   dbcore.obj
 0001:0000843a       ?GetBoundParamIndex@CRecordset@@QAEHPAX@Z 5f70943a f   dbcore.obj
 0001:00008468       ?GetFieldIndexByName@CRecordset@@QAEFPBG@Z 5f709468 f   dbcore.obj
 0001:000084ef       ?GetFieldLengthBuffer@CRecordset@@QAEPAJKH@Z 5f7094ef f   dbcore.obj
 0001:00008573       ?GetFieldStatus@CRecordset@@QAEEK@Z 5f709573 f   dbcore.obj
 0001:000085ba       ?SetFieldStatus@CRecordset@@QAEXKE@Z 5f7095ba f   dbcore.obj
 0001:00008613       ?ClearFieldStatus@CRecordset@@QAEXXZ 5f709613 f   dbcore.obj
 0001:00008639       ?IsFieldStatusDirty@CRecordset@@QBEHK@Z 5f709639 f   dbcore.obj
 0001:00008685       ?SetDirtyFieldStatus@CRecordset@@QAEXK@Z 5f709685 f   dbcore.obj
 0001:000086dd       ?ClearDirtyFieldStatus@CRecordset@@QAEXK@Z 5f7096dd f   dbcore.obj
 0001:00008735       ?IsFieldStatusNull@CRecordset@@QBEHK@Z 5f709735 f   dbcore.obj
 0001:00008781       ?SetNullFieldStatus@CRecordset@@QAEXK@Z 5f709781 f   dbcore.obj
 0001:000087d9       ?ClearNullFieldStatus@CRecordset@@QAEXK@Z 5f7097d9 f   dbcore.obj
 0001:00008831       ?IsParamStatusNull@CRecordset@@QBEHK@Z 5f709831 f   dbcore.obj
 0001:0000887d       ?SetNullParamStatus@CRecordset@@QAEXK@Z 5f70987d f   dbcore.obj
 0001:000088d5       ?ClearNullParamStatus@CRecordset@@QAEXK@Z 5f7098d5 f   dbcore.obj
 0001:0000892d       ?IsFieldNullable@CRecordset@@QBEHK@Z 5f70992d f   dbcore.obj
 0001:000089a4       ?BindParams@CRecordset@@QAEIPAX@Z 5f7099a4 f   dbcore.obj
 0001:00008a17       ?RebindParams@CRecordset@@QAEXPAX@Z 5f709a17 f   dbcore.obj
 0001:00008a90       ?BindFieldsToColumns@CRecordset@@QAEIXZ 5f709a90 f   dbcore.obj
 0001:00008b79       ?BindFieldsForUpdate@CRecordset@@QAEXXZ 5f709b79 f   dbcore.obj
 0001:00008bd9       ?UnbindFieldsForUpdate@CRecordset@@QAEXXZ 5f709bd9 f   dbcore.obj
 0001:00008c39       ?Fixups@CRecordset@@QAEXXZ 5f709c39 f   dbcore.obj
 0001:00008cd0       ?AppendNames@CRecordset@@QAEIPAVCString@@PBG@Z 5f709cd0 f   dbcore.obj
 0001:00008dbe       ?AppendNamesValues@CRecordset@@QAEIPAXPAVCString@@PBG@Z 5f709dbe f   dbcore.obj
 0001:00008eb1       ?AppendValues@CRecordset@@QAEIPAXPAVCString@@PBG@Z 5f709eb1 f   dbcore.obj
 0001:00008fa4       ?StoreFields@CRecordset@@QAEXXZ 5f709fa4 f   dbcore.obj
 0001:0000900f       ?LoadFields@CRecordset@@QAEXXZ 5f70a00f f   dbcore.obj
 0001:00009082       ?MarkForUpdate@CRecordset@@QAEXXZ 5f70a082 f   dbcore.obj
 0001:000090c1       ?MarkForAddNew@CRecordset@@QAEXXZ 5f70a0c1 f   dbcore.obj
 0001:00009100       ?AllocDataCache@CRecordset@@QAEXXZ 5f70a100 f   dbcore.obj
 0001:0000913f       ?FreeDataCache@CRecordset@@QAEXXZ 5f70a13f f   dbcore.obj
 0001:0000933c       ?DumpFields@CRecordset@@QBEXAAVCDumpContext@@@Z 5f70a33c f   dbcore.obj
 0001:00009370       ?UpdateInsertDelete@CRecordset@@IAEHXZ 5f70a370 f   dbcore.obj
 0001:00009708       ?GetLBFetchSize@CRecordset@@MAEJJ@Z 5f70a708 f   dbcore.obj
 0001:0000971a       ?GetLBReallocSize@CRecordset@@MAEJJ@Z 5f70a71a f   dbcore.obj
 0001:0000972c       ?GetDefaultFieldType@CRecordset@@SGFF@Z 5f70a72c f   dbcore.obj
 0001:00009823       ?GetDataBuffer@CRecordset@@SGPAXAAVCDBVariant@@FPAHFK@Z 5f70a823 f   dbcore.obj
 0001:00009b50       ?GetTextLen@CRecordset@@SGHFK@Z 5f70ab50 f   dbcore.obj
 0001:00009bc2       ?GetData@CRecordset@@SGJPAVCDatabase@@PAXFF1HF@Z 5f70abc2 f   dbcore.obj
 0001:00009d5c       ?GetLongCharDataAndCleanup@CRecordset@@SGXPAVCDatabase@@PAXFJPAPAXHAAVCString@@F@Z 5f70ad5c f   dbcore.obj
 0001:00009ece       ?GetLongBinaryDataAndCleanup@CRecordset@@SGXPAVCDatabase@@PAXFJPAPAXHAAVCDBVariant@@F@Z 5f70aece f   dbcore.obj
 0001:0000a096       ?AssertValid@CRecordset@@UBEXXZ 5f70b096 f   dbcore.obj
 0001:0000a0c3       ?Dump@CRecordset@@UBEXAAVCDumpContext@@@Z 5f70b0c3 f   dbcore.obj
 0001:0000a344       ?AfxSetCurrentRecord@@YGXPAJJF@Z 5f70b344 f   dbcore.obj
 0001:0000a369       ?AfxSetRecordCount@@YGXPAJJJHF@Z 5f70b369 f   dbcore.obj
 0001:0000a3ac       ?AfxSetRecordCount@@YGXPAJJHF@Z 5f70b3ac f   dbcore.obj
 0001:0000a3f3       ?IsOpen@CDatabase@@QBEHXZ  5f70b3f3 f   dbcore.obj
 0001:0000a41a       ?CanUpdate@CDatabase@@QBEHXZ 5f70b41a f   dbcore.obj
 0001:0000a454       ?CanTransact@CDatabase@@QBEHXZ 5f70b454 f   dbcore.obj
 0001:0000a48e       ?SetLoginTimeout@CDatabase@@QAEXK@Z 5f70b48e f   dbcore.obj
 0001:0000a4b4       ?SetQueryTimeout@CDatabase@@QAEXK@Z 5f70b4b4 f   dbcore.obj
 0001:0000a4da       ?GetConnect@CDatabase@@QBEABVCString@@XZ 5f70b4da f   dbcore.obj
 0001:0000a4fb       ?GetBookmarkPersistence@CDatabase@@QBEKXZ 5f70b4fb f   dbcore.obj
 0001:0000a51c       ?GetCursorCommitBehavior@CDatabase@@QBEHXZ 5f70b51c f   dbcore.obj
 0001:0000a53e       ?GetCursorRollbackBehavior@CDatabase@@QBEHXZ 5f70b53e f   dbcore.obj
 0001:0000a560       ?ThrowDBException@CDatabase@@MAEXF@Z 5f70b560 f   dbcore.obj
 0001:0000a592       ?SetSynchronousMode@CDatabase@@QAEXH@Z 5f70b592 f   dbcore.obj
 0001:0000a5c1       ?GetSQL@CRecordset@@QBEABVCString@@XZ 5f70b5c1 f   dbcore.obj
 0001:0000a5fd       ?GetTableName@CRecordset@@QBEABVCString@@XZ 5f70b5fd f   dbcore.obj
 0001:0000a639       ?IsBOF@CRecordset@@QBEHXZ  5f70b639 f   dbcore.obj
 0001:0000a676       ?IsEOF@CRecordset@@QBEHXZ  5f70b676 f   dbcore.obj
 0001:0000a6b3       ?IsDeleted@CRecordset@@QBEHXZ 5f70b6b3 f   dbcore.obj
 0001:0000a6f0       ?CanUpdate@CRecordset@@QBEHXZ 5f70b6f0 f   dbcore.obj
 0001:0000a72d       ?CanScroll@CRecordset@@QBEHXZ 5f70b72d f   dbcore.obj
 0001:0000a76a       ?CanAppend@CRecordset@@QBEHXZ 5f70b76a f   dbcore.obj
 0001:0000a7a7       ?CanRestart@CRecordset@@QBEHXZ 5f70b7a7 f   dbcore.obj
 0001:0000a7eb       ?CanTransact@CRecordset@@QBEHXZ 5f70b7eb f   dbcore.obj
 0001:0000a82b       ?GetODBCFieldCount@CRecordset@@QBEFXZ 5f70b82b f   dbcore.obj
 0001:0000a866       ?GetRowsetSize@CRecordset@@QBEKXZ 5f70b866 f   dbcore.obj
 0001:0000a8a3       ?GetRowsFetched@CRecordset@@QBEKXZ 5f70b8a3 f   dbcore.obj
 0001:0000a8e0       ?GetRowStatus@CRecordset@@QBEGG@Z 5f70b8e0 f   dbcore.obj
 0001:0000a950       ?GetRecordCount@CRecordset@@QBEJXZ 5f70b950 f   dbcore.obj
 0001:0000a98d       ?GetStatus@CRecordset@@QBEXAAUCRecordsetStatus@@@Z 5f70b98d f   dbcore.obj
 0001:0000a9e0       ?ThrowDBException@CRecordset@@UAEXFPAX@Z 5f70b9e0 f   dbcore.obj
 0001:0000aa2b       ?MoveNext@CRecordset@@QAEXXZ 5f70ba2b f   dbcore.obj
 0001:0000aa6e       ?MovePrev@CRecordset@@QAEXXZ 5f70ba6e f   dbcore.obj
 0001:0000aab1       ?MoveFirst@CRecordset@@QAEXXZ 5f70bab1 f   dbcore.obj
 0001:0000aaf4       ?MoveLast@CRecordset@@QAEXXZ 5f70baf4 f   dbcore.obj
 0001:0000ab37       ?SetAbsolutePosition@CRecordset@@QAEXJ@Z 5f70bb37 f   dbcore.obj
 0001:0000ab80       ??_ECDBException@@UAEPAXI@Z 5f70bb80 f i dbcore.obj
 0001:0000ab80       ??_GCDBException@@UAEPAXI@Z 5f70bb80 f i dbcore.obj
 0001:0000abb0       ??_GCDatabase@@UAEPAXI@Z   5f70bbb0 f i dbcore.obj
 0001:0000abe0       ?AtlW2AHelper@@YGPADPADPBGH@Z 5f70bbe0 f i dbcore.obj
 0001:0000ac00       ?AtlW2AHelper@@YGPADPADPBGHI@Z 5f70bc00 f i dbcore.obj
 0001:0000ac90       __wcsinc                   5f70bc90 f i dbcore.obj
 0001:0000aca0       ??_ECRecordset@@UAEPAXI@Z  5f70bca0 f i dbcore.obj
 0001:0000aca0       ??_GCRecordset@@UAEPAXI@Z  5f70bca0 f i dbcore.obj
 0001:0000acd0       ??_ECODBCFieldInfo@@QAEPAXI@Z 5f70bcd0 f i dbcore.obj
 0001:0000ad40       ??1CODBCFieldInfo@@QAE@XZ  5f70bd40 f i dbcore.obj
 0001:0000ad60       ??_GCString@@QAEPAXI@Z     5f70bd60 f i dbcore.obj
 0001:0000ad90       ??0CODBCFieldInfo@@QAE@XZ  5f70bd90 f i dbcore.obj
 0001:0000adb0       ??_GCNoTrackObject@@UAEPAXI@Z 5f70bdb0 f i dbcore.obj
 0001:0000adb0       ??_ECNoTrackObject@@UAEPAXI@Z 5f70bdb0 f i dbcore.obj
 0001:0000ade0       ??1CNoTrackObject@@UAE@XZ  5f70bde0 f i dbcore.obj
 0001:0000ae00       ??0CFieldExchange@@QAE@IPAVCRecordset@@PAX@Z 5f70be00 f   dbrfx.obj
 0001:0000aedd       ?IsFieldType@CFieldExchange@@QAEHPAI@Z 5f70bedd f   dbrfx.obj
 0001:0000afdd       ?Default@CFieldExchange@@QAEXPBGPAXPAJHII@Z 5f70bfdd f   dbrfx.obj
 0001:0000b602       ?RFX_Text@@YGXPAVCFieldExchange@@PBGPAGHHF@Z 5f70c602 f   dbrfx.obj
 0001:0000c2e0       ?RFX_Text@@YGXPAVCFieldExchange@@PBGAAVCString@@HHF@Z 5f70d2e0 f   dbrfx.obj
 0001:0000d0cb       ?RFX_Int@@YGXPAVCFieldExchange@@PBGAAH@Z 5f70e0cb f   dbrfx.obj
 0001:0000d368       ?RFX_Long@@YGXPAVCFieldExchange@@PBGAAJ@Z 5f70e368 f   dbrfx.obj
 0001:0000d605       ?RFX_Byte@@YGXPAVCFieldExchange@@PBGAAE@Z 5f70e605 f   dbrfx.obj
 0001:0000d8a4       ?RFX_Bool@@YGXPAVCFieldExchange@@PBGAAH@Z 5f70e8a4 f   dbrfx.obj
 0001:0000db49       ?RFX_Binary@@YGXPAVCFieldExchange@@PBGAAVCByteArray@@H@Z 5f70eb49 f   dbrfx.obj
 0001:0000e024       ?RFX_Date@@YGXPAVCFieldExchange@@PBGAAVCTime@@@Z 5f70f024 f   dbrfx.obj
 0001:0000ebb3       ?RFX_Date@@YGXPAVCFieldExchange@@PBGAAUtagTIMESTAMP_STRUCT@@@Z 5f70fbb3 f   dbrfx.obj
 0001:0000f0de       ?RFX_Date@@YGXPAVCFieldExchange@@PBGAAVCOleDateTime@@@Z 5f7100de f   dbrfx.obj
 0001:0000fbf9       ?RFX_LongBinary@@YGXPAVCFieldExchange@@PBGAAVCLongBinary@@@Z 5f710bf9 f   dbrfx.obj
 0001:000101c0       ?GetLongBinarySize@CFieldExchange@@QAEJH@Z 5f7111c0 f   dbrfx.obj
 0001:0001032c       ?GetLongBinaryData@CFieldExchange@@QAEXHAAVCLongBinary@@PAJ@Z 5f71132c f   dbrfx.obj
 0001:000105b7       ?ReallocLongBinary@CFieldExchange@@QAEPAEAAVCLongBinary@@JJ@Z 5f7115b7 f   dbrfx.obj
 0001:000106bc       ?AfxStoreField@@YGXAAVCRecordset@@IPAX@Z 5f7116bc f   dbrfx.obj
 0001:00010807       ?AfxLoadField@@YGXAAVCRecordset@@IPAXPAJ@Z 5f711807 f   dbrfx.obj
 0001:00010913       ?AfxCompareValueByRef@@YGHPAX0H@Z 5f711913 f   dbrfx.obj
 0001:00010c05       ?AfxCopyValueByRef@@YGXPAX0PAJH@Z 5f711c05 f   dbrfx.obj
 0001:00010e9a       ?RFX_Text_Bulk@@YGXPAVCFieldExchange@@PBGPAPADPAPAJH@Z 5f711e9a f   dbrfx.obj
 0001:0001102a       ?RFX_Bool_Bulk@@YGXPAVCFieldExchange@@PBGPAPAHPAPAJ@Z 5f71202a f   dbrfx.obj
 0001:000111b7       ?RFX_Int_Bulk@@YGXPAVCFieldExchange@@PBGPAPAHPAPAJ@Z 5f7121b7 f   dbrfx.obj
 0001:00011344       ?RFX_Long_Bulk@@YGXPAVCFieldExchange@@PBGPAPAJ2@Z 5f712344 f   dbrfx.obj
 0001:000114d1       ?RFX_Date_Bulk@@YGXPAVCFieldExchange@@PBGPAPAUtagTIMESTAMP_STRUCT@@PAPAJ@Z 5f7124d1 f   dbrfx.obj
 0001:0001165e       ?RFX_Byte_Bulk@@YGXPAVCFieldExchange@@PBGPAPAEPAPAJ@Z 5f71265e f   dbrfx.obj
 0001:000117e8       ?RFX_Binary_Bulk@@YGXPAVCFieldExchange@@PBGPAPAEPAPAJH@Z 5f7127e8 f   dbrfx.obj
 0001:00011978       ?AfxRFXBulkDefault@@YGXPAVCFieldExchange@@PBGPAXPAJHI@Z 5f712978 f   dbrfx.obj
 0001:00011a75       ?SetFieldType@CFieldExchange@@QAEXI@Z 5f712a75 f   dbrfx.obj
 0001:00011ac0       ?SetLength@CDBByteArray@@QAEXH@Z 5f712ac0 f i dbrfx.obj
 0001:00011b00       ?_GetBaseMessageMap@CRecordView@@KGPBUAFX_MSGMAP@@XZ 5f712b00 f   dbview.obj
 0001:00011b0a       ?GetMessageMap@CRecordView@@MBEPBUAFX_MSGMAP@@XZ 5f712b0a f   dbview.obj
 0001:00011b1a       ??0CRecordView@@IAE@PBG@Z  5f712b1a f   dbview.obj
 0001:00011b3f       ??0CRecordView@@IAE@I@Z    5f712b3f f   dbview.obj
 0001:00011b64       ??1CRecordView@@UAE@XZ     5f712b64 f   dbview.obj
 0001:00011b80       ?OnInitialUpdate@CRecordView@@UAEXXZ 5f712b80 f   dbview.obj
 0001:00011c23       ?IsOnFirstRecord@CRecordView@@QAEHXZ 5f712c23 f   dbview.obj
 0001:00011c62       ?IsOnLastRecord@CRecordView@@QAEHXZ 5f712c62 f   dbview.obj
 0001:00011cbf       ?OnMove@CRecordView@@UAEHI@Z 5f712cbf f   dbview.obj
 0001:00011de9       ?OnUpdateRecordFirst@CRecordView@@IAEXPAVCCmdUI@@@Z 5f712de9 f   dbview.obj
 0001:00011e63       ?OnUpdateRecordPrev@CRecordView@@IAEXPAVCCmdUI@@@Z 5f712e63 f   dbview.obj
 0001:00011e7c       ?OnUpdateRecordNext@CRecordView@@IAEXPAVCCmdUI@@@Z 5f712e7c f   dbview.obj
 0001:00011eea       ?OnUpdateRecordLast@CRecordView@@IAEXPAVCCmdUI@@@Z 5f712eea f   dbview.obj
 0001:00011f64       ?AfxFieldText@@YGHPAVCDataExchange@@HPAXPAVCRecordset@@@Z 5f712f64 f   dbview.obj
 0001:00012098       ?DDX_FieldText@@YGXPAVCDataExchange@@HAAHPAVCRecordset@@@Z 5f713098 f   dbview.obj
 0001:000120c9       ?DDX_FieldText@@YGXPAVCDataExchange@@HAAEPAVCRecordset@@@Z 5f7130c9 f   dbview.obj
 0001:000120fa       ?DDX_FieldText@@YGXPAVCDataExchange@@HAAIPAVCRecordset@@@Z 5f7130fa f   dbview.obj
 0001:0001212b       ?DDX_FieldText@@YGXPAVCDataExchange@@HAAJPAVCRecordset@@@Z 5f71312b f   dbview.obj
 0001:0001215c       ?DDX_FieldText@@YGXPAVCDataExchange@@HAAKPAVCRecordset@@@Z 5f71315c f   dbview.obj
 0001:0001218d       ?DDX_FieldText@@YGXPAVCDataExchange@@HAAVCString@@PAVCRecordset@@@Z 5f71318d f   dbview.obj
 0001:00012340       ?DDX_FieldText@@YGXPAVCDataExchange@@HPAGHPAVCRecordset@@@Z 5f713340 f   dbview.obj
 0001:00012430       ?DDX_FieldLBString@@YGXPAVCDataExchange@@HAAVCString@@PAVCRecordset@@@Z 5f713430 f   dbview.obj
 0001:000125ab       ?DDX_FieldLBStringExact@@YGXPAVCDataExchange@@HAAVCString@@PAVCRecordset@@@Z 5f7135ab f   dbview.obj
 0001:00012675       ?DDX_FieldLBIndex@@YGXPAVCDataExchange@@HAAHPAVCRecordset@@@Z 5f713675 f   dbview.obj
 0001:000126e1       ?DDX_FieldCBString@@YGXPAVCDataExchange@@HAAVCString@@PAVCRecordset@@@Z 5f7136e1 f   dbview.obj
 0001:000128a8       ?DDX_FieldCBStringExact@@YGXPAVCDataExchange@@HAAVCString@@PAVCRecordset@@@Z 5f7138a8 f   dbview.obj
 0001:00012972       ?DDX_FieldCBIndex@@YGXPAVCDataExchange@@HAAHPAVCRecordset@@@Z 5f713972 f   dbview.obj
 0001:000129de       ?DDX_FieldScroll@@YGXPAVCDataExchange@@HAAHPAVCRecordset@@@Z 5f7139de f   dbview.obj
 0001:00012a4a       ?DDX_FieldCheck@@YGXPAVCDataExchange@@HAAHPAVCRecordset@@@Z 5f713a4a f   dbview.obj
 0001:00012bb7       ?DDX_FieldRadio@@YGXPAVCDataExchange@@HAAHPAVCRecordset@@@Z 5f713bb7 f   dbview.obj
 0001:00012c52       ?AssertValid@CRecordView@@UBEXXZ 5f713c52 f   dbview.obj
 0001:00012c65       ?Dump@CRecordView@@UBEXAAVCDumpContext@@@Z 5f713c65 f   dbview.obj
 0001:00012cc7       ?OnMove@CRecordView@@IAEXHH@Z 5f713cc7 f   dbview.obj
 0001:00012cf0       ??_ECRecordView@@UAEPAXI@Z 5f713cf0 f i dbview.obj
 0001:00012cf0       ??_GCRecordView@@UAEPAXI@Z 5f713cf0 f i dbview.obj
 0001:00012d20       ??1CFormView@@UAE@XZ       5f713d20 f i dbview.obj
 0001:00012d40       ??_9@$BBBE@AE              5f713d40 f i dbview.obj
 0001:00012d50       ?RFX_Single@@YGXPAVCFieldExchange@@PBGAAM@Z 5f713d50 f   dbflt.obj
 0001:00012ffc       ?RFX_Double@@YGXPAVCFieldExchange@@PBGAAN@Z 5f713ffc f   dbflt.obj
 0001:000132e4       ?RFX_Single_Bulk@@YGXPAVCFieldExchange@@PBGPAPAMPAPAJ@Z 5f7142e4 f   dbflt.obj
 0001:0001345d       ?RFX_Double_Bulk@@YGXPAVCFieldExchange@@PBGPAPANPAPAJ@Z 5f71445d f   dbflt.obj
 0001:000135d6       ?DDX_FieldText@@YGXPAVCDataExchange@@HAAMPAVCRecordset@@@Z 5f7145d6 f   dbflt.obj
 0001:00013614       ?DDX_FieldText@@YGXPAVCDataExchange@@HAANPAVCRecordset@@@Z 5f714614 f   dbflt.obj
 0001:00013660       ??0CLongBinary@@QAE@XZ     5f714660 f   dblong.obj
 0001:00013689       ??1CLongBinary@@UAE@XZ     5f714689 f   dblong.obj
 0001:000136c5       ?AssertValid@CLongBinary@@UBEXXZ 5f7146c5 f   dblong.obj
 0001:000136d8       ?Dump@CLongBinary@@UBEXAAVCDumpContext@@@Z 5f7146d8 f   dblong.obj
 0001:00013740       ??_GCLongBinary@@UAEPAXI@Z 5f714740 f i dblong.obj
 0001:00013770       ??0CDBVariant@@QAE@XZ      5f714770 f   dbvar.obj
 0001:00013791       ?Clear@CDBVariant@@QAEXXZ  5f714791 f   dbvar.obj
 0001:00013835       ??1CDBVariant@@UAE@XZ      5f714835 f   dbvar.obj
 0001:00013860       ??_GCDBVariant@@UAEPAXI@Z  5f714860 f i dbvar.obj
 0001:00013860       ??_ECDBVariant@@UAEPAXI@Z  5f714860 f i dbvar.obj
 0001:00013890       ??0_AFX_DAO_STATE@@QAE@XZ  5f714890 f   daocore.obj
 0001:000138fd       ??1_AFX_DAO_STATE@@UAE@XZ  5f7148fd f   daocore.obj
 0001:000139c1       ?AfxDaoCheck@@YGXJPBD0HHH@Z 5f7149c1 f   daocore.obj
 0001:00013a48       ?AfxDaoTrace@@YGXJPBD0H@Z  5f714a48 f   daocore.obj
 0001:00013aac       ?Dump@CDaoErrorInfo@@UBEXAAVCDumpContext@@@Z 5f714aac f   daocore.obj
 0001:00013b62       ?Dump@CDaoWorkspaceInfo@@UBEXAAVCDumpContext@@@Z 5f714b62 f   daocore.obj
 0001:00013be3       ?Dump@CDaoDatabaseInfo@@UBEXAAVCDumpContext@@@Z 5f714be3 f   daocore.obj
 0001:00013cd0       ?Dump@CDaoTableDefInfo@@UBEXAAVCDumpContext@@@Z 5f714cd0 f   daocore.obj
 0001:00013e21       ?Dump@CDaoFieldInfo@@UBEXAAVCDumpContext@@@Z 5f714e21 f   daocore.obj
 0001:00013fc8       ?Dump@CDaoIndexFieldInfo@@UBEXAAVCDumpContext@@@Z 5f714fc8 f   daocore.obj
 0001:00014022       ??0CDaoIndexInfo@@QAE@XZ   5f715022 f   daocore.obj
 0001:00014061       ??1CDaoIndexInfo@@UAE@XZ   5f715061 f   daocore.obj
 0001:000140f6       ?Dump@CDaoIndexInfo@@UBEXAAVCDumpContext@@@Z 5f7150f6 f   daocore.obj
 0001:00014260       ?Dump@CDaoRelationFieldInfo@@UBEXAAVCDumpContext@@@Z 5f715260 f   daocore.obj
 0001:000142b9       ??0CDaoRelationInfo@@QAE@XZ 5f7152b9 f   daocore.obj
 0001:0001433f       ??1CDaoRelationInfo@@UAE@XZ 5f71533f f   daocore.obj
 0001:000143f2       ?Dump@CDaoRelationInfo@@UBEXAAVCDumpContext@@@Z 5f7153f2 f   daocore.obj
 0001:000144ee       ?Dump@CDaoQueryDefInfo@@UBEXAAVCDumpContext@@@Z 5f7154ee f   daocore.obj
 0001:00014628       ?Dump@CDaoParameterInfo@@UBEXAAVCDumpContext@@@Z 5f715628 f   daocore.obj
 0001:000146f1       ?_GetBaseClass@CDaoException@@KGPAUCRuntimeClass@@XZ 5f7156f1 f   daocore.obj
 0001:000146fb       ?GetRuntimeClass@CDaoException@@UBEPAUCRuntimeClass@@XZ 5f7156fb f   daocore.obj
 0001:0001470b       ??0CDaoException@@QAE@XZ   5f71570b f   daocore.obj
 0001:00014748       ??1CDaoException@@UAE@XZ   5f715748 f   daocore.obj
 0001:00014812       ?GetErrorCount@CDaoException@@QAEFXZ 5f715812 f   daocore.obj
 0001:00014875       ?GetErrorInfo@CDaoException@@QAEXH@Z 5f715875 f   daocore.obj
 0001:000149a6       ?GetErrorMessage@CDaoException@@UAEHPAGIPAI@Z 5f7159a6 f   daocore.obj
 0001:00014ae5       ?InitErrorsCollection@CDaoException@@IAEXXZ 5f715ae5 f   daocore.obj
 0001:00014b41       ?FillErrorInfo@CDaoException@@IAEXXZ 5f715b41 f   daocore.obj
 0001:00014d62       ?AfxThrowDaoException@@YGXHJ@Z 5f715d62 f   daocore.obj
 0001:00014f04       ?_GetBaseClass@CDaoWorkspace@@KGPAUCRuntimeClass@@XZ 5f715f04 f   daocore.obj
 0001:00014f0e       ?GetRuntimeClass@CDaoWorkspace@@UBEPAUCRuntimeClass@@XZ 5f715f0e f   daocore.obj
 0001:00014f1e       ??0CDaoWorkspace@@QAE@XZ   5f715f1e f   daocore.obj
 0001:00014fb3       ??1CDaoWorkspace@@UAE@XZ   5f715fb3 f   daocore.obj
 0001:00015052       ?Create@CDaoWorkspace@@UAEXPBG00@Z 5f716052 f   daocore.obj
 0001:000151d0       ?Append@CDaoWorkspace@@UAEXXZ 5f7161d0 f   daocore.obj
 0001:00015347       ?Open@CDaoWorkspace@@UAEXPBG@Z 5f716347 f   daocore.obj
 0001:00015531       ?Close@CDaoWorkspace@@UAEXXZ 5f716531 f   daocore.obj
 0001:00015673       ?GetVersion@CDaoWorkspace@@SG?AVCString@@XZ 5f716673 f   daocore.obj
 0001:00015722       ?GetIniPath@CDaoWorkspace@@SG?AVCString@@XZ 5f716722 f   daocore.obj
 0001:000157d1       ?SetIniPath@CDaoWorkspace@@SGXPBG@Z 5f7167d1 f   daocore.obj
 0001:00015865       ?SetDefaultUser@CDaoWorkspace@@SGXPBG@Z 5f716865 f   daocore.obj
 0001:000158f9       ?SetDefaultPassword@CDaoWorkspace@@SGXPBG@Z 5f7168f9 f   daocore.obj
 0001:0001598d       ?GetLoginTimeout@CDaoWorkspace@@SGFXZ 5f71698d f   daocore.obj
 0001:000159e0       ?SetLoginTimeout@CDaoWorkspace@@SGXF@Z 5f7169e0 f   daocore.obj
 0001:00015a30       ?GetName@CDaoWorkspace@@QAE?AVCString@@XZ 5f716a30 f   daocore.obj
 0001:00015b09       ?GetUserNameW@CDaoWorkspace@@QAE?AVCString@@XZ 5f716b09 f   daocore.obj
 0001:00015be2       ?SetIsolateODBCTrans@CDaoWorkspace@@QAEXH@Z 5f716be2 f   daocore.obj
 0001:00015c5e       ?GetIsolateODBCTrans@CDaoWorkspace@@QAEHXZ 5f716c5e f   daocore.obj
 0001:00015ce2       ?CompactDatabase@CDaoWorkspace@@SGXPBG00H0@Z 5f716ce2 f   daocore.obj
 0001:00015f2f       ?CompactDatabase@CDaoWorkspace@@SGXPBG00H@Z 5f716f2f f   daocore.obj
 0001:00015f4d       ?RepairDatabase@CDaoWorkspace@@SGXPBG@Z 5f716f4d f   daocore.obj
 0001:00015fe1       ?Idle@CDaoWorkspace@@SGXH@Z 5f716fe1 f   daocore.obj
 0001:000160b0       ?GetWorkspaceCount@CDaoWorkspace@@QAEFXZ 5f7170b0 f   daocore.obj
 0001:00016114       ?GetWorkspaceInfo@CDaoWorkspace@@QAEXHAAUCDaoWorkspaceInfo@@K@Z 5f717114 f   daocore.obj
 0001:00016218       ?GetWorkspaceInfo@CDaoWorkspace@@QAEXPBGAAUCDaoWorkspaceInfo@@K@Z 5f717218 f   daocore.obj
 0001:0001631c       ?GetDatabaseCount@CDaoWorkspace@@QAEFXZ 5f71731c f   daocore.obj
 0001:00016380       ?GetDatabaseInfo@CDaoWorkspace@@QAEXHAAUCDaoDatabaseInfo@@K@Z 5f717380 f   daocore.obj
 0001:00016484       ?GetDatabaseInfo@CDaoWorkspace@@QAEXPBGAAUCDaoDatabaseInfo@@K@Z 5f717484 f   daocore.obj
 0001:00016588       ?BeginTrans@CDaoWorkspace@@QAEXXZ 5f717588 f   daocore.obj
 0001:00016620       ?CommitTrans@CDaoWorkspace@@QAEXXZ 5f717620 f   daocore.obj
 0001:0001674d       ?Rollback@CDaoWorkspace@@QAEXXZ 5f71774d f   daocore.obj
 0001:000167e5       ?InitializeEngine@CDaoWorkspace@@KAXXZ 5f7177e5 f   daocore.obj
 0001:000167ef       ?InitWorkspacesCollection@CDaoWorkspace@@IAEXXZ 5f7177ef f   daocore.obj
 0001:00016857       ?FillWorkspaceInfo@CDaoWorkspace@@IAEXPAUDAOWorkspace@@AAUCDaoWorkspaceInfo@@K@Z 5f717857 f   daocore.obj
 0001:000169e1       ?InitDatabasesCollection@CDaoWorkspace@@IAEXXZ 5f7179e1 f   daocore.obj
 0001:00016a31       ?FillDatabaseInfo@CDaoWorkspace@@IAEXPAUDAODatabase@@AAUCDaoDatabaseInfo@@K@Z 5f717a31 f   daocore.obj
 0001:00016c9c       ?ThrowDaoException@CDaoWorkspace@@MAEXH@Z 5f717c9c f   daocore.obj
 0001:00016cc7       ?AssertValid@CDaoWorkspace@@UBEXXZ 5f717cc7 f   daocore.obj
 0001:00016cda       ?Dump@CDaoWorkspace@@UBEXAAVCDumpContext@@@Z 5f717cda f   daocore.obj
 0001:00016d64       ?_GetBaseClass@CDaoDatabase@@KGPAUCRuntimeClass@@XZ 5f717d64 f   daocore.obj
 0001:00016d6e       ?GetRuntimeClass@CDaoDatabase@@UBEPAUCRuntimeClass@@XZ 5f717d6e f   daocore.obj
 0001:00016d7e       ??0CDaoDatabase@@QAE@PAVCDaoWorkspace@@@Z 5f717d7e f   daocore.obj
 0001:00016e4a       ??1CDaoDatabase@@UAE@XZ    5f717e4a f   daocore.obj
 0001:00016f35       ?Create@CDaoDatabase@@UAEXPBG0H@Z 5f717f35 f   daocore.obj
 0001:000170a9       ?Open@CDaoDatabase@@UAEXPBGHH0@Z 5f7180a9 f   daocore.obj
 0001:000172ea       ?Close@CDaoDatabase@@UAEXXZ 5f7182ea f   daocore.obj
 0001:000174dc       ?CanUpdate@CDaoDatabase@@QAEHXZ 5f7184dc f   daocore.obj
 0001:00017586       ?CanTransact@CDaoDatabase@@QAEHXZ 5f718586 f   daocore.obj
 0001:00017630       ?GetName@CDaoDatabase@@QAE?AVCString@@XZ 5f718630 f   daocore.obj
 0001:0001772e       ?GetConnect@CDaoDatabase@@QAE?AVCString@@XZ 5f71872e f   daocore.obj
 0001:0001782c       ?GetVersion@CDaoDatabase@@QAE?AVCString@@XZ 5f71882c f   daocore.obj
 0001:0001792a       ?GetQueryTimeout@CDaoDatabase@@QAEFXZ 5f71892a f   daocore.obj
 0001:000179cc       ?SetQueryTimeout@CDaoDatabase@@QAEXF@Z 5f7189cc f   daocore.obj
 0001:00017a6b       ?GetRecordsAffected@CDaoDatabase@@QAEJXZ 5f718a6b f   daocore.obj
 0001:00017b0c       ?DeleteTableDef@CDaoDatabase@@QAEXPBG@Z 5f718b0c f   daocore.obj
 0001:00017bdd       ?DeleteQueryDef@CDaoDatabase@@QAEXPBG@Z 5f718bdd f   daocore.obj
 0001:00017cae       ?CreateRelation@CDaoDatabase@@QAEXPBG00J00@Z 5f718cae f   daocore.obj
 0001:00017d85       ?CreateRelation@CDaoDatabase@@QAEXAAUCDaoRelationInfo@@@Z 5f718d85 f   daocore.obj
 0001:0001839b       ?DeleteRelation@CDaoDatabase@@QAEXPBG@Z 5f71939b f   daocore.obj
 0001:0001846c       ?Execute@CDaoDatabase@@QAEXPBGH@Z 5f71946c f   daocore.obj
 0001:00018586       ?GetTableDefCount@CDaoDatabase@@QAEFXZ 5f719586 f   daocore.obj
 0001:000185ea       ?GetTableDefInfo@CDaoDatabase@@QAEXHAAUCDaoTableDefInfo@@K@Z 5f7195ea f   daocore.obj
 0001:000186ee       ?GetTableDefInfo@CDaoDatabase@@QAEXPBGAAUCDaoTableDefInfo@@K@Z 5f7196ee f   daocore.obj
 0001:000187f2       ?GetRelationCount@CDaoDatabase@@QAEFXZ 5f7197f2 f   daocore.obj
 0001:00018856       ?GetRelationInfo@CDaoDatabase@@QAEXHAAUCDaoRelationInfo@@K@Z 5f719856 f   daocore.obj
 0001:0001895a       ?GetRelationInfo@CDaoDatabase@@QAEXPBGAAUCDaoRelationInfo@@K@Z 5f71995a f   daocore.obj
 0001:00018a5e       ?GetQueryDefCount@CDaoDatabase@@QAEFXZ 5f719a5e f   daocore.obj
 0001:00018ac2       ?GetQueryDefInfo@CDaoDatabase@@QAEXHAAUCDaoQueryDefInfo@@K@Z 5f719ac2 f   daocore.obj
 0001:00018bc6       ?GetQueryDefInfo@CDaoDatabase@@QAEXPBGAAUCDaoQueryDefInfo@@K@Z 5f719bc6 f   daocore.obj
 0001:00018cca       ?InitWorkspace@CDaoDatabase@@IAEXXZ 5f719cca f   daocore.obj
 0001:00018db2       ?InitTableDefsCollection@CDaoDatabase@@IAEXXZ 5f719db2 f   daocore.obj
 0001:00018e02       ?FillTableDefInfo@CDaoDatabase@@IAEXPAU_DAOTableDef@@AAUCDaoTableDefInfo@@K@Z 5f719e02 f   daocore.obj
 0001:0001912e       ?InitRelationsCollection@CDaoDatabase@@IAEXXZ 5f71a12e f   daocore.obj
 0001:0001917e       ?FillRelationInfo@CDaoDatabase@@IAEXPAU_DAORelation@@AAUCDaoRelationInfo@@K@Z 5f71a17e f   daocore.obj
 0001:000196d3       ?InitQueryDefsCollection@CDaoDatabase@@IAEXXZ 5f71a6d3 f   daocore.obj
 0001:00019723       ?FillQueryDefInfo@CDaoDatabase@@IAEXPAU_DAOQueryDef@@AAUCDaoQueryDefInfo@@K@Z 5f71a723 f   daocore.obj
 0001:000199e3       ?ThrowDaoException@CDaoDatabase@@MAEXH@Z 5f71a9e3 f   daocore.obj
 0001:00019a0e       ?AssertValid@CDaoDatabase@@UBEXXZ 5f71aa0e f   daocore.obj
 0001:00019a21       ?Dump@CDaoDatabase@@UBEXAAVCDumpContext@@@Z 5f71aa21 f   daocore.obj
 0001:00019a90       ?_GetBaseClass@CDaoTableDef@@KGPAUCRuntimeClass@@XZ 5f71aa90 f   daocore.obj
 0001:00019a9a       ?GetRuntimeClass@CDaoTableDef@@UBEPAUCRuntimeClass@@XZ 5f71aa9a f   daocore.obj
 0001:00019aaa       ??0CDaoTableDef@@QAE@PAVCDaoDatabase@@@Z 5f71aaaa f   daocore.obj
 0001:00019b06       ??1CDaoTableDef@@UAE@XZ    5f71ab06 f   daocore.obj
 0001:00019b80       ?Create@CDaoTableDef@@UAEXPBGJ00@Z 5f71ab80 f   daocore.obj
 0001:00019e16       ?Append@CDaoTableDef@@UAEXXZ 5f71ae16 f   daocore.obj
 0001:00019f7e       ?Open@CDaoTableDef@@UAEXPBG@Z 5f71af7e f   daocore.obj
 0001:0001a172       ?Close@CDaoTableDef@@UAEXXZ 5f71b172 f   daocore.obj
 0001:0001a225       ?CanUpdate@CDaoTableDef@@QAEHXZ 5f71b225 f   daocore.obj
 0001:0001a2cf       ?SetName@CDaoTableDef@@QAEXPBG@Z 5f71b2cf f   daocore.obj
 0001:0001a3bb       ?GetName@CDaoTableDef@@QAE?AVCString@@XZ 5f71b3bb f   daocore.obj
 0001:0001a4b9       ?SetSourceTableName@CDaoTableDef@@QAEXPBG@Z 5f71b4b9 f   daocore.obj
 0001:0001a5a5       ?GetSourceTableName@CDaoTableDef@@QAE?AVCString@@XZ 5f71b5a5 f   daocore.obj
 0001:0001a6a3       ?SetConnect@CDaoTableDef@@QAEXPBG@Z 5f71b6a3 f   daocore.obj
 0001:0001a78f       ?GetConnect@CDaoTableDef@@QAE?AVCString@@XZ 5f71b78f f   daocore.obj
 0001:0001a88d       ?SetAttributes@CDaoTableDef@@QAEXJ@Z 5f71b88d f   daocore.obj
 0001:0001a934       ?GetAttributes@CDaoTableDef@@QAEJXZ 5f71b934 f   daocore.obj
 0001:0001a9d5       ?GetDateCreated@CDaoTableDef@@QAE?AVCOleDateTime@@XZ 5f71b9d5 f   daocore.obj
 0001:0001aac5       ?GetDateLastUpdated@CDaoTableDef@@QAE?AVCOleDateTime@@XZ 5f71bac5 f   daocore.obj
 0001:0001abb5       ?SetValidationRule@CDaoTableDef@@QAEXPBG@Z 5f71bbb5 f   daocore.obj
 0001:0001aca1       ?GetValidationRule@CDaoTableDef@@QAE?AVCString@@XZ 5f71bca1 f   daocore.obj
 0001:0001ad9f       ?SetValidationText@CDaoTableDef@@QAEXPBG@Z 5f71bd9f f   daocore.obj
 0001:0001ae8b       ?GetValidationText@CDaoTableDef@@QAE?AVCString@@XZ 5f71be8b f   daocore.obj
 0001:0001af89       ?GetRecordCount@CDaoTableDef@@QAEJXZ 5f71bf89 f   daocore.obj
 0001:0001b02a       ?CreateField@CDaoTableDef@@QAEXPBGFJJ@Z 5f71c02a f   daocore.obj
 0001:0001b0d0       ?CreateField@CDaoTableDef@@QAEXAAUCDaoFieldInfo@@@Z 5f71c0d0 f   daocore.obj
 0001:0001b350       ?DeleteField@CDaoTableDef@@QAEXPBG@Z 5f71c350 f   daocore.obj
 0001:0001b41b       ?DeleteField@CDaoTableDef@@QAEXH@Z 5f71c41b f   daocore.obj
 0001:0001b49d       ?CreateIndex@CDaoTableDef@@QAEXAAUCDaoIndexInfo@@@Z 5f71c49d f   daocore.obj
 0001:0001b635       ?DeleteIndex@CDaoTableDef@@QAEXPBG@Z 5f71c635 f   daocore.obj
 0001:0001b700       ?DeleteIndex@CDaoTableDef@@QAEXH@Z 5f71c700 f   daocore.obj
 0001:0001b782       ?GetFieldCount@CDaoTableDef@@QAEFXZ 5f71c782 f   daocore.obj
 0001:0001b7e6       ?GetFieldInfo@CDaoTableDef@@QAEXHAAUCDaoFieldInfo@@K@Z 5f71c7e6 f   daocore.obj
 0001:0001b8ea       ?GetFieldInfo@CDaoTableDef@@QAEXPBGAAUCDaoFieldInfo@@K@Z 5f71c8ea f   daocore.obj
 0001:0001b9ee       ?GetIndexCount@CDaoTableDef@@QAEFXZ 5f71c9ee f   daocore.obj
 0001:0001ba52       ?GetIndexInfo@CDaoTableDef@@QAEXHAAUCDaoIndexInfo@@K@Z 5f71ca52 f   daocore.obj
 0001:0001bb56       ?GetIndexInfo@CDaoTableDef@@QAEXPBGAAUCDaoIndexInfo@@K@Z 5f71cb56 f   daocore.obj
 0001:0001bc5a       ?RefreshLink@CDaoTableDef@@QAEXXZ 5f71cc5a f   daocore.obj
 0001:0001bcf2       ?InitFieldsCollection@CDaoTableDef@@IAEXXZ 5f71ccf2 f   daocore.obj
 0001:0001bd42       ?InitIndexesCollection@CDaoTableDef@@IAEXXZ 5f71cd42 f   daocore.obj
 0001:0001bd92       ?ThrowDaoException@CDaoTableDef@@MAEXH@Z 5f71cd92 f   daocore.obj
 0001:0001bdbd       ?AssertValid@CDaoTableDef@@UBEXXZ 5f71cdbd f   daocore.obj
 0001:0001bdd0       ?Dump@CDaoTableDef@@UBEXAAVCDumpContext@@@Z 5f71cdd0 f   daocore.obj
 0001:0001be3f       ?_GetBaseClass@CDaoQueryDef@@KGPAUCRuntimeClass@@XZ 5f71ce3f f   daocore.obj
 0001:0001be49       ?GetRuntimeClass@CDaoQueryDef@@UBEPAUCRuntimeClass@@XZ 5f71ce49 f   daocore.obj
 0001:0001be59       ??0CDaoQueryDef@@QAE@PAVCDaoDatabase@@@Z 5f71ce59 f   daocore.obj
 0001:0001beb5       ??1CDaoQueryDef@@UAE@XZ    5f71ceb5 f   daocore.obj
 0001:0001bf2f       ?Create@CDaoQueryDef@@UAEXPBG0@Z 5f71cf2f f   daocore.obj
 0001:0001c186       ?Append@CDaoQueryDef@@UAEXXZ 5f71d186 f   daocore.obj
 0001:0001c2ee       ?Open@CDaoQueryDef@@UAEXPBG@Z 5f71d2ee f   daocore.obj
 0001:0001c4e2       ?Close@CDaoQueryDef@@UAEXXZ 5f71d4e2 f   daocore.obj
 0001:0001c5bc       ?CanUpdate@CDaoQueryDef@@QAEHXZ 5f71d5bc f   daocore.obj
 0001:0001c645       ?GetName@CDaoQueryDef@@QAE?AVCString@@XZ 5f71d645 f   daocore.obj
 0001:0001c721       ?SetName@CDaoQueryDef@@QAEXPBG@Z 5f71d721 f   daocore.obj
 0001:0001c7ea       ?GetSQL@CDaoQueryDef@@QAE?AVCString@@XZ 5f71d7ea f   daocore.obj
 0001:0001c8c6       ?SetSQL@CDaoQueryDef@@QAEXPBG@Z 5f71d8c6 f   daocore.obj
 0001:0001c98f       ?GetType@CDaoQueryDef@@QAEFXZ 5f71d98f f   daocore.obj
 0001:0001ca0e       ?GetDateCreated@CDaoQueryDef@@QAE?AVCOleDateTime@@XZ 5f71da0e f   daocore.obj
 0001:0001cadb       ?GetDateLastUpdated@CDaoQueryDef@@QAE?AVCOleDateTime@@XZ 5f71dadb f   daocore.obj
 0001:0001cba8       ?GetConnect@CDaoQueryDef@@QAE?AVCString@@XZ 5f71dba8 f   daocore.obj
 0001:0001cc84       ?SetConnect@CDaoQueryDef@@QAEXPBG@Z 5f71dc84 f   daocore.obj
 0001:0001cd4d       ?GetODBCTimeout@CDaoQueryDef@@QAEFXZ 5f71dd4d f   daocore.obj
 0001:0001cdcc       ?SetODBCTimeout@CDaoQueryDef@@QAEXF@Z 5f71ddcc f   daocore.obj
 0001:0001ce51       ?GetReturnsRecords@CDaoQueryDef@@QAEHXZ 5f71de51 f   daocore.obj
 0001:0001ceda       ?SetReturnsRecords@CDaoQueryDef@@QAEXH@Z 5f71deda f   daocore.obj
 0001:0001cf62       ?GetRecordsAffected@CDaoQueryDef@@QAEJXZ 5f71df62 f   daocore.obj
 0001:0001cfe0       ?Execute@CDaoQueryDef@@UAEXH@Z 5f71dfe0 f   daocore.obj
 0001:0001d0d8       ?GetParamValue@CDaoQueryDef@@UAE?AVCOleVariant@@PBG@Z 5f71e0d8 f   daocore.obj
 0001:0001d2e0       ?GetParamValue@CDaoQueryDef@@UAE?AVCOleVariant@@H@Z 5f71e2e0 f   daocore.obj
 0001:0001d4e8       ?SetParamValue@CDaoQueryDef@@UAEXPBGABVCOleVariant@@@Z 5f71e4e8 f   daocore.obj
 0001:0001d6f4       ?SetParamValue@CDaoQueryDef@@UAEXHABVCOleVariant@@@Z 5f71e6f4 f   daocore.obj
 0001:0001d900       ?SetParamValueNull@CDaoQueryDef@@QAEXPBG@Z 5f71e900 f   daocore.obj
 0001:0001d977       ?SetParamValueNull@CDaoQueryDef@@QAEXH@Z 5f71e977 f   daocore.obj
 0001:0001d9ee       ?GetFieldCount@CDaoQueryDef@@QAEFXZ 5f71e9ee f   daocore.obj
 0001:0001da52       ?GetFieldInfo@CDaoQueryDef@@QAEXHAAUCDaoFieldInfo@@K@Z 5f71ea52 f   daocore.obj
 0001:0001db56       ?GetFieldInfo@CDaoQueryDef@@QAEXPBGAAUCDaoFieldInfo@@K@Z 5f71eb56 f   daocore.obj
 0001:0001dc5a       ?GetParameterCount@CDaoQueryDef@@QAEFXZ 5f71ec5a f   daocore.obj
 0001:0001dcbe       ?GetParameterInfo@CDaoQueryDef@@QAEXHAAUCDaoParameterInfo@@K@Z 5f71ecbe f   daocore.obj
 0001:0001ddc2       ?GetParameterInfo@CDaoQueryDef@@QAEXPBGAAUCDaoParameterInfo@@K@Z 5f71edc2 f   daocore.obj
 0001:0001dec6       ?InitFieldsCollection@CDaoQueryDef@@IAEXXZ 5f71eec6 f   daocore.obj
 0001:0001df16       ?InitParametersCollection@CDaoQueryDef@@IAEXXZ 5f71ef16 f   daocore.obj
 0001:0001df66       ?FillParameterInfo@CDaoQueryDef@@IAEXPAUDAOParameter@@AAUCDaoParameterInfo@@K@Z 5f71ef66 f   daocore.obj
 0001:0001e124       ?ThrowDaoException@CDaoQueryDef@@MAEXH@Z 5f71f124 f   daocore.obj
 0001:0001e14f       ?AssertValid@CDaoQueryDef@@UBEXXZ 5f71f14f f   daocore.obj
 0001:0001e162       ?Dump@CDaoQueryDef@@UBEXAAVCDumpContext@@@Z 5f71f162 f   daocore.obj
 0001:0001e1d1       ?_GetBaseClass@CDaoRecordset@@KGPAUCRuntimeClass@@XZ 5f71f1d1 f   daocore.obj
 0001:0001e1db       ?GetRuntimeClass@CDaoRecordset@@UBEPAUCRuntimeClass@@XZ 5f71f1db f   daocore.obj
 0001:0001e1eb       ??0CDaoRecordset@@QAE@PAVCDaoDatabase@@@Z 5f71f1eb f   daocore.obj
 0001:0001e358       ??1CDaoRecordset@@UAE@XZ   5f71f358 f   daocore.obj
 0001:0001e479       ?Open@CDaoRecordset@@UAEXHPBGH@Z 5f71f479 f   daocore.obj
 0001:0001ee83       ?Open@CDaoRecordset@@UAEXPAVCDaoQueryDef@@HH@Z 5f71fe83 f   daocore.obj
 0001:0001f16d       ?Open@CDaoRecordset@@UAEXPAVCDaoTableDef@@HH@Z 5f72016d f   daocore.obj
 0001:0001f409       ?Close@CDaoRecordset@@UAEXXZ 5f720409 f   daocore.obj
 0001:0001f700       ?Requery@CDaoRecordset@@UAEXXZ 5f720700 f   daocore.obj
 0001:0001f983       ?GetDefaultDBName@CDaoRecordset@@UAE?AVCString@@XZ 5f720983 f   daocore.obj
 0001:0001f9c5       ?GetDefaultSQL@CDaoRecordset@@UAE?AVCString@@XZ 5f7209c5 f   daocore.obj
 0001:0001fa07       ?DoFieldExchange@CDaoRecordset@@UAEXPAVCDaoFieldExchange@@@Z 5f720a07 f   daocore.obj
 0001:0001fa27       ?IsBOF@CDaoRecordset@@QBEHXZ 5f720a27 f   daocore.obj
 0001:0001fab0       ?IsEOF@CDaoRecordset@@QBEHXZ 5f720ab0 f   daocore.obj
 0001:0001fb39       ?IsDeleted@CDaoRecordset@@QBEHXZ 5f720b39 f   daocore.obj
 0001:0001fb89       ?CanScroll@CDaoRecordset@@QBEHXZ 5f720b89 f   daocore.obj
 0001:0001fbd9       ?CanUpdate@CDaoRecordset@@QBEHXZ 5f720bd9 f   daocore.obj
 0001:0001fc62       ?CanAppend@CDaoRecordset@@QBEHXZ 5f720c62 f   daocore.obj
 0001:0001fcb2       ?CanRestart@CDaoRecordset@@QAEHXZ 5f720cb2 f   daocore.obj
 0001:0001fd5c       ?CanTransact@CDaoRecordset@@QAEHXZ 5f720d5c f   daocore.obj
 0001:0001fde5       ?CanBookmark@CDaoRecordset@@QAEHXZ 5f720de5 f   daocore.obj
 0001:0001fe6e       ?GetName@CDaoRecordset@@QAE?AVCString@@XZ 5f720e6e f   daocore.obj
 0001:0001ff6c       ?GetType@CDaoRecordset@@QAEFXZ 5f720f6c f   daocore.obj
 0001:0002000e       ?GetEditMode@CDaoRecordset@@QAEFXZ 5f72100e f   daocore.obj
 0001:000200b3       ?GetSQL@CDaoRecordset@@QBE?AVCString@@XZ 5f7210b3 f   daocore.obj
 0001:00020146       ?GetDateCreated@CDaoRecordset@@QAE?AVCOleDateTime@@XZ 5f721146 f   daocore.obj
 0001:00020236       ?GetDateLastUpdated@CDaoRecordset@@QAE?AVCOleDateTime@@XZ 5f721236 f   daocore.obj
 0001:00020326       ?GetLastModifiedBookmark@CDaoRecordset@@QAE?AVCOleVariant@@XZ 5f721326 f   daocore.obj
 0001:00020424       ?GetValidationRule@CDaoRecordset@@QAE?AVCString@@XZ 5f721424 f   daocore.obj
 0001:00020525       ?GetValidationText@CDaoRecordset@@QAE?AVCString@@XZ 5f721525 f   daocore.obj
 0001:00020623       ?GetCurrentIndex@CDaoRecordset@@QAE?AVCString@@XZ 5f721623 f   daocore.obj
 0001:00020721       ?SetCurrentIndex@CDaoRecordset@@QAEXPBG@Z 5f721721 f   daocore.obj
 0001:0002080c       ?GetRecordCount@CDaoRecordset@@QAEJXZ 5f72180c f   daocore.obj
 0001:000208ad       ?SetFieldDirty@CDaoRecordset@@QAEXPAXH@Z 5f7218ad f   daocore.obj
 0001:00020989       ?IsFieldDirty@CDaoRecordset@@QAEHPAX@Z 5f721989 f   daocore.obj
 0001:00020a81       ?SetFieldNull@CDaoRecordset@@QAEXPAXH@Z 5f721a81 f   daocore.obj
 0001:00020b99       ?IsFieldNull@CDaoRecordset@@QAEHPAX@Z 5f721b99 f   daocore.obj
 0001:00020c7c       ?IsFieldNullable@CDaoRecordset@@QAEHPAX@Z 5f721c7c f   daocore.obj
 0001:00020def       ?GetFieldCount@CDaoRecordset@@QAEFXZ 5f721def f   daocore.obj
 0001:00020e53       ?GetFieldInfo@CDaoRecordset@@QAEXHAAUCDaoFieldInfo@@K@Z 5f721e53 f   daocore.obj
 0001:00020f57       ?GetFieldInfo@CDaoRecordset@@QAEXPBGAAUCDaoFieldInfo@@K@Z 5f721f57 f   daocore.obj
 0001:0002105b       ?GetIndexCount@CDaoRecordset@@QAEFXZ 5f72205b f   daocore.obj
 0001:000210bf       ?GetIndexInfo@CDaoRecordset@@QAEXHAAUCDaoIndexInfo@@K@Z 5f7220bf f   daocore.obj
 0001:000211c3       ?GetIndexInfo@CDaoRecordset@@QAEXPBGAAUCDaoIndexInfo@@K@Z 5f7221c3 f   daocore.obj
 0001:000212c7       ?GetBookmark@CDaoRecordset@@QAE?AVCOleVariant@@XZ 5f7222c7 f   daocore.obj
 0001:000213c5       ?SetBookmark@CDaoRecordset@@QAEXVCOleVariant@@@Z 5f7223c5 f   daocore.obj
 0001:000214a0       ?GetAbsolutePosition@CDaoRecordset@@QAEJXZ 5f7224a0 f   daocore.obj
 0001:00021544       ?SetAbsolutePosition@CDaoRecordset@@QAEXJ@Z 5f722544 f   daocore.obj
 0001:000215ed       ?GetPercentPosition@CDaoRecordset@@QAEMXZ 5f7225ed f   daocore.obj
 0001:00021691       ?SetPercentPosition@CDaoRecordset@@QAEXM@Z 5f722691 f   daocore.obj
 0001:0002173a       ?MoveNext@CDaoRecordset@@QAEXXZ 5f72273a f   daocore.obj
 0001:00021765       ?MovePrev@CDaoRecordset@@QAEXXZ 5f722765 f   daocore.obj
 0001:00021790       ?MoveFirst@CDaoRecordset@@QAEXXZ 5f722790 f   daocore.obj
 0001:000217be       ?MoveLast@CDaoRecordset@@QAEXXZ 5f7227be f   daocore.obj
 0001:000217ec       ?Move@CDaoRecordset@@UAEXJ@Z 5f7227ec f   daocore.obj
 0001:00021a1b       ?FindNext@CDaoRecordset@@QAEHPBG@Z 5f722a1b f   daocore.obj
 0001:00021a4c       ?FindPrev@CDaoRecordset@@QAEHPBG@Z 5f722a4c f   daocore.obj
 0001:00021a7d       ?FindFirst@CDaoRecordset@@QAEHPBG@Z 5f722a7d f   daocore.obj
 0001:00021ab1       ?FindLast@CDaoRecordset@@QAEHPBG@Z 5f722ab1 f   daocore.obj
 0001:00021ae5       ?Find@CDaoRecordset@@UAEHJPBG@Z 5f722ae5 f   daocore.obj
 0001:00021ce3       ?Seek@CDaoRecordset@@QAEHPBGPAVCOleVariant@@11@Z 5f722ce3 f   daocore.obj
 0001:00022094       ?Seek@CDaoRecordset@@QAEHPBGPAVCOleVariant@@G@Z 5f723094 f   daocore.obj
 0001:0002240d       ?CancelUpdate@CDaoRecordset@@UAEXXZ 5f72340d f   daocore.obj
 0001:000224c2       ?SetLockingMode@CDaoRecordset@@QAEXH@Z 5f7234c2 f   daocore.obj
 0001:00022564       ?GetLockingMode@CDaoRecordset@@QAEHXZ 5f723564 f   daocore.obj
 0001:0002260e       ?SetCacheStart@CDaoRecordset@@QAEXVCOleVariant@@@Z 5f72360e f   daocore.obj
 0001:000226e4       ?GetCacheStart@CDaoRecordset@@QAE?AVCOleVariant@@XZ 5f7236e4 f   daocore.obj
 0001:000227e5       ?SetCacheSize@CDaoRecordset@@QAEXJ@Z 5f7237e5 f   daocore.obj
 0001:00022886       ?GetCacheSize@CDaoRecordset@@QAEJXZ 5f723886 f   daocore.obj
 0001:0002292a       ?FillCache@CDaoRecordset@@QAEXPAJPAVCOleVariant@@@Z 5f72392a f   daocore.obj
 0001:00022acf       ?AddNew@CDaoRecordset@@UAEXXZ 5f723acf f   daocore.obj
 0001:00022bc4       ?Edit@CDaoRecordset@@UAEXXZ 5f723bc4 f   daocore.obj
 0001:00022cb6       ?Update@CDaoRecordset@@UAEXXZ 5f723cb6 f   daocore.obj
 0001:00022daf       ?Delete@CDaoRecordset@@UAEXXZ 5f723daf f   daocore.obj
 0001:00022e7e       ?GetFieldValue@CDaoRecordset@@UAE?AVCOleVariant@@PBG@Z 5f723e7e f   daocore.obj
 0001:00022ef9       ?GetFieldValue@CDaoRecordset@@UAE?AVCOleVariant@@H@Z 5f723ef9 f   daocore.obj
 0001:00022f74       ?GetFieldValue@CDaoRecordset@@UAEXPBGAAVCOleVariant@@@Z 5f723f74 f   daocore.obj
 0001:000230a1       ?GetFieldValue@CDaoRecordset@@UAEXHAAVCOleVariant@@@Z 5f7240a1 f   daocore.obj
 0001:000231ce       ?SetFieldValue@CDaoRecordset@@UAEXPBGABVCOleVariant@@@Z 5f7241ce f   daocore.obj
 0001:00023325       ?SetFieldValue@CDaoRecordset@@UAEXHABVCOleVariant@@@Z 5f724325 f   daocore.obj
 0001:0002347c       ?SetFieldValue@CDaoRecordset@@QAEXHPBG@Z 5f72447c f   daocore.obj
 0001:000234e1       ?SetFieldValue@CDaoRecordset@@QAEXPBG0@Z 5f7244e1 f   daocore.obj
 0001:00023546       ?SetFieldValueNull@CDaoRecordset@@QAEXPBG@Z 5f724546 f   daocore.obj
 0001:000235bd       ?SetFieldValueNull@CDaoRecordset@@QAEXH@Z 5f7245bd f   daocore.obj
 0001:00023634       ?GetParamValue@CDaoRecordset@@UAE?AVCOleVariant@@PBG@Z 5f724634 f   daocore.obj
 0001:000236d0       ?GetParamValue@CDaoRecordset@@UAE?AVCOleVariant@@H@Z 5f7246d0 f   daocore.obj
 0001:0002376c       ?SetParamValue@CDaoRecordset@@UAEXPBGABVCOleVariant@@@Z 5f72476c f   daocore.obj
 0001:000237f4       ?SetParamValue@CDaoRecordset@@UAEXHABVCOleVariant@@@Z 5f7247f4 f   daocore.obj
 0001:0002387c       ?SetParamValueNull@CDaoRecordset@@QAEXPBG@Z 5f72487c f   daocore.obj
 0001:000238f3       ?SetParamValueNull@CDaoRecordset@@QAEXH@Z 5f7248f3 f   daocore.obj
 0001:0002396a       ?GetFieldLength@CDaoRecordset@@QAEKH@Z 5f72496a f   daocore.obj
 0001:000239c2       ?InitFieldsCollection@CDaoRecordset@@IAEXXZ 5f7249c2 f   daocore.obj
 0001:00023a41       ?InitIndexesCollection@CDaoRecordset@@IAEXXZ 5f724a41 f   daocore.obj
 0001:00023ac3       ?BuildSQL@CDaoRecordset@@IAEXXZ 5f724ac3 f   daocore.obj
 0001:00023be7       ?AllocDatabase@CDaoRecordset@@IAEXXZ 5f724be7 f   daocore.obj
 0001:00023cfd       ?BuildSelectList@CDaoRecordset@@IAEXXZ 5f724cfd f   daocore.obj
 0001:00023d75       ?BuildParameterList@CDaoRecordset@@IAEXXZ 5f724d75 f   daocore.obj
 0001:00023e10       ?BindFields@CDaoRecordset@@IAEXXZ 5f724e10 f   daocore.obj
 0001:00023ff5       ?BindParameters@CDaoRecordset@@IAEXXZ 5f724ff5 f   daocore.obj
 0001:00024073       ?Fixup@CDaoRecordset@@IAEXXZ 5f725073 f   daocore.obj
 0001:000240b2       ?AllocCache@CDaoRecordset@@IAEXXZ 5f7250b2 f   daocore.obj
 0001:00024178       ?StoreFields@CDaoRecordset@@IAEXXZ 5f725178 f   daocore.obj
 0001:000241f2       ?LoadFields@CDaoRecordset@@IAEXXZ 5f7251f2 f   daocore.obj
 0001:0002424f       ?FreeCache@CDaoRecordset@@IAEXXZ 5f72524f f   daocore.obj
 0001:00024328       ?MarkForAddNew@CDaoRecordset@@IAEXXZ 5f725328 f   daocore.obj
 0001:00024367       ?MarkForEdit@CDaoRecordset@@IAEXXZ 5f725367 f   daocore.obj
 0001:000243a6       ?GetFieldIndex@CDaoRecordset@@IAEHPAX@Z 5f7253a6 f   daocore.obj
 0001:00024413       ?SetDirtyFields@CDaoRecordset@@MAEXXZ 5f725413 f   daocore.obj
 0001:00024463       ?SetCursorAttributes@CDaoRecordset@@QAEXXZ 5f725463 f   daocore.obj
 0001:000244e2       ?GetDataAndFixupNulls@CDaoRecordset@@QAEXXZ 5f7254e2 f   daocore.obj
 0001:000245e7       ?IsFieldStatusDirty@CDaoRecordset@@QAEHI@Z 5f7255e7 f   daocore.obj
 0001:00024622       ?SetDirtyFieldStatus@CDaoRecordset@@QAEXI@Z 5f725622 f   daocore.obj
 0001:0002465d       ?ClearDirtyFieldStatus@CDaoRecordset@@QAEXI@Z 5f72565d f   daocore.obj
 0001:00024698       ?IsFieldStatusNull@CDaoRecordset@@QAEHI@Z 5f725698 f   daocore.obj
 0001:000246d1       ?SetNullFieldStatus@CDaoRecordset@@QAEXI@Z 5f7256d1 f   daocore.obj
 0001:0002470c       ?ClearNullFieldStatus@CDaoRecordset@@QAEXI@Z 5f72570c f   daocore.obj
 0001:00024747       ?IsFieldStatusNullable@CDaoRecordset@@QAEHI@Z 5f725747 f   daocore.obj
 0001:00024780       ?SetNullableFieldStatus@CDaoRecordset@@QAEXI@Z 5f725780 f   daocore.obj
 0001:000247bb       ?IsFieldStatusNullableKnown@CDaoRecordset@@QAEHI@Z 5f7257bb f   daocore.obj
 0001:000247f4       ?SetNullableKnownFieldStatus@CDaoRecordset@@QAEXI@Z 5f7257f4 f   daocore.obj
 0001:0002482f       ?ClearFieldStatusFlags@CDaoRecordset@@QAEXXZ 5f72582f f   daocore.obj
 0001:00024865       ?IsMatch@CDaoRecordset@@QAEHXZ 5f725865 f   daocore.obj
 0001:000248e9       ?StripBrackets@CDaoRecordset@@SAXPBGPAG@Z 5f7258e9 f   daocore.obj
 0001:00024986       ?ThrowDaoException@CDaoRecordset@@MAEXH@Z 5f725986 f   daocore.obj
 0001:000249b1       ?AssertValid@CDaoRecordset@@UBEXXZ 5f7259b1 f   daocore.obj
 0001:000249c4       ?Dump@CDaoRecordset@@UBEXAAVCDumpContext@@@Z 5f7259c4 f   daocore.obj
 0001:00024bd3       ?AfxGetFieldInfo@@YAXPAU_DAOField@@AAUCDaoFieldInfo@@K@Z 5f725bd3 f   daocore.obj
 0001:00025009       ?AfxSetFieldInfo@@YAXPAU_DAOField@@AAUCDaoFieldInfo@@@Z 5f726009 f   daocore.obj
 0001:0002527c       ?AfxGetDefaultValue@@YAXPAU_DAOField@@AAVCString@@@Z 5f72627c f   daocore.obj
 0001:00025356       ?AfxSetDefaultValue@@YAXPAU_DAOField@@AAVCString@@@Z 5f726356 f   daocore.obj
 0001:00025451       ?AfxGetIndexInfo@@YAXPAU_DAOIndex@@AAUCDaoIndexInfo@@K@Z 5f726451 f   daocore.obj
 0001:000256e4       ?AfxSetIndexInfo@@YAXPAU_DAOIndex@@AAUCDaoIndexInfo@@@Z 5f7266e4 f   daocore.obj
 0001:0002580f       ?AfxGetIndexFields@@YAXPAU_DAOIndex@@PAPAUDAOIndexFields@@@Z 5f72680f f   daocore.obj
 0001:00025915       ?AfxGetIndexFieldInfo@@YAXPAU_DAOIndex@@AAUCDaoIndexInfo@@@Z 5f726915 f   daocore.obj
 0001:00025da5       ?AfxSetIndexFieldInfo@@YAXPAU_DAOIndex@@AAUCDaoIndexInfo@@@Z 5f726da5 f   daocore.obj
 0001:00026005       ?ThrowGetRowsDaoException@@YAXJ@Z 5f727005 f   daocore.obj
 0001:0002620b       ?AfxGetDaoState@@YAPAV_AFX_DAO_STATE@@XZ 5f72720b f   daocore.obj
 0001:000262a5       ?AfxDaoInit@@YGXXZ         5f7272a5 f   daocore.obj
 0001:00026533       ?AfxDaoGetEngine@@YGPAU_DAODBEngine@@XZ 5f727533 f   daocore.obj
 0001:00026540       ?AfxDaoTerm@@YGXXZ         5f727540 f   daocore.obj
 0001:000265ee       ?IsOpen@CDaoWorkspace@@QBEHXZ 5f7275ee f   daocore.obj
 0001:0002660f       ?IsNew@CDaoWorkspace@@QBEHXZ 5f72760f f   daocore.obj
 0001:00026630       ?IsOpen@CDaoDatabase@@QBEHXZ 5f727630 f   daocore.obj
 0001:00026651       ?IsOpen@CDaoTableDef@@QBEHXZ 5f727651 f   daocore.obj
 0001:00026672       ?IsOpen@CDaoQueryDef@@QBEHXZ 5f727672 f   daocore.obj
 0001:00026693       ?IsOpen@CDaoRecordset@@QBEHXZ 5f727693 f   daocore.obj
 0001:000266c0       ??_G_AFX_DAO_STATE@@UAEPAXI@Z 5f7276c0 f i daocore.obj
 0001:000266c0       ??_E_AFX_DAO_STATE@@UAEPAXI@Z 5f7276c0 f i daocore.obj
 0001:000266f0       ??_GCDaoIndexInfo@@UAEPAXI@Z 5f7276f0 f i daocore.obj
 0001:000266f0       ??_ECDaoIndexInfo@@UAEPAXI@Z 5f7276f0 f i daocore.obj
 0001:00026720       ??_ECDaoIndexFieldInfo@@QAEPAXI@Z 5f727720 f i daocore.obj
 0001:00026790       ??1CDaoIndexFieldInfo@@QAE@XZ 5f727790 f i daocore.obj
 0001:000267b0       ??_GCDaoRelationInfo@@UAEPAXI@Z 5f7277b0 f i daocore.obj
 0001:000267b0       ??_ECDaoRelationInfo@@UAEPAXI@Z 5f7277b0 f i daocore.obj
 0001:000267e0       ??_ECDaoRelationFieldInfo@@QAEPAXI@Z 5f7277e0 f i daocore.obj
 0001:00026850       ??1CDaoRelationFieldInfo@@QAE@XZ 5f727850 f i daocore.obj
 0001:000268a0       ??_GCDaoException@@UAEPAXI@Z 5f7278a0 f i daocore.obj
 0001:000268d0       ??_GCDaoErrorInfo@@QAEPAXI@Z 5f7278d0 f i daocore.obj
 0001:00026900       ??1CDaoErrorInfo@@QAE@XZ   5f727900 f i daocore.obj
 0001:00026960       ??0CDaoErrorInfo@@QAE@XZ   5f727960 f i daocore.obj
 0001:000269d0       ??_GCDaoWorkspace@@UAEPAXI@Z 5f7279d0 f i daocore.obj
 0001:00026a00       ??_GCDaoDatabase@@UAEPAXI@Z 5f727a00 f i daocore.obj
 0001:00026a30       ??0CDaoRelationFieldInfo@@QAE@XZ 5f727a30 f i daocore.obj
 0001:00026a90       ??_GCDaoTableDef@@UAEPAXI@Z 5f727a90 f i daocore.obj
 0001:00026a90       ??_ECDaoTableDef@@UAEPAXI@Z 5f727a90 f i daocore.obj
 0001:00026ac0       ??0CDaoFieldInfo@@QAE@XZ   5f727ac0 f i daocore.obj
 0001:00026b70       ??1CDaoFieldInfo@@QAE@XZ   5f727b70 f i daocore.obj
 0001:00026c10       ??_GCDaoQueryDef@@UAEPAXI@Z 5f727c10 f i daocore.obj
 0001:00026c10       ??_ECDaoQueryDef@@UAEPAXI@Z 5f727c10 f i daocore.obj
 0001:00026c40       ??_GCDaoRecordset@@UAEPAXI@Z 5f727c40 f i daocore.obj
 0001:00026c70       ??0CDaoIndexFieldInfo@@QAE@XZ 5f727c70 f i daocore.obj
 0001:00026ca0       ??_9@$BEM@AG               5f727ca0 f i daocore.obj
 0001:00026cb0       ??_9@$BHE@AG               5f727cb0 f i daocore.obj
 0001:00026cc0       ??_9@$BHI@AG               5f727cc0 f i daocore.obj
 0001:00026cd0       ??0CDaoFieldExchange@@QAE@IPAVCDaoRecordset@@PAX@Z 5f727cd0 f   daodfx.obj
 0001:00026d3b       ?IsValidOperation@CDaoFieldExchange@@QAEHXZ 5f727d3b f   daodfx.obj
 0001:00026db9       ?AppendParamType@CDaoFieldExchange@@SGXAAVCString@@K@Z 5f727db9 f   daodfx.obj
 0001:00027093       ?GetCacheValue@CDaoFieldExchange@@SGPAUCDaoFieldCache@@PAVCDaoRecordset@@PAX@Z 5f728093 f   daodfx.obj
 0001:000270c3       ?SetNullValue@CDaoFieldExchange@@SGXPAXK@Z 5f7280c3 f   daodfx.obj
 0001:000271d3       ?IsNullValue@CDaoFieldExchange@@SGHPAXK@Z 5f7281d3 f   daodfx.obj
 0001:00027369       ?AllocCacheValue@CDaoFieldExchange@@SGXAAPAUCDaoFieldCache@@K@Z 5f728369 f   daodfx.obj
 0001:00027675       ?DeleteCacheValue@CDaoFieldExchange@@SGXPAUCDaoFieldCache@@K@Z 5f728675 f   daodfx.obj
 0001:000277ea       ?CopyValue@CDaoFieldExchange@@SGXPAX0K@Z 5f7287ea f   daodfx.obj
 0001:00027981       ?CompareValue@CDaoFieldExchange@@SGHPAX0K@Z 5f728981 f   daodfx.obj
 0001:00027bd7       ?FillVariant@CDaoFieldExchange@@SGXPAXKPAPAVCOleVariant@@@Z 5f728bd7 f   daodfx.obj
 0001:00027e1c       ?Default@CDaoFieldExchange@@QAEXPBGPAXKK@Z 5f728e1c f   daodfx.obj
 0001:00028744       ?DFX_Text@@YGXPAVCDaoFieldExchange@@PBGAAVCString@@HK@Z 5f729744 f   daodfx.obj
 0001:000288e4       ?DFX_Binary@@YGXPAVCDaoFieldExchange@@PBGAAVCByteArray@@HK@Z 5f7298e4 f   daodfx.obj
 0001:000289f5       ?DFX_LongBinary@@YGXPAVCDaoFieldExchange@@PBGAAVCLongBinary@@KK@Z 5f7299f5 f   daodfx.obj
 0001:00028b40       ?DFX_Bool@@YGXPAVCDaoFieldExchange@@PBGAAHK@Z 5f729b40 f   daodfx.obj
 0001:00028c9c       ?DFX_Byte@@YGXPAVCDaoFieldExchange@@PBGAAEK@Z 5f729c9c f   daodfx.obj
 0001:00028dc2       ?DFX_Short@@YGXPAVCDaoFieldExchange@@PBGAAFK@Z 5f729dc2 f   daodfx.obj
 0001:00028ee9       ?DFX_Long@@YGXPAVCDaoFieldExchange@@PBGAAJK@Z 5f729ee9 f   daodfx.obj
 0001:0002900f       ?DFX_Currency@@YGXPAVCDaoFieldExchange@@PBGAAVCOleCurrency@@K@Z 5f72a00f f   daodfx.obj
 0001:0002918f       ?DFX_Single@@YGXPAVCDaoFieldExchange@@PBGAAMK@Z 5f72a18f f   daodfx.obj
 0001:000292b5       ?DFX_Double@@YGXPAVCDaoFieldExchange@@PBGAANK@Z 5f72a2b5 f   daodfx.obj
 0001:000293d6       ?DFX_DateTime@@YGXPAVCDaoFieldExchange@@PBGAAVCOleDateTime@@K@Z 5f72a3d6 f   daodfx.obj
 0001:00029556       _DaoStringAllocCallback@12 5f72a556 f   daodfx.obj
 0001:0002960f       _DaoBinaryAllocCallback@12 5f72a60f f   daodfx.obj
 0001:000296db       _DaoLongBinaryAllocCallback@12 5f72a6db f   daodfx.obj
 0001:000297d4       ?AllocLongBinary@@YAXAAVCLongBinary@@K@Z 5f72a7d4 f   daodfx.obj
 0001:0002985e       ?SetFieldType@CDaoFieldExchange@@QAEXI@Z 5f72a85e f   daodfx.obj
 0001:000298a0       ??_GCOleVariant@@QAEPAXI@Z 5f72a8a0 f i daodfx.obj
 0001:000298d0       ?_GetBaseClass@CDaoRecordView@@KGPAUCRuntimeClass@@XZ 5f72a8d0 f   daoview.obj
 0001:000298da       ?GetRuntimeClass@CDaoRecordView@@UBEPAUCRuntimeClass@@XZ 5f72a8da f   daoview.obj
 0001:000298ea       ?_GetBaseMessageMap@CDaoRecordView@@KGPBUAFX_MSGMAP@@XZ 5f72a8ea f   daoview.obj
 0001:000298f4       ?GetMessageMap@CDaoRecordView@@MBEPBUAFX_MSGMAP@@XZ 5f72a8f4 f   daoview.obj
 0001:00029904       ??0CDaoRecordView@@IAE@PBG@Z 5f72a904 f   daoview.obj
 0001:000299c8       ??0CDaoRecordView@@IAE@I@Z 5f72a9c8 f   daoview.obj
 0001:00029a8c       ??1CDaoRecordView@@UAE@XZ  5f72aa8c f   daoview.obj
 0001:00029b07       ?OnInitialUpdate@CDaoRecordView@@UAEXXZ 5f72ab07 f   daoview.obj
 0001:00029ce2       ?OnMove@CDaoRecordView@@UAEHI@Z 5f72ace2 f   daoview.obj
 0001:0002a234       ?IsOnFirstRecord@CDaoRecordView@@QAEHXZ 5f72b234 f   daoview.obj
 0001:0002a26a       ?IsOnLastRecord@CDaoRecordView@@QAEHXZ 5f72b26a f   daoview.obj
 0001:0002a2a0       ?AfxFieldText@@YGHPAVCDataExchange@@HPAXPAVCDaoRecordset@@@Z 5f72b2a0 f   daoview.obj
 0001:0002a38c       ?DDX_FieldText@@YGXPAVCDataExchange@@HAAHPAVCDaoRecordset@@@Z 5f72b38c f   daoview.obj
 0001:0002a3bd       ?DDX_FieldText@@YGXPAVCDataExchange@@HAAEPAVCDaoRecordset@@@Z 5f72b3bd f   daoview.obj
 0001:0002a3ee       ?DDX_FieldText@@YGXPAVCDataExchange@@HAAFPAVCDaoRecordset@@@Z 5f72b3ee f   daoview.obj
 0001:0002a41f       ?DDX_FieldText@@YGXPAVCDataExchange@@HAAJPAVCDaoRecordset@@@Z 5f72b41f f   daoview.obj
 0001:0002a450       ?DDX_FieldText@@YGXPAVCDataExchange@@HAAKPAVCDaoRecordset@@@Z 5f72b450 f   daoview.obj
 0001:0002a481       ?DDX_FieldText@@YGXPAVCDataExchange@@HAAVCOleCurrency@@PAVCDaoRecordset@@@Z 5f72b481 f   daoview.obj
 0001:0002a4b2       ?DDX_FieldText@@YGXPAVCDataExchange@@HAAMPAVCDaoRecordset@@@Z 5f72b4b2 f   daoview.obj
 0001:0002a4e3       ?DDX_FieldText@@YGXPAVCDataExchange@@HAANPAVCDaoRecordset@@@Z 5f72b4e3 f   daoview.obj
 0001:0002a514       ?DDX_FieldText@@YGXPAVCDataExchange@@HAAVCOleDateTime@@PAVCDaoRecordset@@@Z 5f72b514 f   daoview.obj
 0001:0002a545       ?DDX_FieldText@@YGXPAVCDataExchange@@HAAVCString@@PAVCDaoRecordset@@@Z 5f72b545 f   daoview.obj
 0001:0002a576       ?DDX_FieldText@@YGXPAVCDataExchange@@HPAGHPAVCDaoRecordset@@@Z 5f72b576 f   daoview.obj
 0001:0002a5ab       ?DDX_FieldLBString@@YGXPAVCDataExchange@@HAAVCString@@PAVCDaoRecordset@@@Z 5f72b5ab f   daoview.obj
 0001:0002a705       ?DDX_FieldLBStringExact@@YGXPAVCDataExchange@@HAAVCString@@PAVCDaoRecordset@@@Z 5f72b705 f   daoview.obj
 0001:0002a7cf       ?DDX_FieldCBString@@YGXPAVCDataExchange@@HAAVCString@@PAVCDaoRecordset@@@Z 5f72b7cf f   daoview.obj
 0001:0002a91d       ?DDX_FieldCBStringExact@@YGXPAVCDataExchange@@HAAVCString@@PAVCDaoRecordset@@@Z 5f72b91d f   daoview.obj
 0001:0002a9e7       ?DDX_FieldLBIndex@@YGXPAVCDataExchange@@HAAHPAVCDaoRecordset@@@Z 5f72b9e7 f   daoview.obj
 0001:0002aa53       ?DDX_FieldCBIndex@@YGXPAVCDataExchange@@HAAHPAVCDaoRecordset@@@Z 5f72ba53 f   daoview.obj
 0001:0002aabf       ?DDX_FieldScroll@@YGXPAVCDataExchange@@HAAHPAVCDaoRecordset@@@Z 5f72babf f   daoview.obj
 0001:0002ab2b       ?DDX_FieldSlider@@YGXPAVCDataExchange@@HAAHPAVCDaoRecordset@@@Z 5f72bb2b f   daoview.obj
 0001:0002ab97       ?DDX_FieldCheck@@YGXPAVCDataExchange@@HAAHPAVCDaoRecordset@@@Z 5f72bb97 f   daoview.obj
 0001:0002ad04       ?DDX_FieldRadio@@YGXPAVCDataExchange@@HAAHPAVCDaoRecordset@@@Z 5f72bd04 f   daoview.obj
 0001:0002ad9f       ?AssertValid@CDaoRecordView@@UBEXXZ 5f72bd9f f   daoview.obj
 0001:0002adb2       ?Dump@CDaoRecordView@@UBEXAAVCDumpContext@@@Z 5f72bdb2 f   daoview.obj
 0001:0002aef3       ?OnUpdateRecordFirst@CDaoRecordView@@IAEXPAVCCmdUI@@@Z 5f72bef3 f   daoview.obj
 0001:0002af27       ?OnUpdateRecordNext@CDaoRecordView@@IAEXPAVCCmdUI@@@Z 5f72bf27 f   daoview.obj
 0001:0002af5b       ?OnUpdateRecordPrev@CDaoRecordView@@IAEXPAVCCmdUI@@@Z 5f72bf5b f   daoview.obj
 0001:0002af8f       ?OnUpdateRecordLast@CDaoRecordView@@IAEXPAVCCmdUI@@@Z 5f72bf8f f   daoview.obj
 0001:0002afc3       ?OnMove@CDaoRecordView@@IAEXHH@Z 5f72bfc3 f   daoview.obj
 0001:0002afe0       ??_GCDaoRecordView@@UAEPAXI@Z 5f72bfe0 f i daoview.obj
 0001:0002afe0       ??_ECDaoRecordView@@UAEPAXI@Z 5f72bfe0 f i daoview.obj
 0001:0002b010       ??_Estringdispid@CComTypeInfoHolder@ATL@@QAEPAXI@Z 5f72c010 f i viewoled.obj
 0001:0002b080       ??1stringdispid@CComTypeInfoHolder@ATL@@QAE@XZ 5f72c080 f i viewoled.obj
 0001:0002b0a0       ??1CComBSTR@ATL@@QAE@XZ    5f72c0a0 f i viewoled.obj
 0001:0002b0c0       ?MovePrev@CRowset@ATL@@QAEJXZ 5f72c0c0 f i viewoled.obj
 0001:0002b0e0       ?MoveNext@CRowset@ATL@@QAEJXZ 5f72c0e0 f i viewoled.obj
 0001:0002b100       ?MoveNext@CRowset@ATL@@QAEJJ_N@Z 5f72c100 f i viewoled.obj
 0001:0002b210       ?AtlTrace2@ATL@@YAXKIPBGZZ 5f72c210 f i viewoled.obj
 0001:0002b2c0       ?ReleaseRows@CRowset@ATL@@QAEJXZ 5f72c2c0 f i viewoled.obj
 0001:0002b350       ?MoveFirst@CRowset@ATL@@QAEJXZ 5f72c350 f i viewoled.obj
 0001:0002b400       ?MoveLast@CRowset@ATL@@QAEJXZ 5f72c400 f i viewoled.obj
 0001:0002b510       ?GetData@CRowset@ATL@@QAEJXZ 5f72c510 f i viewoled.obj
 0001:0002b5c0       ?GetNumAccessors@CAccessorBase@ATL@@QBEKXZ 5f72c5c0 f i viewoled.obj
 0001:0002b5e0       ?IsAutoAccessor@CAccessorBase@ATL@@QBE_NK@Z 5f72c5e0 f i viewoled.obj
 0001:0002b670       ?GetData@CRowset@ATL@@QAEJH@Z 5f72c670 f i viewoled.obj
 0001:0002b760       ?GetHAccessor@CAccessorBase@ATL@@QBEKK@Z 5f72c760 f i viewoled.obj
 0001:0002b7c0       ?GetBuffer@CAccessorBase@ATL@@QBEPAEXZ 5f72c7c0 f i viewoled.obj
 0001:0002b7e0       ?SetData@CRowset@ATL@@QBEJH@Z 5f72c7e0 f i viewoled.obj
 0001:0002b882       ?AfxGetModuleState@@YGPAVAFX_MODULE_STATE@@XZ 5f72c882 f   MFC42UD:MFC42uD.DLL
 0001:0002b888       ?AfxTermThread@@YGXPAUHINSTANCE__@@@Z 5f72c888 f   MFC42UD:MFC42uD.DLL
 0001:0002b88e       ?AfxTermExtensionModule@@YGXAAUAFX_EXTENSION_MODULE@@H@Z 5f72c88e f   MFC42UD:MFC42uD.DLL
 0001:0002b894       ??0CDynLinkLibrary@@QAE@AAUAFX_EXTENSION_MODULE@@H@Z 5f72c894 f   MFC42UD:MFC42uD.DLL
 0001:0002b89a       ??2CObject@@SGPAXI@Z       5f72c89a f   MFC42UD:MFC42uD.DLL
 0001:0002b8a0       ?AfxAssertFailedLine@@YGHPBDH@Z 5f72c8a0 f   MFC42UD:MFC42uD.DLL
 0001:0002b8a6       ?AfxInitExtensionModule@@YGHAAUAFX_EXTENSION_MODULE@@PAUHINSTANCE__@@@Z 5f72c8a6 f   MFC42UD:MFC42uD.DLL
 0001:0002b8ac       ??3CObject@@SGXPAX@Z       5f72c8ac f   MFC42UD:MFC42uD.DLL
 0001:0002b8b2       ?AfxGetAppModuleState@@YGPAVAFX_MODULE_STATE@@XZ 5f72c8b2 f   MFC42UD:MFC42uD.DLL
 0001:0002b8b8       ??3@YAXPAX@Z               5f72c8b8 f   MFC42UD:MFC42uD.DLL
 0001:0002b8be       ??2@YAPAXI@Z               5f72c8be f   MFC42UD:MFC42uD.DLL
 0001:0002b8c4       ??3CException@@SGXPAX@Z    5f72c8c4 f   MFC42UD:MFC42uD.DLL
 0001:0002b8ca       ??3CException@@SGXPAXPBDH@Z 5f72c8ca f   MFC42UD:MFC42uD.DLL
 0001:0002b8d0       ?AfxTrace@@YAXPBGZZ        5f72c8d0 f   MFC42UD:MFC42uD.DLL
 0001:0002b8d6       ?LoadStringW@CString@@QAEHI@Z 5f72c8d6 f   MFC42UD:MFC42uD.DLL
 0001:0002b8dc       ??2CObject@@SGPAXIPBDH@Z   5f72c8dc f   MFC42UD:MFC42uD.DLL
 0001:0002b8e2       ?ReportError@CException@@UAEHII@Z 5f72c8e2 f   MFC42UD:MFC42uD.DLL
 0001:0002b8e8       ?Dump@CObject@@UBEXAAVCDumpContext@@@Z 5f72c8e8 f   MFC42UD:MFC42uD.DLL
 0001:0002b8ee       ?AssertValid@CObject@@UBEXXZ 5f72c8ee f   MFC42UD:MFC42uD.DLL
 0001:0002b8f4       ?Serialize@CObject@@UAEXAAVCArchive@@@Z 5f72c8f4 f   MFC42UD:MFC42uD.DLL
 0001:0002b8fa       ??1CString@@QAE@XZ         5f72c8fa f   MFC42UD:MFC42uD.DLL
 0001:0002b900       ??1CException@@UAE@XZ      5f72c900 f   MFC42UD:MFC42uD.DLL
 0001:0002b906       ??0CString@@QAE@XZ         5f72c906 f   MFC42UD:MFC42uD.DLL
 0001:0002b90c       ??0CException@@QAE@XZ      5f72c90c f   MFC42UD:MFC42uD.DLL
 0001:0002b912       ??H@YG?AVCString@@ABV0@PBG@Z 5f72c912 f   MFC42UD:MFC42uD.DLL
 0001:0002b918       ??H@YG?AVCString@@PBGABV0@@Z 5f72c918 f   MFC42UD:MFC42uD.DLL
 0001:0002b91e       ??4CString@@QAEABV0@ABV0@@Z 5f72c91e f   MFC42UD:MFC42uD.DLL
 0001:0002b924       ?Right@CString@@QBE?AV1@H@Z 5f72c924 f   MFC42UD:MFC42uD.DLL
 0001:0002b92a       ?GetLength@CString@@QBEHXZ 5f72c92a f   MFC42UD:MFC42uD.DLL
 0001:0002b930       ??YCString@@QAEABV0@ABV0@@Z 5f72c930 f   MFC42UD:MFC42uD.DLL
 0001:0002b936       ?Left@CString@@QBE?AV1@H@Z 5f72c936 f   MFC42UD:MFC42uD.DLL
 0001:0002b93c       ?Find@CString@@QBEHG@Z     5f72c93c f   MFC42UD:MFC42uD.DLL
 0001:0002b942       ??ACString@@QBEGH@Z        5f72c942 f   MFC42UD:MFC42uD.DLL
 0001:0002b948       ?IsEmpty@CString@@QBEHXZ   5f72c948 f   MFC42UD:MFC42uD.DLL
 0001:0002b94e       ??YCString@@QAEABV0@PBG@Z  5f72c94e f   MFC42UD:MFC42uD.DLL
 0001:0002b954       ??BCString@@QBEPBGXZ       5f72c954 f   MFC42UD:MFC42uD.DLL
 0001:0002b95a       ??4CString@@QAEABV0@PBE@Z  5f72c95a f   MFC42UD:MFC42uD.DLL
 0001:0002b960       ?AfxAssertValidObject@@YGXPBVCObject@@PBDH@Z 5f72c960 f   MFC42UD:MFC42uD.DLL
 0001:0002b966       ?AfxIsValidString@@YGHPBGH@Z 5f72c966 f   MFC42UD:MFC42uD.DLL
 0001:0002b96c       ??0CString@@QAE@PBG@Z      5f72c96c f   MFC42UD:MFC42uD.DLL
 0001:0002b972       ?Empty@CString@@QAEXXZ     5f72c972 f   MFC42UD:MFC42uD.DLL
 0001:0002b978       ??1CObject@@UAE@XZ         5f72c978 f   MFC42UD:MFC42uD.DLL
 0001:0002b97e       ??0CPtrList@@QAE@H@Z       5f72c97e f   MFC42UD:MFC42uD.DLL
 0001:0002b984       ??0CObject@@IAE@XZ         5f72c984 f   MFC42UD:MFC42uD.DLL
 0001:0002b98a       ??1CPtrList@@UAE@XZ        5f72c98a f   MFC42UD:MFC42uD.DLL
 0001:0002b990       ??4CString@@QAEABV0@PBG@Z  5f72c990 f   MFC42UD:MFC42uD.DLL
 0001:0002b996       ?IsKindOf@CObject@@QBEHPBUCRuntimeClass@@@Z 5f72c996 f   MFC42UD:MFC42uD.DLL
 0001:0002b99c       ?AfxUnlockGlobals@@YGXH@Z  5f72c99c f   MFC42UD:MFC42uD.DLL
 0001:0002b9a2       ?GetHead@CPtrList@@QAEAAPAXXZ 5f72c9a2 f   MFC42UD:MFC42uD.DLL
 0001:0002b9a8       ?IsEmpty@CPtrList@@QBEHXZ  5f72c9a8 f   MFC42UD:MFC42uD.DLL
 0001:0002b9ae       ?AfxLockGlobals@@YGXH@Z    5f72c9ae f   MFC42UD:MFC42uD.DLL
 0001:0002b9b4       ?Delete@CException@@QAEXXZ 5f72c9b4 f   MFC42UD:MFC42uD.DLL
 0001:0002b9ba       ??0CString@@QAE@PBD@Z      5f72c9ba f   MFC42UD:MFC42uD.DLL
 0001:0002b9c0       ?AfxThrowMemoryException@@YGXXZ 5f72c9c0 f   MFC42UD:MFC42uD.DLL
 0001:0002b9c6       ?GetSafeOwner_@CWnd@@SGPAUHWND__@@PAU2@PAPAU2@@Z 5f72c9c6 f   MFC42UD:MFC42uD.DLL
 0001:0002b9cc       ??4CString@@QAEABV0@PBD@Z  5f72c9cc f   MFC42UD:MFC42uD.DLL
 0001:0002b9d2       ?GetDepth@CDumpContext@@QBEHXZ 5f72c9d2 f   MFC42UD:MFC42uD.DLL
 0001:0002b9d8       ??6CDumpContext@@QAEAAV0@K@Z 5f72c9d8 f   MFC42UD:MFC42uD.DLL
 0001:0002b9de       ??6CDumpContext@@QAEAAV0@H@Z 5f72c9de f   MFC42UD:MFC42uD.DLL
 0001:0002b9e4       ??6@YGAAVCDumpContext@@AAV0@ABVCString@@@Z 5f72c9e4 f   MFC42UD:MFC42uD.DLL
 0001:0002b9ea       ??6CDumpContext@@QAEAAV0@PBX@Z 5f72c9ea f   MFC42UD:MFC42uD.DLL
 0001:0002b9f0       ??6CDumpContext@@QAEAAV0@PBD@Z 5f72c9f0 f   MFC42UD:MFC42uD.DLL
 0001:0002b9f6       ??1CMapPtrToPtr@@UAE@XZ    5f72c9f6 f   MFC42UD:MFC42uD.DLL
 0001:0002b9fc       ?AddHead@CPtrList@@QAEPAU__POSITION@@PAX@Z 5f72c9fc f   MFC42UD:MFC42uD.DLL
 0001:0002ba02       ?AfxIsValidAddress@@YGHPBXIH@Z 5f72ca02 f   MFC42UD:MFC42uD.DLL
 0001:0002ba08       ??0CMapPtrToPtr@@QAE@H@Z   5f72ca08 f   MFC42UD:MFC42uD.DLL
 0001:0002ba0e       ?RemoveAt@CPtrList@@QAEXPAU__POSITION@@@Z 5f72ca0e f   MFC42UD:MFC42uD.DLL
 0001:0002ba14       ?Find@CPtrList@@QBEPAU__POSITION@@PAXPAU2@@Z 5f72ca14 f   MFC42UD:MFC42uD.DLL
 0001:0002ba1a       ?Find@CString@@QBEHPBG@Z   5f72ca1a f   MFC42UD:MFC42uD.DLL
 0001:0002ba20       ??2@YAPAXIPBDH@Z           5f72ca20 f   MFC42UD:MFC42uD.DLL
 0001:0002ba26       ??3@YAXPAXPBDH@Z           5f72ca26 f   MFC42UD:MFC42uD.DLL
 0001:0002ba2c       ?GetBuffer@CString@@QAEPAGH@Z 5f72ca2c f   MFC42UD:MFC42uD.DLL
 0001:0002ba32       ?GetBufferSetLength@CString@@QAEPAGH@Z 5f72ca32 f   MFC42UD:MFC42uD.DLL
 0001:0002ba38       ??9@YG_NABVCString@@0@Z    5f72ca38 f   MFC42UD:MFC42uD.DLL
 0001:0002ba3e       ??3CObject@@SGXPAXPBDH@Z   5f72ca3e f   MFC42UD:MFC42uD.DLL
 0001:0002ba44       ?ReleaseBuffer@CString@@QAEXH@Z 5f72ca44 f   MFC42UD:MFC42uD.DLL
 0001:0002ba4a       ?MakeUpper@CString@@QAEXXZ 5f72ca4a f   MFC42UD:MFC42uD.DLL
 0001:0002ba50       ?SetAt@CString@@QAEXHG@Z   5f72ca50 f   MFC42UD:MFC42uD.DLL
 0001:0002ba56       ?Lookup@CMapPtrToPtr@@QBEHPAXAAPAX@Z 5f72ca56 f   MFC42UD:MFC42uD.DLL
 0001:0002ba5c       ??8@YG_NABVCString@@PBG@Z  5f72ca5c f   MFC42UD:MFC42uD.DLL
 0001:0002ba62       ??6CDumpContext@@QAEAAV0@PBVCObject@@@Z 5f72ca62 f   MFC42UD:MFC42uD.DLL
 0001:0002ba68       ??6CDumpContext@@QAEAAV0@J@Z 5f72ca68 f   MFC42UD:MFC42uD.DLL
 0001:0002ba6e       ??6CDumpContext@@QAEAAV0@I@Z 5f72ca6e f   MFC42UD:MFC42uD.DLL
 0001:0002ba74       ??1CProcessLocalObject@@QAE@XZ 5f72ca74 f   MFC42UD:MFC42uD.DLL
 0001:0002ba7a       ?GetData@CProcessLocalObject@@QAEPAVCNoTrackObject@@P6GPAV2@XZ@Z 5f72ca7a f   MFC42UD:MFC42uD.DLL
 0001:0002ba80       ??3CNoTrackObject@@SGXPAX@Z 5f72ca80 f   MFC42UD:MFC42uD.DLL
 0001:0002ba86       ??2CNoTrackObject@@SGPAXI@Z 5f72ca86 f   MFC42UD:MFC42uD.DLL
 0001:0002ba8c       ?GetData@CByteArray@@QAEPAEXZ 5f72ca8c f   MFC42UD:MFC42uD.DLL
 0001:0002ba92       ??YCString@@QAEABV0@D@Z    5f72ca92 f   MFC42UD:MFC42uD.DLL
 0001:0002ba98       ?SetAt@CMapPtrToPtr@@QAEXPAX0@Z 5f72ca98 f   MFC42UD:MFC42uD.DLL
 0001:0002ba9e       ??6CDumpContext@@QAEAAV0@PBG@Z 5f72ca9e f   MFC42UD:MFC42uD.DLL
 0001:0002baa4       ?LockBuffer@CString@@QAEPAGXZ 5f72caa4 f   MFC42UD:MFC42uD.DLL
 0001:0002baaa       ??6CDumpContext@@QAEAAV0@E@Z 5f72caaa f   MFC42UD:MFC42uD.DLL
 0001:0002bab0       ??0CByteArray@@QAE@XZ      5f72cab0 f   MFC42UD:MFC42uD.DLL
 0001:0002bab6       ?SetSize@CByteArray@@QAEXHH@Z 5f72cab6 f   MFC42UD:MFC42uD.DLL
 0001:0002babc       ??ACByteArray@@QAEAAEH@Z   5f72cabc f   MFC42UD:MFC42uD.DLL
 0001:0002bac2       ?GetSize@CByteArray@@QBEHXZ 5f72cac2 f   MFC42UD:MFC42uD.DLL
 0001:0002bac8       ??6@YGAAVCDumpContext@@AAV0@VCTime@@@Z 5f72cac8 f   MFC42UD:MFC42uD.DLL
 0001:0002bace       ??0CTime@@QAE@XZ           5f72cace f   MFC42UD:MFC42uD.DLL
 0001:0002bad4       ??9CTime@@QBEHV0@@Z        5f72cad4 f   MFC42UD:MFC42uD.DLL
 0001:0002bada       ??0CTime@@QAE@ABV0@@Z      5f72cada f   MFC42UD:MFC42uD.DLL
 0001:0002bae0       ??0CTime@@QAE@HHHHHHH@Z    5f72cae0 f   MFC42UD:MFC42uD.DLL
 0001:0002bae6       ??4CTime@@QAEABV0@ABV0@@Z  5f72cae6 f   MFC42UD:MFC42uD.DLL
 0001:0002baec       ??0CTime@@QAE@J@Z          5f72caec f   MFC42UD:MFC42uD.DLL
 0001:0002baf2       ?GetSecond@CTime@@QBEHXZ   5f72caf2 f   MFC42UD:MFC42uD.DLL
 0001:0002baf8       ?GetMinute@CTime@@QBEHXZ   5f72caf8 f   MFC42UD:MFC42uD.DLL
 0001:0002bafe       ?GetHour@CTime@@QBEHXZ     5f72cafe f   MFC42UD:MFC42uD.DLL
 0001:0002bb04       ?GetDay@CTime@@QBEHXZ      5f72cb04 f   MFC42UD:MFC42uD.DLL
 0001:0002bb0a       ?GetMonth@CTime@@QBEHXZ    5f72cb0a f   MFC42UD:MFC42uD.DLL
 0001:0002bb10       ?GetYear@CTime@@QBEHXZ     5f72cb10 f   MFC42UD:MFC42uD.DLL
 0001:0002bb16       ??6CDumpContext@@QAEAAV0@G@Z 5f72cb16 f   MFC42UD:MFC42uD.DLL
 0001:0002bb1c       ??8CTime@@QBEHV0@@Z        5f72cb1c f   MFC42UD:MFC42uD.DLL
 0001:0002bb22       ??8@YG_NABVCString@@0@Z    5f72cb22 f   MFC42UD:MFC42uD.DLL
 0001:0002bb28       ?Copy@CByteArray@@QAEXABV1@@Z 5f72cb28 f   MFC42UD:MFC42uD.DLL
 0001:0002bb2e       ?OnEndPrintPreview@CView@@MAEXPAVCDC@@PAUCPrintInfo@@UtagPOINT@@PAVCPreviewView@@@Z 5f72cb2e f   MFC42UD:MFC42uD.DLL
 0001:0002bb34       ?OnEndPrinting@CView@@MAEXPAVCDC@@PAUCPrintInfo@@@Z 5f72cb34 f   MFC42UD:MFC42uD.DLL
 0001:0002bb3a       ?OnPrint@CView@@MAEXPAVCDC@@PAUCPrintInfo@@@Z 5f72cb3a f   MFC42UD:MFC42uD.DLL
 0001:0002bb40       ?OnBeginPrinting@CView@@MAEXPAVCDC@@PAUCPrintInfo@@@Z 5f72cb40 f   MFC42UD:MFC42uD.DLL
 0001:0002bb46       ?OnPreparePrinting@CView@@MAEHPAUCPrintInfo@@@Z 5f72cb46 f   MFC42UD:MFC42uD.DLL
 0001:0002bb4c       ?OnDraw@CFormView@@MAEXPAVCDC@@@Z 5f72cb4c f   MFC42UD:MFC42uD.DLL
 0001:0002bb52       ?OnUpdate@CView@@MAEXPAV1@JPAVCObject@@@Z 5f72cb52 f   MFC42UD:MFC42uD.DLL
 0001:0002bb58       ?OnActivateFrame@CFormView@@MAEXIPAVCFrameWnd@@@Z 5f72cb58 f   MFC42UD:MFC42uD.DLL
 0001:0002bb5e       ?OnActivateView@CFormView@@MAEXHPAVCView@@0@Z 5f72cb5e f   MFC42UD:MFC42uD.DLL
 0001:0002bb64       ?OnPrepareDC@CScrollView@@UAEXPAVCDC@@PAUCPrintInfo@@@Z 5f72cb64 f   MFC42UD:MFC42uD.DLL
 0001:0002bb6a       ?OnDragScroll@CView@@UAEKKVCPoint@@@Z 5f72cb6a f   MFC42UD:MFC42uD.DLL
 0001:0002bb70       ?OnDropEx@CView@@UAEKPAVCOleDataObject@@KKVCPoint@@@Z 5f72cb70 f   MFC42UD:MFC42uD.DLL
 0001:0002bb76       ?OnDrop@CView@@UAEHPAVCOleDataObject@@KVCPoint@@@Z 5f72cb76 f   MFC42UD:MFC42uD.DLL
 0001:0002bb7c       ?OnDragLeave@CView@@UAEXXZ 5f72cb7c f   MFC42UD:MFC42uD.DLL
 0001:0002bb82       ?OnDragOver@CView@@UAEKPAVCOleDataObject@@KVCPoint@@@Z 5f72cb82 f   MFC42UD:MFC42uD.DLL
 0001:0002bb88       ?OnDragEnter@CView@@UAEKPAVCOleDataObject@@KVCPoint@@@Z 5f72cb88 f   MFC42UD:MFC42uD.DLL
 0001:0002bb8e       ?OnScrollBy@CScrollView@@UAEHVCSize@@H@Z 5f72cb8e f   MFC42UD:MFC42uD.DLL
 0001:0002bb94       ?OnScroll@CScrollView@@UAEHIIH@Z 5f72cb94 f   MFC42UD:MFC42uD.DLL
 0001:0002bb9a       ?IsSelected@CView@@UBEHPBVCObject@@@Z 5f72cb9a f   MFC42UD:MFC42uD.DLL
 0001:0002bba0       ?SetOccDialogInfo@CFormView@@MAEHPAU_AFX_OCC_DIALOG_INFO@@@Z 5f72cba0 f   MFC42UD:MFC42uD.DLL
 0001:0002bba6       ?IsFrameWnd@CWnd@@UBEHXZ   5f72cba6 f   MFC42UD:MFC42uD.DLL
 0001:0002bbac       ?CheckAutoCenter@CWnd@@UAEHXZ 5f72cbac f   MFC42UD:MFC42uD.DLL
 0001:0002bbb2       ?OnChildNotify@CWnd@@MAEHIIJPAJ@Z 5f72cbb2 f   MFC42UD:MFC42uD.DLL
 0001:0002bbb8       ?PostNcDestroy@CView@@MAEXXZ 5f72cbb8 f   MFC42UD:MFC42uD.DLL
 0001:0002bbbe       ?DefWindowProcW@CWnd@@MAEJIIJ@Z 5f72cbbe f   MFC42UD:MFC42uD.DLL
 0001:0002bbc4       ?OnWndMsg@CWnd@@MAEHIIJPAJ@Z 5f72cbc4 f   MFC42UD:MFC42uD.DLL
 0001:0002bbca       ?WindowProc@CWnd@@MAEJIIJ@Z 5f72cbca f   MFC42UD:MFC42uD.DLL
 0001:0002bbd0       ?OnAmbientProperty@CWnd@@UAEHPAVCOleControlSite@@JPAUtagVARIANT@@@Z 5f72cbd0 f   MFC42UD:MFC42uD.DLL
 0001:0002bbd6       ?PreTranslateMessage@CFormView@@MAEHPAUtagMSG@@@Z 5f72cbd6 f   MFC42UD:MFC42uD.DLL
[...]
 0002:00008c48       _IID30_IDAORelationW       5f739c48     daouuid:daouuid.obj
 0002:00008c58       _IID30_IDAORelations       5f739c58     daouuid:daouuid.obj
 0002:00008c68       _IID30_IDAORelationsW      5f739c68     daouuid:daouuid.obj
 0002:00008c78       _IID30_IDAOContainer       5f739c78     daouuid:daouuid.obj
 0002:00008c88       _IID30_IDAOContainerW      5f739c88     daouuid:daouuid.obj
 0002:00008c98       _IID30_IDAOContainers      5f739c98     daouuid:daouuid.obj
 0002:00008ca8       _IID30_IDAOContainersW     5f739ca8     daouuid:daouuid.obj
 0002:00008cb8       _IID30_IDAODocument        5f739cb8     daouuid:daouuid.obj
 0002:00008cc8       _IID30_IDAODocumentW       5f739cc8     daouuid:daouuid.obj
 0002:00008cd8       _IID30_IDAODocuments       5f739cd8     daouuid:daouuid.obj
 0002:00008ce8       _IID30_IDAODocumentsW      5f739ce8     daouuid:daouuid.obj
 0002:00008cf8       _IID30_IDAOCollection      5f739cf8     daouuid:daouuid.obj
 0002:00008d08       _IID30_IDAODynaCollection  5f739d08     daouuid:daouuid.obj
 0002:00008d18       _IID30_IDAOQueryCP         5f739d18     daouuid:daouuid.obj
 0002:00008d28       _IID30_IDAOQueryAS         5f739d28     daouuid:daouuid.obj
 0002:00008d38       _IID30_IDisconnect         5f739d38     daouuid:daouuid.obj
 0002:00008d48       _IID30_IDisconnectAll      5f739d48     daouuid:daouuid.obj
 0002:00008d58       _IID30_IDSCAdviseSink      5f739d58     daouuid:daouuid.obj
 0002:00008d68       _IID30_IDSCConnectionPoint 5f739d68     daouuid:daouuid.obj
 0002:00008d78       _IID30_IDBAdviseSink       5f739d78     daouuid:daouuid.obj
 0002:00008d88       _IID30_IDBConnectionPoint  5f739d88     daouuid:daouuid.obj
 0002:00008da0       __sz_ole32                 5f739da0     ole32:ole32.dll
 0002:00008db0       __sz_OLEAUT32              5f739db0     oleaut32:OLEAUT32.dll
 0002:00008dc0       __sz_ODBC32                5f739dc0     odbc32:ODBC32.dll
 0002:00008dd0       ??_R1A@?0A@A@CObject@@8    5f739dd0     dbcore.obj
 0002:00008de8       ??_R1A@?0A@A@CException@@8 5f739de8     dbcore.obj
 0002:00008e00       ??_R1A@?0A@A@CDBException@@8 5f739e00     dbcore.obj
 0002:00008e18       ??_R2CDBException@@8       5f739e18     dbcore.obj
 0002:00008e28       ??_R3CDBException@@8       5f739e28     dbcore.obj
 0002:00008e38       ??_R4CDBException@@6B@     5f739e38     dbcore.obj
 0002:00008e50       ??_R1A@?0A@A@CDatabase@@8  5f739e50     dbcore.obj
 0002:00008e68       ??_R2CDatabase@@8          5f739e68     dbcore.obj
 0002:00008e78       ??_R3CDatabase@@8          5f739e78     dbcore.obj
 0002:00008e88       ??_R4CDatabase@@6B@        5f739e88     dbcore.obj
 0002:00008ea0       ??_R1A@?0A@A@CRecordset@@8 5f739ea0     dbcore.obj
 0002:00008eb8       ??_R2CRecordset@@8         5f739eb8     dbcore.obj
 0002:00008ec8       ??_R3CRecordset@@8         5f739ec8     dbcore.obj
 0002:00008ed8       ??_R4CRecordset@@6B@       5f739ed8     dbcore.obj
 0002:00008ef0       ??_R1A@?0A@A@CNoTrackObject@@8 5f739ef0     dbcore.obj
 0002:00008f08       ??_R1A@?0A@A@_AFX_DB_STATE@@8 5f739f08     dbcore.obj
 0002:00008f20       ??_R2_AFX_DB_STATE@@8      5f739f20     dbcore.obj
 0002:00008f30       ??_R3_AFX_DB_STATE@@8      5f739f30     dbcore.obj
 0002:00008f40       ??_R4_AFX_DB_STATE@@6B@    5f739f40     dbcore.obj
 0002:00008f54       ??_R2CNoTrackObject@@8     5f739f54     dbcore.obj
 0002:00008f60       ??_R3CNoTrackObject@@8     5f739f60     dbcore.obj
 0002:00008f70       ??_R4CNoTrackObject@@6B@   5f739f70     dbcore.obj
 0002:00008f88       ??_R1A@?0A@A@CCmdTarget@@8 5f739f88     dbview.obj
 0002:00008fa0       ??_R1A@?0A@A@CWnd@@8       5f739fa0     dbview.obj
 0002:00008fb8       ??_R1A@?0A@A@CView@@8      5f739fb8     dbview.obj
 0002:00008fd0       ??_R1A@?0A@A@CScrollView@@8 5f739fd0     dbview.obj
 0002:00008fe8       ??_R1A@?0A@A@CFormView@@8  5f739fe8     dbview.obj
 0002:00009000       ??_R1A@?0A@A@CRecordView@@8 5f73a000     dbview.obj
 0002:00009018       ??_R2CRecordView@@8        5f73a018     dbview.obj
 0002:00009038       ??_R3CRecordView@@8        5f73a038     dbview.obj
 0002:00009048       ??_R4CRecordView@@6B@      5f73a048     dbview.obj
 0002:00009060       ??_R1A@?0A@A@CLongBinary@@8 5f73a060     dblong.obj
 0002:00009078       ??_R2CLongBinary@@8        5f73a078     dblong.obj
 0002:00009088       ??_R3CLongBinary@@8        5f73a088     dblong.obj
 0002:00009098       ??_R4CLongBinary@@6B@      5f73a098     dblong.obj
 0002:000090b0       ??_R1A@?0A@A@CDBVariant@@8 5f73a0b0     dbvar.obj
 0002:000090c8       ??_R2CDBVariant@@8         5f73a0c8     dbvar.obj
 0002:000090d0       ??_R3CDBVariant@@8         5f73a0d0     dbvar.obj
 0002:000090e0       ??_R4CDBVariant@@6B@       5f73a0e0     dbvar.obj
 0002:000090f8       ??_R1A@?0A@A@_AFX_DAO_STATE@@8 5f73a0f8     daocore.obj
 0002:00009110       ??_R2_AFX_DAO_STATE@@8     5f73a110     daocore.obj
 0002:00009120       ??_R3_AFX_DAO_STATE@@8     5f73a120     daocore.obj
 0002:00009130       ??_R4_AFX_DAO_STATE@@6B@   5f73a130     daocore.obj
 0002:00009148       ??_R1A@?0A@A@CDaoIndexInfo@@8 5f73a148     daocore.obj
 0002:00009160       ??_R2CDaoIndexInfo@@8      5f73a160     daocore.obj
 0002:00009168       ??_R3CDaoIndexInfo@@8      5f73a168     daocore.obj
 0002:00009178       ??_R4CDaoIndexInfo@@6B@    5f73a178     daocore.obj
 0002:00009190       ??_R1A@?0A@A@CDaoRelationInfo@@8 5f73a190     daocore.obj
 0002:000091a8       ??_R2CDaoRelationInfo@@8   5f73a1a8     daocore.obj
 0002:000091b0       ??_R3CDaoRelationInfo@@8   5f73a1b0     daocore.obj
 0002:000091c0       ??_R4CDaoRelationInfo@@6B@ 5f73a1c0     daocore.obj
 0002:000091d8       ??_R1A@?0A@A@CDaoException@@8 5f73a1d8     daocore.obj
 0002:000091f0       ??_R2CDaoException@@8      5f73a1f0     daocore.obj
 0002:00009200       ??_R3CDaoException@@8      5f73a200     daocore.obj
 0002:00009210       ??_R4CDaoException@@6B@    5f73a210     daocore.obj
 0002:00009228       ??_R1A@?0A@A@CDaoErrorInfo@@8 5f73a228     daocore.obj
 0002:00009240       ??_R2CDaoErrorInfo@@8      5f73a240     daocore.obj
 0002:00009248       ??_R3CDaoErrorInfo@@8      5f73a248     daocore.obj
 0002:00009258       ??_R4CDaoErrorInfo@@6B@    5f73a258     daocore.obj
 0002:00009270       ??_R1A@?0A@A@CDaoWorkspace@@8 5f73a270     daocore.obj
 0002:00009288       ??_R2CDaoWorkspace@@8      5f73a288     daocore.obj
 0002:00009298       ??_R3CDaoWorkspace@@8      5f73a298     daocore.obj
 0002:000092a8       ??_R4CDaoWorkspace@@6B@    5f73a2a8     daocore.obj
 0002:000092c0       ??_R1A@?0A@A@CDaoDatabase@@8 5f73a2c0     daocore.obj
 0002:000092d8       ??_R2CDaoDatabase@@8       5f73a2d8     daocore.obj
 0002:000092e8       ??_R3CDaoDatabase@@8       5f73a2e8     daocore.obj
 0002:000092f8       ??_R4CDaoDatabase@@6B@     5f73a2f8     daocore.obj
 0002:00009310       ??_R1A@?0A@A@CDaoRelationFieldInfo@@8 5f73a310     daocore.obj
 0002:00009328       ??_R2CDaoRelationFieldInfo@@8 5f73a328     daocore.obj
 0002:00009330       ??_R3CDaoRelationFieldInfo@@8 5f73a330     daocore.obj
 0002:00009340       ??_R4CDaoRelationFieldInfo@@6B@ 5f73a340     daocore.obj
 0002:00009358       ??_R1A@?0A@A@CDaoTableDef@@8 5f73a358     daocore.obj
 0002:00009370       ??_R2CDaoTableDef@@8       5f73a370     daocore.obj
 0002:00009380       ??_R3CDaoTableDef@@8       5f73a380     daocore.obj
 0002:00009390       ??_R4CDaoTableDef@@6B@     5f73a390     daocore.obj
 0002:000093a8       ??_R1A@?0A@A@CDaoFieldInfo@@8 5f73a3a8     daocore.obj
 0002:000093c0       ??_R2CDaoFieldInfo@@8      5f73a3c0     daocore.obj
 0002:000093c8       ??_R3CDaoFieldInfo@@8      5f73a3c8     daocore.obj
 0002:000093d8       ??_R4CDaoFieldInfo@@6B@    5f73a3d8     daocore.obj
 0002:000093f0       ??_R1A@?0A@A@CDaoQueryDef@@8 5f73a3f0     daocore.obj
 0002:00009408       ??_R2CDaoQueryDef@@8       5f73a408     daocore.obj
 0002:00009418       ??_R3CDaoQueryDef@@8       5f73a418     daocore.obj
 0002:00009428       ??_R4CDaoQueryDef@@6B@     5f73a428     daocore.obj
 0002:00009440       ??_R1A@?0A@A@CDaoRecordset@@8 5f73a440     daocore.obj
 0002:00009458       ??_R2CDaoRecordset@@8      5f73a458     daocore.obj
 0002:00009468       ??_R3CDaoRecordset@@8      5f73a468     daocore.obj
 0002:00009478       ??_R4CDaoRecordset@@6B@    5f73a478     daocore.obj
 0002:00009490       ??_R1A@?0A@A@CDaoIndexFieldInfo@@8 5f73a490     daocore.obj
 0002:000094a8       ??_R2CDaoIndexFieldInfo@@8 5f73a4a8     daocore.obj
 0002:000094b0       ??_R3CDaoIndexFieldInfo@@8 5f73a4b0     daocore.obj
 0002:000094c0       ??_R4CDaoIndexFieldInfo@@6B@ 5f73a4c0     daocore.obj
 0002:000094d8       ??_R1A@?0A@A@CDaoRecordView@@8 5f73a4d8     daoview.obj
 0002:000094f0       ??_R2CDaoRecordView@@8     5f73a4f0     daoview.obj
 0002:00009510       ??_R3CDaoRecordView@@8     5f73a510     daoview.obj
 0002:00009520       ??_R4CDaoRecordView@@6B@   5f73a520     daoview.obj
 0002:00009538       ??_R1A@?0A@A@type_info@@8  5f73a538     msvcrtd:ti_inst.obj
 0002:00009550       ??_R2type_info@@8          5f73a550     msvcrtd:ti_inst.obj
 0002:00009558       ??_R3type_info@@8          5f73a558     msvcrtd:ti_inst.obj
 0002:00009568       ??_R4type_info@@6B@        5f73a568     msvcrtd:ti_inst.obj
 0002:000095f8       __CT??_R0PAX@84            5f73a5f8     dbcore.obj
 0002:00009618       __CT??_R0PAVCObject@@@84   5f73a618     dbcore.obj
 0002:00009638       __CT??_R0PAVCException@@@84 5f73a638     dbcore.obj
 0002:00009658       __CT??_R0PAVCDBException@@@84 5f73a658     dbcore.obj
 0002:00009678       __CTA4PAVCDBException@@    5f73a678     dbcore.obj
 0002:00009690       __TI4PAVCDBException@@     5f73a690     dbcore.obj
 0002:0000c448       __CT??_R0PAVCDaoException@@@84 5f73d448     daocore.obj
 0002:0000c468       __CTA4PAVCDaoException@@   5f73d468     daocore.obj
 0002:0000c480       __TI4PAVCDaoException@@    5f73d480     daocore.obj
 0002:0000c958       __DELAY_IMPORT_DESCRIPTOR_ole32 5f73d958     ole32:ole32.dll
 0002:0000c978       __DELAY_IMPORT_DESCRIPTOR_OLEAUT32 5f73d978     oleaut32:OLEAUT32.dll
 0002:0000c998       __DELAY_IMPORT_DESCRIPTOR_ODBC32 5f73d998     odbc32:ODBC32.dll
 0002:0000c9b8       __NULL_DELAY_IMPORT_DESCRIPTOR 5f73d9b8     ole32:ole32.dll
 0002:0000ca58       \177ODBC32_NULL_THUNK_DATA_DLN 5f73da58     odbc32:ODBC32.dll
 0002:0000ca60       \177OLEAUT32_NULL_THUNK_DATA_DLN 5f73da60     oleaut32:OLEAUT32.dll
 0002:0000ca70       \177ole32_NULL_THUNK_DATA_DLN 5f73da70     ole32:ole32.dll
 0002:0000cab0       \177ole32_NULL_THUNK_DATA_DLB 5f73dab0     ole32:ole32.dll
 0002:0000cac0       \177OLEAUT32_NULL_THUNK_DATA_DLB 5f73dac0     oleaut32:OLEAUT32.dll
 0002:0000cac8       \177ODBC32_NULL_THUNK_DATA_DLB 5f73dac8     odbc32:ODBC32.dll
 0002:0000cb48       __IMPORT_DESCRIPTOR_MFC42uD 5f73db48     MFC42UD:MFC42uD.DLL
 0002:0000cb5c       __IMPORT_DESCRIPTOR_MFCO42uD 5f73db5c     MFCO42UD:MFCO42uD.DLL
 0002:0000cb70       __IMPORT_DESCRIPTOR_MSVCRTD 5f73db70     msvcrtd:MSVCRTD.dll
 0002:0000cb84       __IMPORT_DESCRIPTOR_KERNEL32 5f73db84     kernel32:KERNEL32.dll
 0002:0000cb98       __IMPORT_DESCRIPTOR_USER32 5f73db98     user32:USER32.dll
 0002:0000cbac       __NULL_IMPORT_DESCRIPTOR   5f73dbac     MFC42UD:MFC42uD.DLL
 0003:00000000       ___xc_a                    5f73f000     msvcrtd:cinitexe.obj
 0003:00000008       ___xc_z                    5f73f008     msvcrtd:cinitexe.obj
 0003:0000000c       ___xi_a                    5f73f00c     msvcrtd:cinitexe.obj
 0003:00000010       ___xi_z                    5f73f010     msvcrtd:cinitexe.obj
 0003:0000002c       __pRawDllMain              5f73f02c     dlldb.obj
 0003:00000030       ?_afxForceVectorDelete_mfcd@@3P6AXXZA 5f73f030     dlldb.obj
 0003:00000038       ?GUID_ATLVer30@ATL@@3U_GUID@@A 5f73f038     dlldb.obj
 0003:00000060       ??_R0PAX@8                 5f73f060     dbcore.obj
 0003:00000070       ??_R0PAVCObject@@@8        5f73f070     dbcore.obj
 0003:00000088       ??_R0PAVCException@@@8     5f73f088     dbcore.obj
 0003:000000a8       ??_R0PAVCDBException@@@8   5f73f0a8     dbcore.obj
 0003:000000c8       ??_R0?AVCObject@@@8        5f73f0c8     dbcore.obj
 0003:000000e0       ??_R0?AVCException@@@8     5f73f0e0     dbcore.obj
 0003:00000100       ??_R0?AVCDBException@@@8   5f73f100     dbcore.obj
 0003:00000120       ??_R0?AVCDatabase@@@8      5f73f120     dbcore.obj
 0003:00000138       ??_R0?AVCRecordset@@@8     5f73f138     dbcore.obj
 0003:00000158       ??_R0?AVCNoTrackObject@@@8 5f73f158     dbcore.obj
 0003:00000178       ??_R0?AV_AFX_DB_STATE@@@8  5f73f178     dbcore.obj
 0003:000001c8       ??_R0?AVCCmdTarget@@@8     5f73f1c8     dbview.obj
 0003:000001e8       ??_R0?AVCWnd@@@8           5f73f1e8     dbview.obj
 0003:00000200       ??_R0?AVCView@@@8          5f73f200     dbview.obj
 0003:00000218       ??_R0?AVCScrollView@@@8    5f73f218     dbview.obj
 0003:00000238       ??_R0?AVCFormView@@@8      5f73f238     dbview.obj
 0003:00000250       ??_R0?AVCRecordView@@@8    5f73f250     dbview.obj
 0003:00000288       ??_R0?AVCLongBinary@@@8    5f73f288     dblong.obj
 0003:000002b0       ??_R0?AVCDBVariant@@@8     5f73f2b0     dbvar.obj
 0003:000002e8       ?_afxNullVariant@@3UtagVARIANT@@A 5f73f2e8     daocore.obj
 0003:000002f8       ?_afxOptionalVariant@@3UtagVARIANT@@A 5f73f2f8     daocore.obj
 0003:00000308       ??_R0?AV_AFX_DAO_STATE@@@8 5f73f308     daocore.obj
 0003:00000328       ??_R0?AUCDaoIndexInfo@@@8  5f73f328     daocore.obj
 0003:00000348       ??_R0?AUCDaoRelationInfo@@@8 5f73f348     daocore.obj
 0003:00000368       ??_R0?AVCDaoException@@@8  5f73f368     daocore.obj
 0003:00000388       ??_R0?AUCDaoErrorInfo@@@8  5f73f388     daocore.obj
 0003:000003a8       ??_R0PAVCDaoException@@@8  5f73f3a8     daocore.obj
 0003:000003c8       ??_R0?AVCDaoWorkspace@@@8  5f73f3c8     daocore.obj
 0003:000003e8       ??_R0?AVCDaoDatabase@@@8   5f73f3e8     daocore.obj
 0003:00000408       ??_R0?AUCDaoRelationFieldInfo@@@8 5f73f408     daocore.obj
 0003:00000430       ??_R0?AVCDaoTableDef@@@8   5f73f430     daocore.obj
 0003:00000450       ??_R0?AUCDaoFieldInfo@@@8  5f73f450     daocore.obj
 0003:00000470       ??_R0?AVCDaoQueryDef@@@8   5f73f470     daocore.obj
 0003:00000490       ??_R0?AVCDaoRecordset@@@8  5f73f490     daocore.obj
 0003:000004b0       ??_R0?AUCDaoIndexFieldInfo@@@8 5f73f4b0     daocore.obj
 0003:00000508       ??_R0?AVCDaoRecordView@@@8 5f73f508     daoview.obj
 0003:00000540       ??_R0?AVtype_info@@@8      5f73f540     msvcrtd:ti_inst.obj
 0003:00000560       __imp__SQLGetInfo@20       5f73f560     odbc32:ODBC32.dll
 0003:00000564       __imp__SQLSetConnectOption@12 5f73f564     odbc32:ODBC32.dll
 0003:00000568       __imp__SQLBindCol@24       5f73f568     odbc32:ODBC32.dll
 0003:0000056c       __imp__SQLParamData@8      5f73f56c     odbc32:ODBC32.dll
 0003:00000570       __imp__SQLBindParameter@40 5f73f570     odbc32:ODBC32.dll
 0003:00000574       __imp__SQLPutData@12       5f73f574     odbc32:ODBC32.dll
 0003:00000578       __imp__SQLError@32         5f73f578     odbc32:ODBC32.dll
 0003:0000057c       __imp__SQLFreeStmt@8       5f73f57c     odbc32:ODBC32.dll
 0003:00000580       __imp__SQLCancel@4         5f73f580     odbc32:ODBC32.dll
 0003:00000584       __imp__SQLMoreResults@4    5f73f584     odbc32:ODBC32.dll
 0003:00000588       __imp__SQLFetch@4          5f73f588     odbc32:ODBC32.dll
 0003:0000058c       __imp__SQLNumResultCols@8  5f73f58c     odbc32:ODBC32.dll
 0003:00000590       __imp__SQLExecDirect@12    5f73f590     odbc32:ODBC32.dll
 0003:00000594       __imp__SQLAllocStmt@8      5f73f594     odbc32:ODBC32.dll
 0003:00000598       __imp__SQLFreeConnect@4    5f73f598     odbc32:ODBC32.dll
 0003:0000059c       __imp__SQLDisconnect@4     5f73f59c     odbc32:ODBC32.dll
 0003:000005a0       __imp__SQLFreeEnv@4        5f73f5a0     odbc32:ODBC32.dll
 0003:000005a4       __imp__SQLSetStmtOption@12 5f73f5a4     odbc32:ODBC32.dll
 0003:000005a8       __imp__SQLRowCount@8       5f73f5a8     odbc32:ODBC32.dll
 0003:000005ac       __imp__SQLExecute@4        5f73f5ac     odbc32:ODBC32.dll
 0003:000005b0       __imp__SQLTransact@12      5f73f5b0     odbc32:ODBC32.dll
 0003:000005b4       __imp__SQLAllocConnect@8   5f73f5b4     odbc32:ODBC32.dll
 0003:000005b8       __imp__SQLAllocEnv@4       5f73f5b8     odbc32:ODBC32.dll
 0003:000005bc       __imp__SQLDriverConnect@32 5f73f5bc     odbc32:ODBC32.dll
 0003:000005c0       __imp__SQLGetData@24       5f73f5c0     odbc32:ODBC32.dll
 0003:000005c4       __imp__SQLSetPos@16        5f73f5c4     odbc32:ODBC32.dll
 0003:000005c8       __imp__SQLGetStmtOption@12 5f73f5c8     odbc32:ODBC32.dll
 0003:000005cc       __imp__SQLPrepare@12       5f73f5cc     odbc32:ODBC32.dll
 0003:000005d0       __imp__SQLGetFunctions@12  5f73f5d0     odbc32:ODBC32.dll
 0003:000005d4       __imp__SQLDescribeCol@36   5f73f5d4     odbc32:ODBC32.dll
 0003:000005d8       __imp__SQLExtendedFetch@20 5f73f5d8     odbc32:ODBC32.dll
 0003:000005dc       __imp__SQLGetCursorName@16 5f73f5dc     odbc32:ODBC32.dll
 0003:000005e0       \177ODBC32_NULL_THUNK_DATA_DLA 5f73f5e0     odbc32:ODBC32.dll
 0003:000005e4       __imp__SysFreeString@4     5f73f5e4     oleaut32:OLEAUT32.dll
 0003:000005e8       \177OLEAUT32_NULL_THUNK_DATA_DLA 5f73f5e8     oleaut32:OLEAUT32.dll
 0003:000005ec       __imp__CoUninitialize@0    5f73f5ec     ole32:ole32.dll
 0003:000005f0       __imp__CoGetClassObject@20 5f73f5f0     ole32:ole32.dll
 0003:000005f4       __imp__CoInitialize@4      5f73f5f4     ole32:ole32.dll
 0003:000005f8       \177ole32_NULL_THUNK_DATA_DLA 5f73f5f8     ole32:ole32.dll
 0003:00000600       ?ATL_CREATE_OBJECT@CComApartment@ATL@@2IA 5f73f600     dlldb.obj
 0003:00000608       ?m_libid@CComModule@ATL@@2U_GUID@@A 5f73f608     dlldb.obj
 0003:00000618       ?_pModule@ATL@@3PAVCComModule@1@A 5f73f618     dlldb.obj
 0003:00000634       ?_afxDbState@@3V?$CProcessLocal@V_AFX_DB_STATE@@@@A 5f73f634     dbcore.obj
 0003:00000638       ?bTraceSql@@3HA            5f73f638     dbcore.obj
 0003:00000640       __hmod__OLE32              5f73f640     ole32:ole32.dll
 0003:00000644       __hmod__OLEAUT32           5f73f644     oleaut32:OLEAUT32.dll
 0003:00000648       __hmod__ODBC32             5f73f648     odbc32:ODBC32.dll
 0003:0000064c       ___puiHead                 5f73f64c     delayimp:delayhlp.obj
 0003:00000650       ___pfnDliFailureHook       5f73f650     delayimp:delayhk1.obj
 0003:00000654       ___pfnDliNotifyHook        5f73f654     delayimp:delayhk2.obj
 0003:00000658       __adjust_fdiv              5f73f658     <common>
 0003:0000065c       ___onexitend               5f73f65c     <common>
 0003:00000660       ___onexitbegin             5f73f660     <common>

 entry point at        0001:0002c310

 Static symbols

 0001:0001670c       ?_AfxDetermineDaoVersion@@YAEXZ 5f71770c f   daocore.obj
 0001:0002cf2e       _$E376                     5f72df2e f   dbcore.obj
 0001:0002cf3d       _$E373                     5f72df3d f   dbcore.obj
 0001:0002cf42       _$E375                     5f72df42 f   dbcore.obj
 0001:0002cf54       _$E374                     5f72df54 f   dbcore.obj
 0001:0002d1c0       ?_AfxForceVectorDelete@@YAXXZ 5f72e1c0 f   dlldb.obj
 0001:0002c140       _$$$00001                  5f72d140 f   msvcrtd:chkstk.obj
 0001:0002c14c       probepages                 5f72d14c f   msvcrtd:chkstk.obj
 0001:0002c160       lastpage                   5f72d160 f   msvcrtd:chkstk.obj
 0001:0002c0a0       ?ArrayUnwindFilter@@YAHPAU_EXCEPTION_POINTERS@@@Z 5f72d0a0 f   msvcrtd:ehvecdtr.obj
 0001:0002ca0b       ?OverlayIAT@@YGXPAU_IMAGE_THUNK_DATA32@@PBU1@@Z 5f72da0b f   delayimp:delayhlp.obj

 105 bytes saved through ICF

