 MFCO42D

 Timestamp is 381763b4 (Wed Oct 27 13:42:28 1999)

 Preferred load address is 5f500000

 Start         Length     Name                   Class
 0001:00000000 0004cc50H .text                   CODE
 0001:0004cc50 0000004cH .text$AFX_CORE1         CODE
 0001:0004cca0 000055bbH .text$AFX_CORE4         CODE
 0001:00052260 0000278aH .text$AFX_INIT          CODE
 0001:000549f0 00010a71H .text$AFX_OLE1          CODE
 0001:00065470 000092b5H .text$AFX_OLE2          CODE
 0001:0006e730 00007912H .text$AFX_OLE3          CODE
 0001:00076050 0000d60bH .text$AFX_OLE4          CODE
 0001:00083660 00003f01H .text$AFX_OLE5          CODE
 0001:00087570 00000285H .text$AFX_TERM          CODE
 0001:00087800 00001103H .text$AFX_VDEL          CODE
 0001:00088910 0000463cH .text$x                 CODE
 0002:00000000 0000117cH .idata$5                DATA
 0002:00001180 0000ddccH .rdata                  DATA
 0002:0000ef50 00003dccH .rdata$r                DATA
 0002:00012d20 00009c08H .xdata$x                DATA
 0002:0001c928 000000e0H .didat$2                DATA
 0002:0001ca08 00000020H .didat$3                DATA
 0002:0001ca28 0000026cH .didat$4                DATA
 0002:0001cc94 0000074aH .didat$6                DATA
 0002:0001d3e0 0000026cH .didat$7                DATA
 0002:0001d64c 00000064H .idata$2                DATA
 0002:0001d6b0 00000014H .idata$3                DATA
 0002:0001d6c4 0000117cH .idata$4                DATA
 0002:0001e840 00000b3eH .idata$6                DATA
 0002:0001f380 000032a4H .edata                  DATA
 0003:00000000 00000004H .CRT$XCA                DATA
 0003:00000004 0000000cH .CRT$XCL                DATA
 0003:00000010 00000028H .CRT$XCU                DATA
 0003:00000038 00000004H .CRT$XCZ                DATA
 0003:0000003c 00000004H .CRT$XIA                DATA
 0003:00000040 00000004H .CRT$XIZ                DATA
 0003:00000050 00002950H .data                   DATA
 0003:000029a0 0000026cH .didat$5                DATA
 0003:00002c10 0000147cH .bss                    DATA
 0004:00000000 00000448H .rsrc$01                DATA
 0004:00000450 000021d0H .rsrc$02                DATA

  Address         Publics by Value              Rva+Base     Lib:Object

 0001:00000000       __tcsncmp                  5f501000 f i oleinit.obj
 0001:00000020       __tcsinc                   5f501020 f i olecli1.obj
 0001:00000040       ?AtlA2WHelper@@YGPAGPAGPBDH@Z 5f501040 f i olecli1.obj
 0001:00000060       ?AtlA2WHelper@@YGPAGPAGPBDHI@Z 5f501060 f i olecli1.obj
 0001:000000f0       ?AtlW2AHelper@@YGPADPADPBGH@Z 5f5010f0 f i olecli1.obj
 0001:00000110       ?AtlW2AHelper@@YGPADPADPBGHI@Z 5f501110 f i olecli1.obj
 0001:000001a0       ??9@YAHABU_GUID@@0@Z       5f5011a0 f i oledisp1.obj
 0001:000001c0       __tcschr                   5f5011c0 f i oledlgs1.obj
 0001:000001e0       ??1CNoTrackObject@@UAE@XZ  5f5011e0 f i oledata.obj
 0001:00000200       ??_ECNoTrackObject@@UAEPAXI@Z 5f501200 f i oledata.obj
 0001:00000200       ??_GCNoTrackObject@@UAEPAXI@Z 5f501200 f i oledata.obj
 0001:00000230       ?AfxCheckError@@YGXJ@Z     5f501230 f   olevar.obj
 0001:00000256       ?_AfxCompareSafeArrays@@YGHPAUtagSAFEARRAY@@0@Z 5f501256 f   olevar.obj
 0001:000006a4       ?_AfxCreateOneDimArray@@YGXAAUtagVARIANT@@K@Z 5f5016a4 f   olevar.obj
 0001:000007d6       ?_AfxCopyBinaryData@@YGXPAUtagSAFEARRAY@@PBXK@Z 5f5017d6 f   olevar.obj
 0001:00000818       ??0COleVariant@@QAE@ABUtagVARIANT@@@Z 5f501818 f   olevar.obj
 0001:00000845       ??0COleVariant@@QAE@PBUtagVARIANT@@@Z 5f501845 f   olevar.obj
 0001:00000872       ??0COleVariant@@QAE@ABV0@@Z 5f501872 f   olevar.obj
 0001:0000089f       ??0COleVariant@@QAE@PBDG@Z 5f50189f f   olevar.obj
 0001:000009c1       ?SetString@COleVariant@@QAEXPBDG@Z 5f5019c1 f   olevar.obj
 0001:00000ae8       ??0COleVariant@@QAE@FG@Z   5f501ae8 f   olevar.obj
 0001:00000b79       ??0COleVariant@@QAE@JG@Z   5f501b79 f   olevar.obj
 0001:00000c36       ?_ClearCompat@COleVariant@@QAEXXZ 5f501c36 f   olevar.obj
 0001:00000c49       ?ChangeType@COleVariant@@QAEXGPAUtagVARIANT@@@Z 5f501c49 f   olevar.obj
 0001:00000c9a       ?Attach@COleVariant@@QAEXAAUtagVARIANT@@@Z 5f501c9a f   olevar.obj
 0001:00000cc9       ?Detach@COleVariant@@QAE?AUtagVARIANT@@XZ 5f501cc9 f   olevar.obj
 0001:00000d17       ??8COleVariant@@QBEHABUtagVARIANT@@@Z 5f501d17 f   olevar.obj
 0001:00000fd4       ??4COleVariant@@QAEABV0@ABUtagVARIANT@@@Z 5f501fd4 f   olevar.obj
 0001:00000ff8       ??4COleVariant@@QAEABV0@PBUtagVARIANT@@@Z 5f501ff8 f   olevar.obj
 0001:0000101c       ??4COleVariant@@QAEABV0@ABV0@@Z 5f50201c f   olevar.obj
 0001:00001040       ??4COleVariant@@QAEABV0@QBD@Z 5f502040 f   olevar.obj
 0001:000010fc       ??4COleVariant@@QAEABV0@ABVCString@@@Z 5f5020fc f   olevar.obj
 0001:000011ab       ??4COleVariant@@QAEABV0@E@Z 5f5021ab f   olevar.obj
 0001:000011e1       ??4COleVariant@@QAEABV0@F@Z 5f5021e1 f   olevar.obj
 0001:00001251       ??4COleVariant@@QAEABV0@J@Z 5f502251 f   olevar.obj
 0001:000012d3       ??4COleVariant@@QAEABV0@ABVCOleCurrency@@@Z 5f5022d3 f   olevar.obj
 0001:00001311       ??4COleVariant@@QAEABV0@M@Z 5f502311 f   olevar.obj
 0001:00001347       ??4COleVariant@@QAEABV0@N@Z 5f502347 f   olevar.obj
 0001:00001383       ??4COleVariant@@QAEABV0@ABVCOleDateTime@@@Z 5f502383 f   olevar.obj
 0001:000013c1       ??4COleVariant@@QAEABV0@ABVCByteArray@@@Z 5f5023c1 f   olevar.obj
 0001:00001404       ??4COleVariant@@QAEABV0@ABVCLongBinary@@@Z 5f502404 f   olevar.obj
 0001:0000145a       ?AfxVariantInit@@YGXPAUtagVARIANT@@@Z 5f50245a f   olevar.obj
 0001:00001471       ??6@YGAAVCDumpContext@@AAV0@VCOleVariant@@@Z 5f502471 f   olevar.obj
 0001:0000186c       ??6@YGAAVCArchive@@AAV0@VCOleVariant@@@Z 5f50286c f   olevar.obj
 0001:00001cd2       ??5@YGAAVCArchive@@AAV0@AAVCOleVariant@@@Z 5f502cd2 f   olevar.obj
 0001:000020c9       ?ConstructElements@@YGXPAVCOleVariant@@H@Z 5f5030c9 f   olevar.obj
 0001:0000218c       ?DestructElements@@YGXPAVCOleVariant@@H@Z 5f50318c f   olevar.obj
 0001:000021f6       ?CopyElements@@YGXPAVCOleVariant@@PBV1@H@Z 5f5031f6 f   olevar.obj
 0001:000022a1       ?SerializeElements@@YGXAAVCArchive@@PAVCOleVariant@@H@Z 5f5032a1 f   olevar.obj
 0001:0000235b       ?DumpElements@@YGXAAVCDumpContext@@PBVCOleVariant@@H@Z 5f50335b f   olevar.obj
 0001:000023a1       ?HashKey@@YGIABUtagVARIANT@@@Z 5f5033a1 f   olevar.obj
 0001:000024cc       ??0COleCurrency@@QAE@JJ@Z  5f5034cc f   olevar.obj
 0001:000024f6       ??4COleCurrency@@QAEABV0@TtagCY@@@Z 5f5034f6 f   olevar.obj
 0001:0000251e       ??4COleCurrency@@QAEABV0@ABV0@@Z 5f50351e f   olevar.obj
 0001:0000254a       ??4COleCurrency@@QAEABV0@ABUtagVARIANT@@@Z 5f50354a f   olevar.obj
 0001:00002662       ??MCOleCurrency@@QBEHABV0@@Z 5f503662 f   olevar.obj
 0001:000026fb       ??OCOleCurrency@@QBEHABV0@@Z 5f5036fb f   olevar.obj
 0001:00002794       ??NCOleCurrency@@QBEHABV0@@Z 5f503794 f   olevar.obj
 0001:0000282c       ??PCOleCurrency@@QBEHABV0@@Z 5f50382c f   olevar.obj
 0001:000028c4       ??HCOleCurrency@@QBE?AV0@ABV0@@Z 5f5038c4 f   olevar.obj
 0001:000029b8       ??GCOleCurrency@@QBE?AV0@ABV0@@Z 5f5039b8 f   olevar.obj
 0001:00002aac       ??GCOleCurrency@@QBE?AV0@XZ 5f503aac f   olevar.obj
 0001:00002b3b       ??DCOleCurrency@@QBE?AV0@J@Z 5f503b3b f   olevar.obj
 0001:00002e8e       ??KCOleCurrency@@QBE?AV0@J@Z 5f503e8e f   olevar.obj
 0001:000031f6       ?SetCurrency@COleCurrency@@QAEXJJ@Z 5f5041f6 f   olevar.obj
 0001:000032a6       ?ParseCurrency@COleCurrency@@QAEHPBDKK@Z 5f5042a6 f   olevar.obj
 0001:0000344c       ?Format@COleCurrency@@QBE?AVCString@@KK@Z 5f50444c f   olevar.obj
 0001:000035f9       ??6@YGAAVCDumpContext@@AAV0@VCOleCurrency@@@Z 5f5045f9 f   olevar.obj
 0001:00003695       ??6@YGAAVCArchive@@AAV0@VCOleCurrency@@@Z 5f504695 f   olevar.obj
 0001:000036c0       ??5@YGAAVCArchive@@AAV0@AAVCOleCurrency@@@Z 5f5046c0 f   olevar.obj
 0001:000036f1       ?_AfxOleDateFromTm@@YGHGGGGGGAAN@Z 5f5046f1 f   olevar.obj
 0001:0000390c       ?_AfxTmFromOleDate@@YGHNAAUtm@@@Z 5f50490c f   olevar.obj
 0001:00003bf9       ?_AfxTmConvertToStandardFormat@@YGXAAUtm@@@Z 5f504bf9 f   olevar.obj
 0001:00003c3f       ?_AfxDoubleFromDate@@YGNN@Z 5f504c3f f   olevar.obj
 0001:00003c7d       ?_AfxDateFromDouble@@YGNN@Z 5f504c7d f   olevar.obj
 0001:00003cb8       ?GetTickCount@COleDateTime@@SG?AV1@XZ 5f504cb8 f   olevar.obj
 0001:00003cd6       ?GetAsSystemTime@COleDateTime@@QBEHAAU_SYSTEMTIME@@@Z 5f504cd6 f   olevar.obj
 0001:00003d70       ?GetYear@COleDateTime@@QBEHXZ 5f504d70 f   olevar.obj
 0001:00003da8       ?GetMonth@COleDateTime@@QBEHXZ 5f504da8 f   olevar.obj
 0001:00003de0       ?GetDay@COleDateTime@@QBEHXZ 5f504de0 f   olevar.obj
 0001:00003e18       ?GetHour@COleDateTime@@QBEHXZ 5f504e18 f   olevar.obj
 0001:00003e50       ?GetMinute@COleDateTime@@QBEHXZ 5f504e50 f   olevar.obj
 0001:00003e88       ?GetSecond@COleDateTime@@QBEHXZ 5f504e88 f   olevar.obj
 0001:00003ec0       ?GetDayOfWeek@COleDateTime@@QBEHXZ 5f504ec0 f   olevar.obj
 0001:00003ef8       ?GetDayOfYear@COleDateTime@@QBEHXZ 5f504ef8 f   olevar.obj
 0001:00003f30       ??4COleDateTime@@QAEABV0@ABUtagVARIANT@@@Z 5f504f30 f   olevar.obj
 0001:00004045       ??4COleDateTime@@QAEABV0@N@Z 5f505045 f   olevar.obj
 0001:0000406d       ??4COleDateTime@@QAEABV0@ABJ@Z 5f50506d f   olevar.obj
 0001:00004114       ??4COleDateTime@@QAEABV0@ABU_SYSTEMTIME@@@Z 5f505114 f   olevar.obj
 0001:00004167       ??4COleDateTime@@QAEABV0@ABU_FILETIME@@@Z 5f505167 f   olevar.obj
 0001:00004208       ??MCOleDateTime@@QBEHABV0@@Z 5f505208 f   olevar.obj
 0001:000042a7       ??OCOleDateTime@@QBEHABV0@@Z 5f5052a7 f   olevar.obj
 0001:00004346       ??NCOleDateTime@@QBEHABV0@@Z 5f505346 f   olevar.obj
 0001:000043e5       ??PCOleDateTime@@QBEHABV0@@Z 5f5053e5 f   olevar.obj
 0001:00004484       ??HCOleDateTime@@QBE?AV0@ABVCOleDateTimeSpan@@@Z 5f505484 f   olevar.obj
 0001:00004549       ??GCOleDateTime@@QBE?AV0@ABVCOleDateTimeSpan@@@Z 5f505549 f   olevar.obj
 0001:0000460e       ??GCOleDateTime@@QBE?AVCOleDateTimeSpan@@ABV0@@Z 5f50560e f   olevar.obj
 0001:000046c4       ?SetDateTime@COleDateTime@@QAEHHHHHHH@Z 5f5056c4 f   olevar.obj
 0001:00004709       ?ParseDateTime@COleDateTime@@QAEHPBDKK@Z 5f505709 f   olevar.obj
 0001:000048a9       ?Format@COleDateTime@@QBE?AVCString@@KK@Z 5f5058a9 f   olevar.obj
 0001:00004a56       ?Format@COleDateTime@@QBE?AVCString@@PBD@Z 5f505a56 f   olevar.obj
 0001:00004bb0       ?Format@COleDateTime@@QBE?AVCString@@I@Z 5f505bb0 f   olevar.obj
 0001:00004c50       ?CheckRange@COleDateTime@@IAEXXZ 5f505c50 f   olevar.obj
 0001:00004c89       ??6@YGAAVCDumpContext@@AAV0@VCOleDateTime@@@Z 5f505c89 f   olevar.obj
 0001:00004d25       ??6@YGAAVCArchive@@AAV0@VCOleDateTime@@@Z 5f505d25 f   olevar.obj
 0001:00004d48       ??5@YGAAVCArchive@@AAV0@AAVCOleDateTime@@@Z 5f505d48 f   olevar.obj
 0001:00004d6a       ?GetHours@COleDateTimeSpan@@QBEJXZ 5f505d6a f   olevar.obj
 0001:00004de3       ?GetMinutes@COleDateTimeSpan@@QBEJXZ 5f505de3 f   olevar.obj
 0001:00004e63       ?GetSeconds@COleDateTimeSpan@@QBEJXZ 5f505e63 f   olevar.obj
 0001:00004ee9       ??4COleDateTimeSpan@@QAEABV0@N@Z 5f505ee9 f   olevar.obj
 0001:00004f11       ??4COleDateTimeSpan@@QAEABV0@ABV0@@Z 5f505f11 f   olevar.obj
 0001:00004f3d       ??HCOleDateTimeSpan@@QBE?AV0@ABV0@@Z 5f505f3d f   olevar.obj
 0001:00004fe2       ??GCOleDateTimeSpan@@QBE?AV0@ABV0@@Z 5f505fe2 f   olevar.obj
 0001:00005087       ?SetDateTimeSpan@COleDateTimeSpan@@QAEXJHHH@Z 5f506087 f   olevar.obj
 0001:000050c7       ?Format@COleDateTimeSpan@@QBE?AVCString@@PBD@Z 5f5060c7 f   olevar.obj
 0001:00005354       ?Format@COleDateTimeSpan@@QBE?AVCString@@I@Z 5f506354 f   olevar.obj
 0001:000053f4       ?CheckRange@COleDateTimeSpan@@QAEXXZ 5f5063f4 f   olevar.obj
 0001:0000542d       ??6@YGAAVCDumpContext@@AAV0@VCOleDateTimeSpan@@@Z 5f50642d f   olevar.obj
 0001:000054cd       ??6@YGAAVCArchive@@AAV0@VCOleDateTimeSpan@@@Z 5f5064cd f   olevar.obj
 0001:000054f0       ??5@YGAAVCArchive@@AAV0@AAVCOleDateTimeSpan@@@Z 5f5064f0 f   olevar.obj
 0001:00005512       ??0COleSafeArray@@QAE@ABUtagSAFEARRAY@@G@Z 5f506512 f   olevar.obj
 0001:00005570       ??0COleSafeArray@@QAE@PBUtagSAFEARRAY@@G@Z 5f506570 f   olevar.obj
 0001:000055ce       ??0COleSafeArray@@QAE@ABV0@@Z 5f5065ce f   olevar.obj
 0001:0000560f       ??0COleSafeArray@@QAE@ABUtagVARIANT@@@Z 5f50660f f   olevar.obj
 0001:00005650       ??0COleSafeArray@@QAE@PBUtagVARIANT@@@Z 5f506650 f   olevar.obj
 0001:00005691       ?Attach@COleSafeArray@@QAEXAAUtagVARIANT@@@Z 5f506691 f   olevar.obj
 0001:000056f2       ?Detach@COleSafeArray@@QAE?AUtagVARIANT@@XZ 5f5066f2 f   olevar.obj
 0001:00005740       ??4COleSafeArray@@QAEAAV0@ABV0@@Z 5f506740 f   olevar.obj
 0001:00005796       ??4COleSafeArray@@QAEAAV0@ABUtagVARIANT@@@Z 5f506796 f   olevar.obj
 0001:000057ec       ??4COleSafeArray@@QAEAAV0@PBUtagVARIANT@@@Z 5f5067ec f   olevar.obj
 0001:00005842       ??4COleSafeArray@@QAEAAV0@ABVCOleVariant@@@Z 5f506842 f   olevar.obj
 0001:00005898       ??8COleSafeArray@@QBEHABUtagSAFEARRAY@@@Z 5f506898 f   olevar.obj
 0001:000058b5       ??8COleSafeArray@@QBEHPBUtagSAFEARRAY@@@Z 5f5068b5 f   olevar.obj
 0001:000058d2       ??8COleSafeArray@@QBEHABV0@@Z 5f5068d2 f   olevar.obj
 0001:0000590a       ??8COleSafeArray@@QBEHABUtagVARIANT@@@Z 5f50690a f   olevar.obj
 0001:00005942       ??8COleSafeArray@@QBEHPBUtagVARIANT@@@Z 5f506942 f   olevar.obj
 0001:0000597a       ??8COleSafeArray@@QBEHABVCOleVariant@@@Z 5f50697a f   olevar.obj
 0001:000059b2       ?_AfxDumpSafeArrayElement@@YAXAAVCDumpContext@@AAVCOleSafeArray@@PAJ@Z 5f5069b2 f   olevar.obj
 0001:00005c6d       ??6@YGAAVCDumpContext@@AAV0@AAVCOleSafeArray@@@Z 5f506c6d f   olevar.obj
 0001:00005edf       ?CreateOneDim@COleSafeArray@@QAEXGKPBXJ@Z 5f506edf f   olevar.obj
 0001:00005f6a       ?GetOneDimSize@COleSafeArray@@QAEKXZ 5f506f6a f   olevar.obj
 0001:00005fc9       ?ResizeOneDim@COleSafeArray@@QAEXK@Z 5f506fc9 f   olevar.obj
 0001:0000601e       ?Create@COleSafeArray@@QAEXGKPAK@Z 5f50701e f   olevar.obj
 0001:00006149       ?Create@COleSafeArray@@QAEXGKPAUtagSAFEARRAYBOUND@@@Z 5f507149 f   olevar.obj
 0001:000062c7       ?AccessData@COleSafeArray@@QAEXPAPAX@Z 5f5072c7 f   olevar.obj
 0001:000062eb       ?UnaccessData@COleSafeArray@@QAEXXZ 5f5072eb f   olevar.obj
 0001:00006309       ?AllocData@COleSafeArray@@QAEXXZ 5f507309 f   olevar.obj
 0001:00006327       ?AllocDescriptor@COleSafeArray@@QAEXK@Z 5f507327 f   olevar.obj
 0001:0000634b       ?Copy@COleSafeArray@@QAEXPAPAUtagSAFEARRAY@@@Z 5f50734b f   olevar.obj
 0001:0000636f       ?GetLBound@COleSafeArray@@QAEXKPAJ@Z 5f50736f f   olevar.obj
 0001:00006397       ?GetUBound@COleSafeArray@@QAEXKPAJ@Z 5f507397 f   olevar.obj
 0001:000063bf       ?GetElement@COleSafeArray@@QAEXPAJPAX@Z 5f5073bf f   olevar.obj
 0001:000063e7       ?PtrOfIndex@COleSafeArray@@QAEXPAJPAPAX@Z 5f5073e7 f   olevar.obj
 0001:0000640f       ?PutElement@COleSafeArray@@QAEXPAJPAX@Z 5f50740f f   olevar.obj
 0001:00006437       ?Redim@COleSafeArray@@QAEXPAUtagSAFEARRAYBOUND@@@Z 5f507437 f   olevar.obj
 0001:0000645b       ?Lock@COleSafeArray@@QAEXXZ 5f50745b f   olevar.obj
 0001:00006479       ?Unlock@COleSafeArray@@QAEXXZ 5f507479 f   olevar.obj
 0001:00006497       ?Destroy@COleSafeArray@@QAEXXZ 5f507497 f   olevar.obj
 0001:000064b5       ?DestroyData@COleSafeArray@@QAEXXZ 5f5074b5 f   olevar.obj
 0001:000064d3       ?DestroyDescriptor@COleSafeArray@@QAEXXZ 5f5074d3 f   olevar.obj
 0001:000064f1       ?AfxSafeArrayInit@@YGXPAVCOleSafeArray@@@Z 5f5074f1 f   olevar.obj
 0001:00006508       ?DDX_Text@@YGXPAVCDataExchange@@HAAVCOleDateTime@@@Z 5f507508 f   olevar.obj
 0001:00006610       ?DDX_Text@@YGXPAVCDataExchange@@HAAVCOleCurrency@@@Z 5f507610 f   olevar.obj
 0001:00006720       ??_GCOleVariant@@QAEPAXI@Z 5f507720 f i olevar.obj
 0001:00006750       ?HashKey@@YGIK@Z           5f507750 f i olevar.obj
 0001:00006760       ??2@YAPAXIPAX@Z            5f507760 f i olevar.obj
 0001:00006770       ??3@YAXPAX0@Z              5f507770 f i olevar.obj
 0001:00006780       ??0COleVariant@@QAE@PBU_ITEMIDLIST@@@Z 5f507780 f   olevar1.obj
 0001:00006830       ??0AFX_CLASSINIT@@QAE@PAUCRuntimeClass@@@Z 5f507830 f i oledoc1.obj
 0001:00006850       ??_9@$BBAI@AE              5f507850 f i oleipfrm.obj
 0001:00006860       ??0CPushRoutingFrame@@QAE@PAVCFrameWnd@@@Z 5f507860 f i oleipfrm.obj
 0001:000068a0       ??1CPushRoutingFrame@@QAE@XZ 5f5078a0 f i oleipfrm.obj
 0001:000068c0       ?ocslen@@YAIPBG@Z          5f5078c0 f i olemisc.obj
 0001:000068d0       ?ocscpy@@YAPAGPAGPBG@Z     5f5078d0 f i olemisc.obj
 0001:00006900       ?AtlDevModeA2W@@YAPAU_devicemodeW@@PAU1@PAU_devicemodeA@@@Z 5f507900 f i olemisc.obj
 0001:00006a10       ?AtlDevModeW2A@@YGPAU_devicemodeA@@PAU1@PAU_devicemodeW@@@Z 5f507a10 f i olemisc.obj
 0001:00006b20       ?_GetBaseInterfaceMap@CEnumOleVerb@@KGPBUAFX_INTERFACEMAP@@XZ 5f507b20 f   oleverb.obj
 0001:00006b2a       ?GetInterfaceMap@CEnumOleVerb@@MBEPBUAFX_INTERFACEMAP@@XZ 5f507b2a f   oleverb.obj
 0001:00006b3a       ??1CEnumOleVerb@@UAE@XZ    5f507b3a f   oleverb.obj
 0001:00006b9d       ?OnNext@CEnumOleVerb@@MAEHPAX@Z 5f507b9d f   oleverb.obj
 0001:00006bf4       ?EnumOleVerbs@CCmdTarget@@QAEHPAPAUIEnumOLEVERB@@@Z 5f507bf4 f   oleverb.obj
 0001:00006e58       ?DoOleVerb@CCmdTarget@@QAEHJPAUtagMSG@@PAUHWND__@@PBUtagRECT@@@Z 5f507e58 f   oleverb.obj
 0001:00006fe0       ??_ECEnumOleVerb@@UAEPAXI@Z 5f507fe0 f i oleverb.obj
 0001:00006fe0       ??_GCEnumOleVerb@@UAEPAXI@Z 5f507fe0 f i oleverb.obj
 0001:00007010       ??0CEnumOleVerb@@QAE@PBXI@Z 5f508010 f i oleverb.obj
 0001:00007040       ?T2A@@YAPADPAD@Z           5f508040 f i viewrich.obj
 0001:00007040       ?T2CA@@YAPBDPBD@Z          5f508040 f i viewrich.obj
 0001:00007050       ?EnableTypeLib@CCmdTarget@@QAEXXZ 5f508050 f   oletyplb.obj
 0001:000070aa       ?GetTypeInfoOfGuid@CCmdTarget@@QAEJKABU_GUID@@PAPAUITypeInfo@@@Z 5f5080aa f   oletyplb.obj
 0001:0000729b       ?AfxGetTypeLibCache@@YGPAVCTypeLibCache@@PBU_GUID@@@Z 5f50829b f   oletyplb.obj
 0001:0000749e       ?Lock@CTypeLibCache@@QAEXXZ 5f50849e f   oletyplb.obj
 0001:000074f2       ?Lookup@CTypeLibCache@@QAEHKPAPAUITypeLib@@@Z 5f5084f2 f   oletyplb.obj
 0001:0000756b       ?Cache@CTypeLibCache@@QAEXKPAUITypeLib@@@Z 5f50856b f   oletyplb.obj
 0001:00007623       ?LookupTypeInfo@CTypeLibCache@@QAEHKABU_GUID@@PAPAUITypeInfo@@@Z 5f508623 f   oletyplb.obj
 0001:000076eb       ?CacheTypeInfo@CTypeLibCache@@QAEXKABU_GUID@@PAUITypeInfo@@@Z 5f5086eb f   oletyplb.obj
 0001:00007770       ??0CTypeLibCacheMap@@QAE@XZ 5f508770 f i oletyplb.obj
 0001:000077a0       ??_ECTypeLibCacheMap@@UAEPAXI@Z 5f5087a0 f i oletyplb.obj
 0001:000077a0       ??_GCTypeLibCacheMap@@UAEPAXI@Z 5f5087a0 f i oletyplb.obj
 0001:000077d0       ??1CTypeLibCacheMap@@UAE@XZ 5f5087d0 f i oletyplb.obj
 0001:000077f0       ??0CTypeLibCache@@QAE@XZ   5f5087f0 f i oletyplb.obj
 0001:00007830       ?IsEqualGUID@@YAHABU_GUID@@0@Z 5f508830 f i oletyplb.obj
 0001:00007830       ??8@YAHABU_GUID@@0@Z       5f508830 f i oletyplb.obj
 0001:00007850       ?Create@CDateTimeCtrl@@QAEHKABUtagRECT@@PAVCWnd@@I@Z 5f508850 f   winctrl5.obj
 0001:000078b4       ?GetRange@CDateTimeCtrl@@QBEKPAVCTime@@0@Z 5f5088b4 f   winctrl5.obj
 0001:0000796d       ?GetRange@CDateTimeCtrl@@QBEKPAVCOleDateTime@@0@Z 5f50896d f   winctrl5.obj
 0001:00007a3a       ?SetRange@CDateTimeCtrl@@QAEHPBVCTime@@0@Z 5f508a3a f   winctrl5.obj
 0001:00007ad5       ?SetRange@CDateTimeCtrl@@QAEHPBVCOleDateTime@@0@Z 5f508ad5 f   winctrl5.obj
 0001:00007bde       ?SetTime@CDateTimeCtrl@@QAEHPAU_SYSTEMTIME@@@Z 5f508bde f   winctrl5.obj
 0001:00007c44       ?SetTime@CDateTimeCtrl@@QAEHABVCOleDateTime@@@Z 5f508c44 f   winctrl5.obj
 0001:00007cfc       ?SetTime@CDateTimeCtrl@@QAEHPBVCTime@@@Z 5f508cfc f   winctrl5.obj
 0001:00007d87       ?GetTime@CDateTimeCtrl@@QBEHAAVCOleDateTime@@@Z 5f508d87 f   winctrl5.obj
 0001:00007e2e       ?GetTime@CDateTimeCtrl@@QBEKAAVCTime@@@Z 5f508e2e f   winctrl5.obj
 0001:00007e78       ??1CDateTimeCtrl@@UAE@XZ   5f508e78 f   winctrl5.obj
 0001:00007ec9       ?Create@CMonthCalCtrl@@QAEHKABUtagRECT@@PAVCWnd@@I@Z 5f508ec9 f   winctrl5.obj
 0001:00007f30       ?Create@CMonthCalCtrl@@QAEHKABUtagPOINT@@PAVCWnd@@I@Z 5f508f30 f   winctrl5.obj
 0001:00007fc7       ?SizeMinReq@CMonthCalCtrl@@QAEHH@Z 5f508fc7 f   winctrl5.obj
 0001:0000803d       ?SetToday@CMonthCalCtrl@@QAEXABVCOleDateTime@@@Z 5f50903d f   winctrl5.obj
 0001:0000810d       ?SetToday@CMonthCalCtrl@@QAEXPBVCTime@@@Z 5f50910d f   winctrl5.obj
 0001:000081bc       ?SetCurSel@CMonthCalCtrl@@QAEHABVCOleDateTime@@@Z 5f5091bc f   winctrl5.obj
 0001:0000823d       ?SetCurSel@CMonthCalCtrl@@QAEHABVCTime@@@Z 5f50923d f   winctrl5.obj
 0001:000082b2       ?GetCurSel@CMonthCalCtrl@@QBEHAAVCOleDateTime@@@Z 5f5092b2 f   winctrl5.obj
 0001:00008354       ?GetToday@CMonthCalCtrl@@QBEHAAVCOleDateTime@@@Z 5f509354 f   winctrl5.obj
 0001:000083f6       ?GetCurSel@CMonthCalCtrl@@QBEHAAVCTime@@@Z 5f5093f6 f   winctrl5.obj
 0001:0000849a       ?GetToday@CMonthCalCtrl@@QBEHAAVCTime@@@Z 5f50949a f   winctrl5.obj
 0001:0000853e       ??1CMonthCalCtrl@@UAE@XZ   5f50953e f   winctrl5.obj
 0001:0000858f       ?GetFirstDayOfWeek@CMonthCalCtrl@@QBEHPAH@Z 5f50958f f   winctrl5.obj
 0001:0000860d       ?SetFirstDayOfWeek@CMonthCalCtrl@@QAEHHPAH@Z 5f50960d f   winctrl5.obj
 0001:0000868b       ?SetDayState@CMonthCalCtrl@@QAEHHPAK@Z 5f50968b f   winctrl5.obj
 0001:00008713       ?SetRange@CMonthCalCtrl@@QAEHPBVCOleDateTime@@0@Z 5f509713 f   winctrl5.obj
 0001:00008825       ?SetRange@CMonthCalCtrl@@QAEHQAU_SYSTEMTIME@@0@Z 5f509825 f   winctrl5.obj
 0001:000088c8       ?GetRange@CMonthCalCtrl@@QBEKPAVCOleDateTime@@0@Z 5f5098c8 f   winctrl5.obj
 0001:00008980       ?GetRange@CMonthCalCtrl@@QBEKPAU_SYSTEMTIME@@0@Z 5f509980 f   winctrl5.obj
 0001:00008a32       ?SetRange@CMonthCalCtrl@@QAEHPBVCTime@@0@Z 5f509a32 f   winctrl5.obj
 0001:00008ad0       ?GetRange@CMonthCalCtrl@@QBEKPAVCTime@@0@Z 5f509ad0 f   winctrl5.obj
 0001:00008b8c       ?GetMonthRange@CMonthCalCtrl@@QBEHAAVCOleDateTime@@0K@Z 5f509b8c f   winctrl5.obj
 0001:00008c4c       ?GetMonthRange@CMonthCalCtrl@@QBEHPAU_SYSTEMTIME@@0K@Z 5f509c4c f   winctrl5.obj
 0001:00008d32       ?GetMonthRange@CMonthCalCtrl@@QBEHAAVCTime@@0K@Z 5f509d32 f   winctrl5.obj
 0001:00008df6       ?GetSelRange@CMonthCalCtrl@@QBEHPAU_SYSTEMTIME@@0@Z 5f509df6 f   winctrl5.obj
 0001:00008f01       ?SetSelRange@CMonthCalCtrl@@QAEHQAU_SYSTEMTIME@@0@Z 5f509f01 f   winctrl5.obj
 0001:00009000       ?SetSelRange@CMonthCalCtrl@@QAEHABVCOleDateTime@@0@Z 5f50a000 f   winctrl5.obj
 0001:000090c6       ?GetSelRange@CMonthCalCtrl@@QBEHAAVCOleDateTime@@0@Z 5f50a0c6 f   winctrl5.obj
 0001:0000918d       ?SetSelRange@CMonthCalCtrl@@QAEHABVCTime@@0@Z 5f50a18d f   winctrl5.obj
 0001:0000923b       ?GetSelRange@CMonthCalCtrl@@QBEHAAVCTime@@0@Z 5f50a23b f   winctrl5.obj
 0001:00009306       ?DDX_DateTimeCtrl@@YGXPAVCDataExchange@@HAAVCOleDateTime@@@Z 5f50a306 f   winctrl5.obj
 0001:0000934f       ?DDX_DateTimeCtrl@@YGXPAVCDataExchange@@HAAVCTime@@@Z 5f50a34f f   winctrl5.obj
 0001:00009398       ?DDX_MonthCalCtrl@@YGXPAVCDataExchange@@HAAVCOleDateTime@@@Z 5f50a398 f   winctrl5.obj
 0001:000093e1       ?DDX_MonthCalCtrl@@YGXPAVCDataExchange@@HAAVCTime@@@Z 5f50a3e1 f   winctrl5.obj
 0001:0000942a       ?DDV_MinMaxDateTime@@YGXPAVCDataExchange@@AAVCTime@@PBV2@2@Z 5f50a42a f   winctrl5.obj
 0001:00009502       ?DDV_MinMaxDateTime@@YGXPAVCDataExchange@@AAVCOleDateTime@@PBV2@2@Z 5f50a502 f   winctrl5.obj
 0001:000095c2       ?DDV_MinMaxMonth@@YGXPAVCDataExchange@@AAVCTime@@PBV2@2@Z 5f50a5c2 f   winctrl5.obj
 0001:0000969a       ?DDV_MinMaxMonth@@YGXPAVCDataExchange@@AAVCOleDateTime@@PBV2@2@Z 5f50a69a f   winctrl5.obj
 0001:0000975a       ??0CDateTimeCtrl@@QAE@XZ   5f50a75a f   winctrl5.obj
 0001:00009779       ?GetMonthCalFont@CDateTimeCtrl@@QBEPAVCFont@@XZ 5f50a779 f   winctrl5.obj
 0001:000097ce       ?GetMonthCalCtrl@CDateTimeCtrl@@QBEPAVCMonthCalCtrl@@XZ 5f50a7ce f   winctrl5.obj
 0001:00009823       ?SetMonthCalFont@CDateTimeCtrl@@QAEXPAUHFONT__@@H@Z 5f50a823 f   winctrl5.obj
 0001:0000987d       ?SetMonthCalColor@CDateTimeCtrl@@QAEKHK@Z 5f50a87d f   winctrl5.obj
 0001:000098d2       ?GetTime@CDateTimeCtrl@@QBEKPAU_SYSTEMTIME@@@Z 5f50a8d2 f   winctrl5.obj
 0001:00009942       ?GetMonthCalColor@CDateTimeCtrl@@QBEKH@Z 5f50a942 f   winctrl5.obj
 0001:00009995       ?SetFormat@CDateTimeCtrl@@QAEHPBD@Z 5f50a995 f   winctrl5.obj
 0001:000099e8       ??0CMonthCalCtrl@@QAE@XZ   5f50a9e8 f   winctrl5.obj
 0001:00009a07       ?HitTest@CMonthCalCtrl@@QAEKPAUMCHITTESTINFO@@@Z 5f50aa07 f   winctrl5.obj
 0001:00009a5a       ?GetMinReqRect@CMonthCalCtrl@@QBEHPAUtagRECT@@@Z 5f50aa5a f   winctrl5.obj
 0001:00009aa5       ?SetMonthDelta@CMonthCalCtrl@@QAEHH@Z 5f50aaa5 f   winctrl5.obj
 0001:00009af0       ?GetMonthDelta@CMonthCalCtrl@@QBEHXZ 5f50aaf0 f   winctrl5.obj
 0001:00009b37       ?GetColor@CMonthCalCtrl@@QBEKH@Z 5f50ab37 f   winctrl5.obj
 0001:00009b82       ?SetColor@CMonthCalCtrl@@QAEKHK@Z 5f50ab82 f   winctrl5.obj
 0001:00009bcf       ?SetMaxSelCount@CMonthCalCtrl@@QAEHH@Z 5f50abcf f   winctrl5.obj
 0001:00009c1a       ?GetMaxSelCount@CMonthCalCtrl@@QBEHXZ 5f50ac1a f   winctrl5.obj
 0001:00009c61       ?SetToday@CMonthCalCtrl@@QAEXQAU_SYSTEMTIME@@@Z 5f50ac61 f   winctrl5.obj
 0001:00009cac       ?GetToday@CMonthCalCtrl@@QBEHPAU_SYSTEMTIME@@@Z 5f50acac f   winctrl5.obj
 0001:00009cf7       ?SetCurSel@CMonthCalCtrl@@QAEHQAU_SYSTEMTIME@@@Z 5f50acf7 f   winctrl5.obj
 0001:00009d42       ?GetCurSel@CMonthCalCtrl@@QBEHPAU_SYSTEMTIME@@@Z 5f50ad42 f   winctrl5.obj
 0001:00009d90       ??_GCDateTimeCtrl@@UAEPAXI@Z 5f50ad90 f i winctrl5.obj
 0001:00009d90       ??_ECDateTimeCtrl@@UAEPAXI@Z 5f50ad90 f i winctrl5.obj
 0001:00009dc0       ??_ECMonthCalCtrl@@UAEPAXI@Z 5f50adc0 f i winctrl5.obj
 0001:00009dc0       ??_GCMonthCalCtrl@@UAEPAXI@Z 5f50adc0 f i winctrl5.obj
 0001:00009df0       ?_GetBaseMessageMap@CHtmlView@@KGPBUAFX_MSGMAP@@XZ 5f50adf0 f   viewhtml.obj
 0001:00009dfa       ?GetMessageMap@CHtmlView@@MBEPBUAFX_MSGMAP@@XZ 5f50adfa f   viewhtml.obj
 0001:00009e0a       ?_GetBaseEventSinkMap@CHtmlView@@KGPBUAFX_EVENTSINKMAP@@XZ 5f50ae0a f   viewhtml.obj
 0001:00009e14       ?GetEventSinkMap@CHtmlView@@MBEPBUAFX_EVENTSINKMAP@@XZ 5f50ae14 f   viewhtml.obj
 0001:00009e24       ??0CHtmlView@@IAE@XZ       5f50ae24 f   viewhtml.obj
 0001:00009e8d       ??1CHtmlView@@UAE@XZ       5f50ae8d f   viewhtml.obj
 0001:00009f0c       ?OnDraw@CHtmlView@@UAEXPAVCDC@@@Z 5f50af0c f   viewhtml.obj
 0001:00009f3f       ?OnFilePrint@CHtmlView@@QAEXXZ 5f50af3f f   viewhtml.obj
 0001:00009fb6       ?AssertValid@CHtmlView@@UBEXXZ 5f50afb6 f   viewhtml.obj
 0001:00009fc9       ?Dump@CHtmlView@@UBEXAAVCDumpContext@@@Z 5f50afc9 f   viewhtml.obj
 0001:00009fe2       ?OnDestroy@CHtmlView@@IAEXXZ 5f50afe2 f   viewhtml.obj
 0001:0000a024       ?OnSize@CHtmlView@@IAEXIHH@Z 5f50b024 f   viewhtml.obj
 0001:0000a0c5       ?OnPaint@CHtmlView@@IAEXXZ 5f50b0c5 f   viewhtml.obj
 0001:0000a0d8       ?Create@CHtmlView@@UAEHPBD0KABUtagRECT@@PAVCWnd@@IPAUCCreateContext@@@Z 5f50b0d8 f   viewhtml.obj
 0001:0000a1e0       ?GetType@CHtmlView@@QBE?AVCString@@XZ 5f50b1e0 f   viewhtml.obj
 0001:0000a294       ?GetLeft@CHtmlView@@QBEJXZ 5f50b294 f   viewhtml.obj
 0001:0000a2ec       ?GetTop@CHtmlView@@QBEJXZ  5f50b2ec f   viewhtml.obj
 0001:0000a344       ?GetToolBar@CHtmlView@@QBEHXZ 5f50b344 f   viewhtml.obj
 0001:0000a39f       ?GetHeight@CHtmlView@@QBEJXZ 5f50b39f f   viewhtml.obj
 0001:0000a3f7       ?GetVisible@CHtmlView@@QBEHXZ 5f50b3f7 f   viewhtml.obj
 0001:0000a453       ?GetLocationName@CHtmlView@@QBE?AVCString@@XZ 5f50b453 f   viewhtml.obj
 0001:0000a507       ?GetLocationURL@CHtmlView@@QBE?AVCString@@XZ 5f50b507 f   viewhtml.obj
 0001:0000a5bb       ?GetBusy@CHtmlView@@QBEHXZ 5f50b5bb f   viewhtml.obj
 0001:0000a614       ?GetReadyState@CHtmlView@@QBE?AW4tagREADYSTATE@@XZ 5f50b614 f   viewhtml.obj
 0001:0000a66f       ?GetOffline@CHtmlView@@QBEHXZ 5f50b66f f   viewhtml.obj
 0001:0000a6cb       ?GetSilent@CHtmlView@@QBEHXZ 5f50b6cb f   viewhtml.obj
 0001:0000a727       ?GetApplication@CHtmlView@@QBEPAUIDispatch@@XZ 5f50b727 f   viewhtml.obj
 0001:0000a77f       ?GetParentBrowser@CHtmlView@@QBEPAUIDispatch@@XZ 5f50b77f f   viewhtml.obj
 0001:0000a7d7       ?GetContainer@CHtmlView@@QBEPAUIDispatch@@XZ 5f50b7d7 f   viewhtml.obj
 0001:0000a82f       ?GetHtmlDocument@CHtmlView@@QBEPAUIDispatch@@XZ 5f50b82f f   viewhtml.obj
 0001:0000a887       ?GetTopLevelContainer@CHtmlView@@QBEHXZ 5f50b887 f   viewhtml.obj
 0001:0000a8e0       ?GetMenuBar@CHtmlView@@QBEHXZ 5f50b8e0 f   viewhtml.obj
 0001:0000a93c       ?GetFullScreen@CHtmlView@@QBEHXZ 5f50b93c f   viewhtml.obj
 0001:0000a998       ?GetStatusBar@CHtmlView@@QBEHXZ 5f50b998 f   viewhtml.obj
 0001:0000a9f4       ?QueryStatusWB@CHtmlView@@QBE?AW4OLECMDF@@W4OLECMDID@@@Z 5f50b9f4 f   viewhtml.obj
 0001:0000aa55       ?ExecWB@CHtmlView@@QAEXW4OLECMDID@@W4OLECMDEXECOPT@@PAUtagVARIANT@@2@Z 5f50ba55 f   viewhtml.obj
 0001:0000aab9       ?GetRegisterAsBrowser@CHtmlView@@QBEHXZ 5f50bab9 f   viewhtml.obj
 0001:0000ab15       ?GetRegisterAsDropTarget@CHtmlView@@QBEHXZ 5f50bb15 f   viewhtml.obj
 0001:0000ab71       ?GetTheaterMode@CHtmlView@@QBEHXZ 5f50bb71 f   viewhtml.obj
 0001:0000abcd       ?GetAddressBar@CHtmlView@@QBEHXZ 5f50bbcd f   viewhtml.obj
 0001:0000ac29       ?LoadFromResource@CHtmlView@@QAEHPBD@Z 5f50bc29 f   viewhtml.obj
 0001:0000ad39       ?LoadFromResource@CHtmlView@@QAEHI@Z 5f50bd39 f   viewhtml.obj
 0001:0000ae49       ?Navigate@CHtmlView@@QAEXPBDK00PAXK@Z 5f50be49 f   viewhtml.obj
 0001:0000af9e       ?Navigate2@CHtmlView@@QAEXPAU_ITEMIDLIST@@KPBD@Z 5f50bf9e f   viewhtml.obj
 0001:0000b0c8       ?Navigate2@CHtmlView@@QAEXPBDK00PAXK@Z 5f50c0c8 f   viewhtml.obj
 0001:0000b22d       ?Navigate2@CHtmlView@@QAEXPBDKAAVCByteArray@@00@Z 5f50c22d f   viewhtml.obj
 0001:0000b38f       ?PutProperty@CHtmlView@@QAEXPBDABUtagVARIANT@@@Z 5f50c38f f   viewhtml.obj
 0001:0000b45d       ?GetProperty@CHtmlView@@QAEHPBDAAVCString@@@Z 5f50c45d f   viewhtml.obj
 0001:0000b56f       ?GetProperty@CHtmlView@@QAE?AVCOleVariant@@PBD@Z 5f50c56f f   viewhtml.obj
 0001:0000b5ff       ?GetFullName@CHtmlView@@QBE?AVCString@@XZ 5f50c5ff f   viewhtml.obj
 0001:0000b6b6       ?NavigateComplete2@CHtmlView@@MAEXPAUIDispatch@@PAUtagVARIANT@@@Z 5f50c6b6 f   viewhtml.obj
 0001:0000b7b6       ?BeforeNavigate2@CHtmlView@@MAEXPAUIDispatch@@PAUtagVARIANT@@1111PAH@Z 5f50c7b6 f   viewhtml.obj
 0001:0000ba49       ?DocumentComplete@CHtmlView@@MAEXPAUIDispatch@@PAUtagVARIANT@@@Z 5f50ca49 f   viewhtml.obj
 0001:0000bae0       ?OnProgressChange@CHtmlView@@UAEXJJ@Z 5f50cae0 f   viewhtml.obj
 0001:0000baed       ?OnCommandStateChange@CHtmlView@@UAEXJH@Z 5f50caed f   viewhtml.obj
 0001:0000bafa       ?OnDownloadBegin@CHtmlView@@UAEXXZ 5f50cafa f   viewhtml.obj
 0001:0000bb05       ?OnDownloadComplete@CHtmlView@@UAEXXZ 5f50cb05 f   viewhtml.obj
 0001:0000bb10       ?OnTitleChange@CHtmlView@@UAEXPBD@Z 5f50cb10 f   viewhtml.obj
 0001:0000bb1d       ?OnPropertyChange@CHtmlView@@UAEXPBD@Z 5f50cb1d f   viewhtml.obj
 0001:0000bb2a       ?OnNewWindow2@CHtmlView@@UAEXPAPAUIDispatch@@PAH@Z 5f50cb2a f   viewhtml.obj
 0001:0000bb3e       ?OnDocumentComplete@CHtmlView@@UAEXPBD@Z 5f50cb3e f   viewhtml.obj
 0001:0000bb4b       ?OnQuit@CHtmlView@@UAEXXZ  5f50cb4b f   viewhtml.obj
 0001:0000bb56       ?OnVisible@CHtmlView@@UAEXH@Z 5f50cb56 f   viewhtml.obj
 0001:0000bb63       ?OnToolBar@CHtmlView@@UAEXH@Z 5f50cb63 f   viewhtml.obj
 0001:0000bb70       ?OnMenuBar@CHtmlView@@UAEXH@Z 5f50cb70 f   viewhtml.obj
 0001:0000bb7d       ?OnStatusBar@CHtmlView@@UAEXH@Z 5f50cb7d f   viewhtml.obj
 0001:0000bb8a       ?OnFullScreen@CHtmlView@@UAEXH@Z 5f50cb8a f   viewhtml.obj
 0001:0000bb97       ?OnTheaterMode@CHtmlView@@UAEXH@Z 5f50cb97 f   viewhtml.obj
 0001:0000bba4       ?OnNavigateComplete2@CHtmlView@@UAEXPBD@Z 5f50cba4 f   viewhtml.obj
 0001:0000bbb1       ?OnBeforeNavigate2@CHtmlView@@UAEXPBDK0AAVCByteArray@@0PAH@Z 5f50cbb1 f   viewhtml.obj
 0001:0000bbc5       ?OnStatusTextChange@CHtmlView@@UAEXPBD@Z 5f50cbc5 f   viewhtml.obj
 0001:0000bbf1       ?SetRegisterAsBrowser@CHtmlView@@QAEXH@Z 5f50cbf1 f   viewhtml.obj
 0001:0000bc4a       ?SetRegisterAsDropTarget@CHtmlView@@QAEXH@Z 5f50cc4a f   viewhtml.obj
 0001:0000bca3       ?SetTheaterMode@CHtmlView@@QAEXH@Z 5f50cca3 f   viewhtml.obj
 0001:0000bcfc       ?SetVisible@CHtmlView@@QAEXH@Z 5f50ccfc f   viewhtml.obj
 0001:0000bd55       ?SetMenuBar@CHtmlView@@QAEXH@Z 5f50cd55 f   viewhtml.obj
 0001:0000bdae       ?SetToolBar@CHtmlView@@QAEXH@Z 5f50cdae f   viewhtml.obj
 0001:0000be03       ?SetOffline@CHtmlView@@QAEXH@Z 5f50ce03 f   viewhtml.obj
 0001:0000be5c       ?SetSilent@CHtmlView@@QAEXH@Z 5f50ce5c f   viewhtml.obj
 0001:0000beb5       ?GoBack@CHtmlView@@QAEXXZ  5f50ceb5 f   viewhtml.obj
 0001:0000bf01       ?GoForward@CHtmlView@@QAEXXZ 5f50cf01 f   viewhtml.obj
 0001:0000bf4d       ?GoHome@CHtmlView@@QAEXXZ  5f50cf4d f   viewhtml.obj
 0001:0000bf99       ?GoSearch@CHtmlView@@QAEXXZ 5f50cf99 f   viewhtml.obj
 0001:0000bfe5       ?Refresh@CHtmlView@@QAEXXZ 5f50cfe5 f   viewhtml.obj
 0001:0000c031       ?Refresh2@CHtmlView@@QAEXH@Z 5f50d031 f   viewhtml.obj
 0001:0000c0d6       ?Stop@CHtmlView@@QAEXXZ    5f50d0d6 f   viewhtml.obj
 0001:0000c122       ?SetFullScreen@CHtmlView@@QAEXH@Z 5f50d122 f   viewhtml.obj
 0001:0000c17b       ?SetAddressBar@CHtmlView@@QAEXH@Z 5f50d17b f   viewhtml.obj
 0001:0000c1d4       ?SetHeight@CHtmlView@@QAEXJ@Z 5f50d1d4 f   viewhtml.obj
 0001:0000c226       ?PutProperty@CHtmlView@@QAEXPBDJ@Z 5f50d226 f   viewhtml.obj
 0001:0000c2dd       ?PutProperty@CHtmlView@@QAEXPBDF@Z 5f50d2dd f   viewhtml.obj
 0001:0000c395       ?PutProperty@CHtmlView@@QAEXPBD0@Z 5f50d395 f   viewhtml.obj
 0001:0000c44c       ?PutProperty@CHtmlView@@QAEXPBDN@Z 5f50d44c f   viewhtml.obj
 0001:0000c505       ?SetTop@CHtmlView@@QAEXJ@Z 5f50d505 f   viewhtml.obj
 0001:0000c557       ?SetLeft@CHtmlView@@QAEXJ@Z 5f50d557 f   viewhtml.obj
 0001:0000c5a9       ?SetStatusBar@CHtmlView@@QAEXH@Z 5f50d5a9 f   viewhtml.obj
 0001:0000c610       ??_GCHtmlView@@UAEPAXI@Z   5f50d610 f i viewhtml.obj
 0001:0000c610       ??_ECHtmlView@@UAEPAXI@Z   5f50d610 f i viewhtml.obj
 0001:0000c640       ??1CFormView@@UAE@XZ       5f50d640 f i viewhtml.obj
 0001:0000c660       ??_9@$BBDM@AE              5f50d660 f i viewhtml.obj
 0001:0000c670       ??_9@$BBFM@AE              5f50d670 f i viewhtml.obj
 0001:0000c680       ??_9@$BBBM@AE              5f50d680 f i viewhtml.obj
 0001:0000c690       ??_9@$BBEA@AE              5f50d690 f i viewhtml.obj
 0001:0000c6a0       ??_9@$BBGA@AE              5f50d6a0 f i viewhtml.obj
 0001:0000c6b0       ??_9@$BBCA@AE              5f50d6b0 f i viewhtml.obj
 0001:0000c6c0       ??_9@$BBEE@AE              5f50d6c0 f i viewhtml.obj
 0001:0000c6d0       ??_9@$BBCE@AE              5f50d6d0 f i viewhtml.obj
 0001:0000c6e0       ??_9@$BBEI@AE              5f50d6e0 f i viewhtml.obj
 0001:0000c6f0       ??_9@$BBCI@AE              5f50d6f0 f i viewhtml.obj
 0001:0000c700       ??_9@$BBEM@AE              5f50d700 f i viewhtml.obj
 0001:0000c710       ??_9@$BBCM@AE              5f50d710 f i viewhtml.obj
 0001:0000c720       ??_9@$BBFA@AE              5f50d720 f i viewhtml.obj
 0001:0000c730       ??_9@$BBDA@AE              5f50d730 f i viewhtml.obj
 0001:0000c740       ??_9@$BBFE@AE              5f50d740 f i viewhtml.obj
 0001:0000c750       ??_9@$BBDE@AE              5f50d750 f i viewhtml.obj
 0001:0000c760       ??_9@$BBFI@AE              5f50d760 f i viewhtml.obj
 0001:0000c770       ??_9@$BBBI@AE              5f50d770 f i viewhtml.obj
 0001:0000c7b5       ?AfxEnableControlContainer@@YAXPAVCOccManager@@@Z 5f50d7b5 f   occmgr.obj
 0001:0000c7e9       ?_AfxFindFirstDlgItem@@YGPAUDLGITEMTEMPLATE@@PBUDLGTEMPLATE@@@Z 5f50d7e9 f   occmgr.obj
 0001:0000c902       ?_AfxFindNextDlgItem@@YGPAUDLGITEMTEMPLATE@@PAU1@H@Z 5f50d902 f   occmgr.obj
 0001:0000c9af       ?OnEvent@COccManager@@UAEHPAVCCmdTarget@@IPAUAFX_EVENT@@PAUAFX_CMDHANDLERINFO@@@Z 5f50d9af f   occmgr.obj
 0001:0000c9d0       ?CreateContainer@COccManager@@UAEPAVCOleControlContainer@@PAVCWnd@@@Z 5f50d9d0 f   occmgr.obj
 0001:0000ca47       ?CreateSite@COccManager@@UAEPAVCOleControlSite@@PAVCOleControlContainer@@@Z 5f50da47 f   occmgr.obj
 0001:0000cac1       ?PreCreateDialog@COccManager@@UAEPBUDLGTEMPLATE@@PAU_AFX_OCC_DIALOG_INFO@@PBU2@@Z 5f50dac1 f   occmgr.obj
 0001:0000cb86       ?PostCreateDialog@COccManager@@UAEXPAU_AFX_OCC_DIALOG_INFO@@@Z 5f50db86 f   occmgr.obj
 0001:0000cbc0       ?SplitDialogTemplate@COccManager@@UAEPAUDLGTEMPLATE@@PBU2@PAPAUDLGITEMTEMPLATE@@@Z 5f50dbc0 f   occmgr.obj
 0001:0000ce26       ?CreateDlgControls@COccManager@@UAEHPAVCWnd@@PBDPAU_AFX_OCC_DIALOG_INFO@@@Z 5f50de26 f   occmgr.obj
 0001:0000cf80       ?CreateDlgControls@COccManager@@UAEHPAVCWnd@@PAXPAU_AFX_OCC_DIALOG_INFO@@@Z 5f50df80 f   occmgr.obj
 0001:0000d33c       ?BindControls@COccManager@@IAEXPAVCWnd@@@Z 5f50e33c f   occmgr.obj
 0001:0000d582       ?CreateDlgControl@COccManager@@IAEPAUHWND__@@PAVCWnd@@PAU2@HPAUDLGITEMTEMPLATE@@GPAEK@Z 5f50e582 f   occmgr.obj
 0001:0000dbfc       ?PrepareOleCtrl@CDataExchange@@QAEPAVCWnd@@H@Z 5f50ebfc f   occmgr.obj
 0001:0000dcd0       ??1?$CProcessLocal@VCOccManager@@@@QAE@XZ 5f50ecd0 f i occmgr.obj
 0001:0000dcf0       ?UnlockResource@@YGHPAX@Z  5f50ecf0 f i occmgr.obj
 0001:0000dd00       ?GetData@?$CProcessLocal@VCOccManager@@@@QAEPAVCOccManager@@XZ 5f50ed00 f i occmgr.obj
 0001:0000dd50       ?CreateObject@?$CProcessLocal@VCOccManager@@@@SGPAVCNoTrackObject@@XZ 5f50ed50 f i occmgr.obj
 0001:0000ddc0       ??0COccManager@@QAE@XZ     5f50edc0 f i occmgr.obj
 0001:0000dde0       ?OnEvent@CCmdTarget@@QAEHIPAUAFX_EVENT@@PAUAFX_CMDHANDLERINFO@@@Z 5f50ede0 f   occevent.obj
 0001:0000e252       ?GetEventSinkEntry@CCmdTarget@@IAGPBUAFX_EVENTSINKMAP_ENTRY@@IPAUAFX_EVENT@@@Z 5f50f252 f   occevent.obj
 0001:0000e310       ?CreateControl@CWnd@@QAEHPBD0KABUtagRECT@@PAV1@IPAVCFile@@HPAG@Z 5f50f310 f   occcont.obj
 0001:0000e388       ?CreateControl@CWnd@@QAEHABU_GUID@@PBDKABUtagRECT@@PAV1@IPAVCFile@@HPAG@Z 5f50f388 f   occcont.obj
 0001:0000e40d       ?CreateControl@CWnd@@QAEHABU_GUID@@PBDKPBUtagPOINT@@PBUtagSIZE@@PAV1@IPAVCFile@@HPAG@Z 5f50f40d f   occcont.obj
 0001:0000e4ba       ?InitControlContainer@CWnd@@IAEHXZ 5f50f4ba f   occcont.obj
 0001:0000e5da       ?_GetBaseInterfaceMap@COleControlContainer@@KGPBUAFX_INTERFACEMAP@@XZ 5f50f5da f   occcont.obj
 0001:0000e5e4       ?GetInterfaceMap@COleControlContainer@@MBEPBUAFX_INTERFACEMAP@@XZ 5f50f5e4 f   occcont.obj
 0001:0000e5f4       ?_GetBaseDispatchMap@COleControlContainer@@KGPBUAFX_DISPMAP@@XZ 5f50f5f4 f   occcont.obj
 0001:0000e5fe       ?GetDispatchMap@COleControlContainer@@MBEPBUAFX_DISPMAP@@XZ 5f50f5fe f   occcont.obj
 0001:0000e60e       ??0COleControlContainer@@QAE@PAVCWnd@@@Z 5f50f60e f   occcont.obj
 0001:0000e6b4       ??1COleControlContainer@@UAE@XZ 5f50f6b4 f   occcont.obj
 0001:0000e80f       ?CreateControl@COleControlContainer@@QAEHPAVCWnd@@ABU_GUID@@PBDKABUtagRECT@@IPAVCFile@@HPAGPAPAVCOleControlSite@@@Z 5f50f80f f   occcont.obj
 0001:0000e898       ?CreateControl@COleControlContainer@@QAEHPAVCWnd@@ABU_GUID@@PBDKPBUtagPOINT@@PBUtagSIZE@@IPAVCFile@@HPAGPAPAVCOleControlSite@@@Z 5f50f898 f   occcont.obj
 0001:0000ea12       ?FindItem@COleControlContainer@@UBEPAVCOleControlSite@@I@Z 5f50fa12 f   occcont.obj
 0001:0000ea62       ?GetAmbientProp@COleControlContainer@@UAEHPAVCOleControlSite@@JPAUtagVARIANT@@@Z 5f50fa62 f   occcont.obj
 0001:0000ed57       ?CreateOleFont@COleControlContainer@@QAEXPAVCFont@@@Z 5f50fd57 f   occcont.obj
 0001:0000efa5       ?FreezeAllEvents@COleControlContainer@@QAEXH@Z 5f50ffa5 f   occcont.obj
 0001:0000efed       ?ScrollChildren@COleControlContainer@@UAEXHH@Z 5f50ffed f   occcont.obj
 0001:0000f0b9       ?OnUIActivate@COleControlContainer@@UAEXPAVCOleControlSite@@@Z 5f5100b9 f   occcont.obj
 0001:0000f119       ?OnUIDeactivate@COleControlContainer@@UAEXPAVCOleControlSite@@@Z 5f510119 f   occcont.obj
 0001:0000f13b       ?CheckDlgButton@COleControlContainer@@UAEXHI@Z 5f51013b f   occcont.obj
 0001:0000f19f       ?CheckRadioButton@COleControlContainer@@UAEXHHH@Z 5f51019f f   occcont.obj
 0001:0000f22e       ?GetDlgItem@COleControlContainer@@UBEPAVCWnd@@H@Z 5f51022e f   occcont.obj
 0001:0000f259       ?GetDlgItem@COleControlContainer@@UBEXHPAPAUHWND__@@@Z 5f510259 f   occcont.obj
 0001:0000f2b0       ?GetDlgItemInt@COleControlContainer@@UBEIHPAHH@Z 5f5102b0 f   occcont.obj
 0001:0000f3ad       ?GetDlgItemTextA@COleControlContainer@@UBEHHPADH@Z 5f5103ad f   occcont.obj
 0001:0000f3e8       ?SendDlgItemMessageA@COleControlContainer@@UAEJHIIJ@Z 5f5103e8 f   occcont.obj
 0001:0000f427       ?SetDlgItemInt@COleControlContainer@@UAEXHIH@Z 5f510427 f   occcont.obj
 0001:0000f47a       ?SetDlgItemTextA@COleControlContainer@@UAEXHPBD@Z 5f51047a f   occcont.obj
 0001:0000f4af       ?IsDlgButtonChecked@COleControlContainer@@UBEIH@Z 5f5104af f   occcont.obj
 0001:0000f59c       ?QueryInterface@XOleIPFrame@COleControlContainer@@UAGJABU_GUID@@PAPAX@Z 5f51059c f   occcont.obj
 0001:0000f5bf       ?AddRef@XOleIPFrame@COleControlContainer@@UAGKXZ 5f5105bf f   occcont.obj
 0001:0000f5da       ?Release@XOleIPFrame@COleControlContainer@@UAGKXZ 5f5105da f   occcont.obj
 0001:0000f5f5       ?GetWindow@XOleIPFrame@COleControlContainer@@UAGJPAPAUHWND__@@@Z 5f5105f5 f   occcont.obj
 0001:0000f618       ?ContextSensitiveHelp@XOleIPFrame@COleControlContainer@@UAGJH@Z 5f510618 f   occcont.obj
 0001:0000f624       ?GetBorder@XOleIPFrame@COleControlContainer@@UAGJPAUtagRECT@@@Z 5f510624 f   occcont.obj
 0001:0000f630       ?RequestBorderSpace@XOleIPFrame@COleControlContainer@@UAGJPBUtagRECT@@@Z 5f510630 f   occcont.obj
 0001:0000f63c       ?SetBorderSpace@XOleIPFrame@COleControlContainer@@UAGJPBUtagRECT@@@Z 5f51063c f   occcont.obj
 0001:0000f648       ?SetActiveObject@XOleIPFrame@COleControlContainer@@UAGJPAUIOleInPlaceActiveObject@@PBG@Z 5f510648 f   occcont.obj
 0001:0000f6a4       ?InsertMenus@XOleIPFrame@COleControlContainer@@UAGJPAUHMENU__@@PAUtagOleMenuGroupWidths@@@Z 5f5106a4 f   occcont.obj
 0001:0000f6b0       ?SetMenu@XOleIPFrame@COleControlContainer@@UAGJPAUHMENU__@@PAXPAUHWND__@@@Z 5f5106b0 f   occcont.obj
 0001:0000f6bc       ?RemoveMenus@XOleIPFrame@COleControlContainer@@UAGJPAUHMENU__@@@Z 5f5106bc f   occcont.obj
 0001:0000f6c8       ?SetStatusText@XOleIPFrame@COleControlContainer@@UAGJPBG@Z 5f5106c8 f   occcont.obj
 0001:0000f6d4       ?EnableModeless@XOleIPFrame@COleControlContainer@@UAGJH@Z 5f5106d4 f   occcont.obj
 0001:0000f6dd       ?TranslateAcceleratorA@XOleIPFrame@COleControlContainer@@UAGJPAUtagMSG@@G@Z 5f5106dd f   occcont.obj
 0001:0000f6e9       ?_GetBaseInterfaceMap@CEnumUnknown@@KGPBUAFX_INTERFACEMAP@@XZ 5f5106e9 f   occcont.obj
 0001:0000f6f3       ?GetInterfaceMap@CEnumUnknown@@MBEPBUAFX_INTERFACEMAP@@XZ 5f5106f3 f   occcont.obj
 0001:0000f703       ??1CEnumUnknown@@UAE@XZ    5f510703 f   occcont.obj
 0001:0000f7c3       ?OnNext@CEnumUnknown@@MAEHPAX@Z 5f5107c3 f   occcont.obj
 0001:0000f821       ?QueryInterface@XOleContainer@COleControlContainer@@UAGJABU_GUID@@PAPAX@Z 5f510821 f   occcont.obj
 0001:0000f844       ?Release@XOleContainer@COleControlContainer@@UAGKXZ 5f510844 f   occcont.obj
 0001:0000f85f       ?AddRef@XOleContainer@COleControlContainer@@UAGKXZ 5f51085f f   occcont.obj
 0001:0000f87a       ?ParseDisplayName@XOleContainer@COleControlContainer@@UAGJPAUIBindCtx@@PAGPAKPAPAUIMoniker@@@Z 5f51087a f   occcont.obj
 0001:0000f886       ?EnumObjects@XOleContainer@COleControlContainer@@UAGJKPAPAUIEnumUnknown@@@Z 5f510886 f   occcont.obj
 0001:0000fb60       ?LockContainer@XOleContainer@COleControlContainer@@UAGJH@Z 5f510b60 f   occcont.obj
 0001:0000fb70       ??_ECOleControlContainer@@UAEPAXI@Z 5f510b70 f i occcont.obj
 0001:0000fb70       ??_GCOleControlContainer@@UAEPAXI@Z 5f510b70 f i occcont.obj
 0001:0000fba0       ??0XOleIPFrame@COleControlContainer@@QAE@XZ 5f510ba0 f i occcont.obj
 0001:0000fbc0       ??0XOleContainer@COleControlContainer@@QAE@XZ 5f510bc0 f i occcont.obj
 0001:0000fbe0       ??_ECEnumUnknown@@UAEPAXI@Z 5f510be0 f i occcont.obj
 0001:0000fbe0       ??_GCEnumUnknown@@UAEPAXI@Z 5f510be0 f i occcont.obj
 0001:0000fc10       ??0CEnumUnknown@@QAE@PBXI@Z 5f510c10 f i occcont.obj
 0001:0000fc40       ?_GetBaseInterfaceMap@COleControlSite@@KGPBUAFX_INTERFACEMAP@@XZ 5f510c40 f   occsite.obj
 0001:0000fc4a       ?GetInterfaceMap@COleControlSite@@MBEPBUAFX_INTERFACEMAP@@XZ 5f510c4a f   occsite.obj
 0001:0000fc5a       ??0COleControlSite@@QAE@PAVCOleControlContainer@@@Z 5f510c5a f   occsite.obj
 0001:0000fe35       ??1COleControlSite@@UAE@XZ 5f510e35 f   occsite.obj
 0001:00010030       ?SetExtent@COleControlSite@@IAEHXZ 5f511030 f   occsite.obj
 0001:0001010d       ?CreateControl@COleControlSite@@QAEJPAVCWnd@@ABU_GUID@@PBDKABUtagRECT@@IPAVCFile@@HPAG@Z 5f51110d f   occsite.obj
 0001:00010192       ?CreateControl@COleControlSite@@QAEJPAVCWnd@@ABU_GUID@@PBDKPBUtagPOINT@@PBUtagSIZE@@IPAVCFile@@HPAG@Z 5f511192 f   occsite.obj
 0001:00010638       ?DestroyControl@COleControlSite@@UAEHXZ 5f511638 f   occsite.obj
 0001:000106c3       ?_AfxCoCreateInstanceLic@@YGJABU_GUID@@PAUIUnknown@@K0PAPAXPAG@Z 5f5116c3 f   occsite.obj
 0001:000107c6       ?QuickActivate@COleControlSite@@UAEHXZ 5f5117c6 f   occsite.obj
 0001:00010a69       ?CreateOrLoad@COleControlSite@@IAEJABU_GUID@@PAVCFile@@HPAG@Z 5f511a69 f   occsite.obj
 0001:0001121f       ?GetID@COleControlSite@@QAEIXZ 5f51221f f   occsite.obj
 0001:00011230       ?DoVerb@COleControlSite@@UAEJJPAUtagMSG@@@Z 5f512230 f   occsite.obj
 0001:0001127c       ?IsDefaultButton@COleControlSite@@QAEHXZ 5f51227c f   occsite.obj
 0001:000112b9       ?GetDefBtnCode@COleControlSite@@QAEKXZ 5f5122b9 f   occsite.obj
 0001:000112ea       ?SetDefaultButton@COleControlSite@@QAEXH@Z 5f5122ea f   occsite.obj
 0001:0001139b       ?ConnectSink@COleControlSite@@IAEKABU_GUID@@PAUIUnknown@@@Z 5f51239b f   occsite.obj
 0001:0001149b       ?DisconnectSink@COleControlSite@@IAEXABU_GUID@@K@Z 5f51249b f   occsite.obj
 0001:0001156d       ?GetEventIID@COleControlSite@@QAEHPAU_GUID@@@Z 5f51256d f   occsite.obj
 0001:000118f1       ?GetControlInfo@COleControlSite@@QAEXXZ 5f5128f1 f   occsite.obj
 0001:00011985       ?IsMatchingMnemonic@COleControlSite@@QAEHPAUtagMSG@@@Z 5f512985 f   occsite.obj
 0001:00011ac6       ?SendMnemonic@COleControlSite@@QAEXPAUtagMSG@@@Z 5f512ac6 f   occsite.obj
 0001:00011b5a       ?FreezeEvents@COleControlSite@@QAEXH@Z 5f512b5a f   occsite.obj
 0001:00011bd0       ?AttachWindow@COleControlSite@@IAEXXZ 5f512bd0 f   occsite.obj
 0001:00011cc1       ?DetachWindow@COleControlSite@@IAEXXZ 5f512cc1 f   occsite.obj
 0001:00011d6d       ?OnEvent@COleControlSite@@IAEHPAUAFX_EVENT@@@Z 5f512d6d f   occsite.obj
 0001:00011dd4       ?InvokeHelperV@COleControlSite@@UAEXJGGPAXPBEPAD@Z 5f512dd4 f   occsite.obj
 0001:00011e8c       ?SetPropertyV@COleControlSite@@UAEXJGPAD@Z 5f512e8c f   occsite.obj
 0001:00011f44       ?InvokeHelper@COleControlSite@@UAAXJGGPAXPBEZZ 5f512f44 f   occsite.obj
 0001:00011f7e       ?GetProperty@COleControlSite@@UBEXJGPAX@Z 5f512f7e f   occsite.obj
 0001:00011fab       ?SetProperty@COleControlSite@@UAAXJGZZ 5f512fab f   occsite.obj
 0001:00011fd8       ?SafeSetProperty@COleControlSite@@UAAHJGZZ 5f512fd8 f   occsite.obj
 0001:00012092       ?GetStyle@COleControlSite@@UBEKXZ 5f513092 f   occsite.obj
 0001:000121de       ?GetExStyle@COleControlSite@@UBEKXZ 5f5131de f   occsite.obj
 0001:000122a2       ?ModifyStyle@COleControlSite@@UAEHKKI@Z 5f5132a2 f   occsite.obj
 0001:0001238e       ?ModifyStyleEx@COleControlSite@@UAEHKKI@Z 5f51338e f   occsite.obj
 0001:00012402       ?SetWindowTextA@COleControlSite@@UAEXPBD@Z 5f513402 f   occsite.obj
 0001:00012478       ?GetWindowTextA@COleControlSite@@UBEXAAVCString@@@Z 5f513478 f   occsite.obj
 0001:000125a6       ?GetWindowTextA@COleControlSite@@UBEHPADH@Z 5f5135a6 f   occsite.obj
 0001:00012651       ?GetWindowTextLengthA@COleControlSite@@UBEHXZ 5f513651 f   occsite.obj
 0001:000126bb       ?GetDlgCtrlID@COleControlSite@@UBEHXZ 5f5136bb f   occsite.obj
 0001:000126cc       ?SetDlgCtrlID@COleControlSite@@UAEHH@Z 5f5136cc f   occsite.obj
 0001:000126f0       ?MoveWindow@COleControlSite@@UAEXHHHHH@Z 5f5136f0 f   occsite.obj
 0001:00012813       ?SetWindowPos@COleControlSite@@UAEHPBVCWnd@@HHHHI@Z 5f513813 f   occsite.obj
 0001:0001292a       ?ShowWindow@COleControlSite@@UAEHH@Z 5f51392a f   occsite.obj
 0001:000129a8       ?IsWindowEnabled@COleControlSite@@UBEHXZ 5f5139a8 f   occsite.obj
 0001:00012a49       ?EnableWindow@COleControlSite@@UAEHH@Z 5f513a49 f   occsite.obj
 0001:00012b12       ?SetFocus@COleControlSite@@UAEPAVCWnd@@XZ 5f513b12 f   occsite.obj
 0001:00012b5e       ?EnableDSC@COleControlSite@@UAEXXZ 5f513b5e f   occsite.obj
 0001:00012bf9       ?BindDefaultProperty@COleControlSite@@UAEXJGPBDPAVCWnd@@@Z 5f513bf9 f   occsite.obj
 0001:00012d49       ?BindProperty@COleControlSite@@UAEXJPAVCWnd@@@Z 5f513d49 f   occsite.obj
 0001:00012f86       ?AddRef@XOleClientSite@COleControlSite@@UAGKXZ 5f513f86 f   occsite.obj
 0001:00012fa3       ?Release@XOleClientSite@COleControlSite@@UAGKXZ 5f513fa3 f   occsite.obj
 0001:00012fc0       ?QueryInterface@XOleClientSite@COleControlSite@@UAGJABU_GUID@@PAPAX@Z 5f513fc0 f   occsite.obj
 0001:00012fe5       ?SaveObject@XOleClientSite@COleControlSite@@UAGJXZ 5f513fe5 f   occsite.obj
 0001:00012ff1       ?GetMoniker@XOleClientSite@COleControlSite@@UAGJKKPAPAUIMoniker@@@Z 5f513ff1 f   occsite.obj
 0001:00012ffd       ?GetContainer@XOleClientSite@COleControlSite@@UAGJPAPAUIOleContainer@@@Z 5f513ffd f   occsite.obj
 0001:00013026       ?ShowObject@XOleClientSite@COleControlSite@@UAGJXZ 5f514026 f   occsite.obj
 0001:00013093       ?OnShowWindow@XOleClientSite@COleControlSite@@UAGJH@Z 5f514093 f   occsite.obj
 0001:0001309c       ?RequestNewObjectLayout@XOleClientSite@COleControlSite@@UAGJXZ 5f51409c f   occsite.obj
 0001:000130a8       ?AddRef@XOleIPSite@COleControlSite@@UAGKXZ 5f5140a8 f   occsite.obj
 0001:000130c5       ?Release@XOleIPSite@COleControlSite@@UAGKXZ 5f5140c5 f   occsite.obj
 0001:000130e2       ?QueryInterface@XOleIPSite@COleControlSite@@UAGJABU_GUID@@PAPAX@Z 5f5140e2 f   occsite.obj
 0001:00013107       ?GetWindow@XOleIPSite@COleControlSite@@UAGJPAPAUHWND__@@@Z 5f514107 f   occsite.obj
 0001:00013142       ?ContextSensitiveHelp@XOleIPSite@COleControlSite@@UAGJH@Z 5f514142 f   occsite.obj
 0001:0001314e       ?CanInPlaceActivate@XOleIPSite@COleControlSite@@UAGJXZ 5f51414e f   occsite.obj
 0001:00013157       ?OnInPlaceActivate@XOleIPSite@COleControlSite@@UAGJXZ 5f514157 f   occsite.obj
 0001:00013160       ?OnUIActivate@XOleIPSite@COleControlSite@@UAGJXZ 5f514160 f   occsite.obj
 0001:0001318c       ?GetWindowContext@XOleIPSite@COleControlSite@@UAGJPAPAUIOleInPlaceFrame@@PAPAUIOleInPlaceUIWindow@@PAUtagRECT@@2PAUtagOIFI@@@Z 5f51418c f   occsite.obj
 0001:000133a3       ?Scroll@XOleIPSite@COleControlSite@@UAGJUtagSIZE@@@Z 5f5143a3 f   occsite.obj
 0001:000133af       ?OnUIDeactivate@XOleIPSite@COleControlSite@@UAGJH@Z 5f5143af f   occsite.obj
 0001:000133db       ?OnInPlaceDeactivate@XOleIPSite@COleControlSite@@UAGJXZ 5f5143db f   occsite.obj
 0001:00013448       ?DiscardUndoState@XOleIPSite@COleControlSite@@UAGJXZ 5f514448 f   occsite.obj
 0001:00013451       ?DeactivateAndUndo@XOleIPSite@COleControlSite@@UAGJXZ 5f514451 f   occsite.obj
 0001:0001347a       ?OnPosRectChange@XOleIPSite@COleControlSite@@UAGJPBUtagRECT@@@Z 5f51447a f   occsite.obj
 0001:00013500       ?AddRef@XOleControlSite@COleControlSite@@UAGKXZ 5f514500 f   occsite.obj
 0001:0001351d       ?Release@XOleControlSite@COleControlSite@@UAGKXZ 5f51451d f   occsite.obj
 0001:0001353a       ?QueryInterface@XOleControlSite@COleControlSite@@UAGJABU_GUID@@PAPAX@Z 5f51453a f   occsite.obj
 0001:0001355f       ?OnControlInfoChanged@XOleControlSite@COleControlSite@@UAGJXZ 5f51455f f   occsite.obj
 0001:0001357e       ?LockInPlaceActive@XOleControlSite@COleControlSite@@UAGJH@Z 5f51457e f   occsite.obj
 0001:0001358a       ?GetExtendedControl@XOleControlSite@COleControlSite@@UAGJPAPAUIDispatch@@@Z 5f51458a f   occsite.obj
 0001:00013596       ?TransformCoords@XOleControlSite@COleControlSite@@UAGJPAU_POINTL@@PAUtagPOINTF@@K@Z 5f514596 f   occsite.obj
 0001:000136fa       ?TranslateAcceleratorA@XOleControlSite@COleControlSite@@UAGJPAUtagMSG@@K@Z 5f5146fa f   occsite.obj
 0001:00013706       ?OnFocus@XOleControlSite@COleControlSite@@UAGJH@Z 5f514706 f   occsite.obj
 0001:0001370f       ?ShowPropertyFrame@XOleControlSite@COleControlSite@@UAGJXZ 5f51470f f   occsite.obj
 0001:0001371b       ?AddRef@XAmbientProps@COleControlSite@@UAGKXZ 5f51471b f   occsite.obj
 0001:00013738       ?Release@XAmbientProps@COleControlSite@@UAGKXZ 5f514738 f   occsite.obj
 0001:00013755       ?QueryInterface@XAmbientProps@COleControlSite@@UAGJABU_GUID@@PAPAX@Z 5f514755 f   occsite.obj
 0001:0001377a       ?GetTypeInfoCount@XAmbientProps@COleControlSite@@UAGJPAI@Z 5f51477a f   occsite.obj
 0001:00013786       ?GetTypeInfo@XAmbientProps@COleControlSite@@UAGJIKPAPAUITypeInfo@@@Z 5f514786 f   occsite.obj
 0001:00013792       ?GetIDsOfNames@XAmbientProps@COleControlSite@@UAGJABU_GUID@@PAPAGIKPAJ@Z 5f514792 f   occsite.obj
 0001:0001379e       ?Invoke@XAmbientProps@COleControlSite@@UAGJJABU_GUID@@KGPAUtagDISPPARAMS@@PAUtagVARIANT@@PAUtagEXCEPINFO@@PAI@Z 5f51479e f   occsite.obj
 0001:000138ce       ?QueryInterface@XPropertyNotifySink@COleControlSite@@UAGJABU_GUID@@PAPAX@Z 5f5148ce f   occsite.obj
 0001:0001392a       ?AddRef@XPropertyNotifySink@COleControlSite@@UAGKXZ 5f51492a f   occsite.obj
 0001:00013936       ?Release@XPropertyNotifySink@COleControlSite@@UAGKXZ 5f514936 f   occsite.obj
 0001:0001393f       ?OnChanged@XPropertyNotifySink@COleControlSite@@UAGJJ@Z 5f51493f f   occsite.obj
 0001:00013b58       ?OnRequestEdit@XPropertyNotifySink@COleControlSite@@UAGJJ@Z 5f514b58 f   occsite.obj
 0001:00013c30       ?AddRef@XEventSink@COleControlSite@@UAGKXZ 5f514c30 f   occsite.obj
 0001:00013c3c       ?Release@XEventSink@COleControlSite@@UAGKXZ 5f514c3c f   occsite.obj
 0001:00013c45       ?QueryInterface@XEventSink@COleControlSite@@UAGJABU_GUID@@PAPAX@Z 5f514c45 f   occsite.obj
 0001:00013cb8       ?GetTypeInfoCount@XEventSink@COleControlSite@@UAGJPAI@Z 5f514cb8 f   occsite.obj
 0001:00013cc4       ?GetTypeInfo@XEventSink@COleControlSite@@UAGJIKPAPAUITypeInfo@@@Z 5f514cc4 f   occsite.obj
 0001:00013cd0       ?GetIDsOfNames@XEventSink@COleControlSite@@UAGJABU_GUID@@PAPAGIKPAJ@Z 5f514cd0 f   occsite.obj
 0001:00013cdc       ?Invoke@XEventSink@COleControlSite@@UAGJJABU_GUID@@KGPAUtagDISPPARAMS@@PAUtagVARIANT@@PAUtagEXCEPINFO@@PAI@Z 5f514cdc f   occsite.obj
 0001:00013ded       ??0CDataSourceControl@@QAE@PAVCOleControlSite@@@Z 5f514ded f   occsite.obj
 0001:00013efb       ??1CDataSourceControl@@QAE@XZ 5f514efb f   occsite.obj
 0001:000142bf       ?Initialize@CDataSourceControl@@QAEJXZ 5f5152bf f   occsite.obj
 0001:000144dd       ?GetCursor@CDataSourceControl@@UAEPAUIUnknown@@XZ 5f5154dd f   occsite.obj
 0001:000145e0       ?GetMetaData@CDataSourceControl@@QAEJXZ 5f5155e0 f   occsite.obj
 0001:00014c9b       ?CopyColumnID@CDataSourceControl@@QAEHPAUtagDBCOLUMNID@@PBU2@@Z 5f515c9b f   occsite.obj
 0001:00014d66       ?BindProp@CDataSourceControl@@UAEXPAVCOleControlSite@@H@Z 5f515d66 f   occsite.obj
 0001:00014fc0       ?BindProp@CDataSourceControl@@UAEXPAVCDataBoundProperty@@H@Z 5f515fc0 f   occsite.obj
 0001:00015051       ?BindColumns@CDataSourceControl@@UAEXXZ 5f516051 f   occsite.obj
 0001:00015352       ?GetBoundClientRow@CDataSourceControl@@QAEJXZ 5f516352 f   occsite.obj
 0001:000153fa       ?ToVariant@CDataSourceControl@@QAE?AVCOleVariant@@H@Z 5f5163fa f   occsite.obj
 0001:00015d78       ?UpdateControls@CDataSourceControl@@UAEJXZ 5f516d78 f   occsite.obj
 0001:00015fc6       ?UpdateCursor@CDataSourceControl@@UAEJXZ 5f516fc6 f   occsite.obj
 0001:00016baf       ??0CDataBoundProperty@@QAE@PAV0@JG@Z 5f517baf f   occsite.obj
 0001:00016bf9       ?SetClientSite@CDataBoundProperty@@QAEXPAVCOleControlSite@@@Z 5f517bf9 f   occsite.obj
 0001:00016c0e       ?SetDSCSite@CDataBoundProperty@@QAEXPAVCOleControlSite@@@Z 5f517c0e f   occsite.obj
 0001:00016c39       ?GetNext@CDataBoundProperty@@QAEPAV1@XZ 5f517c39 f   occsite.obj
 0001:00016c4a       ?RemoveSource@CDataBoundProperty@@QAEXXZ 5f517c4a f   occsite.obj
 0001:00016c67       ?Notify@CDataBoundProperty@@QAEXXZ 5f517c67 f   occsite.obj
 0001:00016d3b       ?GetCursor@CDataBoundProperty@@QAEPAUIUnknown@@XZ 5f517d3b f   occsite.obj
 0001:00016dd5       ?GetCursor@COleControlSite@@IAEJJPAPAUIUnknown@@PAPAX@Z 5f517dd5 f   occsite.obj
 0001:00016e30       ?AddRef@XBoundObjectSite@COleControlSite@@UAGKXZ 5f517e30 f   occsite.obj
 0001:00016e99       ?Release@XBoundObjectSite@COleControlSite@@UAGKXZ 5f517e99 f   occsite.obj
 0001:00016f02       ?QueryInterface@XBoundObjectSite@COleControlSite@@UAGJABU_GUID@@PAPAX@Z 5f517f02 f   occsite.obj
 0001:00016f73       ?GetCursor@XBoundObjectSite@COleControlSite@@UAGJJPAPAUICursor@@PAPAX@Z 5f517f73 f   occsite.obj
 0001:00016fe8       ?AddRef@XNotifyDBEvents@COleControlSite@@UAGKXZ 5f517fe8 f   occsite.obj
 0001:00016ff4       ?Release@XNotifyDBEvents@COleControlSite@@UAGKXZ 5f517ff4 f   occsite.obj
 0001:00016ffd       ?QueryInterface@XNotifyDBEvents@COleControlSite@@UAGJABU_GUID@@PAPAX@Z 5f517ffd f   occsite.obj
 0001:00017059       ?OKToDo@XNotifyDBEvents@COleControlSite@@UAGJKKQAUtagDBNOTIFYREASON@@@Z 5f518059 f   occsite.obj
 0001:000171c8       ?Cancelled@XNotifyDBEvents@COleControlSite@@UAGJKKQAUtagDBNOTIFYREASON@@@Z 5f5181c8 f   occsite.obj
 0001:00017266       ?SyncBefore@XNotifyDBEvents@COleControlSite@@UAGJKKQAUtagDBNOTIFYREASON@@@Z 5f518266 f   occsite.obj
 0001:00017381       ?AboutToDo@XNotifyDBEvents@COleControlSite@@UAGJKKQAUtagDBNOTIFYREASON@@@Z 5f518381 f   occsite.obj
 0001:0001741f       ?FailedToDo@XNotifyDBEvents@COleControlSite@@UAGJKKQAUtagDBNOTIFYREASON@@@Z 5f51841f f   occsite.obj
 0001:000174bd       ?SyncAfter@XNotifyDBEvents@COleControlSite@@UAGJKKQAUtagDBNOTIFYREASON@@@Z 5f5184bd f   occsite.obj
 0001:00017626       ?DidEvent@XNotifyDBEvents@COleControlSite@@UAGJKKQAUtagDBNOTIFYREASON@@@Z 5f518626 f   occsite.obj
 0001:0001772f       ?FireEvent@XNotifyDBEvents@COleControlSite@@QAEJKKQAUtagDBNOTIFYREASON@@W4DSCSTATE@@@Z 5f51872f f   occsite.obj
 0001:0001786a       ?AddRef@XRowsetNotify@COleControlSite@@UAGKXZ 5f51886a f   occsite.obj
 0001:00017876       ?Release@XRowsetNotify@COleControlSite@@UAGKXZ 5f518876 f   occsite.obj
 0001:0001787f       ?QueryInterface@XRowsetNotify@COleControlSite@@UAGJABU_GUID@@PAPAX@Z 5f51887f f   occsite.obj
 0001:000178db       ?OnFieldChange@XRowsetNotify@COleControlSite@@UAGJPAUIRowset@@KKQAKKKH@Z 5f5188db f   occsite.obj
 0001:00017a59       ?OnRowChange@XRowsetNotify@COleControlSite@@UAGJPAUIRowset@@KQBKKKH@Z 5f518a59 f   occsite.obj
 0001:00017cb8       ?OnRowsetChange@XRowsetNotify@COleControlSite@@UAGJPAUIRowset@@KKH@Z 5f518cb8 f   occsite.obj
 0001:00017e70       ??_ECOleControlSite@@UAEPAXI@Z 5f518e70 f i occsite.obj
 0001:00017e70       ??_GCOleControlSite@@UAEPAXI@Z 5f518e70 f i occsite.obj
 0001:00017ea0       ??0XOleClientSite@COleControlSite@@QAE@XZ 5f518ea0 f i occsite.obj
 0001:00017ec0       ??0XOleIPSite@COleControlSite@@QAE@XZ 5f518ec0 f i occsite.obj
 0001:00017ee0       ??0XOleControlSite@COleControlSite@@QAE@XZ 5f518ee0 f i occsite.obj
 0001:00017f00       ??0XAmbientProps@COleControlSite@@QAE@XZ 5f518f00 f i occsite.obj
 0001:00017f20       ??0XPropertyNotifySink@COleControlSite@@QAE@XZ 5f518f20 f i occsite.obj
 0001:00017f40       ??0XEventSink@COleControlSite@@QAE@XZ 5f518f40 f i occsite.obj
 0001:00017f60       ??0XBoundObjectSite@COleControlSite@@QAE@XZ 5f518f60 f i occsite.obj
 0001:00017f80       ??0XNotifyDBEvents@COleControlSite@@QAE@XZ 5f518f80 f i occsite.obj
 0001:00017fa0       ??0XRowsetNotify@COleControlSite@@QAE@XZ 5f518fa0 f i occsite.obj
 0001:00017fc0       ??0IBoundObjectSite@@QAE@XZ 5f518fc0 f i occsite.obj
 0001:00017fe0       ??0INotifyDBEvents@@QAE@XZ 5f518fe0 f i occsite.obj
 0001:00018000       ??0IRowsetNotify@@QAE@XZ   5f519000 f i occsite.obj
 0001:00018020       ??_GCDataSourceControl@@QAEPAXI@Z 5f519020 f i occsite.obj
 0001:00018050       ??_GCDataBoundProperty@@QAEPAXI@Z 5f519050 f i occsite.obj
 0001:00018080       ??1CDataBoundProperty@@QAE@XZ 5f519080 f i occsite.obj
 0001:00018090       ??0AFX_EVENT@@QAE@HJPAUtagDISPPARAMS@@PAUtagEXCEPINFO@@PAI@Z 5f519090 f i occsite.obj
 0001:000180f0       ?ReleaseAccessors@CAccessorBase@ATL@@QAEJPAUIUnknown@@@Z 5f5190f0 f i occsite.obj
 0001:00018250       ?Close@CDynamicAccessor@ATL@@QAEXXZ 5f519250 f i occsite.obj
 0001:000182d0       ?Close@CAccessorBase@ATL@@QAEXXZ 5f5192d0 f i occsite.obj
 0001:00018350       ??_GCDynamicAccessor@ATL@@QAEPAXI@Z 5f519350 f i occsite.obj
 0001:00018380       ??1CDynamicAccessor@ATL@@QAE@XZ 5f519380 f i occsite.obj
 0001:000183a0       ??_GCRowset@ATL@@QAEPAXI@Z 5f5193a0 f i occsite.obj
 0001:000183d0       ??1CRowset@ATL@@QAE@XZ     5f5193d0 f i occsite.obj
 0001:00018430       ?Close@CRowset@ATL@@QAEXXZ 5f519430 f i occsite.obj
 0001:00018470       ?ReleaseRows@CRowset@ATL@@QAEJXZ 5f519470 f i occsite.obj
 0001:00018500       ??0CRowset@ATL@@QAE@PAUIRowset@@@Z 5f519500 f i occsite.obj
 0001:00018580       ??0CRowset@ATL@@QAE@XZ     5f519580 f i occsite.obj
 0001:000185f0       ?MoveFirst@CRowset@ATL@@QAEJXZ 5f5195f0 f i occsite.obj
 0001:000186a0       ?MoveNext@CRowset@ATL@@QAEJXZ 5f5196a0 f i occsite.obj
 0001:000186c0       ?MoveNext@CRowset@ATL@@QAEJJ_N@Z 5f5196c0 f i occsite.obj
 0001:000187d0       ?AtlTrace2@ATL@@YAXKIPBDZZ 5f5197d0 f i occsite.obj
 0001:00018880       ?GetData@CRowset@ATL@@QAEJXZ 5f519880 f i occsite.obj
 0001:00018930       ?GetNumAccessors@CAccessorBase@ATL@@QBEKXZ 5f519930 f i occsite.obj
 0001:00018950       ?IsAutoAccessor@CAccessorBase@ATL@@QBE_NK@Z 5f519950 f i occsite.obj
 0001:000189e0       ?GetData@CRowset@ATL@@QAEJH@Z 5f5199e0 f i occsite.obj
 0001:00018ad0       ?GetHAccessor@CAccessorBase@ATL@@QBEKK@Z 5f519ad0 f i occsite.obj
 0001:00018b30       ?GetBuffer@CAccessorBase@ATL@@QBEPAEXZ 5f519b30 f i occsite.obj
 0001:00018b50       ?SetupOptionalRowsetInterfaces@CRowset@ATL@@QAEXXZ 5f519b50 f i occsite.obj
 0001:00018b90       ?SetAccessor@CRowset@ATL@@QAEXPAVCAccessorBase@2@@Z 5f519b90 f i occsite.obj
 0001:00018bb0       ??0CDynamicAccessor@ATL@@QAE@XZ 5f519bb0 f i occsite.obj
 0001:00018bf0       ?GetColumnCount@CDynamicAccessor@ATL@@QBEKXZ 5f519bf0 f i occsite.obj
 0001:00018c10       ?BindColumns@CDynamicAccessor@ATL@@QAEJPAUIUnknown@@@Z 5f519c10 f i occsite.obj
 0001:00019160       ?AllocateAccessorMemory@CAccessorBase@ATL@@QAEJH@Z 5f51a160 f i occsite.obj
 0001:00019230       ?BindEntries@CAccessorBase@ATL@@SAJPAUtagDBBINDING@@HPAKKPAUIAccessor@@@Z 5f51a230 f i occsite.obj
 0001:00019410       ?Bind@CAccessorBase@ATL@@SAXPAUtagDBBINDING@@KGKEEKKKKPAUtagDBOBJECT@@@Z 5f51a410 f i occsite.obj
 0001:00019540       ?AddOffset@CDynamicAccessor@ATL@@SAKKK@Z 5f51a540 f i occsite.obj
 0001:00019570       ?GetColumnName@CDynamicAccessor@ATL@@QBEPAGK@Z 5f51a570 f i occsite.obj
 0001:000195b0       ?TranslateColumnNo@CDynamicAccessor@ATL@@QBE_NAAK@Z 5f51a5b0 f i occsite.obj
 0001:00019680       ?GetColumnType@CDynamicAccessor@ATL@@QBE_NKPAG@Z 5f51a680 f i occsite.obj
 0001:000196c0       ?GetValue@CDynamicAccessor@ATL@@QBEPAXK@Z 5f51a6c0 f i occsite.obj
 0001:00019700       ?GetStatus@CDynamicAccessor@ATL@@QBE_NKPAK@Z 5f51a700 f i occsite.obj
 0001:000197a0       ?_GetDataPtr@CDynamicAccessor@ATL@@QBEPAXK@Z 5f51a7a0 f i occsite.obj
 0001:000197d0       ?SetData@CRowset@ATL@@QBEJXZ 5f51a7d0 f i occsite.obj
 0001:00019870       ?SetData@CRowset@ATL@@QBEJH@Z 5f51a870 f i occsite.obj
 0001:00019920       ??0CManualAccessor@ATL@@QAE@XZ 5f51a920 f i occsite.obj
 0001:00019960       ??1CManualAccessor@ATL@@QAE@XZ 5f51a960 f i occsite.obj
 0001:000199a0       ?CreateAccessor@CManualAccessor@ATL@@QAEJHPAXK@Z 5f51a9a0 f i occsite.obj
 0001:00019a70       ?AddBindEntry@CManualAccessor@ATL@@QAEXKGKPAX00@Z 5f51aa70 f i occsite.obj
 0001:00019b50       ?BindColumns@CManualAccessor@ATL@@QAEJPAUIUnknown@@@Z 5f51ab50 f i occsite.obj
 0001:00019c80       ??0AFX_EVENT@@QAE@H@Z      5f51ac80 f i occsite.obj
 0001:00019ce0       ??1?$CComPtr@UIColumnsInfo@@@ATL@@QAE@XZ 5f51ace0 f i occsite.obj
 0001:00019ce0       ??1?$CComPtr@UIRowset@@@ATL@@QAE@XZ 5f51ace0 f i occsite.obj
 0001:00019ce0       ??1?$CComPtr@UIRowsetChange@@@ATL@@QAE@XZ 5f51ace0 f i occsite.obj
 0001:00019ce0       ??1?$CComPtr@UIAccessor@@@ATL@@QAE@XZ 5f51ace0 f i occsite.obj
 0001:00019d10       ??B?$CComPtr@UIAccessor@@@ATL@@QBEPAUIAccessor@@XZ 5f51ad10 f i occsite.obj
 0001:00019d10       ??B?$CComPtr@UIRowset@@@ATL@@QBEPAUIRowset@@XZ 5f51ad10 f i occsite.obj
 0001:00019d10       ?GetHead@CSimpleList@@QBEPAXXZ 5f51ad10 f i occsite.obj
 0001:00019d10       ??B?$CComPtr@UIRowsetChange@@@ATL@@QBEPAUIRowsetChange@@XZ 5f51ad10 f i occsite.obj
 0001:00019d20       ??0?$CComPtr@UIAccessor@@@ATL@@QAE@XZ 5f51ad20 f i occsite.obj
 0001:00019d20       ??0?$CComPtr@UIColumnsInfo@@@ATL@@QAE@XZ 5f51ad20 f i occsite.obj
 0001:00019d20       ??0?$CComPtr@UIRowset@@@ATL@@QAE@XZ 5f51ad20 f i occsite.obj
 0001:00019d20       ??0?$CComPtr@UIRowsetChange@@@ATL@@QAE@XZ 5f51ad20 f i occsite.obj
 0001:00019d40       ??4?$CComPtr@UIRowset@@@ATL@@QAEPAUIRowset@@PAU2@@Z 5f51ad40 f i occsite.obj
 0001:00019d60       ?AtlComPtrAssign@ATL@@YGPAUIUnknown@@PAPAU2@PAU2@@Z 5f51ad60 f i occsite.obj
 0001:00019da0       ?Release@?$CComPtr@UIRowsetChange@@@ATL@@QAEXXZ 5f51ada0 f i occsite.obj
 0001:00019da0       ?Release@?$CComPtr@UIRowset@@@ATL@@QAEXXZ 5f51ada0 f i occsite.obj
 0001:00019dd0       ??I?$CComPtr@UIAccessor@@@ATL@@QAEPAPAUIAccessor@@XZ 5f51add0 f i occsite.obj
 0001:00019dd0       ??I?$CComPtr@UIColumnsInfo@@@ATL@@QAEPAPAUIColumnsInfo@@XZ 5f51add0 f i occsite.obj
 0001:00019dd0       ??I?$CComPtr@UIRowsetChange@@@ATL@@QAEPAPAUIRowsetChange@@XZ 5f51add0 f i occsite.obj
 0001:00019e20       ??C?$CComPtr@UIRowsetChange@@@ATL@@QBEPAV?$_NoAddRefReleaseOnCComPtr@UIRowsetChange@@@1@XZ 5f51ae20 f i occsite.obj
 0001:00019e20       ??C?$CComPtr@UIColumnsInfo@@@ATL@@QBEPAV?$_NoAddRefReleaseOnCComPtr@UIColumnsInfo@@@1@XZ 5f51ae20 f i occsite.obj
 0001:00019e20       ??C?$CComPtr@UIRowset@@@ATL@@QBEPAV?$_NoAddRefReleaseOnCComPtr@UIRowset@@@1@XZ 5f51ae20 f i occsite.obj
 0001:00019e20       ??C?$CComPtr@UIAccessor@@@ATL@@QBEPAV?$_NoAddRefReleaseOnCComPtr@UIAccessor@@@1@XZ 5f51ae20 f i occsite.obj
 0001:00019e70       ?QueryInterface@IUnknown@@QAGJPAPAUIRowsetChange@@@Z 5f51ae70 f i occsite.obj
 0001:00019e90       ?QueryInterface@IUnknown@@QAGJPAPAUIColumnsInfo@@@Z 5f51ae90 f i occsite.obj
 0001:00019eb0       ?QueryInterface@IUnknown@@QAGJPAPAUIAccessor@@@Z 5f51aeb0 f i occsite.obj
 0001:00019ed0       ?GetValue@CDynamicAccessor@ATL@@QBE_NKPAUtagDB_NUMERIC@@@Z 5f51aed0 f i occsite.obj
 0001:00019f10       ?GetValue@CDynamicAccessor@ATL@@QBE_NKPAUtagDBTIME@@@Z 5f51af10 f i occsite.obj
 0001:00019f10       ?GetValue@CDynamicAccessor@ATL@@QBE_NKPAUtagDBDATE@@@Z 5f51af10 f i occsite.obj
 0001:00019f50       ?GetValue@CDynamicAccessor@ATL@@QBE_NKPAUtagDBTIMESTAMP@@@Z 5f51af50 f i occsite.obj
 0001:00019f90       ?SetValue@CDynamicAccessor@ATL@@QAE_NKABG@Z 5f51af90 f i occsite.obj
 0001:00019f90       ?SetValue@CDynamicAccessor@ATL@@QAE_NKABF@Z 5f51af90 f i occsite.obj
 0001:00019fd0       ?SetValue@CDynamicAccessor@ATL@@QAE_NKABK@Z 5f51afd0 f i occsite.obj
 0001:00019fd0       ?SetValue@CDynamicAccessor@ATL@@QAE_NKABM@Z 5f51afd0 f i occsite.obj
 0001:00019fd0       ?SetValue@CDynamicAccessor@ATL@@QAE_NKABJ@Z 5f51afd0 f i occsite.obj
 0001:0001a010       ?SetValue@CDynamicAccessor@ATL@@QAE_NKABN@Z 5f51b010 f i occsite.obj
 0001:0001a050       ?SetValue@CDynamicAccessor@ATL@@QAE_NKABUtagDBTIMESTAMP@@@Z 5f51b050 f i occsite.obj
 0001:0001a050       ?SetValue@CDynamicAccessor@ATL@@QAE_NKABUtagDEC@@@Z 5f51b050 f i occsite.obj
 0001:0001a090       ?SetValue@CDynamicAccessor@ATL@@QAE_NKABE@Z 5f51b090 f i occsite.obj
 0001:0001a090       ?SetValue@CDynamicAccessor@ATL@@QAE_NKABC@Z 5f51b090 f i occsite.obj
 0001:0001a0d0       ?_GetValue@CDynamicAccessor@ATL@@QBEXKPAUtagDB_NUMERIC@@@Z 5f51b0d0 f i occsite.obj
 0001:0001a190       ?_GetValue@CDynamicAccessor@ATL@@QBEXKPAUtagDBDATE@@@Z 5f51b190 f i occsite.obj
 0001:0001a190       ?_GetValue@CDynamicAccessor@ATL@@QBEXKPAUtagDBTIME@@@Z 5f51b190 f i occsite.obj
 0001:0001a230       ?_GetValue@CDynamicAccessor@ATL@@QBEXKPAUtagDBTIMESTAMP@@@Z 5f51b230 f i occsite.obj
 0001:0001a2e0       ?_SetValue@CDynamicAccessor@ATL@@QAEXKABG@Z 5f51b2e0 f i occsite.obj
 0001:0001a2e0       ?_SetValue@CDynamicAccessor@ATL@@QAEXKABF@Z 5f51b2e0 f i occsite.obj
 0001:0001a350       ?_SetValue@CDynamicAccessor@ATL@@QAEXKABM@Z 5f51b350 f i occsite.obj
 0001:0001a350       ?_SetValue@CDynamicAccessor@ATL@@QAEXKABK@Z 5f51b350 f i occsite.obj
 0001:0001a350       ?_SetValue@CDynamicAccessor@ATL@@QAEXKABJ@Z 5f51b350 f i occsite.obj
 0001:0001a3c0       ?_SetValue@CDynamicAccessor@ATL@@QAEXKABN@Z 5f51b3c0 f i occsite.obj
 0001:0001a430       ?_SetValue@CDynamicAccessor@ATL@@QAEXKABE@Z 5f51b430 f i occsite.obj
 0001:0001a430       ?_SetValue@CDynamicAccessor@ATL@@QAEXKABC@Z 5f51b430 f i occsite.obj
 0001:0001a4a0       ?_SetValue@CDynamicAccessor@ATL@@QAEXKABUtagDEC@@@Z 5f51b4a0 f i occsite.obj
 0001:0001a4a0       ?_SetValue@CDynamicAccessor@ATL@@QAEXKABUtagDBTIMESTAMP@@@Z 5f51b4a0 f i occsite.obj
 0001:0001a540       ??0COleControlLock@@QAE@ABU_GUID@@@Z 5f51b540 f   occlock.obj
 0001:0001a625       ??1COleControlLock@@UAE@XZ 5f51b625 f   occlock.obj
 0001:0001a672       ?AfxOleLockControl@@YGHABU_GUID@@@Z 5f51b672 f   occlock.obj
 0001:0001a7c0       ?AfxOleLockControl@@YGHPBD@Z 5f51b7c0 f   occlock.obj
 0001:0001a7ef       ?AfxOleUnlockControl@@YGHPBD@Z 5f51b7ef f   occlock.obj
 0001:0001a81e       ?AfxOleUnlockControl@@YGHABU_GUID@@@Z 5f51b81e f   occlock.obj
 0001:0001a8cc       ?AfxOleUnlockAllControls@@YGXXZ 5f51b8cc f   occlock.obj
 0001:0001a980       ??_ECOleControlLock@@UAEPAXI@Z 5f51b980 f i occlock.obj
 0001:0001a980       ??_GCOleControlLock@@UAEPAXI@Z 5f51b980 f i occlock.obj
 0001:0001a9b0       ?IsEmpty@CSimpleList@@QBEHXZ 5f51b9b0 f i occlock.obj
 0001:0001a9d0       ?AddHead@?$CTypedSimpleList@PAVCOleControlLock@@@@QAEXPAVCOleControlLock@@@Z 5f51b9d0 f i occlock.obj
 0001:0001a9f0       ?Remove@?$CTypedSimpleList@PAVCOleControlLock@@@@QAEHPAVCOleControlLock@@@Z 5f51b9f0 f i occlock.obj
 0001:0001aa10       ??B?$CTypedSimpleList@PAVCOleControlLock@@@@QAEPAVCOleControlLock@@XZ 5f51ba10 f i occlock.obj
 0001:0001aa30       ?DDX_OCText@@YGXPAVCDataExchange@@HJAAVCString@@@Z 5f51ba30 f   occddx.obj
 0001:0001aa80       ?DDX_OCTextRO@@YGXPAVCDataExchange@@HJAAVCString@@@Z 5f51ba80 f   occddx.obj
 0001:0001aad5       ?DDX_OCBool@@YGXPAVCDataExchange@@HJAAH@Z 5f51bad5 f   occddx.obj
 0001:0001ab22       ?DDX_OCBoolRO@@YGXPAVCDataExchange@@HJAAH@Z 5f51bb22 f   occddx.obj
 0001:0001ab43       ?DDX_OCInt@@YGXPAVCDataExchange@@HJAAH@Z 5f51bb43 f   occddx.obj
 0001:0001ab90       ?DDX_OCIntRO@@YGXPAVCDataExchange@@HJAAH@Z 5f51bb90 f   occddx.obj
 0001:0001abb1       ?DDX_OCInt@@YGXPAVCDataExchange@@HJAAJ@Z 5f51bbb1 f   occddx.obj
 0001:0001abfe       ?DDX_OCIntRO@@YGXPAVCDataExchange@@HJAAJ@Z 5f51bbfe f   occddx.obj
 0001:0001ac1f       ?DDX_OCShort@@YGXPAVCDataExchange@@HJAAF@Z 5f51bc1f f   occddx.obj
 0001:0001ac6d       ?DDX_OCShortRO@@YGXPAVCDataExchange@@HJAAF@Z 5f51bc6d f   occddx.obj
 0001:0001ac8e       ?DDX_OCColor@@YGXPAVCDataExchange@@HJAAK@Z 5f51bc8e f   occddx.obj
 0001:0001acdb       ?DDX_OCColorRO@@YGXPAVCDataExchange@@HJAAK@Z 5f51bcdb f   occddx.obj
 0001:0001ad00       ?DDX_OCFloat@@YGXPAVCDataExchange@@HJAAM@Z 5f51bd00 f   occddxf.obj
 0001:0001ad52       ?DDX_OCFloatRO@@YGXPAVCDataExchange@@HJAAM@Z 5f51bd52 f   occddxf.obj
 0001:0001ad85       ?DDX_OCFloat@@YGXPAVCDataExchange@@HJAAN@Z 5f51bd85 f   occddxf.obj
 0001:0001add6       ?DDX_OCFloatRO@@YGXPAVCDataExchange@@HJAAN@Z 5f51bdd6 f   occddxf.obj
 0001:0001ae10       ?_AfxGetDlgCode@@YGKPAVCWnd@@PAUtagMSG@@@Z 5f51be10 f   occdlg.obj
 0001:0001ae5e       ?_AfxDlgSetFocus@@YGXPAVCWnd@@@Z 5f51be5e f   occdlg.obj
 0001:0001ae90       ?_AfxGetChildControl@@YGPAVCWnd@@PAV1@0@Z 5f51be90 f   occdlg.obj
 0001:0001af4d       ?_AfxNextControl@@YGPAVCWnd@@PAV1@0I@Z 5f51bf4d f   occdlg.obj
 0001:0001b067       ?IsMatchingMnemonic@COccManager@@SAHPAVCWnd@@PAUtagMSG@@@Z 5f51c067 f   occdlg.obj
 0001:0001b09e       ?_AfxFindNextMnem@@YGPAVCWnd@@PAV1@0PAUtagMSG@@@Z 5f51c09e f   occdlg.obj
 0001:0001b16a       ?IsLabelControl@COccManager@@SAHPAVCWnd@@@Z 5f51c16a f   occdlg.obj
 0001:0001b1ac       ?_AfxGetNextMnem@@YGPAVCWnd@@PAV1@0PAUtagMSG@@@Z 5f51c1ac f   occdlg.obj
 0001:0001b253       ?UIActivateControl@COccManager@@KAXPAVCWnd@@@Z 5f51c253 f   occdlg.obj
 0001:0001b2d8       ?UIDeactivateIfNecessary@COccManager@@KAXPAVCWnd@@0@Z 5f51c2d8 f   occdlg.obj
 0001:0001b3a1       ?_AfxFindDlgItem@@YGPAVCWnd@@PAV1@K@Z 5f51c3a1 f   occdlg.obj
 0001:0001b41d       ?SetDefaultButton@COccManager@@SAXPAVCWnd@@H@Z 5f51c41d f   occdlg.obj
 0001:0001b47c       ?GetDefBtnCode@COccManager@@SAKPAVCWnd@@@Z 5f51c47c f   occdlg.obj
 0001:0001b4af       ?_AfxRemoveDefaultButton@@YGXPAVCWnd@@0@Z 5f51c4af f   occdlg.obj
 0001:0001b535       ?_AfxOriginalDefButton@@YGHPAVCWnd@@@Z 5f51c535 f   occdlg.obj
 0001:0001b584       ?_AfxCheckDefPushButton@@YGXPAVCWnd@@00@Z 5f51c584 f   occdlg.obj
 0001:0001b6da       ?IsDialogMessageA@COccManager@@UAEHPAVCWnd@@PAUtagMSG@@@Z 5f51c6da f   occdlg.obj
 0001:0001bc30       ?OnSaveViewState@CDocObjectServer@@MAEXAAVCArchive@@@Z 5f51cc30 f   oledocvw.obj
 0001:0001bc3d       ?OnApplyViewState@CDocObjectServer@@MAEXAAVCArchive@@@Z 5f51cc3d f   oledocvw.obj
 0001:0001bc4a       ?OnActivateView@CDocObjectServer@@MAEJXZ 5f51cc4a f   oledocvw.obj
 0001:0001c49c       ?AddRef@XOleDocumentView@CDocObjectServer@@UAGKXZ 5f51d49c f   oledocvw.obj
 0001:0001c506       ?Release@XOleDocumentView@CDocObjectServer@@UAGKXZ 5f51d506 f   oledocvw.obj
 0001:0001c570       ?QueryInterface@XOleDocumentView@CDocObjectServer@@UAGJABU_GUID@@PAPAX@Z 5f51d570 f   oledocvw.obj
 0001:0001c5e2       ?SetInPlaceSite@XOleDocumentView@CDocObjectServer@@UAGJPAUIOleInPlaceSite@@@Z 5f51d5e2 f   oledocvw.obj
 0001:0001c6c1       ?GetInPlaceSite@XOleDocumentView@CDocObjectServer@@UAGJPAPAUIOleInPlaceSite@@@Z 5f51d6c1 f   oledocvw.obj
 0001:0001c783       ?GetDocument@XOleDocumentView@CDocObjectServer@@UAGJPAPAUIUnknown@@@Z 5f51d783 f   oledocvw.obj
 0001:0001c85b       ?OnSetItemRects@CDocObjectServer@@IAEXPAUtagRECT@@0@Z 5f51d85b f   oledocvw.obj
 0001:0001c884       ?SetRect@XOleDocumentView@CDocObjectServer@@UAGJPAUtagRECT@@@Z 5f51d884 f   oledocvw.obj
 0001:0001c989       ?GetRect@XOleDocumentView@CDocObjectServer@@UAGJPAUtagRECT@@@Z 5f51d989 f   oledocvw.obj
 0001:0001ca34       ?SetRectComplex@XOleDocumentView@CDocObjectServer@@UAGJPAUtagRECT@@000@Z 5f51da34 f   oledocvw.obj
 0001:0001caaa       ?Show@XOleDocumentView@CDocObjectServer@@UAGJH@Z 5f51daaa f   oledocvw.obj
 0001:0001cb5a       ?UIActivate@XOleDocumentView@CDocObjectServer@@UAGJH@Z 5f51db5a f   oledocvw.obj
 0001:0001cc0b       ?Open@XOleDocumentView@CDocObjectServer@@UAGJXZ 5f51dc0b f   oledocvw.obj
 0001:0001cca5       ?CloseView@XOleDocumentView@CDocObjectServer@@UAGJK@Z 5f51dca5 f   oledocvw.obj
 0001:0001cd39       ?SaveViewState@XOleDocumentView@CDocObjectServer@@UAGJPAUIStream@@@Z 5f51dd39 f   oledocvw.obj
 0001:0001cef8       ?ApplyViewState@XOleDocumentView@CDocObjectServer@@UAGJPAUIStream@@@Z 5f51def8 f   oledocvw.obj
 0001:0001d0b7       ?Clone@XOleDocumentView@CDocObjectServer@@UAGJPAUIOleInPlaceSite@@PAPAUIOleDocumentView@@@Z 5f51e0b7 f   oledocvw.obj
 0001:0001d130       ?_GetBaseClass@CDocObjectServer@@KGPAUCRuntimeClass@@XZ 5f51e130 f   oledocob.obj
 0001:0001d13a       ?GetRuntimeClass@CDocObjectServer@@UBEPAUCRuntimeClass@@XZ 5f51e13a f   oledocob.obj
 0001:0001d14a       ?_GetBaseMessageMap@CDocObjectServer@@KGPBUAFX_MSGMAP@@XZ 5f51e14a f   oledocob.obj
 0001:0001d154       ?GetMessageMap@CDocObjectServer@@MBEPBUAFX_MSGMAP@@XZ 5f51e154 f   oledocob.obj
 0001:0001d164       ?_GetBaseInterfaceMap@CDocObjectServer@@KGPBUAFX_INTERFACEMAP@@XZ 5f51e164 f   oledocob.obj
 0001:0001d16e       ?GetInterfaceMap@CDocObjectServer@@MBEPBUAFX_INTERFACEMAP@@XZ 5f51e16e f   oledocob.obj
 0001:0001d17e       ??0CDocObjectServer@@QAE@PAVCOleServerDoc@@PAUIOleDocumentSite@@@Z 5f51e17e f   oledocob.obj
 0001:0001d266       ??1CDocObjectServer@@UAE@XZ 5f51e266 f   oledocob.obj
 0001:0001d2b7       ?ReleaseDocSite@CDocObjectServer@@QAEXXZ 5f51e2b7 f   oledocob.obj
 0001:0001d2e7       ?SetDocSite@CDocObjectServer@@QAEXPAUIOleDocumentSite@@@Z 5f51e2e7 f   oledocob.obj
 0001:0001d305       ?OnCloseDocument@CDocObjectServer@@UAEXXZ 5f51e305 f   oledocob.obj
 0001:0001d32c       ?ActivateDocObject@CDocObjectServer@@QAEXXZ 5f51e32c f   oledocob.obj
 0001:0001d3a0       ?OnExecOleCmd@CDocObjectServer@@IAGJPBU_GUID@@KKPAUtagVARIANT@@1@Z 5f51e3a0 f   oledocob.obj
 0001:0001d405       ?GetControllingFrame@CDocObjectServer@@QBEPAVCOleDocIPFrameWnd@@XZ 5f51e405 f   oledocob.obj
 0001:0001d48b       ?DoPreparePrinting@CDocObjectServer@@IAEHPAVCView@@PAUCPrintInfo@@@Z 5f51e48b f   oledocob.obj
 0001:0001d4aa       ?DoPrepareDC@CDocObjectServer@@IAEXPAVCView@@PAVCDC@@PAUCPrintInfo@@@Z 5f51e4aa f   oledocob.obj
 0001:0001d4cd       ?DoPrint@CDocObjectServer@@IAEXPAVCView@@PAVCDC@@PAUCPrintInfo@@@Z 5f51e4cd f   oledocob.obj
 0001:0001d4f0       ?DoBeginPrinting@CDocObjectServer@@IAEXPAVCView@@PAVCDC@@PAUCPrintInfo@@@Z 5f51e4f0 f   oledocob.obj
 0001:0001d513       ?DoEndPrinting@CDocObjectServer@@IAEXPAVCView@@PAVCDC@@PAUCPrintInfo@@@Z 5f51e513 f   oledocob.obj
 0001:0001d536       ?AddRef@XPrint@CDocObjectServer@@UAGKXZ 5f51e536 f   oledocob.obj
 0001:0001d5a0       ?Release@XPrint@CDocObjectServer@@UAGKXZ 5f51e5a0 f   oledocob.obj
 0001:0001d60a       ?QueryInterface@XPrint@CDocObjectServer@@UAGJABU_GUID@@PAPAX@Z 5f51e60a f   oledocob.obj
 0001:0001d679       ?SetInitialPageNum@XPrint@CDocObjectServer@@UAGJJ@Z 5f51e679 f   oledocob.obj
 0001:0001d6f8       ?GetPageInfo@XPrint@CDocObjectServer@@UAGJPAJ0@Z 5f51e6f8 f   oledocob.obj
 0001:0001d896       ?Print@XPrint@CDocObjectServer@@UAGJKPAPAUtagDVTARGETDEVICE@@PAPAUtagPAGESET@@PAUtagSTGMEDIUM@@PAUIContinueCallback@@JPAJ4@Z 5f51e896 f   oledocob.obj
 0001:0001e491       ?AddRef@XOleDocument@CDocObjectServer@@UAGKXZ 5f51f491 f   oledocob.obj
 0001:0001e4fb       ?Release@XOleDocument@CDocObjectServer@@UAGKXZ 5f51f4fb f   oledocob.obj
 0001:0001e565       ?QueryInterface@XOleDocument@CDocObjectServer@@UAGJABU_GUID@@PAPAX@Z 5f51f565 f   oledocob.obj
 0001:0001e5d4       ?CreateView@XOleDocument@CDocObjectServer@@UAGJPAUIOleInPlaceSite@@PAUIStream@@KPAPAUIOleDocumentView@@@Z 5f51f5d4 f   oledocob.obj
[...]
 0003:000029c4       __imp__RegEnumKeyA@16      5f5b39c4     advapi32:ADVAPI32.dll
 0003:000029c8       \177ADVAPI32_NULL_THUNK_DATA_DLA 5f5b39c8     advapi32:ADVAPI32.dll
 0003:000029cc       __imp__SafeArrayPutElement@12 5f5b39cc     oleaut32:OLEAUT32.dll
 0003:000029d0       __imp__VarBstrFromDate@20  5f5b39d0     oleaut32:OLEAUT32.dll
 0003:000029d4       __imp__VarDateFromStr@16   5f5b39d4     oleaut32:OLEAUT32.dll
 0003:000029d8       __imp__SysAllocStringByteLen@8 5f5b39d8     oleaut32:OLEAUT32.dll
 0003:000029dc       __imp__SysStringLen@4      5f5b39dc     oleaut32:OLEAUT32.dll
 0003:000029e0       __imp__LoadRegTypeLib@20   5f5b39e0     oleaut32:OLEAUT32.dll
 0003:000029e4       __imp__RegisterTypeLib@12  5f5b39e4     oleaut32:OLEAUT32.dll
 0003:000029e8       __imp__VariantTimeToSystemTime@12 5f5b39e8     oleaut32:OLEAUT32.dll
 0003:000029ec       __imp__LoadTypeLib@8       5f5b39ec     oleaut32:OLEAUT32.dll
 0003:000029f0       __imp__DosDateTimeToVariantTime@12 5f5b39f0     oleaut32:OLEAUT32.dll
 0003:000029f4       __imp__SafeArrayCreateVector@12 5f5b39f4     oleaut32:OLEAUT32.dll
 0003:000029f8       __imp__SafeArrayDestroyDescriptor@4 5f5b39f8     oleaut32:OLEAUT32.dll
 0003:000029fc       __imp__SafeArrayDestroyData@4 5f5b39fc     oleaut32:OLEAUT32.dll
 0003:00002a00       __imp__SafeArrayDestroy@4  5f5b3a00     oleaut32:OLEAUT32.dll
 0003:00002a04       __imp__SafeArrayUnlock@4   5f5b3a04     oleaut32:OLEAUT32.dll
 0003:00002a08       __imp__SafeArrayLock@4     5f5b3a08     oleaut32:OLEAUT32.dll
 0003:00002a0c       __imp__SafeArrayGetDim@4   5f5b3a0c     oleaut32:OLEAUT32.dll
 0003:00002a10       __imp__SafeArrayPtrOfIndex@12 5f5b3a10     oleaut32:OLEAUT32.dll
 0003:00002a14       __imp__SafeArrayGetElement@12 5f5b3a14     oleaut32:OLEAUT32.dll
 0003:00002a18       __imp__SafeArrayAllocDescriptor@8 5f5b3a18     oleaut32:OLEAUT32.dll
 0003:00002a1c       __imp__SafeArrayAllocData@4 5f5b3a1c     oleaut32:OLEAUT32.dll
 0003:00002a20       __imp__SafeArrayCopy@8     5f5b3a20     oleaut32:OLEAUT32.dll
 0003:00002a24       __imp__SafeArrayGetUBound@12 5f5b3a24     oleaut32:OLEAUT32.dll
 0003:00002a28       __imp__SafeArrayGetLBound@12 5f5b3a28     oleaut32:OLEAUT32.dll
 0003:00002a2c       __imp__VarBstrFromCy@20    5f5b3a2c     oleaut32:OLEAUT32.dll
 0003:00002a30       __imp__VarCyFromStr@16     5f5b3a30     oleaut32:OLEAUT32.dll
 0003:00002a34       __imp__SysStringByteLen@4  5f5b3a34     oleaut32:OLEAUT32.dll
 0003:00002a38       __imp__SafeArrayCreate@12  5f5b3a38     oleaut32:OLEAUT32.dll
 0003:00002a3c       __imp__SafeArrayRedim@8    5f5b3a3c     oleaut32:OLEAUT32.dll
 0003:00002a40       __imp__SafeArrayUnaccessData@4 5f5b3a40     oleaut32:OLEAUT32.dll
 0003:00002a44       __imp__SafeArrayGetElemsize@4 5f5b3a44     oleaut32:OLEAUT32.dll
 0003:00002a48       __imp__VariantClear@4      5f5b3a48     oleaut32:OLEAUT32.dll
 0003:00002a4c       __imp__VariantCopy@8       5f5b3a4c     oleaut32:OLEAUT32.dll
 0003:00002a50       __imp__SafeArrayAccessData@8 5f5b3a50     oleaut32:OLEAUT32.dll
 0003:00002a54       __imp__SysAllocString@4    5f5b3a54     oleaut32:OLEAUT32.dll
 0003:00002a58       __imp__SysFreeString@4     5f5b3a58     oleaut32:OLEAUT32.dll
 0003:00002a5c       __imp__SysReAllocStringLen@12 5f5b3a5c     oleaut32:OLEAUT32.dll
 0003:00002a60       __imp__SysAllocStringLen@8 5f5b3a60     oleaut32:OLEAUT32.dll
 0003:00002a64       __imp__VariantChangeType@16 5f5b3a64     oleaut32:OLEAUT32.dll
 0003:00002a68       \177OLEAUT32_NULL_THUNK_DATA_DLA 5f5b3a68     oleaut32:OLEAUT32.dll
 0003:00002a6c       __imp__OleCreateFontIndirect@12 5f5b3a6c     olepro32:OLEPRO32.DLL
 0003:00002a70       __imp__OleCreatePropertyFrame@44 5f5b3a70     olepro32:OLEPRO32.DLL
 0003:00002a74       __imp__OleLoadPicture@20   5f5b3a74     olepro32:OLEPRO32.DLL
 0003:00002a78       __imp__OleTranslateColor@12 5f5b3a78     olepro32:OLEPRO32.DLL
 0003:00002a7c       __imp__OleCreatePictureIndirect@16 5f5b3a7c     olepro32:OLEPRO32.DLL
 0003:00002a80       \177OLEPRO32_NULL_THUNK_DATA_DLA 5f5b3a80     olepro32:OLEPRO32.DLL
 0003:00002a84       __imp__ExtractIconA@12     5f5b3a84     shell32:SHELL32.dll
 0003:00002a88       __imp__DragFinish@4        5f5b3a88     shell32:SHELL32.dll
 0003:00002a8c       __imp__DragQueryFileA@16   5f5b3a8c     shell32:SHELL32.dll
 0003:00002a90       \177SHELL32_NULL_THUNK_DATA_DLA 5f5b3a90     shell32:SHELL32.dll
 0003:00002a94       __imp__ReadFmtUserTypeStg@12 5f5b3a94     ole32:ole32.dll
 0003:00002a98       __imp__CreateFileMoniker@8 5f5b3a98     ole32:ole32.dll
 0003:00002a9c       __imp__CoGetMalloc@8       5f5b3a9c     ole32:ole32.dll
 0003:00002aa0       __imp__StgCreateDocfile@16 5f5b3aa0     ole32:ole32.dll
 0003:00002aa4       __imp__StgOpenStorage@24   5f5b3aa4     ole32:ole32.dll
 0003:00002aa8       __imp__OleRegGetUserType@12 5f5b3aa8     ole32:ole32.dll
 0003:00002aac       __imp__GetClassFile@8      5f5b3aac     ole32:ole32.dll
 0003:00002ab0       __imp__ReadClassStg@8      5f5b3ab0     ole32:ole32.dll
 0003:00002ab4       __imp__StgIsStorageFile@4  5f5b3ab4     ole32:ole32.dll
 0003:00002ab8       __imp__CoLockObjectExternal@12 5f5b3ab8     ole32:ole32.dll
 0003:00002abc       __imp__RevokeDragDrop@4    5f5b3abc     ole32:ole32.dll
 0003:00002ac0       __imp__CoRegisterMessageFilter@8 5f5b3ac0     ole32:ole32.dll
 0003:00002ac4       __imp__CoRegisterClassObject@20 5f5b3ac4     ole32:ole32.dll
 0003:00002ac8       __imp__CoRevokeClassObject@4 5f5b3ac8     ole32:ole32.dll
 0003:00002acc       __imp__OleTranslateAccelerator@12 5f5b3acc     ole32:ole32.dll
 0003:00002ad0       __imp__IsAccelerator@16    5f5b3ad0     ole32:ole32.dll
 0003:00002ad4       __imp__CoCreateInstance@20 5f5b3ad4     ole32:ole32.dll
 0003:00002ad8       __imp__OleDestroyMenuDescriptor@4 5f5b3ad8     ole32:ole32.dll
 0003:00002adc       __imp__GetRunningObjectTable@8 5f5b3adc     ole32:ole32.dll
 0003:00002ae0       __imp__WriteClassStg@8     5f5b3ae0     ole32:ole32.dll
 0003:00002ae4       __imp__OleDuplicateData@12 5f5b3ae4     ole32:ole32.dll
 0003:00002ae8       __imp__SetConvertStg@8     5f5b3ae8     ole32:ole32.dll
 0003:00002aec       __imp__WriteFmtUserTypeStg@12 5f5b3aec     ole32:ole32.dll
 0003:00002af0       __imp__CoTreatAsClass@8    5f5b3af0     ole32:ole32.dll
 0003:00002af4       __imp__CoDisconnectObject@8 5f5b3af4     ole32:ole32.dll
 0003:00002af8       __imp__OleRegEnumVerbs@8   5f5b3af8     ole32:ole32.dll
 0003:00002afc       __imp__OleRegGetMiscStatus@12 5f5b3afc     ole32:ole32.dll
 0003:00002b00       __imp__CreateOleAdviseHolder@4 5f5b3b00     ole32:ole32.dll
 0003:00002b04       __imp__CreateDataAdviseHolder@4 5f5b3b04     ole32:ole32.dll
 0003:00002b08       __imp__CoGetClassObject@20 5f5b3b08     ole32:ole32.dll
 0003:00002b0c       __imp__StringFromGUID2@12  5f5b3b0c     ole32:ole32.dll
 0003:00002b10       __imp__CreateDataCache@16  5f5b3b10     ole32:ole32.dll
 0003:00002b14       __imp__ReadClassStm@8      5f5b3b14     ole32:ole32.dll
 0003:00002b18       __imp__OleLoadFromStream@12 5f5b3b18     ole32:ole32.dll
 0003:00002b1c       __imp__CLSIDFromString@8   5f5b3b1c     ole32:ole32.dll
 0003:00002b20       __imp__CLSIDFromProgID@8   5f5b3b20     ole32:ole32.dll
 0003:00002b24       __imp__CreateBindCtx@8     5f5b3b24     ole32:ole32.dll
 0003:00002b28       __imp__OleSetClipboard@4   5f5b3b28     ole32:ole32.dll
 0003:00002b2c       __imp__OleIsCurrentClipboard@4 5f5b3b2c     ole32:ole32.dll
 0003:00002b30       __imp__OleGetClipboard@4   5f5b3b30     ole32:ole32.dll
 0003:00002b34       __imp__CoTaskMemAlloc@4    5f5b3b34     ole32:ole32.dll
 0003:00002b38       __imp__OleRun@4            5f5b3b38     ole32:ole32.dll
 0003:00002b3c       __imp__OleQueryLinkFromData@4 5f5b3b3c     ole32:ole32.dll
 0003:00002b40       __imp__OleQueryCreateFromData@4 5f5b3b40     ole32:ole32.dll
 0003:00002b44       __imp__OleSetMenuDescriptor@20 5f5b3b44     ole32:ole32.dll
 0003:00002b48       __imp__OleIsRunning@4      5f5b3b48     ole32:ole32.dll
 0003:00002b4c       __imp__CreateItemMoniker@12 5f5b3b4c     ole32:ole32.dll
 0003:00002b50       __imp__CreateGenericComposite@12 5f5b3b50     ole32:ole32.dll
 0003:00002b54       __imp__CreateStreamOnHGlobal@12 5f5b3b54     ole32:ole32.dll
 0003:00002b58       __imp__OleSaveToStream@8   5f5b3b58     ole32:ole32.dll
 0003:00002b5c       __imp__WriteClassStm@8     5f5b3b5c     ole32:ole32.dll
 0003:00002b60       __imp__OleGetIconOfClass@12 5f5b3b60     ole32:ole32.dll
 0003:00002b64       __imp__ReleaseStgMedium@4  5f5b3b64     ole32:ole32.dll
 0003:00002b68       __imp__GetHGlobalFromILockBytes@8 5f5b3b68     ole32:ole32.dll
 0003:00002b6c       __imp__StgIsStorageILockBytes@4 5f5b3b6c     ole32:ole32.dll
 0003:00002b70       __imp__StgOpenStorageOnILockBytes@24 5f5b3b70     ole32:ole32.dll
 0003:00002b74       __imp__CreateILockBytesOnHGlobal@12 5f5b3b74     ole32:ole32.dll
 0003:00002b78       __imp__StgCreateDocfileOnILockBytes@16 5f5b3b78     ole32:ole32.dll
 0003:00002b7c       __imp__OleSave@12          5f5b3b7c     ole32:ole32.dll
 0003:00002b80       __imp__OleLoad@16          5f5b3b80     ole32:ole32.dll
 0003:00002b84       __imp__OleCreate@28        5f5b3b84     ole32:ole32.dll
 0003:00002b88       __imp__OleCreateLinkToFile@28 5f5b3b88     ole32:ole32.dll
 0003:00002b8c       __imp__OleCreateFromFile@32 5f5b3b8c     ole32:ole32.dll
 0003:00002b90       __imp__OleCreateStaticFromData@28 5f5b3b90     ole32:ole32.dll
 0003:00002b94       __imp__OleCreateLinkFromData@28 5f5b3b94     ole32:ole32.dll
 0003:00002b98       __imp__OleCreateFromData@28 5f5b3b98     ole32:ole32.dll
 0003:00002b9c       __imp__OleSetContainedObject@8 5f5b3b9c     ole32:ole32.dll
 0003:00002ba0       __imp__StringFromCLSID@8   5f5b3ba0     ole32:ole32.dll
 0003:00002ba4       __imp__CoTaskMemFree@4     5f5b3ba4     ole32:ole32.dll
 0003:00002ba8       __imp__OleLockRunning@12   5f5b3ba8     ole32:ole32.dll
 0003:00002bac       __imp__CoFreeUnusedLibraries@0 5f5b3bac     ole32:ole32.dll
 0003:00002bb0       __imp__OleUninitialize@0   5f5b3bb0     ole32:ole32.dll
 0003:00002bb4       __imp__OleInitialize@4     5f5b3bb4     ole32:ole32.dll
 0003:00002bb8       __imp__OleFlushClipboard@0 5f5b3bb8     ole32:ole32.dll
 0003:00002bbc       __imp__DoDragDrop@16       5f5b3bbc     ole32:ole32.dll
 0003:00002bc0       __imp__RegisterDragDrop@8  5f5b3bc0     ole32:ole32.dll
 0003:00002bc4       __imp__OleCreateMenuDescriptor@8 5f5b3bc4     ole32:ole32.dll
 0003:00002bc8       \177ole32_NULL_THUNK_DATA_DLA 5f5b3bc8     ole32:ole32.dll
 0003:00002bcc       __imp__OleUIInsertObjectA@4 5f5b3bcc     oledlg:oledlg.dll
 0003:00002bd0       __imp__OleUIUpdateLinksA@16 5f5b3bd0     oledlg:oledlg.dll
 0003:00002bd4       __imp__OleUIPasteSpecialA@4 5f5b3bd4     oledlg:oledlg.dll
 0003:00002bd8       __imp__OleUIBusyA@4        5f5b3bd8     oledlg:oledlg.dll
 0003:00002bdc       __imp__OleUIObjectPropertiesA@4 5f5b3bdc     oledlg:oledlg.dll
 0003:00002be0       __imp__OleUIChangeSourceA@4 5f5b3be0     oledlg:oledlg.dll
 0003:00002be4       __imp__OleUIAddVerbMenuA@36 5f5b3be4     oledlg:oledlg.dll
 0003:00002be8       __imp__OleUIEditLinksA@4   5f5b3be8     oledlg:oledlg.dll
 0003:00002bec       __imp__OleUIChangeIconA@4  5f5b3bec     oledlg:oledlg.dll
 0003:00002bf0       __imp__OleUIConvertA@4     5f5b3bf0     oledlg:oledlg.dll
 0003:00002bf4       \177oledlg_NULL_THUNK_DATA_DLA 5f5b3bf4     oledlg:oledlg.dll
 0003:00002bf8       __imp__IsAsyncMoniker@4    5f5b3bf8     urlmon:urlmon.dll
 0003:00002bfc       __imp__RegisterBindStatusCallback@16 5f5b3bfc     urlmon:urlmon.dll
 0003:00002c00       __imp__CreateAsyncBindCtx@16 5f5b3c00     urlmon:urlmon.dll
 0003:00002c04       __imp__CreateURLMoniker@12 5f5b3c04     urlmon:urlmon.dll
 0003:00002c08       \177urlmon_NULL_THUNK_DATA_DLA 5f5b3c08     urlmon:urlmon.dll
 0003:00002c10       ?ATL_CREATE_OBJECT@CComApartment@ATL@@2IA 5f5b3c10     dllole.obj
 0003:00002c18       ?m_libid@CComModule@ATL@@2U_GUID@@A 5f5b3c18     dllole.obj
 0003:00002c28       ?_pModule@ATL@@3PAVCComModule@1@A 5f5b3c28     dllole.obj
 0003:00003cd8       ?_afxOleWinApp@@3VCWinApp@@A 5f5b4cd8     dllole.obj
 0003:00003da0       ?_afxInitOleDllState@@3V_AFX_INIT_OLE_DLL_STATE@@A 5f5b4da0     dllole.obj
 0003:00003da4       ?_afxTickInit@@3HA         5f5b4da4     oleinit.obj
 0003:00003da8       ?_oleData@@3UOLE_DATA@@A   5f5b4da8     oleinit.obj
 0003:00003de8       ?_afxOleState@@3V?$CProcessLocal@V_AFX_OLE_STATE@@@@A 5f5b4de8     oledata.obj
 0003:00003dec       ?_init_CDocItem@@3UAFX_CLASSINIT@@A 5f5b4dec     oledoc1.obj
 0003:00003df4       ?nDragDelay@COleDropSource@@1IA 5f5b4df4     oledrop1.obj
 0003:00003df8       ?nDragMinDist@COleDropSource@@1IA 5f5b4df8     oledrop1.obj
 0003:00003e00       ?nScrollInterval@COleDropTarget@@1IA 5f5b4e00     oledrop2.obj
 0003:00003e04       ?nScrollDelay@COleDropTarget@@1IA 5f5b4e04     oledrop2.obj
 0003:00003e08       ?nScrollInset@COleDropTarget@@1HA 5f5b4e08     oledrop2.obj
 0003:00003edc       ?_init_CRichEditCntrItem@@3UAFX_CLASSINIT@@A 5f5b4edc     viewrich.obj
 0003:00003ee0       ?_afxMsgFindReplace2@@3IB  5f5b4ee0     viewrich.obj
 0003:00003ee4       ?_afxOccManager@@3V?$CProcessLocal@VCOccManager@@@@A 5f5b4ee4     occmgr.obj
 0003:00003f38       ?_afxLargeZero@@3T_LARGE_INTEGER@@A 5f5b4f38     ctlpset.obj
 0003:00003f40       ?_afxAmbientCache@@3V?$CThreadLocal@V_AFXCTL_AMBIENT_CACHE@@@@A 5f5b4f40     ctlquick.obj
 0003:00003f50       ?factory@CColorPropPage@@1VCColorPropPageFactory@1@A 5f5b4f50     ppgcolor.obj
 0003:00003f9c       ?hPal@@3PAUHPALETTE__@@A   5f5b4f9c     ppgcolor.obj
 0003:00003fa0       ?idClicked@CColorButton@@2IA 5f5b4fa0     ppgcolor.obj
 0003:00003fb0       ?factory@CFontPropPage@@1VCFontPropPageFactory@1@A 5f5b4fb0     ppgfont.obj
 0003:00004008       ?factory@CPicturePropPage@@1VCPicturePropPageFactory@1@A 5f5b5008     ppgpict.obj
 0003:00004058       __hmod__OLEPRO32           5f5b5058     olepro32:OLEPRO32.DLL
 0003:0000405c       __hmod__ADVAPI32           5f5b505c     advapi32:ADVAPI32.dll
 0003:00004060       __hmod__OLE32              5f5b5060     ole32:ole32.dll
 0003:00004064       __hmod__OLEAUT32           5f5b5064     oleaut32:OLEAUT32.dll
 0003:00004068       __hmod__OLEDLG             5f5b5068     oledlg:oledlg.dll
 0003:0000406c       __hmod__URLMON             5f5b506c     urlmon:urlmon.dll
 0003:00004070       __hmod__SHELL32            5f5b5070     shell32:SHELL32.dll
 0003:00004074       ___puiHead                 5f5b5074     delayimp:delayhlp.obj
 0003:00004078       ___pfnDliFailureHook       5f5b5078     delayimp:delayhk1.obj
 0003:0000407c       ___pfnDliNotifyHook        5f5b507c     delayimp:delayhk2.obj
 0003:00004080       __adjust_fdiv              5f5b5080     <common>
 0003:00004084       ___onexitend               5f5b5084     <common>
 0003:00004088       ___onexitbegin             5f5b5088     <common>

 entry point at        0001:0004ba80

 Static symbols

 0001:0004911b       _$E376                     5f54a11b f   ppgpict.obj
 0001:0004912a       _$E372                     5f54a12a f   ppgpict.obj
 0001:0004914a       _$E375                     5f54a14a f   ppgpict.obj
 0001:0004915c       _$E373                     5f54a15c f   ppgpict.obj
 0001:00047c12       _$E376                     5f548c12 f   ppgfont.obj
 0001:00047c21       _$E372                     5f548c21 f   ppgfont.obj
 0001:00047c41       _$E375                     5f548c41 f   ppgfont.obj
 0001:00047c53       _$E373                     5f548c53 f   ppgfont.obj
 0001:00045171       _$E376                     5f546171 f   ppgcolor.obj
 0001:00045180       _$E372                     5f546180 f   ppgcolor.obj
 0001:000451a0       _$E375                     5f5461a0 f   ppgcolor.obj
 0001:000451b2       _$E373                     5f5461b2 f   ppgcolor.obj
 0001:000428a0       _$E375                     5f5438a0 f   ctlquick.obj
 0001:000428af       _$E372                     5f5438af f   ctlquick.obj
 0001:000428b4       _$E374                     5f5438b4 f   ctlquick.obj
 0001:000428c6       _$E373                     5f5438c6 f   ctlquick.obj
 0001:0003102b       _$E373                     5f53202b f   ctlppg.obj
 0001:00034c0a       _$E375                     5f535c0a f   ctlppg.obj
 0001:0001aee7       ?HasChildStyle@@YAHPAVCWnd@@@Z 5f51bee7 f   occdlg.obj
 0001:0001af09       ?TestStyle@@YAKPAVCWnd@@K@Z 5f51bf09 f   occdlg.obj
 0001:0001af20       ?IsControlParent@@YAHPAVCWnd@@@Z 5f51bf20 f   occdlg.obj
 0001:0001af36       ?TestExStyle@@YAKPAVCWnd@@K@Z 5f51bf36 f   occdlg.obj
 0001:0001aaa1       ?DDX_OCPropertyRO@@YAXPAVCDataExchange@@HJGPAX@Z 5f51baa1 f   occddx.obj
 0001:0000c780       _$E383                     5f50d780 f   occmgr.obj
 0001:0000c78f       _$E380                     5f50d78f f   occmgr.obj
 0001:0000c794       _$E382                     5f50d794 f   occmgr.obj
 0001:0000c7a6       _$E381                     5f50d7a6 f   occmgr.obj
 0001:0000c8e9       ?IsDialogEx@@YAHPBUDLGTEMPLATE@@@Z 5f50d8e9 f   occmgr.obj
 0001:0000cb63       ?DlgTemplateItemCount@@YAABGPBUDLGTEMPLATE@@@Z 5f50db63 f   occmgr.obj
 0001:0000ce03       ?DlgTemplateItemCount@@YAAAGPAUDLGTEMPLATE@@@Z 5f50de03 f   occmgr.obj
 0001:0004ce61       _$E373                     5f54de61 f   viewrich.obj
 0001:0004ce6b       _$E372                     5f54de6b f   viewrich.obj
 0001:00053e9f       _$E376                     5f554e9f f   viewrich.obj
 0001:00053ea9       _$E375                     5f554ea9 f   viewrich.obj
 0001:000535f8       _$E373                     5f5545f8 f   oledoc1.obj
 0001:00053602       _$E372                     5f554602 f   oledoc1.obj
 0001:000534cb       _$E375                     5f5544cb f   oledata.obj
 0001:000534da       _$E372                     5f5544da f   oledata.obj
 0001:000534df       _$E374                     5f5544df f   oledata.obj
 0001:000534f1       _$E373                     5f5544f1 f   oledata.obj
 0001:00055536       ?AfxGetIconInfo@@YAXPBDPADAAI@Z 5f556536 f   olecli1.obj
 0001:00052830       _$E373                     5f553830 f   oleinit.obj
 0001:0005283a       _$E372                     5f55383a f   oleinit.obj
 0001:000526dd       _$E375                     5f5536dd f   dllole.obj
 0001:000526ec       _$E372                     5f5536ec f   dllole.obj
 0001:000526fd       _$E374                     5f5536fd f   dllole.obj
 0001:0005270f       _$E373                     5f55370f f   dllole.obj
 0001:000527a2       _$E380                     5f5537a2 f   dllole.obj
 0001:000527b1       _$E377                     5f5537b1 f   dllole.obj
 0001:000527ce       _$E379                     5f5537ce f   dllole.obj
 0001:000527e0       _$E378                     5f5537e0 f   dllole.obj
 0001:000527ef       _$E385                     5f5537ef f   dllole.obj
 0001:000527fe       _$E382                     5f5537fe f   dllole.obj
 0001:00052803       _$E384                     5f553803 f   dllole.obj
 0001:00052815       _$E383                     5f553815 f   dllole.obj
 0001:00087800       ?_AfxForceVectorDelete@@YAXXZ 5f588800 f   dllole.obj
 0001:0004b860       _$$$00001                  5f54c860 f   msvcrtd:chkstk.obj
 0001:0004b86c       probepages                 5f54c86c f   msvcrtd:chkstk.obj
 0001:0004b880       lastpage                   5f54c880 f   msvcrtd:chkstk.obj
 0001:0004b7c0       ?ArrayUnwindFilter@@YAHPAU_EXCEPTION_POINTERS@@@Z 5f54c7c0 f   msvcrtd:ehvecdtr.obj
 0001:0004cc1b       ?OverlayIAT@@YGXPAU_IMAGE_THUNK_DATA32@@PBU1@@Z 5f54dc1b f   delayimp:delayhlp.obj

 5087 bytes saved through ICF

